===============================================
   all_distance_sketch 0.1: ./test-suite.log
===============================================

# TOTAL: 1
# PASS:  0
# SKIP:  0
# XFAIL: 0
# FAIL:  1
# XPASS: 0
# ERROR: 0

.. contents:: :depth: 2

FAIL: /work/eng/eliavb/install/bin/test_all
===========================================

[==========] Running 70 tests from 4 test cases.
[----------] Global test environment set-up.
[----------] 13 tests from BasicADS
[ RUN      ] BasicADS.ADSBasicK1
[       OK ] BasicADS.ADSBasicK1 (0 ms)
[ RUN      ] BasicADS.ADSBasicK2
[       OK ] BasicADS.ADSBasicK2 (0 ms)
[ RUN      ] BasicADS.ADSBasicK100
[       OK ] BasicADS.ADSBasicK100 (0 ms)
[ RUN      ] BasicADS.ADSBasicK3
[       OK ] BasicADS.ADSBasicK3 (0 ms)
[ RUN      ] BasicADS.ADSSmallest
[       OK ] BasicADS.ADSSmallest (0 ms)
[ RUN      ] BasicADS.ADSVector1
[       OK ] BasicADS.ADSVector1 (0 ms)
[ RUN      ] BasicADS.ADSVector2
[       OK ] BasicADS.ADSVector2 (0 ms)
[ RUN      ] BasicADS.ADSNeighboordhood1
[       OK ] BasicADS.ADSNeighboordhood1 (0 ms)
[ RUN      ] BasicADS.ADSNeighboordhood2
[       OK ] BasicADS.ADSNeighboordhood2 (0 ms)
[ RUN      ] BasicADS.ADSNeighboordhood3
[       OK ] BasicADS.ADSNeighboordhood3 (0 ms)
[ RUN      ] BasicADS.ADSNeighboordhood4
[       OK ] BasicADS.ADSNeighboordhood4 (0 ms)
[ RUN      ] BasicADS.ADSRankCheck
[       OK ] BasicADS.ADSRankCheck (0 ms)
[ RUN      ] BasicADS.NodeSketchNeighborhoodDistance
[       OK ] BasicADS.NodeSketchNeighborhoodDistance (0 ms)
[----------] 13 tests from BasicADS (0 ms total)

[----------] 27 tests from AlgoGraph
[ RUN      ] AlgoGraph.DijkstraSingleNode
[       OK ] AlgoGraph.DijkstraSingleNode (0 ms)
[ RUN      ] AlgoGraph.DijkstraSingleNodeDirected
[       OK ] AlgoGraph.DijkstraSingleNodeDirected (0 ms)
[ RUN      ] AlgoGraph.DijkstraSimpleGraph1
[       OK ] AlgoGraph.DijkstraSimpleGraph1 (0 ms)
[ RUN      ] AlgoGraph.DijkstraSimpleGraphWithWeight
[       OK ] AlgoGraph.DijkstraSimpleGraphWithWeight (0 ms)
[ RUN      ] AlgoGraph.DijkstraSimpleGraphWithWeight2
[       OK ] AlgoGraph.DijkstraSimpleGraphWithWeight2 (0 ms)
[ RUN      ] AlgoGraph.DijkstraSimpleGraphWithWeight3
[       OK ] AlgoGraph.DijkstraSimpleGraphWithWeight3 (0 ms)
[ RUN      ] AlgoGraph.DijkstraSimpleGraphWithZeroWeight
[       OK ] AlgoGraph.DijkstraSimpleGraphWithZeroWeight (0 ms)
[ RUN      ] AlgoGraph.DijkstraGraph1
[       OK ] AlgoGraph.DijkstraGraph1 (0 ms)
[ RUN      ] AlgoGraph.DijkstraGraph2
[       OK ] AlgoGraph.DijkstraGraph2 (0 ms)
[ RUN      ] AlgoGraph.ADSBasic
[       OK ] AlgoGraph.ADSBasic (0 ms)
[ RUN      ] AlgoGraph.ADSBasic2
[       OK ] AlgoGraph.ADSBasic2 (0 ms)
[ RUN      ] AlgoGraph.ADSBasicK2
[       OK ] AlgoGraph.ADSBasicK2 (0 ms)
[ RUN      ] AlgoGraph.ADSBasicK2Directed
[       OK ] AlgoGraph.ADSBasicK2Directed (0 ms)
[ RUN      ] AlgoGraph.ADSBasicFullGraphADS
[       OK ] AlgoGraph.ADSBasicFullGraphADS (1 ms)
[ RUN      ] AlgoGraph.ADSBasicFullGraphSketchDedicatedFunc
[       OK ] AlgoGraph.ADSBasicFullGraphSketchDedicatedFunc (3 ms)
[ RUN      ] AlgoGraph.ADSBasicFullDirectedGraphSketchDedicatedFunc
[       OK ] AlgoGraph.ADSBasicFullDirectedGraphSketchDedicatedFunc (2 ms)
[ RUN      ] AlgoGraph.CalculateInsertProb
[       OK ] AlgoGraph.CalculateInsertProb (0 ms)
[ RUN      ] AlgoGraph.ZValueCalculation
[       OK ] AlgoGraph.ZValueCalculation (0 ms)
[ RUN      ] AlgoGraph.SketchCalculationFacebookGraphApproximation
[       OK ] AlgoGraph.SketchCalculationFacebookGraphApproximation (7887 ms)
[ RUN      ] AlgoGraph.ADSCalculationMultiFacebookGraphApproximation
[       OK ] AlgoGraph.ADSCalculationMultiFacebookGraphApproximation (7194 ms)
[ RUN      ] AlgoGraph.ReverseRankAverageCalculation
[       OK ] AlgoGraph.ReverseRankAverageCalculation (0 ms)
[ RUN      ] AlgoGraph.ReverseRankAverageCalculation1
[       OK ] AlgoGraph.ReverseRankAverageCalculation1 (1 ms)
[ RUN      ] AlgoGraph.ReverseRankAverageCalculation2
[       OK ] AlgoGraph.ReverseRankAverageCalculation2 (0 ms)
[ RUN      ] AlgoGraph.ReverseRankAverageCalculation3
[       OK ] AlgoGraph.ReverseRankAverageCalculation3 (0 ms)
[ RUN      ] AlgoGraph.RNNTree
[       OK ] AlgoGraph.RNNTree (1 ms)
[ RUN      ] AlgoGraph.BasicRNN2
[       OK ] AlgoGraph.BasicRNN2 (2 ms)
[ RUN      ] AlgoGraph.CheckRankUpTo100
graph/ut/../../algorithms/ut/algo_test.cpp:1280: Failure
Value of: rank <= 100
  Actual: false
Expected: true
graph/ut/../../algorithms/ut/algo_test.cpp:1280: Failure
Value of: rank <= 100
  Actual: false
Expected: true
graph/ut/../../algorithms/ut/algo_test.cpp:1280: Failure
Value of: rank <= 100
  Actual: false
Expected: true
graph/ut/../../algorithms/ut/algo_test.cpp:1280: Failure
Value of: rank <= 100
  Actual: false
Expected: true
graph/ut/../../algorithms/ut/algo_test.cpp:1280: Failure
Value of: rank <= 100
  Actual: false
Expected: true
graph/ut/../../algorithms/ut/algo_test.cpp:1280: Failure
Value of: rank <= 100
  Actual: false
Expected: true
graph/ut/../../algorithms/ut/algo_test.cpp:1280: Failure
Value of: rank <= 100
  Actual: false
Expected: true
graph/ut/../../algorithms/ut/algo_test.cpp:1280: Failure
Value of: rank <= 100
  Actual: false
Expected: true
graph/ut/../../algorithms/ut/algo_test.cpp:1280: Failure
Value of: rank <= 100
  Actual: false
Expected: true
graph/ut/../../algorithms/ut/algo_test.cpp:1280: Failure
Value of: rank <= 100
  Actual: false
Expected: true
graph/ut/../../algorithms/ut/algo_test.cpp:1280: Failure
Value of: rank <= 100
  Actual: false
Expected: true
graph/ut/../../algorithms/ut/algo_test.cpp:1280: Failure
Value of: rank <= 100
  Actual: false
Expected: true
graph/ut/../../algorithms/ut/algo_test.cpp:1280: Failure
Value of: rank <= 100
  Actual: false
Expected: true
graph/ut/../../algorithms/ut/algo_test.cpp:1280: Failure
Value of: rank <= 100
  Actual: false
Expected: true
graph/ut/../../algorithms/ut/algo_test.cpp:1280: Failure
Value of: rank <= 100
  Actual: false
Expected: true
graph/ut/../../algorithms/ut/algo_test.cpp:1280: Failure
Value of: rank <= 100
  Actual: false
Expected: true
graph/ut/../../algorithms/ut/algo_test.cpp:1280: Failure
Value of: rank <= 100
  Actual: false
Expected: true
graph/ut/../../algorithms/ut/algo_test.cpp:1280: Failure
Value of: rank <= 100
  Actual: false
Expected: true
graph/ut/../../algorithms/ut/algo_test.cpp:1280: Failure
Value of: rank <= 100
  Actual: false
Expected: true
graph/ut/../../algorithms/ut/algo_test.cpp:1280: Failure
Value of: rank <= 100
  Actual: false
Expected: true
graph/ut/../../algorithms/ut/algo_test.cpp:1280: Failure
Value of: rank <= 100
  Actual: false
Expected: true
graph/ut/../../algorithms/ut/algo_test.cpp:1280: Failure
Value of: rank <= 100
  Actual: false
Expected: true
graph/ut/../../algorithms/ut/algo_test.cpp:1280: Failure
Value of: rank <= 100
  Actual: false
Expected: true
graph/ut/../../algorithms/ut/algo_test.cpp:1280: Failure
Value of: rank <= 100
  Actual: false
Expected: true
graph/ut/../../algorithms/ut/algo_test.cpp:1280: Failure
Value of: rank <= 100
  Actual: false
Expected: true
graph/ut/../../algorithms/ut/algo_test.cpp:1280: Failure
Value of: rank <= 100
  Actual: false
Expected: true
graph/ut/../../algorithms/ut/algo_test.cpp:1280: Failure
Value of: rank <= 100
  Actual: false
Expected: true
graph/ut/../../algorithms/ut/algo_test.cpp:1280: Failure
Value of: rank <= 100
  Actual: false
Expected: true
graph/ut/../../algorithms/ut/algo_test.cpp:1280: Failure
Value of: rank <= 100
  Actual: false
Expected: true
graph/ut/../../algorithms/ut/algo_test.cpp:1280: Failure
Value of: rank <= 100
  Actual: false
Expected: true
graph/ut/../../algorithms/ut/algo_test.cpp:1280: Failure
Value of: rank <= 100
  Actual: false
Expected: true
graph/ut/../../algorithms/ut/algo_test.cpp:1280: Failure
Value of: rank <= 100
  Actual: false
Expected: true
graph/ut/../../algorithms/ut/algo_test.cpp:1280: Failure
Value of: rank <= 100
  Actual: false
Expected: true
graph/ut/../../algorithms/ut/algo_test.cpp:1280: Failure
Value of: rank <= 100
  Actual: false
Expected: true
graph/ut/../../algorithms/ut/algo_test.cpp:1280: Failure
Value of: rank <= 100
  Actual: false
Expected: true
graph/ut/../../algorithms/ut/algo_test.cpp:1280: Failure
Value of: rank <= 100
  Actual: false
Expected: true
graph/ut/../../algorithms/ut/algo_test.cpp:1280: Failure
Value of: rank <= 100
  Actual: false
Expected: true
graph/ut/../../algorithms/ut/algo_test.cpp:1280: Failure
Value of: rank <= 100
  Actual: false
Expected: true
graph/ut/../../algorithms/ut/algo_test.cpp:1280: Failure
Value of: rank <= 100
  Actual: false
Expected: true
graph/ut/../../algorithms/ut/algo_test.cpp:1280: Failure
Value of: rank <= 100
  Actual: false
Expected: true
graph/ut/../../algorithms/ut/algo_test.cpp:1280: Failure
Value of: rank <= 100
  Actual: false
Expected: true
graph/ut/../../algorithms/ut/algo_test.cpp:1280: Failure
Value of: rank <= 100
  Actual: false
Expected: true
graph/ut/../../algorithms/ut/algo_test.cpp:1280: Failure
Value of: rank <= 100
  Actual: false
Expected: true
graph/ut/../../algorithms/ut/algo_test.cpp:1280: Failure
Value of: rank <= 100
  Actual: false
Expected: true
graph/ut/../../algorithms/ut/algo_test.cpp:1280: Failure
Value of: rank <= 100
  Actual: false
Expected: true
graph/ut/../../algorithms/ut/algo_test.cpp:1280: Failure
Value of: rank <= 100
  Actual: false
Expected: true
graph/ut/../../algorithms/ut/algo_test.cpp:1280: Failure
Value of: rank <= 100
  Actual: false
Expected: true
graph/ut/../../algorithms/ut/algo_test.cpp:1280: Failure
Value of: rank <= 100
  Actual: false
Expected: true
graph/ut/../../algorithms/ut/algo_test.cpp:1280: Failure
Value of: rank <= 100
  Actual: false
Expected: true
graph/ut/../../algorithms/ut/algo_test.cpp:1280: Failure
Value of: rank <= 100
  Actual: false
Expected: true
graph/ut/../../algorithms/ut/algo_test.cpp:1280: Failure
Value of: rank <= 100
  Actual: false
Expected: true
graph/ut/../../algorithms/ut/algo_test.cpp:1280: Failure
Value of: rank <= 100
  Actual: false
Expected: true
graph/ut/../../algorithms/ut/algo_test.cpp:1280: Failure
Value of: rank <= 100
  Actual: false
Expected: true
graph/ut/../../algorithms/ut/algo_test.cpp:1280: Failure
Value of: rank <= 100
  Actual: false
Expected: true
graph/ut/../../algorithms/ut/algo_test.cpp:1280: Failure
Value of: rank <= 100
  Actual: false
Expected: true
graph/ut/../../algorithms/ut/algo_test.cpp:1280: Failure
Value of: rank <= 100
  Actual: false
Expected: true
graph/ut/../../algorithms/ut/algo_test.cpp:1280: Failure
Value of: rank <= 100
  Actual: false
Expected: true
graph/ut/../../algorithms/ut/algo_test.cpp:1280: Failure
Value of: rank <= 100
  Actual: false
Expected: true
graph/ut/../../algorithms/ut/algo_test.cpp:1280: Failure
Value of: rank <= 100
  Actual: false
Expected: true
graph/ut/../../algorithms/ut/algo_test.cpp:1280: Failure
Value of: rank <= 100
  Actual: false
Expected: true
graph/ut/../../algorithms/ut/algo_test.cpp:1280: Failure
Value of: rank <= 100
  Actual: false
Expected: true
graph/ut/../../algorithms/ut/algo_test.cpp:1280: Failure
Value of: rank <= 100
  Actual: false
Expected: true
graph/ut/../../algorithms/ut/algo_test.cpp:1280: Failure
Value of: rank <= 100
  Actual: false
Expected: true
graph/ut/../../algorithms/ut/algo_test.cpp:1280: Failure
Value of: rank <= 100
  Actual: false
Expected: true
graph/ut/../../algorithms/ut/algo_test.cpp:1280: Failure
Value of: rank <= 100
  Actual: false
Expected: true
graph/ut/../../algorithms/ut/algo_test.cpp:1280: Failure
Value of: rank <= 100
  Actual: false
Expected: true
graph/ut/../../algorithms/ut/algo_test.cpp:1280: Failure
Value of: rank <= 100
  Actual: false
Expected: true
graph/ut/../../algorithms/ut/algo_test.cpp:1280: Failure
Value of: rank <= 100
  Actual: false
Expected: true
graph/ut/../../algorithms/ut/algo_test.cpp:1280: Failure
Value of: rank <= 100
  Actual: false
Expected: true
graph/ut/../../algorithms/ut/algo_test.cpp:1280: Failure
Value of: rank <= 100
  Actual: false
Expected: true
graph/ut/../../algorithms/ut/algo_test.cpp:1280: Failure
Value of: rank <= 100
  Actual: false
Expected: true
graph/ut/../../algorithms/ut/algo_test.cpp:1280: Failure
Value of: rank <= 100
  Actual: false
Expected: true
graph/ut/../../algorithms/ut/algo_test.cpp:1280: Failure
Value of: rank <= 100
  Actual: false
Expected: true
graph/ut/../../algorithms/ut/algo_test.cpp:1280: Failure
Value of: rank <= 100
  Actual: false
Expected: true
graph/ut/../../algorithms/ut/algo_test.cpp:1280: Failure
Value of: rank <= 100
  Actual: false
Expected: true
graph/ut/../../algorithms/ut/algo_test.cpp:1280: Failure
Value of: rank <= 100
  Actual: false
Expected: true
graph/ut/../../algorithms/ut/algo_test.cpp:1280: Failure
Value of: rank <= 100
  Actual: false
Expected: true
graph/ut/../../algorithms/ut/algo_test.cpp:1280: Failure
Value of: rank <= 100
  Actual: false
Expected: true
graph/ut/../../algorithms/ut/algo_test.cpp:1280: Failure
Value of: rank <= 100
  Actual: false
Expected: true
graph/ut/../../algorithms/ut/algo_test.cpp:1280: Failure
Value of: rank <= 100
  Actual: false
Expected: true
graph/ut/../../algorithms/ut/algo_test.cpp:1280: Failure
Value of: rank <= 100
  Actual: false
Expected: true
graph/ut/../../algorithms/ut/algo_test.cpp:1280: Failure
Value of: rank <= 100
  Actual: false
Expected: true
graph/ut/../../algorithms/ut/algo_test.cpp:1280: Failure
Value of: rank <= 100
  Actual: false
Expected: true
graph/ut/../../algorithms/ut/algo_test.cpp:1280: Failure
Value of: rank <= 100
  Actual: false
Expected: true
graph/ut/../../algorithms/ut/algo_test.cpp:1280: Failure
Value of: rank <= 100
  Actual: false
Expected: true
graph/ut/../../algorithms/ut/algo_test.cpp:1280: Failure
Value of: rank <= 100
  Actual: false
Expected: true
graph/ut/../../algorithms/ut/algo_test.cpp:1280: Failure
Value of: rank <= 100
  Actual: false
Expected: true
graph/ut/../../algorithms/ut/algo_test.cpp:1280: Failure
Value of: rank <= 100
  Actual: false
Expected: true
graph/ut/../../algorithms/ut/algo_test.cpp:1280: Failure
Value of: rank <= 100
  Actual: false
Expected: true
graph/ut/../../algorithms/ut/algo_test.cpp:1280: Failure
Value of: rank <= 100
  Actual: false
Expected: true
graph/ut/../../algorithms/ut/algo_test.cpp:1280: Failure
Value of: rank <= 100
  Actual: false
Expected: true
graph/ut/../../algorithms/ut/algo_test.cpp:1280: Failure
Value of: rank <= 100
  Actual: false
Expected: true
graph/ut/../../algorithms/ut/algo_test.cpp:1280: Failure
Value of: rank <= 100
  Actual: false
Expected: true
graph/ut/../../algorithms/ut/algo_test.cpp:1280: Failure
Value of: rank <= 100
  Actual: false
Expected: true
graph/ut/../../algorithms/ut/algo_test.cpp:1280: Failure
Value of: rank <= 100
  Actual: false
Expected: true
graph/ut/../../algorithms/ut/algo_test.cpp:1280: Failure
Value of: rank <= 100
  Actual: false
Expected: true
graph/ut/../../algorithms/ut/algo_test.cpp:1280: Failure
Value of: rank <= 100
  Actual: false
Expected: true
graph/ut/../../algorithms/ut/algo_test.cpp:1280: Failure
Value of: rank <= 100
  Actual: false
Expected: true
graph/ut/../../algorithms/ut/algo_test.cpp:1280: Failure
Value of: rank <= 100
  Actual: false
Expected: true
graph/ut/../../algorithms/ut/algo_test.cpp:1280: Failure
Value of: rank <= 100
  Actual: false
Expected: true
graph/ut/../../algorithms/ut/algo_test.cpp:1280: Failure
Value of: rank <= 100
  Actual: false
Expected: true
graph/ut/../../algorithms/ut/algo_test.cpp:1280: Failure
Value of: rank <= 100
  Actual: false
Expected: true
graph/ut/../../algorithms/ut/algo_test.cpp:1280: Failure
Value of: rank <= 100
  Actual: false
Expected: true
graph/ut/../../algorithms/ut/algo_test.cpp:1280: Failure
Value of: rank <= 100
  Actual: false
Expected: true
graph/ut/../../algorithms/ut/algo_test.cpp:1280: Failure
Value of: rank <= 100
  Actual: false
Expected: true
graph/ut/../../algorithms/ut/algo_test.cpp:1280: Failure
Value of: rank <= 100
  Actual: false
Expected: true
graph/ut/../../algorithms/ut/algo_test.cpp:1280: Failure
Value of: rank <= 100
  Actual: false
Expected: true
graph/ut/../../algorithms/ut/algo_test.cpp:1280: Failure
Value of: rank <= 100
  Actual: false
Expected: true
graph/ut/../../algorithms/ut/algo_test.cpp:1280: Failure
Value of: rank <= 100
  Actual: false
Expected: true
graph/ut/../../algorithms/ut/algo_test.cpp:1280: Failure
Value of: rank <= 100
  Actual: false
Expected: true
graph/ut/../../algorithms/ut/algo_test.cpp:1280: Failure
Value of: rank <= 100
  Actual: false
Expected: true
graph/ut/../../algorithms/ut/algo_test.cpp:1280: Failure
Value of: rank <= 100
  Actual: false
Expected: true
graph/ut/../../algorithms/ut/algo_test.cpp:1280: Failure
Value of: rank <= 100
  Actual: false
Expected: true
graph/ut/../../algorithms/ut/algo_test.cpp:1280: Failure
Value of: rank <= 100
  Actual: false
Expected: true
graph/ut/../../algorithms/ut/algo_test.cpp:1280: Failure
Value of: rank <= 100
  Actual: false
Expected: true
graph/ut/../../algorithms/ut/algo_test.cpp:1280: Failure
Value of: rank <= 100
  Actual: false
Expected: true
graph/ut/../../algorithms/ut/algo_test.cpp:1280: Failure
Value of: rank <= 100
  Actual: false
Expected: true
graph/ut/../../algorithms/ut/algo_test.cpp:1280: Failure
Value of: rank <= 100
  Actual: false
Expected: true
graph/ut/../../algorithms/ut/algo_test.cpp:1280: Failure
Value of: rank <= 100
  Actual: false
Expected: true
graph/ut/../../algorithms/ut/algo_test.cpp:1280: Failure
Value of: rank <= 100
  Actual: false
Expected: true
graph/ut/../../algorithms/ut/algo_test.cpp:1280: Failure
Value of: rank <= 100
  Actual: false
Expected: true
graph/ut/../../algorithms/ut/algo_test.cpp:1280: Failure
Value of: rank <= 100
  Actual: false
Expected: true
graph/ut/../../algorithms/ut/algo_test.cpp:1280: Failure
Value of: rank <= 100
  Actual: false
Expected: true
graph/ut/../../algorithms/ut/algo_test.cpp:1280: Failure
Value of: rank <= 100
  Actual: false
Expected: true
graph/ut/../../algorithms/ut/algo_test.cpp:1280: Failure
Value of: rank <= 100
  Actual: false
Expected: true
graph/ut/../../algorithms/ut/algo_test.cpp:1280: Failure
Value of: rank <= 100
  Actual: false
Expected: true
graph/ut/../../algorithms/ut/algo_test.cpp:1280: Failure
Value of: rank <= 100
  Actual: false
Expected: true
graph/ut/../../algorithms/ut/algo_test.cpp:1280: Failure
Value of: rank <= 100
  Actual: false
Expected: true
graph/ut/../../algorithms/ut/algo_test.cpp:1280: Failure
Value of: rank <= 100
  Actual: false
Expected: true
graph/ut/../../algorithms/ut/algo_test.cpp:1280: Failure
Value of: rank <= 100
  Actual: false
Expected: true
graph/ut/../../algorithms/ut/algo_test.cpp:1280: Failure
Value of: rank <= 100
  Actual: false
Expected: true
graph/ut/../../algorithms/ut/algo_test.cpp:1280: Failure
Value of: rank <= 100
  Actual: false
Expected: true
graph/ut/../../algorithms/ut/algo_test.cpp:1280: Failure
Value of: rank <= 100
  Actual: false
Expected: true
graph/ut/../../algorithms/ut/algo_test.cpp:1280: Failure
Value of: rank <= 100
  Actual: false
Expected: true
graph/ut/../../algorithms/ut/algo_test.cpp:1280: Failure
Value of: rank <= 100
  Actual: false
Expected: true
graph/ut/../../algorithms/ut/algo_test.cpp:1280: Failure
Value of: rank <= 100
  Actual: false
Expected: true
graph/ut/../../algorithms/ut/algo_test.cpp:1280: Failure
Value of: rank <= 100
  Actual: false
Expected: true
graph/ut/../../algorithms/ut/algo_test.cpp:1280: Failure
Value of: rank <= 100
  Actual: false
Expected: true
graph/ut/../../algorithms/ut/algo_test.cpp:1280: Failure
Value of: rank <= 100
  Actual: false
Expected: true
graph/ut/../../algorithms/ut/algo_test.cpp:1280: Failure
Value of: rank <= 100
  Actual: false
Expected: true
graph/ut/../../algorithms/ut/algo_test.cpp:1280: Failure
Value of: rank <= 100
  Actual: false
Expected: true
graph/ut/../../algorithms/ut/algo_test.cpp:1280: Failure
Value of: rank <= 100
  Actual: false
Expected: true
graph/ut/../../algorithms/ut/algo_test.cpp:1280: Failure
Value of: rank <= 100
  Actual: false
Expected: true
graph/ut/../../algorithms/ut/algo_test.cpp:1280: Failure
Value of: rank <= 100
  Actual: false
Expected: true
graph/ut/../../algorithms/ut/algo_test.cpp:1280: Failure
Value of: rank <= 100
  Actual: false
Expected: true
graph/ut/../../algorithms/ut/algo_test.cpp:1280: Failure
Value of: rank <= 100
  Actual: false
Expected: true
graph/ut/../../algorithms/ut/algo_test.cpp:1280: Failure
Value of: rank <= 100
  Actual: false
Expected: true
graph/ut/../../algorithms/ut/algo_test.cpp:1280: Failure
Value of: rank <= 100
  Actual: false
Expected: true
graph/ut/../../algorithms/ut/algo_test.cpp:1280: Failure
Value of: rank <= 100
  Actual: false
Expected: true
graph/ut/../../algorithms/ut/algo_test.cpp:1280: Failure
Value of: rank <= 100
  Actual: false
Expected: true
graph/ut/../../algorithms/ut/algo_test.cpp:1280: Failure
Value of: rank <= 100
  Actual: false
Expected: true
graph/ut/../../algorithms/ut/algo_test.cpp:1280: Failure
Value of: rank <= 100
  Actual: false
Expected: true
graph/ut/../../algorithms/ut/algo_test.cpp:1280: Failure
Value of: rank <= 100
  Actual: false
Expected: true
graph/ut/../../algorithms/ut/algo_test.cpp:1280: Failure
Value of: rank <= 100
  Actual: false
Expected: true
graph/ut/../../algorithms/ut/algo_test.cpp:1280: Failure
Value of: rank <= 100
  Actual: false
Expected: true
graph/ut/../../algorithms/ut/algo_test.cpp:1280: Failure
Value of: rank <= 100
  Actual: false
Expected: true
graph/ut/../../algorithms/ut/algo_test.cpp:1280: Failure
Value of: rank <= 100
  Actual: false
Expected: true
graph/ut/../../algorithms/ut/algo_test.cpp:1280: Failure
Value of: rank <= 100
  Actual: false
Expected: true
graph/ut/../../algorithms/ut/algo_test.cpp:1280: Failure
Value of: rank <= 100
  Actual: false
Expected: true
graph/ut/../../algorithms/ut/algo_test.cpp:1280: Failure
Value of: rank <= 100
  Actual: false
Expected: true
graph/ut/../../algorithms/ut/algo_test.cpp:1280: Failure
Value of: rank <= 100
  Actual: false
Expected: true
graph/ut/../../algorithms/ut/algo_test.cpp:1280: Failure
Value of: rank <= 100
  Actual: false
Expected: true
graph/ut/../../algorithms/ut/algo_test.cpp:1280: Failure
Value of: rank <= 100
  Actual: false
Expected: true
graph/ut/../../algorithms/ut/algo_test.cpp:1280: Failure
Value of: rank <= 100
  Actual: false
Expected: true
graph/ut/../../algorithms/ut/algo_test.cpp:1280: Failure
Value of: rank <= 100
  Actual: false
Expected: true
graph/ut/../../algorithms/ut/algo_test.cpp:1280: Failure
Value of: rank <= 100
  Actual: false
Expected: true
graph/ut/../../algorithms/ut/algo_test.cpp:1280: Failure
Value of: rank <= 100
  Actual: false
Expected: true
graph/ut/../../algorithms/ut/algo_test.cpp:1280: Failure
Value of: rank <= 100
  Actual: false
Expected: true
graph/ut/../../algorithms/ut/algo_test.cpp:1280: Failure
Value of: rank <= 100
  Actual: false
Expected: true
graph/ut/../../algorithms/ut/algo_test.cpp:1280: Failure
Value of: rank <= 100
  Actual: false
Expected: true
graph/ut/../../algorithms/ut/algo_test.cpp:1280: Failure
Value of: rank <= 100
  Actual: false
Expected: true
graph/ut/../../algorithms/ut/algo_test.cpp:1280: Failure
Value of: rank <= 100
  Actual: false
Expected: true
graph/ut/../../algorithms/ut/algo_test.cpp:1280: Failure
Value of: rank <= 100
  Actual: false
Expected: true
graph/ut/../../algorithms/ut/algo_test.cpp:1280: Failure
Value of: rank <= 100
  Actual: false
Expected: true
graph/ut/../../algorithms/ut/algo_test.cpp:1280: Failure
Value of: rank <= 100
  Actual: false
Expected: true
graph/ut/../../algorithms/ut/algo_test.cpp:1280: Failure
Value of: rank <= 100
  Actual: false
Expected: true
graph/ut/../../algorithms/ut/algo_test.cpp:1280: Failure
Value of: rank <= 100
  Actual: false
Expected: true
graph/ut/../../algorithms/ut/algo_test.cpp:1280: Failure
Value of: rank <= 100
  Actual: false
Expected: true
graph/ut/../../algorithms/ut/algo_test.cpp:1280: Failure
Value of: rank <= 100
  Actual: false
Expected: true
graph/ut/../../algorithms/ut/algo_test.cpp:1280: Failure
Value of: rank <= 100
  Actual: false
Expected: true
graph/ut/../../algorithms/ut/algo_test.cpp:1280: Failure
Value of: rank <= 100
  Actual: false
Expected: true
graph/ut/../../algorithms/ut/algo_test.cpp:1280: Failure
Value of: rank <= 100
  Actual: false
Expected: true
graph/ut/../../algorithms/ut/algo_test.cpp:1280: Failure
Value of: rank <= 100
  Actual: false
Expected: true
graph/ut/../../algorithms/ut/algo_test.cpp:1280: Failure
Value of: rank <= 100
  Actual: false
Expected: true
graph/ut/../../algorithms/ut/algo_test.cpp:1280: Failure
Value of: rank <= 100
  Actual: false
Expected: true
graph/ut/../../algorithms/ut/algo_test.cpp:1280: Failure
Value of: rank <= 100
  Actual: false
Expected: true
graph/ut/../../algorithms/ut/algo_test.cpp:1280: Failure
Value of: rank <= 100
  Actual: false
Expected: true
graph/ut/../../algorithms/ut/algo_test.cpp:1280: Failure
Value of: rank <= 100
  Actual: false
Expected: true
graph/ut/../../algorithms/ut/algo_test.cpp:1280: Failure
Value of: rank <= 100
  Actual: false
Expected: true
graph/ut/../../algorithms/ut/algo_test.cpp:1280: Failure
Value of: rank <= 100
  Actual: false
Expected: true
graph/ut/../../algorithms/ut/algo_test.cpp:1280: Failure
Value of: rank <= 100
  Actual: false
Expected: true
graph/ut/../../algorithms/ut/algo_test.cpp:1280: Failure
Value of: rank <= 100
  Actual: false
Expected: true
graph/ut/../../algorithms/ut/algo_test.cpp:1280: Failure
Value of: rank <= 100
  Actual: false
Expected: true
graph/ut/../../algorithms/ut/algo_test.cpp:1280: Failure
Value of: rank <= 100
  Actual: false
Expected: true
graph/ut/../../algorithms/ut/algo_test.cpp:1280: Failure
Value of: rank <= 100
  Actual: false
Expected: true
graph/ut/../../algorithms/ut/algo_test.cpp:1280: Failure
Value of: rank <= 100
  Actual: false
Expected: true
graph/ut/../../algorithms/ut/algo_test.cpp:1280: Failure
Value of: rank <= 100
  Actual: false
Expected: true
graph/ut/../../algorithms/ut/algo_test.cpp:1280: Failure
Value of: rank <= 100
  Actual: false
Expected: true
graph/ut/../../algorithms/ut/algo_test.cpp:1280: Failure
Value of: rank <= 100
  Actual: false
Expected: true
graph/ut/../../algorithms/ut/algo_test.cpp:1280: Failure
Value of: rank <= 100
  Actual: false
Expected: true
graph/ut/../../algorithms/ut/algo_test.cpp:1280: Failure
Value of: rank <= 100
  Actual: false
Expected: true
graph/ut/../../algorithms/ut/algo_test.cpp:1280: Failure
Value of: rank <= 100
  Actual: false
Expected: true
graph/ut/../../algorithms/ut/algo_test.cpp:1280: Failure
Value of: rank <= 100
  Actual: false
Expected: true
graph/ut/../../algorithms/ut/algo_test.cpp:1280: Failure
Value of: rank <= 100
  Actual: false
Expected: true
graph/ut/../../algorithms/ut/algo_test.cpp:1280: Failure
Value of: rank <= 100
  Actual: false
Expected: true
graph/ut/../../algorithms/ut/algo_test.cpp:1280: Failure
Value of: rank <= 100
  Actual: false
Expected: true
graph/ut/../../algorithms/ut/algo_test.cpp:1280: Failure
Value of: rank <= 100
  Actual: false
Expected: true
graph/ut/../../algorithms/ut/algo_test.cpp:1280: Failure
Value of: rank <= 100
  Actual: false
Expected: true
graph/ut/../../algorithms/ut/algo_test.cpp:1280: Failure
Value of: rank <= 100
  Actual: false
Expected: true
graph/ut/../../algorithms/ut/algo_test.cpp:1280: Failure
Value of: rank <= 100
  Actual: false
Expected: true
graph/ut/../../algorithms/ut/algo_test.cpp:1280: Failure
Value of: rank <= 100
  Actual: false
Expected: true
graph/ut/../../algorithms/ut/algo_test.cpp:1280: Failure
Value of: rank <= 100
  Actual: false
Expected: true
graph/ut/../../algorithms/ut/algo_test.cpp:1280: Failure
Value of: rank <= 100
  Actual: false
Expected: true
graph/ut/../../algorithms/ut/algo_test.cpp:1280: Failure
Value of: rank <= 100
  Actual: false
Expected: true
graph/ut/../../algorithms/ut/algo_test.cpp:1280: Failure
Value of: rank <= 100
  Actual: false
Expected: true
graph/ut/../../algorithms/ut/algo_test.cpp:1280: Failure
Value of: rank <= 100
  Actual: false
Expected: true
graph/ut/../../algorithms/ut/algo_test.cpp:1280: Failure
Value of: rank <= 100
  Actual: false
Expected: true
graph/ut/../../algorithms/ut/algo_test.cpp:1280: Failure
Value of: rank <= 100
  Actual: false
Expected: true
graph/ut/../../algorithms/ut/algo_test.cpp:1280: Failure
Value of: rank <= 100
  Actual: false
Expected: true
graph/ut/../../algorithms/ut/algo_test.cpp:1280: Failure
Value of: rank <= 100
  Actual: false
Expected: true
graph/ut/../../algorithms/ut/algo_test.cpp:1280: Failure
Value of: rank <= 100
  Actual: false
Expected: true
graph/ut/../../algorithms/ut/algo_test.cpp:1280: Failure
Value of: rank <= 100
  Actual: false
Expected: true
graph/ut/../../algorithms/ut/algo_test.cpp:1280: Failure
Value of: rank <= 100
  Actual: false
Expected: true
graph/ut/../../algorithms/ut/algo_test.cpp:1280: Failure
Value of: rank <= 100
  Actual: false
Expected: true
graph/ut/../../algorithms/ut/algo_test.cpp:1280: Failure
Value of: rank <= 100
  Actual: false
Expected: true
graph/ut/../../algorithms/ut/algo_test.cpp:1280: Failure
Value of: rank <= 100
  Actual: false
Expected: true
graph/ut/../../algorithms/ut/algo_test.cpp:1280: Failure
Value of: rank <= 100
  Actual: false
Expected: true
graph/ut/../../algorithms/ut/algo_test.cpp:1280: Failure
Value of: rank <= 100
  Actual: false
Expected: true
graph/ut/../../algorithms/ut/algo_test.cpp:1280: Failure
Value of: rank <= 100
  Actual: false
Expected: true
graph/ut/../../algorithms/ut/algo_test.cpp:1280: Failure
Value of: rank <= 100
  Actual: false
Expected: true
graph/ut/../../algorithms/ut/algo_test.cpp:1280: Failure
Value of: rank <= 100
  Actual: false
Expected: true
graph/ut/../../algorithms/ut/algo_test.cpp:1280: Failure
Value of: rank <= 100
  Actual: false
Expected: true
graph/ut/../../algorithms/ut/algo_test.cpp:1280: Failure
Value of: rank <= 100
  Actual: false
Expected: true
graph/ut/../../algorithms/ut/algo_test.cpp:1280: Failure
Value of: rank <= 100
  Actual: false
Expected: true
graph/ut/../../algorithms/ut/algo_test.cpp:1280: Failure
Value of: rank <= 100
  Actual: false
Expected: true
graph/ut/../../algorithms/ut/algo_test.cpp:1280: Failure
Value of: rank <= 100
  Actual: false
Expected: true
graph/ut/../../algorithms/ut/algo_test.cpp:1280: Failure
Value of: rank <= 100
  Actual: false
Expected: true
graph/ut/../../algorithms/ut/algo_test.cpp:1280: Failure
Value of: rank <= 100
  Actual: false
Expected: true
graph/ut/../../algorithms/ut/algo_test.cpp:1280: Failure
Value of: rank <= 100
  Actual: false
Expected: true
graph/ut/../../algorithms/ut/algo_test.cpp:1280: Failure
Value of: rank <= 100
  Actual: false
Expected: true
graph/ut/../../algorithms/ut/algo_test.cpp:1280: Failure
Value of: rank <= 100
  Actual: false
Expected: true
graph/ut/../../algorithms/ut/algo_test.cpp:1280: Failure
Value of: rank <= 100
  Actual: false
Expected: true
graph/ut/../../algorithms/ut/algo_test.cpp:1280: Failure
Value of: rank <= 100
  Actual: false
Expected: true
graph/ut/../../algorithms/ut/algo_test.cpp:1280: Failure
Value of: rank <= 100
  Actual: false
Expected: true
graph/ut/../../algorithms/ut/algo_test.cpp:1280: Failure
Value of: rank <= 100
  Actual: false
Expected: true
graph/ut/../../algorithms/ut/algo_test.cpp:1280: Failure
Value of: rank <= 100
  Actual: false
Expected: true
graph/ut/../../algorithms/ut/algo_test.cpp:1280: Failure
Value of: rank <= 100
  Actual: false
Expected: true
graph/ut/../../algorithms/ut/algo_test.cpp:1280: Failure
Value of: rank <= 100
  Actual: false
Expected: true
graph/ut/../../algorithms/ut/algo_test.cpp:1280: Failure
Value of: rank <= 100
  Actual: false
Expected: true
graph/ut/../../algorithms/ut/algo_test.cpp:1280: Failure
Value of: rank <= 100
  Actual: false
Expected: true
graph/ut/../../algorithms/ut/algo_test.cpp:1280: Failure
Value of: rank <= 100
  Actual: false
Expected: true
graph/ut/../../algorithms/ut/algo_test.cpp:1280: Failure
Value of: rank <= 100
  Actual: false
Expected: true
graph/ut/../../algorithms/ut/algo_test.cpp:1280: Failure
Value of: rank <= 100
  Actual: false
Expected: true
graph/ut/../../algorithms/ut/algo_test.cpp:1280: Failure
Value of: rank <= 100
  Actual: false
Expected: true
graph/ut/../../algorithms/ut/algo_test.cpp:1280: Failure
Value of: rank <= 100
  Actual: false
Expected: true
graph/ut/../../algorithms/ut/algo_test.cpp:1280: Failure
Value of: rank <= 100
  Actual: false
Expected: true
graph/ut/../../algorithms/ut/algo_test.cpp:1280: Failure
Value of: rank <= 100
  Actual: false
Expected: true
graph/ut/../../algorithms/ut/algo_test.cpp:1280: Failure
Value of: rank <= 100
  Actual: false
Expected: true
graph/ut/../../algorithms/ut/algo_test.cpp:1280: Failure
Value of: rank <= 100
  Actual: false
Expected: true
graph/ut/../../algorithms/ut/algo_test.cpp:1280: Failure
Value of: rank <= 100
  Actual: false
Expected: true
graph/ut/../../algorithms/ut/algo_test.cpp:1280: Failure
Value of: rank <= 100
  Actual: false
Expected: true
graph/ut/../../algorithms/ut/algo_test.cpp:1280: Failure
Value of: rank <= 100
  Actual: false
Expected: true
graph/ut/../../algorithms/ut/algo_test.cpp:1280: Failure
Value of: rank <= 100
  Actual: false
Expected: true
graph/ut/../../algorithms/ut/algo_test.cpp:1280: Failure
Value of: rank <= 100
  Actual: false
Expected: true
graph/ut/../../algorithms/ut/algo_test.cpp:1280: Failure
Value of: rank <= 100
  Actual: false
Expected: true
graph/ut/../../algorithms/ut/algo_test.cpp:1280: Failure
Value of: rank <= 100
  Actual: false
Expected: true
graph/ut/../../algorithms/ut/algo_test.cpp:1280: Failure
Value of: rank <= 100
  Actual: false
Expected: true
graph/ut/../../algorithms/ut/algo_test.cpp:1280: Failure
Value of: rank <= 100
  Actual: false
Expected: true
graph/ut/../../algorithms/ut/algo_test.cpp:1280: Failure
Value of: rank <= 100
  Actual: false
Expected: true
graph/ut/../../algorithms/ut/algo_test.cpp:1280: Failure
Value of: rank <= 100
  Actual: false
Expected: true
graph/ut/../../algorithms/ut/algo_test.cpp:1280: Failure
Value of: rank <= 100
  Actual: false
Expected: true
graph/ut/../../algorithms/ut/algo_test.cpp:1280: Failure
Value of: rank <= 100
  Actual: false
Expected: true
graph/ut/../../algorithms/ut/algo_test.cpp:1280: Failure
Value of: rank <= 100
  Actual: false
Expected: true
graph/ut/../../algorithms/ut/algo_test.cpp:1280: Failure
Value of: rank <= 100
  Actual: false
Expected: true
graph/ut/../../algorithms/ut/algo_test.cpp:1280: Failure
Value of: rank <= 100
  Actual: false
Expected: true
graph/ut/../../algorithms/ut/algo_test.cpp:1280: Failure
Value of: rank <= 100
  Actual: false
Expected: true
graph/ut/../../algorithms/ut/algo_test.cpp:1280: Failure
Value of: rank <= 100
  Actual: false
Expected: true
graph/ut/../../algorithms/ut/algo_test.cpp:1280: Failure
Value of: rank <= 100
  Actual: false
Expected: true
graph/ut/../../algorithms/ut/algo_test.cpp:1280: Failure
Value of: rank <= 100
  Actual: false
Expected: true
graph/ut/../../algorithms/ut/algo_test.cpp:1280: Failure
Value of: rank <= 100
  Actual: false
Expected: true
graph/ut/../../algorithms/ut/algo_test.cpp:1280: Failure
Value of: rank <= 100
  Actual: false
Expected: true
graph/ut/../../algorithms/ut/algo_test.cpp:1280: Failure
Value of: rank <= 100
  Actual: false
Expected: true
graph/ut/../../algorithms/ut/algo_test.cpp:1280: Failure
Value of: rank <= 100
  Actual: false
Expected: true
graph/ut/../../algorithms/ut/algo_test.cpp:1280: Failure
Value of: rank <= 100
  Actual: false
Expected: true
graph/ut/../../algorithms/ut/algo_test.cpp:1280: Failure
Value of: rank <= 100
  Actual: false
Expected: true
graph/ut/../../algorithms/ut/algo_test.cpp:1280: Failure
Value of: rank <= 100
  Actual: false
Expected: true
graph/ut/../../algorithms/ut/algo_test.cpp:1280: Failure
Value of: rank <= 100
  Actual: false
Expected: true
graph/ut/../../algorithms/ut/algo_test.cpp:1280: Failure
Value of: rank <= 100
  Actual: false
Expected: true
graph/ut/../../algorithms/ut/algo_test.cpp:1280: Failure
Value of: rank <= 100
  Actual: false
Expected: true
graph/ut/../../algorithms/ut/algo_test.cpp:1280: Failure
Value of: rank <= 100
  Actual: false
Expected: true
graph/ut/../../algorithms/ut/algo_test.cpp:1280: Failure
Value of: rank <= 100
  Actual: false
Expected: true
graph/ut/../../algorithms/ut/algo_test.cpp:1280: Failure
Value of: rank <= 100
  Actual: false
Expected: true
graph/ut/../../algorithms/ut/algo_test.cpp:1280: Failure
Value of: rank <= 100
  Actual: false
Expected: true
graph/ut/../../algorithms/ut/algo_test.cpp:1280: Failure
Value of: rank <= 100
  Actual: false
Expected: true
graph/ut/../../algorithms/ut/algo_test.cpp:1280: Failure
Value of: rank <= 100
  Actual: false
Expected: true
graph/ut/../../algorithms/ut/algo_test.cpp:1280: Failure
Value of: rank <= 100
  Actual: false
Expected: true
graph/ut/../../algorithms/ut/algo_test.cpp:1280: Failure
Value of: rank <= 100
  Actual: false
Expected: true
graph/ut/../../algorithms/ut/algo_test.cpp:1280: Failure
Value of: rank <= 100
  Actual: false
Expected: true
graph/ut/../../algorithms/ut/algo_test.cpp:1280: Failure
Value of: rank <= 100
  Actual: false
Expected: true
graph/ut/../../algorithms/ut/algo_test.cpp:1280: Failure
Value of: rank <= 100
  Actual: false
Expected: true
graph/ut/../../algorithms/ut/algo_test.cpp:1280: Failure
Value of: rank <= 100
  Actual: false
Expected: true
graph/ut/../../algorithms/ut/algo_test.cpp:1280: Failure
Value of: rank <= 100
  Actual: false
Expected: true
graph/ut/../../algorithms/ut/algo_test.cpp:1280: Failure
Value of: rank <= 100
  Actual: false
Expected: true
graph/ut/../../algorithms/ut/algo_test.cpp:1280: Failure
Value of: rank <= 100
  Actual: false
Expected: true
graph/ut/../../algorithms/ut/algo_test.cpp:1280: Failure
Value of: rank <= 100
  Actual: false
Expected: true
graph/ut/../../algorithms/ut/algo_test.cpp:1280: Failure
Value of: rank <= 100
  Actual: false
Expected: true
graph/ut/../../algorithms/ut/algo_test.cpp:1280: Failure
Value of: rank <= 100
  Actual: false
Expected: true
graph/ut/../../algorithms/ut/algo_test.cpp:1280: Failure
Value of: rank <= 100
  Actual: false
Expected: true
graph/ut/../../algorithms/ut/algo_test.cpp:1280: Failure
Value of: rank <= 100
  Actual: false
Expected: true
graph/ut/../../algorithms/ut/algo_test.cpp:1280: Failure
Value of: rank <= 100
  Actual: false
Expected: true
graph/ut/../../algorithms/ut/algo_test.cpp:1280: Failure
Value of: rank <= 100
  Actual: false
Expected: true
graph/ut/../../algorithms/ut/algo_test.cpp:1280: Failure
Value of: rank <= 100
  Actual: false
Expected: true
graph/ut/../../algorithms/ut/algo_test.cpp:1280: Failure
Value of: rank <= 100
  Actual: false
Expected: true
graph/ut/../../algorithms/ut/algo_test.cpp:1280: Failure
Value of: rank <= 100
  Actual: false
Expected: true
graph/ut/../../algorithms/ut/algo_test.cpp:1280: Failure
Value of: rank <= 100
  Actual: false
Expected: true
graph/ut/../../algorithms/ut/algo_test.cpp:1280: Failure
Value of: rank <= 100
  Actual: false
Expected: true
graph/ut/../../algorithms/ut/algo_test.cpp:1280: Failure
Value of: rank <= 100
  Actual: false
Expected: true
graph/ut/../../algorithms/ut/algo_test.cpp:1280: Failure
Value of: rank <= 100
  Actual: false
Expected: true
graph/ut/../../algorithms/ut/algo_test.cpp:1280: Failure
Value of: rank <= 100
  Actual: false
Expected: true
graph/ut/../../algorithms/ut/algo_test.cpp:1280: Failure
Value of: rank <= 100
  Actual: false
Expected: true
graph/ut/../../algorithms/ut/algo_test.cpp:1280: Failure
Value of: rank <= 100
  Actual: false
Expected: true
graph/ut/../../algorithms/ut/algo_test.cpp:1280: Failure
Value of: rank <= 100
  Actual: false
Expected: true
graph/ut/../../algorithms/ut/algo_test.cpp:1280: Failure
Value of: rank <= 100
  Actual: false
Expected: true
graph/ut/../../algorithms/ut/algo_test.cpp:1280: Failure
Value of: rank <= 100
  Actual: false
Expected: true
graph/ut/../../algorithms/ut/algo_test.cpp:1280: Failure
Value of: rank <= 100
  Actual: false
Expected: true
graph/ut/../../algorithms/ut/algo_test.cpp:1280: Failure
Value of: rank <= 100
  Actual: false
Expected: true
graph/ut/../../algorithms/ut/algo_test.cpp:1280: Failure
Value of: rank <= 100
  Actual: false
Expected: true
graph/ut/../../algorithms/ut/algo_test.cpp:1280: Failure
Value of: rank <= 100
  Actual: false
Expected: true
graph/ut/../../algorithms/ut/algo_test.cpp:1280: Failure
Value of: rank <= 100
  Actual: false
Expected: true
graph/ut/../../algorithms/ut/algo_test.cpp:1280: Failure
Value of: rank <= 100
  Actual: false
Expected: true
graph/ut/../../algorithms/ut/algo_test.cpp:1280: Failure
Value of: rank <= 100
  Actual: false
Expected: true
graph/ut/../../algorithms/ut/algo_test.cpp:1280: Failure
Value of: rank <= 100
  Actual: false
Expected: true
graph/ut/../../algorithms/ut/algo_test.cpp:1280: Failure
Value of: rank <= 100
  Actual: false
Expected: true
graph/ut/../../algorithms/ut/algo_test.cpp:1280: Failure
Value of: rank <= 100
  Actual: false
Expected: true
graph/ut/../../algorithms/ut/algo_test.cpp:1280: Failure
Value of: rank <= 100
  Actual: false
Expected: true
graph/ut/../../algorithms/ut/algo_test.cpp:1280: Failure
Value of: rank <= 100
  Actual: false
Expected: true
graph/ut/../../algorithms/ut/algo_test.cpp:1280: Failure
Value of: rank <= 100
  Actual: false
Expected: true
graph/ut/../../algorithms/ut/algo_test.cpp:1280: Failure
Value of: rank <= 100
  Actual: false
Expected: true
graph/ut/../../algorithms/ut/algo_test.cpp:1280: Failure
Value of: rank <= 100
  Actual: false
Expected: true
graph/ut/../../algorithms/ut/algo_test.cpp:1280: Failure
Value of: rank <= 100
  Actual: false
Expected: true
graph/ut/../../algorithms/ut/algo_test.cpp:1280: Failure
Value of: rank <= 100
  Actual: false
Expected: true
graph/ut/../../algorithms/ut/algo_test.cpp:1280: Failure
Value of: rank <= 100
  Actual: false
Expected: true
graph/ut/../../algorithms/ut/algo_test.cpp:1280: Failure
Value of: rank <= 100
  Actual: false
Expected: true
graph/ut/../../algorithms/ut/algo_test.cpp:1280: Failure
Value of: rank <= 100
  Actual: false
Expected: true
graph/ut/../../algorithms/ut/algo_test.cpp:1280: Failure
Value of: rank <= 100
  Actual: false
Expected: true
graph/ut/../../algorithms/ut/algo_test.cpp:1280: Failure
Value of: rank <= 100
  Actual: false
Expected: true
graph/ut/../../algorithms/ut/algo_test.cpp:1280: Failure
Value of: rank <= 100
  Actual: false
Expected: true
graph/ut/../../algorithms/ut/algo_test.cpp:1280: Failure
Value of: rank <= 100
  Actual: false
Expected: true
graph/ut/../../algorithms/ut/algo_test.cpp:1280: Failure
Value of: rank <= 100
  Actual: false
Expected: true
graph/ut/../../algorithms/ut/algo_test.cpp:1280: Failure
Value of: rank <= 100
  Actual: false
Expected: true
graph/ut/../../algorithms/ut/algo_test.cpp:1280: Failure
Value of: rank <= 100
  Actual: false
Expected: true
graph/ut/../../algorithms/ut/algo_test.cpp:1280: Failure
Value of: rank <= 100
  Actual: false
Expected: true
graph/ut/../../algorithms/ut/algo_test.cpp:1280: Failure
Value of: rank <= 100
  Actual: false
Expected: true
graph/ut/../../algorithms/ut/algo_test.cpp:1280: Failure
Value of: rank <= 100
  Actual: false
Expected: true
graph/ut/../../algorithms/ut/algo_test.cpp:1280: Failure
Value of: rank <= 100
  Actual: false
Expected: true
graph/ut/../../algorithms/ut/algo_test.cpp:1280: Failure
Value of: rank <= 100
  Actual: false
Expected: true
graph/ut/../../algorithms/ut/algo_test.cpp:1280: Failure
Value of: rank <= 100
  Actual: false
Expected: true
graph/ut/../../algorithms/ut/algo_test.cpp:1280: Failure
Value of: rank <= 100
  Actual: false
Expected: true
graph/ut/../../algorithms/ut/algo_test.cpp:1280: Failure
Value of: rank <= 100
  Actual: false
Expected: true
graph/ut/../../algorithms/ut/algo_test.cpp:1280: Failure
Value of: rank <= 100
  Actual: false
Expected: true
graph/ut/../../algorithms/ut/algo_test.cpp:1280: Failure
Value of: rank <= 100
  Actual: false
Expected: true
graph/ut/../../algorithms/ut/algo_test.cpp:1280: Failure
Value of: rank <= 100
  Actual: false
Expected: true
graph/ut/../../algorithms/ut/algo_test.cpp:1280: Failure
Value of: rank <= 100
  Actual: false
Expected: true
graph/ut/../../algorithms/ut/algo_test.cpp:1280: Failure
Value of: rank <= 100
  Actual: false
Expected: true
graph/ut/../../algorithms/ut/algo_test.cpp:1280: Failure
Value of: rank <= 100
  Actual: false
Expected: true
graph/ut/../../algorithms/ut/algo_test.cpp:1280: Failure
Value of: rank <= 100
  Actual: false
Expected: true
graph/ut/../../algorithms/ut/algo_test.cpp:1280: Failure
Value of: rank <= 100
  Actual: false
Expected: true
graph/ut/../../algorithms/ut/algo_test.cpp:1280: Failure
Value of: rank <= 100
  Actual: false
Expected: true
graph/ut/../../algorithms/ut/algo_test.cpp:1280: Failure
Value of: rank <= 100
  Actual: false
Expected: true
graph/ut/../../algorithms/ut/algo_test.cpp:1280: Failure
Value of: rank <= 100
  Actual: false
Expected: true
graph/ut/../../algorithms/ut/algo_test.cpp:1280: Failure
Value of: rank <= 100
  Actual: false
Expected: true
graph/ut/../../algorithms/ut/algo_test.cpp:1280: Failure
Value of: rank <= 100
  Actual: false
Expected: true
graph/ut/../../algorithms/ut/algo_test.cpp:1280: Failure
Value of: rank <= 100
  Actual: false
Expected: true
graph/ut/../../algorithms/ut/algo_test.cpp:1280: Failure
Value of: rank <= 100
  Actual: false
Expected: true
graph/ut/../../algorithms/ut/algo_test.cpp:1280: Failure
Value of: rank <= 100
  Actual: false
Expected: true
graph/ut/../../algorithms/ut/algo_test.cpp:1280: Failure
Value of: rank <= 100
  Actual: false
Expected: true
graph/ut/../../algorithms/ut/algo_test.cpp:1280: Failure
Value of: rank <= 100
  Actual: false
Expected: true
graph/ut/../../algorithms/ut/algo_test.cpp:1280: Failure
Value of: rank <= 100
  Actual: false
Expected: true
graph/ut/../../algorithms/ut/algo_test.cpp:1280: Failure
Value of: rank <= 100
  Actual: false
Expected: true
graph/ut/../../algorithms/ut/algo_test.cpp:1280: Failure
Value of: rank <= 100
  Actual: false
Expected: true
graph/ut/../../algorithms/ut/algo_test.cpp:1280: Failure
Value of: rank <= 100
  Actual: false
Expected: true
graph/ut/../../algorithms/ut/algo_test.cpp:1280: Failure
Value of: rank <= 100
  Actual: false
Expected: true
graph/ut/../../algorithms/ut/algo_test.cpp:1280: Failure
Value of: rank <= 100
  Actual: false
Expected: true
graph/ut/../../algorithms/ut/algo_test.cpp:1280: Failure
Value of: rank <= 100
  Actual: false
Expected: true
graph/ut/../../algorithms/ut/algo_test.cpp:1280: Failure
Value of: rank <= 100
  Actual: false
Expected: true
graph/ut/../../algorithms/ut/algo_test.cpp:1280: Failure
Value of: rank <= 100
  Actual: false
Expected: true
graph/ut/../../algorithms/ut/algo_test.cpp:1280: Failure
Value of: rank <= 100
  Actual: false
Expected: true
graph/ut/../../algorithms/ut/algo_test.cpp:1280: Failure
Value of: rank <= 100
  Actual: false
Expected: true
graph/ut/../../algorithms/ut/algo_test.cpp:1280: Failure
Value of: rank <= 100
  Actual: false
Expected: true
graph/ut/../../algorithms/ut/algo_test.cpp:1280: Failure
Value of: rank <= 100
  Actual: false
Expected: true
graph/ut/../../algorithms/ut/algo_test.cpp:1280: Failure
Value of: rank <= 100
  Actual: false
Expected: true
graph/ut/../../algorithms/ut/algo_test.cpp:1280: Failure
Value of: rank <= 100
  Actual: false
Expected: true
graph/ut/../../algorithms/ut/algo_test.cpp:1280: Failure
Value of: rank <= 100
  Actual: false
Expected: true
graph/ut/../../algorithms/ut/algo_test.cpp:1280: Failure
Value of: rank <= 100
  Actual: false
Expected: true
graph/ut/../../algorithms/ut/algo_test.cpp:1280: Failure
Value of: rank <= 100
  Actual: false
Expected: true
graph/ut/../../algorithms/ut/algo_test.cpp:1280: Failure
Value of: rank <= 100
  Actual: false
Expected: true
graph/ut/../../algorithms/ut/algo_test.cpp:1280: Failure
Value of: rank <= 100
  Actual: false
Expected: true
graph/ut/../../algorithms/ut/algo_test.cpp:1280: Failure
Value of: rank <= 100
  Actual: false
Expected: true
graph/ut/../../algorithms/ut/algo_test.cpp:1280: Failure
Value of: rank <= 100
  Actual: false
Expected: true
graph/ut/../../algorithms/ut/algo_test.cpp:1280: Failure
Value of: rank <= 100
  Actual: false
Expected: true
graph/ut/../../algorithms/ut/algo_test.cpp:1280: Failure
Value of: rank <= 100
  Actual: false
Expected: true
graph/ut/../../algorithms/ut/algo_test.cpp:1280: Failure
Value of: rank <= 100
  Actual: false
Expected: true
graph/ut/../../algorithms/ut/algo_test.cpp:1280: Failure
Value of: rank <= 100
  Actual: false
Expected: true
graph/ut/../../algorithms/ut/algo_test.cpp:1280: Failure
Value of: rank <= 100
  Actual: false
Expected: true
graph/ut/../../algorithms/ut/algo_test.cpp:1280: Failure
Value of: rank <= 100
  Actual: false
Expected: true
graph/ut/../../algorithms/ut/algo_test.cpp:1280: Failure
Value of: rank <= 100
  Actual: false
Expected: true
graph/ut/../../algorithms/ut/algo_test.cpp:1280: Failure
Value of: rank <= 100
  Actual: false
Expected: true
graph/ut/../../algorithms/ut/algo_test.cpp:1280: Failure
Value of: rank <= 100
  Actual: false
Expected: true
graph/ut/../../algorithms/ut/algo_test.cpp:1280: Failure
Value of: rank <= 100
  Actual: false
Expected: true
graph/ut/../../algorithms/ut/algo_test.cpp:1280: Failure
Value of: rank <= 100
  Actual: false
Expected: true
graph/ut/../../algorithms/ut/algo_test.cpp:1280: Failure
Value of: rank <= 100
  Actual: false
Expected: true
graph/ut/../../algorithms/ut/algo_test.cpp:1280: Failure
Value of: rank <= 100
  Actual: false
Expected: true
graph/ut/../../algorithms/ut/algo_test.cpp:1280: Failure
Value of: rank <= 100
  Actual: false
Expected: true
graph/ut/../../algorithms/ut/algo_test.cpp:1280: Failure
Value of: rank <= 100
  Actual: false
Expected: true
graph/ut/../../algorithms/ut/algo_test.cpp:1280: Failure
Value of: rank <= 100
  Actual: false
Expected: true
graph/ut/../../algorithms/ut/algo_test.cpp:1280: Failure
Value of: rank <= 100
  Actual: false
Expected: true
graph/ut/../../algorithms/ut/algo_test.cpp:1280: Failure
Value of: rank <= 100
  Actual: false
Expected: true
graph/ut/../../algorithms/ut/algo_test.cpp:1280: Failure
Value of: rank <= 100
  Actual: false
Expected: true
graph/ut/../../algorithms/ut/algo_test.cpp:1280: Failure
Value of: rank <= 100
  Actual: false
Expected: true
graph/ut/../../algorithms/ut/algo_test.cpp:1280: Failure
Value of: rank <= 100
  Actual: false
Expected: true
graph/ut/../../algorithms/ut/algo_test.cpp:1280: Failure
Value of: rank <= 100
  Actual: false
Expected: true
graph/ut/../../algorithms/ut/algo_test.cpp:1280: Failure
Value of: rank <= 100
  Actual: false
Expected: true
graph/ut/../../algorithms/ut/algo_test.cpp:1280: Failure
Value of: rank <= 100
  Actual: false
Expected: true
graph/ut/../../algorithms/ut/algo_test.cpp:1280: Failure
Value of: rank <= 100
  Actual: false
Expected: true
graph/ut/../../algorithms/ut/algo_test.cpp:1280: Failure
Value of: rank <= 100
  Actual: false
Expected: true
graph/ut/../../algorithms/ut/algo_test.cpp:1280: Failure
Value of: rank <= 100
  Actual: false
Expected: true
graph/ut/../../algorithms/ut/algo_test.cpp:1280: Failure
Value of: rank <= 100
  Actual: false
Expected: true
graph/ut/../../algorithms/ut/algo_test.cpp:1280: Failure
Value of: rank <= 100
  Actual: false
Expected: true
graph/ut/../../algorithms/ut/algo_test.cpp:1280: Failure
Value of: rank <= 100
  Actual: false
Expected: true
graph/ut/../../algorithms/ut/algo_test.cpp:1280: Failure
Value of: rank <= 100
  Actual: false
Expected: true
graph/ut/../../algorithms/ut/algo_test.cpp:1280: Failure
Value of: rank <= 100
  Actual: false
Expected: true
graph/ut/../../algorithms/ut/algo_test.cpp:1280: Failure
Value of: rank <= 100
  Actual: false
Expected: true
graph/ut/../../algorithms/ut/algo_test.cpp:1280: Failure
Value of: rank <= 100
  Actual: false
Expected: true
graph/ut/../../algorithms/ut/algo_test.cpp:1280: Failure
Value of: rank <= 100
  Actual: false
Expected: true
graph/ut/../../algorithms/ut/algo_test.cpp:1280: Failure
Value of: rank <= 100
  Actual: false
Expected: true
graph/ut/../../algorithms/ut/algo_test.cpp:1280: Failure
Value of: rank <= 100
  Actual: false
Expected: true
graph/ut/../../algorithms/ut/algo_test.cpp:1280: Failure
Value of: rank <= 100
  Actual: false
Expected: true
graph/ut/../../algorithms/ut/algo_test.cpp:1280: Failure
Value of: rank <= 100
  Actual: false
Expected: true
graph/ut/../../algorithms/ut/algo_test.cpp:1280: Failure
Value of: rank <= 100
  Actual: false
Expected: true
graph/ut/../../algorithms/ut/algo_test.cpp:1280: Failure
Value of: rank <= 100
  Actual: false
Expected: true
graph/ut/../../algorithms/ut/algo_test.cpp:1280: Failure
Value of: rank <= 100
  Actual: false
Expected: true
graph/ut/../../algorithms/ut/algo_test.cpp:1280: Failure
Value of: rank <= 100
  Actual: false
Expected: true
graph/ut/../../algorithms/ut/algo_test.cpp:1280: Failure
Value of: rank <= 100
  Actual: false
Expected: true
graph/ut/../../algorithms/ut/algo_test.cpp:1280: Failure
Value of: rank <= 100
  Actual: false
Expected: true
graph/ut/../../algorithms/ut/algo_test.cpp:1280: Failure
Value of: rank <= 100
  Actual: false
Expected: true
graph/ut/../../algorithms/ut/algo_test.cpp:1280: Failure
Value of: rank <= 100
  Actual: false
Expected: true
graph/ut/../../algorithms/ut/algo_test.cpp:1280: Failure
Value of: rank <= 100
  Actual: false
Expected: true
graph/ut/../../algorithms/ut/algo_test.cpp:1280: Failure
Value of: rank <= 100
  Actual: false
Expected: true
graph/ut/../../algorithms/ut/algo_test.cpp:1280: Failure
Value of: rank <= 100
  Actual: false
Expected: true
graph/ut/../../algorithms/ut/algo_test.cpp:1280: Failure
Value of: rank <= 100
  Actual: false
Expected: true
graph/ut/../../algorithms/ut/algo_test.cpp:1280: Failure
Value of: rank <= 100
  Actual: false
Expected: true
graph/ut/../../algorithms/ut/algo_test.cpp:1280: Failure
Value of: rank <= 100
  Actual: false
Expected: true
graph/ut/../../algorithms/ut/algo_test.cpp:1280: Failure
Value of: rank <= 100
  Actual: false
Expected: true
graph/ut/../../algorithms/ut/algo_test.cpp:1280: Failure
Value of: rank <= 100
  Actual: false
Expected: true
graph/ut/../../algorithms/ut/algo_test.cpp:1280: Failure
Value of: rank <= 100
  Actual: false
Expected: true
graph/ut/../../algorithms/ut/algo_test.cpp:1280: Failure
Value of: rank <= 100
  Actual: false
Expected: true
graph/ut/../../algorithms/ut/algo_test.cpp:1280: Failure
Value of: rank <= 100
  Actual: false
Expected: true
graph/ut/../../algorithms/ut/algo_test.cpp:1280: Failure
Value of: rank <= 100
  Actual: false
Expected: true
graph/ut/../../algorithms/ut/algo_test.cpp:1280: Failure
Value of: rank <= 100
  Actual: false
Expected: true
graph/ut/../../algorithms/ut/algo_test.cpp:1280: Failure
Value of: rank <= 100
  Actual: false
Expected: true
graph/ut/../../algorithms/ut/algo_test.cpp:1280: Failure
Value of: rank <= 100
  Actual: false
Expected: true
graph/ut/../../algorithms/ut/algo_test.cpp:1280: Failure
Value of: rank <= 100
  Actual: false
Expected: true
graph/ut/../../algorithms/ut/algo_test.cpp:1280: Failure
Value of: rank <= 100
  Actual: false
Expected: true
graph/ut/../../algorithms/ut/algo_test.cpp:1280: Failure
Value of: rank <= 100
  Actual: false
Expected: true
graph/ut/../../algorithms/ut/algo_test.cpp:1280: Failure
Value of: rank <= 100
  Actual: false
Expected: true
graph/ut/../../algorithms/ut/algo_test.cpp:1280: Failure
Value of: rank <= 100
  Actual: false
Expected: true
graph/ut/../../algorithms/ut/algo_test.cpp:1280: Failure
Value of: rank <= 100
  Actual: false
Expected: true
graph/ut/../../algorithms/ut/algo_test.cpp:1280: Failure
Value of: rank <= 100
  Actual: false
Expected: true
graph/ut/../../algorithms/ut/algo_test.cpp:1280: Failure
Value of: rank <= 100
  Actual: false
Expected: true
graph/ut/../../algorithms/ut/algo_test.cpp:1280: Failure
Value of: rank <= 100
  Actual: false
Expected: true
graph/ut/../../algorithms/ut/algo_test.cpp:1280: Failure
Value of: rank <= 100
  Actual: false
Expected: true
graph/ut/../../algorithms/ut/algo_test.cpp:1280: Failure
Value of: rank <= 100
  Actual: false
Expected: true
graph/ut/../../algorithms/ut/algo_test.cpp:1280: Failure
Value of: rank <= 100
  Actual: false
Expected: true
graph/ut/../../algorithms/ut/algo_test.cpp:1280: Failure
Value of: rank <= 100
  Actual: false
Expected: true
graph/ut/../../algorithms/ut/algo_test.cpp:1280: Failure
Value of: rank <= 100
  Actual: false
Expected: true
graph/ut/../../algorithms/ut/algo_test.cpp:1280: Failure
Value of: rank <= 100
  Actual: false
Expected: true
graph/ut/../../algorithms/ut/algo_test.cpp:1280: Failure
Value of: rank <= 100
  Actual: false
Expected: true
graph/ut/../../algorithms/ut/algo_test.cpp:1280: Failure
Value of: rank <= 100
  Actual: false
Expected: true
graph/ut/../../algorithms/ut/algo_test.cpp:1280: Failure
Value of: rank <= 100
  Actual: false
Expected: true
graph/ut/../../algorithms/ut/algo_test.cpp:1280: Failure
Value of: rank <= 100
  Actual: false
Expected: true
graph/ut/../../algorithms/ut/algo_test.cpp:1280: Failure
Value of: rank <= 100
  Actual: false
Expected: true
graph/ut/../../algorithms/ut/algo_test.cpp:1280: Failure
Value of: rank <= 100
  Actual: false
Expected: true
graph/ut/../../algorithms/ut/algo_test.cpp:1280: Failure
Value of: rank <= 100
  Actual: false
Expected: true
graph/ut/../../algorithms/ut/algo_test.cpp:1280: Failure
Value of: rank <= 100
  Actual: false
Expected: true
graph/ut/../../algorithms/ut/algo_test.cpp:1280: Failure
Value of: rank <= 100
  Actual: false
Expected: true
graph/ut/../../algorithms/ut/algo_test.cpp:1280: Failure
Value of: rank <= 100
  Actual: false
Expected: true
graph/ut/../../algorithms/ut/algo_test.cpp:1280: Failure
Value of: rank <= 100
  Actual: false
Expected: true
graph/ut/../../algorithms/ut/algo_test.cpp:1280: Failure
Value of: rank <= 100
  Actual: false
Expected: true
graph/ut/../../algorithms/ut/algo_test.cpp:1280: Failure
Value of: rank <= 100
  Actual: false
Expected: true
graph/ut/../../algorithms/ut/algo_test.cpp:1280: Failure
Value of: rank <= 100
  Actual: false
Expected: true
graph/ut/../../algorithms/ut/algo_test.cpp:1280: Failure
Value of: rank <= 100
  Actual: false
Expected: true
graph/ut/../../algorithms/ut/algo_test.cpp:1280: Failure
Value of: rank <= 100
  Actual: false
Expected: true
graph/ut/../../algorithms/ut/algo_test.cpp:1280: Failure
Value of: rank <= 100
  Actual: false
Expected: true
graph/ut/../../algorithms/ut/algo_test.cpp:1280: Failure
Value of: rank <= 100
  Actual: false
Expected: true
graph/ut/../../algorithms/ut/algo_test.cpp:1280: Failure
Value of: rank <= 100
  Actual: false
Expected: true
graph/ut/../../algorithms/ut/algo_test.cpp:1280: Failure
Value of: rank <= 100
  Actual: false
Expected: true
graph/ut/../../algorithms/ut/algo_test.cpp:1280: Failure
Value of: rank <= 100
  Actual: false
Expected: true
graph/ut/../../algorithms/ut/algo_test.cpp:1280: Failure
Value of: rank <= 100
  Actual: false
Expected: true
graph/ut/../../algorithms/ut/algo_test.cpp:1280: Failure
Value of: rank <= 100
  Actual: false
Expected: true
graph/ut/../../algorithms/ut/algo_test.cpp:1280: Failure
Value of: rank <= 100
  Actual: false
Expected: true
graph/ut/../../algorithms/ut/algo_test.cpp:1280: Failure
Value of: rank <= 100
  Actual: false
Expected: true
graph/ut/../../algorithms/ut/algo_test.cpp:1280: Failure
Value of: rank <= 100
  Actual: false
Expected: true
graph/ut/../../algorithms/ut/algo_test.cpp:1280: Failure
Value of: rank <= 100
  Actual: false
Expected: true
graph/ut/../../algorithms/ut/algo_test.cpp:1280: Failure
Value of: rank <= 100
  Actual: false
Expected: true
graph/ut/../../algorithms/ut/algo_test.cpp:1280: Failure
Value of: rank <= 100
  Actual: false
Expected: true
graph/ut/../../algorithms/ut/algo_test.cpp:1280: Failure
Value of: rank <= 100
  Actual: false
Expected: true
graph/ut/../../algorithms/ut/algo_test.cpp:1280: Failure
Value of: rank <= 100
  Actual: false
Expected: true
graph/ut/../../algorithms/ut/algo_test.cpp:1280: Failure
Value of: rank <= 100
  Actual: false
Expected: true
graph/ut/../../algorithms/ut/algo_test.cpp:1280: Failure
Value of: rank <= 100
  Actual: false
Expected: true
graph/ut/../../algorithms/ut/algo_test.cpp:1280: Failure
Value of: rank <= 100
  Actual: false
Expected: true
graph/ut/../../algorithms/ut/algo_test.cpp:1280: Failure
Value of: rank <= 100
  Actual: false
Expected: true
graph/ut/../../algorithms/ut/algo_test.cpp:1280: Failure
Value of: rank <= 100
  Actual: false
Expected: true
graph/ut/../../algorithms/ut/algo_test.cpp:1280: Failure
Value of: rank <= 100
  Actual: false
Expected: true
graph/ut/../../algorithms/ut/algo_test.cpp:1280: Failure
Value of: rank <= 100
  Actual: false
Expected: true
graph/ut/../../algorithms/ut/algo_test.cpp:1280: Failure
Value of: rank <= 100
  Actual: false
Expected: true
graph/ut/../../algorithms/ut/algo_test.cpp:1280: Failure
Value of: rank <= 100
  Actual: false
Expected: true
graph/ut/../../algorithms/ut/algo_test.cpp:1280: Failure
Value of: rank <= 100
  Actual: false
Expected: true
graph/ut/../../algorithms/ut/algo_test.cpp:1280: Failure
Value of: rank <= 100
  Actual: false
Expected: true
graph/ut/../../algorithms/ut/algo_test.cpp:1280: Failure
Value of: rank <= 100
  Actual: false
Expected: true
graph/ut/../../algorithms/ut/algo_test.cpp:1280: Failure
Value of: rank <= 100
  Actual: false
Expected: true
graph/ut/../../algorithms/ut/algo_test.cpp:1280: Failure
Value of: rank <= 100
  Actual: false
Expected: true
graph/ut/../../algorithms/ut/algo_test.cpp:1280: Failure
Value of: rank <= 100
  Actual: false
Expected: true
graph/ut/../../algorithms/ut/algo_test.cpp:1280: Failure
Value of: rank <= 100
  Actual: false
Expected: true
graph/ut/../../algorithms/ut/algo_test.cpp:1280: Failure
Value of: rank <= 100
  Actual: false
Expected: true
graph/ut/../../algorithms/ut/algo_test.cpp:1280: Failure
Value of: rank <= 100
  Actual: false
Expected: true
graph/ut/../../algorithms/ut/algo_test.cpp:1280: Failure
Value of: rank <= 100
  Actual: false
Expected: true
graph/ut/../../algorithms/ut/algo_test.cpp:1280: Failure
Value of: rank <= 100
  Actual: false
Expected: true
graph/ut/../../algorithms/ut/algo_test.cpp:1280: Failure
Value of: rank <= 100
  Actual: false
Expected: true
graph/ut/../../algorithms/ut/algo_test.cpp:1280: Failure
Value of: rank <= 100
  Actual: false
Expected: true
graph/ut/../../algorithms/ut/algo_test.cpp:1280: Failure
Value of: rank <= 100
  Actual: false
Expected: true
graph/ut/../../algorithms/ut/algo_test.cpp:1280: Failure
Value of: rank <= 100
  Actual: false
Expected: true
graph/ut/../../algorithms/ut/algo_test.cpp:1280: Failure
Value of: rank <= 100
  Actual: false
Expected: true
graph/ut/../../algorithms/ut/algo_test.cpp:1280: Failure
Value of: rank <= 100
  Actual: false
Expected: true
graph/ut/../../algorithms/ut/algo_test.cpp:1280: Failure
Value of: rank <= 100
  Actual: false
Expected: true
graph/ut/../../algorithms/ut/algo_test.cpp:1280: Failure
Value of: rank <= 100
  Actual: false
Expected: true
graph/ut/../../algorithms/ut/algo_test.cpp:1280: Failure
Value of: rank <= 100
  Actual: false
Expected: true
graph/ut/../../algorithms/ut/algo_test.cpp:1280: Failure
Value of: rank <= 100
  Actual: false
Expected: true
graph/ut/../../algorithms/ut/algo_test.cpp:1280: Failure
Value of: rank <= 100
  Actual: false
Expected: true
graph/ut/../../algorithms/ut/algo_test.cpp:1280: Failure
Value of: rank <= 100
  Actual: false
Expected: true
graph/ut/../../algorithms/ut/algo_test.cpp:1280: Failure
Value of: rank <= 100
  Actual: false
Expected: true
graph/ut/../../algorithms/ut/algo_test.cpp:1280: Failure
Value of: rank <= 100
  Actual: false
Expected: true
graph/ut/../../algorithms/ut/algo_test.cpp:1280: Failure
Value of: rank <= 100
  Actual: false
Expected: true
graph/ut/../../algorithms/ut/algo_test.cpp:1280: Failure
Value of: rank <= 100
  Actual: false
Expected: true
graph/ut/../../algorithms/ut/algo_test.cpp:1280: Failure
Value of: rank <= 100
  Actual: false
Expected: true
graph/ut/../../algorithms/ut/algo_test.cpp:1280: Failure
Value of: rank <= 100
  Actual: false
Expected: true
graph/ut/../../algorithms/ut/algo_test.cpp:1280: Failure
Value of: rank <= 100
  Actual: false
Expected: true
graph/ut/../../algorithms/ut/algo_test.cpp:1280: Failure
Value of: rank <= 100
  Actual: false
Expected: true
graph/ut/../../algorithms/ut/algo_test.cpp:1280: Failure
Value of: rank <= 100
  Actual: false
Expected: true
graph/ut/../../algorithms/ut/algo_test.cpp:1280: Failure
Value of: rank <= 100
  Actual: false
Expected: true
graph/ut/../../algorithms/ut/algo_test.cpp:1280: Failure
Value of: rank <= 100
  Actual: false
Expected: true
graph/ut/../../algorithms/ut/algo_test.cpp:1280: Failure
Value of: rank <= 100
  Actual: false
Expected: true
graph/ut/../../algorithms/ut/algo_test.cpp:1280: Failure
Value of: rank <= 100
  Actual: false
Expected: true
graph/ut/../../algorithms/ut/algo_test.cpp:1280: Failure
Value of: rank <= 100
  Actual: false
Expected: true
graph/ut/../../algorithms/ut/algo_test.cpp:1280: Failure
Value of: rank <= 100
  Actual: false
Expected: true
graph/ut/../../algorithms/ut/algo_test.cpp:1280: Failure
Value of: rank <= 100
  Actual: false
Expected: true
graph/ut/../../algorithms/ut/algo_test.cpp:1280: Failure
Value of: rank <= 100
  Actual: false
Expected: true
graph/ut/../../algorithms/ut/algo_test.cpp:1280: Failure
Value of: rank <= 100
  Actual: false
Expected: true
graph/ut/../../algorithms/ut/algo_test.cpp:1280: Failure
Value of: rank <= 100
  Actual: false
Expected: true
graph/ut/../../algorithms/ut/algo_test.cpp:1280: Failure
Value of: rank <= 100
  Actual: false
Expected: true
graph/ut/../../algorithms/ut/algo_test.cpp:1280: Failure
Value of: rank <= 100
  Actual: false
Expected: true
graph/ut/../../algorithms/ut/algo_test.cpp:1280: Failure
Value of: rank <= 100
  Actual: false
Expected: true
graph/ut/../../algorithms/ut/algo_test.cpp:1280: Failure
Value of: rank <= 100
  Actual: false
Expected: true
graph/ut/../../algorithms/ut/algo_test.cpp:1280: Failure
Value of: rank <= 100
  Actual: false
Expected: true
graph/ut/../../algorithms/ut/algo_test.cpp:1280: Failure
Value of: rank <= 100
  Actual: false
Expected: true
graph/ut/../../algorithms/ut/algo_test.cpp:1280: Failure
Value of: rank <= 100
  Actual: false
Expected: true
graph/ut/../../algorithms/ut/algo_test.cpp:1280: Failure
Value of: rank <= 100
  Actual: false
Expected: true
graph/ut/../../algorithms/ut/algo_test.cpp:1280: Failure
Value of: rank <= 100
  Actual: false
Expected: true
graph/ut/../../algorithms/ut/algo_test.cpp:1280: Failure
Value of: rank <= 100
  Actual: false
Expected: true
graph/ut/../../algorithms/ut/algo_test.cpp:1280: Failure
Value of: rank <= 100
  Actual: false
Expected: true
graph/ut/../../algorithms/ut/algo_test.cpp:1280: Failure
Value of: rank <= 100
  Actual: false
Expected: true
graph/ut/../../algorithms/ut/algo_test.cpp:1280: Failure
Value of: rank <= 100
  Actual: false
Expected: true
graph/ut/../../algorithms/ut/algo_test.cpp:1280: Failure
Value of: rank <= 100
  Actual: false
Expected: true
graph/ut/../../algorithms/ut/algo_test.cpp:1280: Failure
Value of: rank <= 100
  Actual: false
Expected: true
graph/ut/../../algorithms/ut/algo_test.cpp:1280: Failure
Value of: rank <= 100
  Actual: false
Expected: true
graph/ut/../../algorithms/ut/algo_test.cpp:1280: Failure
Value of: rank <= 100
  Actual: false
Expected: true
graph/ut/../../algorithms/ut/algo_test.cpp:1280: Failure
Value of: rank <= 100
  Actual: false
Expected: true
graph/ut/../../algorithms/ut/algo_test.cpp:1280: Failure
Value of: rank <= 100
  Actual: false
Expected: true
graph/ut/../../algorithms/ut/algo_test.cpp:1280: Failure
Value of: rank <= 100
  Actual: false
Expected: true
graph/ut/../../algorithms/ut/algo_test.cpp:1280: Failure
Value of: rank <= 100
  Actual: false
Expected: true
graph/ut/../../algorithms/ut/algo_test.cpp:1280: Failure
Value of: rank <= 100
  Actual: false
Expected: true
graph/ut/../../algorithms/ut/algo_test.cpp:1280: Failure
Value of: rank <= 100
  Actual: false
Expected: true
graph/ut/../../algorithms/ut/algo_test.cpp:1280: Failure
Value of: rank <= 100
  Actual: false
Expected: true
graph/ut/../../algorithms/ut/algo_test.cpp:1280: Failure
Value of: rank <= 100
  Actual: false
Expected: true
graph/ut/../../algorithms/ut/algo_test.cpp:1280: Failure
Value of: rank <= 100
  Actual: false
Expected: true
graph/ut/../../algorithms/ut/algo_test.cpp:1280: Failure
Value of: rank <= 100
  Actual: false
Expected: true
graph/ut/../../algorithms/ut/algo_test.cpp:1280: Failure
Value of: rank <= 100
  Actual: false
Expected: true
graph/ut/../../algorithms/ut/algo_test.cpp:1280: Failure
Value of: rank <= 100
  Actual: false
Expected: true
graph/ut/../../algorithms/ut/algo_test.cpp:1280: Failure
Value of: rank <= 100
  Actual: false
Expected: true
graph/ut/../../algorithms/ut/algo_test.cpp:1280: Failure
Value of: rank <= 100
  Actual: false
Expected: true
graph/ut/../../algorithms/ut/algo_test.cpp:1280: Failure
Value of: rank <= 100
  Actual: false
Expected: true
graph/ut/../../algorithms/ut/algo_test.cpp:1280: Failure
Value of: rank <= 100
  Actual: false
Expected: true
graph/ut/../../algorithms/ut/algo_test.cpp:1280: Failure
Value of: rank <= 100
  Actual: false
Expected: true
graph/ut/../../algorithms/ut/algo_test.cpp:1280: Failure
Value of: rank <= 100
  Actual: false
Expected: true
graph/ut/../../algorithms/ut/algo_test.cpp:1280: Failure
Value of: rank <= 100
  Actual: false
Expected: true
graph/ut/../../algorithms/ut/algo_test.cpp:1280: Failure
Value of: rank <= 100
  Actual: false
Expected: true
graph/ut/../../algorithms/ut/algo_test.cpp:1280: Failure
Value of: rank <= 100
  Actual: false
Expected: true
graph/ut/../../algorithms/ut/algo_test.cpp:1280: Failure
Value of: rank <= 100
  Actual: false
Expected: true
graph/ut/../../algorithms/ut/algo_test.cpp:1280: Failure
Value of: rank <= 100
  Actual: false
Expected: true
graph/ut/../../algorithms/ut/algo_test.cpp:1280: Failure
Value of: rank <= 100
  Actual: false
Expected: true
graph/ut/../../algorithms/ut/algo_test.cpp:1280: Failure
Value of: rank <= 100
  Actual: false
Expected: true
graph/ut/../../algorithms/ut/algo_test.cpp:1280: Failure
Value of: rank <= 100
  Actual: false
Expected: true
graph/ut/../../algorithms/ut/algo_test.cpp:1280: Failure
Value of: rank <= 100
  Actual: false
Expected: true
graph/ut/../../algorithms/ut/algo_test.cpp:1280: Failure
Value of: rank <= 100
  Actual: false
Expected: true
graph/ut/../../algorithms/ut/algo_test.cpp:1280: Failure
Value of: rank <= 100
  Actual: false
Expected: true
graph/ut/../../algorithms/ut/algo_test.cpp:1280: Failure
Value of: rank <= 100
  Actual: false
Expected: true
graph/ut/../../algorithms/ut/algo_test.cpp:1280: Failure
Value of: rank <= 100
  Actual: false
Expected: true
graph/ut/../../algorithms/ut/algo_test.cpp:1280: Failure
Value of: rank <= 100
  Actual: false
Expected: true
graph/ut/../../algorithms/ut/algo_test.cpp:1280: Failure
Value of: rank <= 100
  Actual: false
Expected: true
graph/ut/../../algorithms/ut/algo_test.cpp:1280: Failure
Value of: rank <= 100
  Actual: false
Expected: true
graph/ut/../../algorithms/ut/algo_test.cpp:1280: Failure
Value of: rank <= 100
  Actual: false
Expected: true
graph/ut/../../algorithms/ut/algo_test.cpp:1280: Failure
Value of: rank <= 100
  Actual: false
Expected: true
graph/ut/../../algorithms/ut/algo_test.cpp:1280: Failure
Value of: rank <= 100
  Actual: false
Expected: true
graph/ut/../../algorithms/ut/algo_test.cpp:1280: Failure
Value of: rank <= 100
  Actual: false
Expected: true
graph/ut/../../algorithms/ut/algo_test.cpp:1280: Failure
Value of: rank <= 100
  Actual: false
Expected: true
graph/ut/../../algorithms/ut/algo_test.cpp:1280: Failure
Value of: rank <= 100
  Actual: false
Expected: true
graph/ut/../../algorithms/ut/algo_test.cpp:1280: Failure
Value of: rank <= 100
  Actual: false
Expected: true
graph/ut/../../algorithms/ut/algo_test.cpp:1280: Failure
Value of: rank <= 100
  Actual: false
Expected: true
graph/ut/../../algorithms/ut/algo_test.cpp:1280: Failure
Value of: rank <= 100
  Actual: false
Expected: true
graph/ut/../../algorithms/ut/algo_test.cpp:1280: Failure
Value of: rank <= 100
  Actual: false
Expected: true
graph/ut/../../algorithms/ut/algo_test.cpp:1280: Failure
Value of: rank <= 100
  Actual: false
Expected: true
graph/ut/../../algorithms/ut/algo_test.cpp:1280: Failure
Value of: rank <= 100
  Actual: false
Expected: true
graph/ut/../../algorithms/ut/algo_test.cpp:1280: Failure
Value of: rank <= 100
  Actual: false
Expected: true
graph/ut/../../algorithms/ut/algo_test.cpp:1280: Failure
Value of: rank <= 100
  Actual: false
Expected: true
graph/ut/../../algorithms/ut/algo_test.cpp:1280: Failure
Value of: rank <= 100
  Actual: false
Expected: true
graph/ut/../../algorithms/ut/algo_test.cpp:1280: Failure
Value of: rank <= 100
  Actual: false
Expected: true
graph/ut/../../algorithms/ut/algo_test.cpp:1280: Failure
Value of: rank <= 100
  Actual: false
Expected: true
graph/ut/../../algorithms/ut/algo_test.cpp:1280: Failure
Value of: rank <= 100
  Actual: false
Expected: true
graph/ut/../../algorithms/ut/algo_test.cpp:1280: Failure
Value of: rank <= 100
  Actual: false
Expected: true
graph/ut/../../algorithms/ut/algo_test.cpp:1280: Failure
Value of: rank <= 100
  Actual: false
Expected: true
graph/ut/../../algorithms/ut/algo_test.cpp:1280: Failure
Value of: rank <= 100
  Actual: false
Expected: true
graph/ut/../../algorithms/ut/algo_test.cpp:1280: Failure
Value of: rank <= 100
  Actual: false
Expected: true
graph/ut/../../algorithms/ut/algo_test.cpp:1280: Failure
Value of: rank <= 100
  Actual: false
Expected: true
graph/ut/../../algorithms/ut/algo_test.cpp:1280: Failure
Value of: rank <= 100
  Actual: false
Expected: true
graph/ut/../../algorithms/ut/algo_test.cpp:1280: Failure
Value of: rank <= 100
  Actual: false
Expected: true
graph/ut/../../algorithms/ut/algo_test.cpp:1280: Failure
Value of: rank <= 100
  Actual: false
Expected: true
graph/ut/../../algorithms/ut/algo_test.cpp:1280: Failure
Value of: rank <= 100
  Actual: false
Expected: true
graph/ut/../../algorithms/ut/algo_test.cpp:1280: Failure
Value of: rank <= 100
  Actual: false
Expected: true
graph/ut/../../algorithms/ut/algo_test.cpp:1280: Failure
Value of: rank <= 100
  Actual: false
Expected: true
graph/ut/../../algorithms/ut/algo_test.cpp:1280: Failure
Value of: rank <= 100
  Actual: false
Expected: true
graph/ut/../../algorithms/ut/algo_test.cpp:1280: Failure
Value of: rank <= 100
  Actual: false
Expected: true
graph/ut/../../algorithms/ut/algo_test.cpp:1280: Failure
Value of: rank <= 100
  Actual: false
Expected: true
graph/ut/../../algorithms/ut/algo_test.cpp:1280: Failure
Value of: rank <= 100
  Actual: false
Expected: true
graph/ut/../../algorithms/ut/algo_test.cpp:1280: Failure
Value of: rank <= 100
  Actual: false
Expected: true
graph/ut/../../algorithms/ut/algo_test.cpp:1280: Failure
Value of: rank <= 100
  Actual: false
Expected: true
graph/ut/../../algorithms/ut/algo_test.cpp:1280: Failure
Value of: rank <= 100
  Actual: false
Expected: true
graph/ut/../../algorithms/ut/algo_test.cpp:1280: Failure
Value of: rank <= 100
  Actual: false
Expected: true
graph/ut/../../algorithms/ut/algo_test.cpp:1280: Failure
Value of: rank <= 100
  Actual: false
Expected: true
graph/ut/../../algorithms/ut/algo_test.cpp:1280: Failure
Value of: rank <= 100
  Actual: false
Expected: true
graph/ut/../../algorithms/ut/algo_test.cpp:1280: Failure
Value of: rank <= 100
  Actual: false
Expected: true
graph/ut/../../algorithms/ut/algo_test.cpp:1280: Failure
Value of: rank <= 100
  Actual: false
Expected: true
graph/ut/../../algorithms/ut/algo_test.cpp:1280: Failure
Value of: rank <= 100
  Actual: false
Expected: true
graph/ut/../../algorithms/ut/algo_test.cpp:1280: Failure
Value of: rank <= 100
  Actual: false
Expected: true
graph/ut/../../algorithms/ut/algo_test.cpp:1280: Failure
Value of: rank <= 100
  Actual: false
Expected: true
graph/ut/../../algorithms/ut/algo_test.cpp:1280: Failure
Value of: rank <= 100
  Actual: false
Expected: true
graph/ut/../../algorithms/ut/algo_test.cpp:1280: Failure
Value of: rank <= 100
  Actual: false
Expected: true
graph/ut/../../algorithms/ut/algo_test.cpp:1280: Failure
Value of: rank <= 100
  Actual: false
Expected: true
graph/ut/../../algorithms/ut/algo_test.cpp:1280: Failure
Value of: rank <= 100
  Actual: false
Expected: true
graph/ut/../../algorithms/ut/algo_test.cpp:1280: Failure
Value of: rank <= 100
  Actual: false
Expected: true
graph/ut/../../algorithms/ut/algo_test.cpp:1280: Failure
Value of: rank <= 100
  Actual: false
Expected: true
graph/ut/../../algorithms/ut/algo_test.cpp:1280: Failure
Value of: rank <= 100
  Actual: false
Expected: true
graph/ut/../../algorithms/ut/algo_test.cpp:1280: Failure
Value of: rank <= 100
  Actual: false
Expected: true
graph/ut/../../algorithms/ut/algo_test.cpp:1280: Failure
Value of: rank <= 100
  Actual: false
Expected: true
graph/ut/../../algorithms/ut/algo_test.cpp:1280: Failure
Value of: rank <= 100
  Actual: false
Expected: true
graph/ut/../../algorithms/ut/algo_test.cpp:1280: Failure
Value of: rank <= 100
  Actual: false
Expected: true
graph/ut/../../algorithms/ut/algo_test.cpp:1280: Failure
Value of: rank <= 100
  Actual: false
Expected: true
graph/ut/../../algorithms/ut/algo_test.cpp:1280: Failure
Value of: rank <= 100
  Actual: false
Expected: true
graph/ut/../../algorithms/ut/algo_test.cpp:1280: Failure
Value of: rank <= 100
  Actual: false
Expected: true
graph/ut/../../algorithms/ut/algo_test.cpp:1280: Failure
Value of: rank <= 100
  Actual: false
Expected: true
graph/ut/../../algorithms/ut/algo_test.cpp:1280: Failure
Value of: rank <= 100
  Actual: false
Expected: true
graph/ut/../../algorithms/ut/algo_test.cpp:1280: Failure
Value of: rank <= 100
  Actual: false
Expected: true
graph/ut/../../algorithms/ut/algo_test.cpp:1280: Failure
Value of: rank <= 100
  Actual: false
Expected: true
graph/ut/../../algorithms/ut/algo_test.cpp:1280: Failure
Value of: rank <= 100
  Actual: false
Expected: true
graph/ut/../../algorithms/ut/algo_test.cpp:1280: Failure
Value of: rank <= 100
  Actual: false
Expected: true
graph/ut/../../algorithms/ut/algo_test.cpp:1280: Failure
Value of: rank <= 100
  Actual: false
Expected: true
graph/ut/../../algorithms/ut/algo_test.cpp:1280: Failure
Value of: rank <= 100
  Actual: false
Expected: true
graph/ut/../../algorithms/ut/algo_test.cpp:1280: Failure
Value of: rank <= 100
  Actual: false
Expected: true
graph/ut/../../algorithms/ut/algo_test.cpp:1280: Failure
Value of: rank <= 100
  Actual: false
Expected: true
graph/ut/../../algorithms/ut/algo_test.cpp:1280: Failure
Value of: rank <= 100
  Actual: false
Expected: true
graph/ut/../../algorithms/ut/algo_test.cpp:1280: Failure
Value of: rank <= 100
  Actual: false
Expected: true
graph/ut/../../algorithms/ut/algo_test.cpp:1280: Failure
Value of: rank <= 100
  Actual: false
Expected: true
graph/ut/../../algorithms/ut/algo_test.cpp:1280: Failure
Value of: rank <= 100
  Actual: false
Expected: true
graph/ut/../../algorithms/ut/algo_test.cpp:1280: Failure
Value of: rank <= 100
  Actual: false
Expected: true
graph/ut/../../algorithms/ut/algo_test.cpp:1280: Failure
Value of: rank <= 100
  Actual: false
Expected: true
graph/ut/../../algorithms/ut/algo_test.cpp:1280: Failure
Value of: rank <= 100
  Actual: false
Expected: true
graph/ut/../../algorithms/ut/algo_test.cpp:1280: Failure
Value of: rank <= 100
  Actual: false
Expected: true
graph/ut/../../algorithms/ut/algo_test.cpp:1280: Failure
Value of: rank <= 100
  Actual: false
Expected: true
graph/ut/../../algorithms/ut/algo_test.cpp:1280: Failure
Value of: rank <= 100
  Actual: false
Expected: true
graph/ut/../../algorithms/ut/algo_test.cpp:1280: Failure
Value of: rank <= 100
  Actual: false
Expected: true
graph/ut/../../algorithms/ut/algo_test.cpp:1280: Failure
Value of: rank <= 100
  Actual: false
Expected: true
graph/ut/../../algorithms/ut/algo_test.cpp:1280: Failure
Value of: rank <= 100
  Actual: false
Expected: true
graph/ut/../../algorithms/ut/algo_test.cpp:1280: Failure
Value of: rank <= 100
  Actual: false
Expected: true
graph/ut/../../algorithms/ut/algo_test.cpp:1280: Failure
Value of: rank <= 100
  Actual: false
Expected: true
graph/ut/../../algorithms/ut/algo_test.cpp:1280: Failure
Value of: rank <= 100
  Actual: false
Expected: true
graph/ut/../../algorithms/ut/algo_test.cpp:1280: Failure
Value of: rank <= 100
  Actual: false
Expected: true
graph/ut/../../algorithms/ut/algo_test.cpp:1280: Failure
Value of: rank <= 100
  Actual: false
Expected: true
graph/ut/../../algorithms/ut/algo_test.cpp:1280: Failure
Value of: rank <= 100
  Actual: false
Expected: true
graph/ut/../../algorithms/ut/algo_test.cpp:1280: Failure
Value of: rank <= 100
  Actual: false
Expected: true
graph/ut/../../algorithms/ut/algo_test.cpp:1280: Failure
Value of: rank <= 100
  Actual: false
Expected: true
graph/ut/../../algorithms/ut/algo_test.cpp:1280: Failure
Value of: rank <= 100
  Actual: false
Expected: true
graph/ut/../../algorithms/ut/algo_test.cpp:1280: Failure
Value of: rank <= 100
  Actual: false
Expected: true
graph/ut/../../algorithms/ut/algo_test.cpp:1280: Failure
Value of: rank <= 100
  Actual: false
Expected: true
graph/ut/../../algorithms/ut/algo_test.cpp:1280: Failure
Value of: rank <= 100
  Actual: false
Expected: true
graph/ut/../../algorithms/ut/algo_test.cpp:1280: Failure
Value of: rank <= 100
  Actual: false
Expected: true
graph/ut/../../algorithms/ut/algo_test.cpp:1280: Failure
Value of: rank <= 100
  Actual: false
Expected: true
graph/ut/../../algorithms/ut/algo_test.cpp:1280: Failure
Value of: rank <= 100
  Actual: false
Expected: true
graph/ut/../../algorithms/ut/algo_test.cpp:1280: Failure
Value of: rank <= 100
  Actual: false
Expected: true
graph/ut/../../algorithms/ut/algo_test.cpp:1280: Failure
Value of: rank <= 100
  Actual: false
Expected: true
graph/ut/../../algorithms/ut/algo_test.cpp:1280: Failure
Value of: rank <= 100
  Actual: false
Expected: true
graph/ut/../../algorithms/ut/algo_test.cpp:1280: Failure
Value of: rank <= 100
  Actual: false
Expected: true
graph/ut/../../algorithms/ut/algo_test.cpp:1280: Failure
Value of: rank <= 100
  Actual: false
Expected: true
graph/ut/../../algorithms/ut/algo_test.cpp:1280: Failure
Value of: rank <= 100
  Actual: false
Expected: true
graph/ut/../../algorithms/ut/algo_test.cpp:1280: Failure
Value of: rank <= 100
  Actual: false
Expected: true
graph/ut/../../algorithms/ut/algo_test.cpp:1280: Failure
Value of: rank <= 100
  Actual: false
Expected: true
graph/ut/../../algorithms/ut/algo_test.cpp:1280: Failure
Value of: rank <= 100
  Actual: false
Expected: true
graph/ut/../../algorithms/ut/algo_test.cpp:1280: Failure
Value of: rank <= 100
  Actual: false
Expected: true
graph/ut/../../algorithms/ut/algo_test.cpp:1280: Failure
Value of: rank <= 100
  Actual: false
Expected: true
graph/ut/../../algorithms/ut/algo_test.cpp:1280: Failure
Value of: rank <= 100
  Actual: false
Expected: true
graph/ut/../../algorithms/ut/algo_test.cpp:1280: Failure
Value of: rank <= 100
  Actual: false
Expected: true
graph/ut/../../algorithms/ut/algo_test.cpp:1280: Failure
Value of: rank <= 100
  Actual: false
Expected: true
graph/ut/../../algorithms/ut/algo_test.cpp:1280: Failure
Value of: rank <= 100
  Actual: false
Expected: true
graph/ut/../../algorithms/ut/algo_test.cpp:1280: Failure
Value of: rank <= 100
  Actual: false
Expected: true
graph/ut/../../algorithms/ut/algo_test.cpp:1280: Failure
Value of: rank <= 100
  Actual: false
Expected: true
graph/ut/../../algorithms/ut/algo_test.cpp:1280: Failure
Value of: rank <= 100
  Actual: false
Expected: true
graph/ut/../../algorithms/ut/algo_test.cpp:1280: Failure
Value of: rank <= 100
  Actual: false
Expected: true
graph/ut/../../algorithms/ut/algo_test.cpp:1280: Failure
Value of: rank <= 100
  Actual: false
Expected: true
graph/ut/../../algorithms/ut/algo_test.cpp:1280: Failure
Value of: rank <= 100
  Actual: false
Expected: true
graph/ut/../../algorithms/ut/algo_test.cpp:1280: Failure
Value of: rank <= 100
  Actual: false
Expected: true
graph/ut/../../algorithms/ut/algo_test.cpp:1280: Failure
Value of: rank <= 100
  Actual: false
Expected: true
graph/ut/../../algorithms/ut/algo_test.cpp:1280: Failure
Value of: rank <= 100
  Actual: false
Expected: true
graph/ut/../../algorithms/ut/algo_test.cpp:1280: Failure
Value of: rank <= 100
  Actual: false
Expected: true
graph/ut/../../algorithms/ut/algo_test.cpp:1280: Failure
Value of: rank <= 100
  Actual: false
Expected: true
graph/ut/../../algorithms/ut/algo_test.cpp:1280: Failure
Value of: rank <= 100
  Actual: false
Expected: true
graph/ut/../../algorithms/ut/algo_test.cpp:1280: Failure
Value of: rank <= 100
  Actual: false
Expected: true
graph/ut/../../algorithms/ut/algo_test.cpp:1280: Failure
Value of: rank <= 100
  Actual: false
Expected: true
graph/ut/../../algorithms/ut/algo_test.cpp:1280: Failure
Value of: rank <= 100
  Actual: false
Expected: true
graph/ut/../../algorithms/ut/algo_test.cpp:1280: Failure
Value of: rank <= 100
  Actual: false
Expected: true
graph/ut/../../algorithms/ut/algo_test.cpp:1280: Failure
Value of: rank <= 100
  Actual: false
Expected: true
graph/ut/../../algorithms/ut/algo_test.cpp:1280: Failure
Value of: rank <= 100
  Actual: false
Expected: true
graph/ut/../../algorithms/ut/algo_test.cpp:1280: Failure
Value of: rank <= 100
  Actual: false
Expected: true
graph/ut/../../algorithms/ut/algo_test.cpp:1280: Failure
Value of: rank <= 100
  Actual: false
Expected: true
graph/ut/../../algorithms/ut/algo_test.cpp:1280: Failure
Value of: rank <= 100
  Actual: false
Expected: true
graph/ut/../../algorithms/ut/algo_test.cpp:1280: Failure
Value of: rank <= 100
  Actual: false
Expected: true
graph/ut/../../algorithms/ut/algo_test.cpp:1280: Failure
Value of: rank <= 100
  Actual: false
Expected: true
graph/ut/../../algorithms/ut/algo_test.cpp:1280: Failure
Value of: rank <= 100
  Actual: false
Expected: true
graph/ut/../../algorithms/ut/algo_test.cpp:1280: Failure
Value of: rank <= 100
  Actual: false
Expected: true
graph/ut/../../algorithms/ut/algo_test.cpp:1280: Failure
Value of: rank <= 100
  Actual: false
Expected: true
graph/ut/../../algorithms/ut/algo_test.cpp:1280: Failure
Value of: rank <= 100
  Actual: false
Expected: true
graph/ut/../../algorithms/ut/algo_test.cpp:1280: Failure
Value of: rank <= 100
  Actual: false
Expected: true
graph/ut/../../algorithms/ut/algo_test.cpp:1280: Failure
Value of: rank <= 100
  Actual: false
Expected: true
graph/ut/../../algorithms/ut/algo_test.cpp:1280: Failure
Value of: rank <= 100
  Actual: false
Expected: true
graph/ut/../../algorithms/ut/algo_test.cpp:1280: Failure
Value of: rank <= 100
  Actual: false
Expected: true
graph/ut/../../algorithms/ut/algo_test.cpp:1280: Failure
Value of: rank <= 100
  Actual: false
Expected: true
graph/ut/../../algorithms/ut/algo_test.cpp:1280: Failure
Value of: rank <= 100
  Actual: false
Expected: true
graph/ut/../../algorithms/ut/algo_test.cpp:1280: Failure
Value of: rank <= 100
  Actual: false
Expected: true
graph/ut/../../algorithms/ut/algo_test.cpp:1280: Failure
Value of: rank <= 100
  Actual: false
Expected: true
graph/ut/../../algorithms/ut/algo_test.cpp:1280: Failure
Value of: rank <= 100
  Actual: false
Expected: true
graph/ut/../../algorithms/ut/algo_test.cpp:1280: Failure
Value of: rank <= 100
  Actual: false
Expected: true
graph/ut/../../algorithms/ut/algo_test.cpp:1280: Failure
Value of: rank <= 100
  Actual: false
Expected: true
graph/ut/../../algorithms/ut/algo_test.cpp:1280: Failure
Value of: rank <= 100
  Actual: false
Expected: true
graph/ut/../../algorithms/ut/algo_test.cpp:1280: Failure
Value of: rank <= 100
  Actual: false
Expected: true
graph/ut/../../algorithms/ut/algo_test.cpp:1280: Failure
Value of: rank <= 100
  Actual: false
Expected: true
graph/ut/../../algorithms/ut/algo_test.cpp:1280: Failure
Value of: rank <= 100
  Actual: false
Expected: true
graph/ut/../../algorithms/ut/algo_test.cpp:1280: Failure
Value of: rank <= 100
  Actual: false
Expected: true
graph/ut/../../algorithms/ut/algo_test.cpp:1280: Failure
Value of: rank <= 100
  Actual: false
Expected: true
graph/ut/../../algorithms/ut/algo_test.cpp:1280: Failure
Value of: rank <= 100
  Actual: false
Expected: true
graph/ut/../../algorithms/ut/algo_test.cpp:1280: Failure
Value of: rank <= 100
  Actual: false
Expected: true
graph/ut/../../algorithms/ut/algo_test.cpp:1280: Failure
Value of: rank <= 100
  Actual: false
Expected: true
graph/ut/../../algorithms/ut/algo_test.cpp:1280: Failure
Value of: rank <= 100
  Actual: false
Expected: true
graph/ut/../../algorithms/ut/algo_test.cpp:1280: Failure
Value of: rank <= 100
  Actual: false
Expected: true
graph/ut/../../algorithms/ut/algo_test.cpp:1280: Failure
Value of: rank <= 100
  Actual: false
Expected: true
graph/ut/../../algorithms/ut/algo_test.cpp:1280: Failure
Value of: rank <= 100
  Actual: false
Expected: true
graph/ut/../../algorithms/ut/algo_test.cpp:1280: Failure
Value of: rank <= 100
  Actual: false
Expected: true
graph/ut/../../algorithms/ut/algo_test.cpp:1280: Failure
Value of: rank <= 100
  Actual: false
Expected: true
graph/ut/../../algorithms/ut/algo_test.cpp:1280: Failure
Value of: rank <= 100
  Actual: false
Expected: true
graph/ut/../../algorithms/ut/algo_test.cpp:1280: Failure
Value of: rank <= 100
  Actual: false
Expected: true
graph/ut/../../algorithms/ut/algo_test.cpp:1280: Failure
Value of: rank <= 100
  Actual: false
Expected: true
graph/ut/../../algorithms/ut/algo_test.cpp:1280: Failure
Value of: rank <= 100
  Actual: false
Expected: true
graph/ut/../../algorithms/ut/algo_test.cpp:1280: Failure
Value of: rank <= 100
  Actual: false
Expected: true
graph/ut/../../algorithms/ut/algo_test.cpp:1280: Failure
Value of: rank <= 100
  Actual: false
Expected: true
graph/ut/../../algorithms/ut/algo_test.cpp:1280: Failure
Value of: rank <= 100
  Actual: false
Expected: true
graph/ut/../../algorithms/ut/algo_test.cpp:1280: Failure
Value of: rank <= 100
  Actual: false
Expected: true
graph/ut/../../algorithms/ut/algo_test.cpp:1280: Failure
Value of: rank <= 100
  Actual: false
Expected: true
graph/ut/../../algorithms/ut/algo_test.cpp:1280: Failure
Value of: rank <= 100
  Actual: false
Expected: true
graph/ut/../../algorithms/ut/algo_test.cpp:1280: Failure
Value of: rank <= 100
  Actual: false
Expected: true
graph/ut/../../algorithms/ut/algo_test.cpp:1280: Failure
Value of: rank <= 100
  Actual: false
Expected: true
graph/ut/../../algorithms/ut/algo_test.cpp:1280: Failure
Value of: rank <= 100
  Actual: false
Expected: true
graph/ut/../../algorithms/ut/algo_test.cpp:1280: Failure
Value of: rank <= 100
  Actual: false
Expected: true
graph/ut/../../algorithms/ut/algo_test.cpp:1280: Failure
Value of: rank <= 100
  Actual: false
Expected: true
graph/ut/../../algorithms/ut/algo_test.cpp:1280: Failure
Value of: rank <= 100
  Actual: false
Expected: true
graph/ut/../../algorithms/ut/algo_test.cpp:1280: Failure
Value of: rank <= 100
  Actual: false
Expected: true
graph/ut/../../algorithms/ut/algo_test.cpp:1280: Failure
Value of: rank <= 100
  Actual: false
Expected: true
graph/ut/../../algorithms/ut/algo_test.cpp:1280: Failure
Value of: rank <= 100
  Actual: false
Expected: true
graph/ut/../../algorithms/ut/algo_test.cpp:1280: Failure
Value of: rank <= 100
  Actual: false
Expected: true
graph/ut/../../algorithms/ut/algo_test.cpp:1280: Failure
Value of: rank <= 100
  Actual: false
Expected: true
graph/ut/../../algorithms/ut/algo_test.cpp:1280: Failure
Value of: rank <= 100
  Actual: false
Expected: true
graph/ut/../../algorithms/ut/algo_test.cpp:1280: Failure
Value of: rank <= 100
  Actual: false
Expected: true
graph/ut/../../algorithms/ut/algo_test.cpp:1280: Failure
Value of: rank <= 100
  Actual: false
Expected: true
graph/ut/../../algorithms/ut/algo_test.cpp:1280: Failure
Value of: rank <= 100
  Actual: false
Expected: true
graph/ut/../../algorithms/ut/algo_test.cpp:1280: Failure
Value of: rank <= 100
  Actual: false
Expected: true
graph/ut/../../algorithms/ut/algo_test.cpp:1280: Failure
Value of: rank <= 100
  Actual: false
Expected: true
graph/ut/../../algorithms/ut/algo_test.cpp:1280: Failure
Value of: rank <= 100
  Actual: false
Expected: true
graph/ut/../../algorithms/ut/algo_test.cpp:1280: Failure
Value of: rank <= 100
  Actual: false
Expected: true
graph/ut/../../algorithms/ut/algo_test.cpp:1280: Failure
Value of: rank <= 100
  Actual: false
Expected: true
graph/ut/../../algorithms/ut/algo_test.cpp:1280: Failure
Value of: rank <= 100
  Actual: false
Expected: true
graph/ut/../../algorithms/ut/algo_test.cpp:1280: Failure
Value of: rank <= 100
  Actual: false
Expected: true
graph/ut/../../algorithms/ut/algo_test.cpp:1280: Failure
Value of: rank <= 100
  Actual: false
Expected: true
graph/ut/../../algorithms/ut/algo_test.cpp:1280: Failure
Value of: rank <= 100
  Actual: false
Expected: true
graph/ut/../../algorithms/ut/algo_test.cpp:1280: Failure
Value of: rank <= 100
  Actual: false
Expected: true
graph/ut/../../algorithms/ut/algo_test.cpp:1280: Failure
Value of: rank <= 100
  Actual: false
Expected: true
graph/ut/../../algorithms/ut/algo_test.cpp:1280: Failure
Value of: rank <= 100
  Actual: false
Expected: true
graph/ut/../../algorithms/ut/algo_test.cpp:1280: Failure
Value of: rank <= 100
  Actual: false
Expected: true
graph/ut/../../algorithms/ut/algo_test.cpp:1280: Failure
Value of: rank <= 100
  Actual: false
Expected: true
graph/ut/../../algorithms/ut/algo_test.cpp:1280: Failure
Value of: rank <= 100
  Actual: false
Expected: true
graph/ut/../../algorithms/ut/algo_test.cpp:1280: Failure
Value of: rank <= 100
  Actual: false
Expected: true
graph/ut/../../algorithms/ut/algo_test.cpp:1280: Failure
Value of: rank <= 100
  Actual: false
Expected: true
graph/ut/../../algorithms/ut/algo_test.cpp:1280: Failure
Value of: rank <= 100
  Actual: false
Expected: true
graph/ut/../../algorithms/ut/algo_test.cpp:1280: Failure
Value of: rank <= 100
  Actual: false
Expected: true
graph/ut/../../algorithms/ut/algo_test.cpp:1280: Failure
Value of: rank <= 100
  Actual: false
Expected: true
graph/ut/../../algorithms/ut/algo_test.cpp:1280: Failure
Value of: rank <= 100
  Actual: false
Expected: true
graph/ut/../../algorithms/ut/algo_test.cpp:1280: Failure
Value of: rank <= 100
  Actual: false
Expected: true
graph/ut/../../algorithms/ut/algo_test.cpp:1280: Failure
Value of: rank <= 100
  Actual: false
Expected: true
graph/ut/../../algorithms/ut/algo_test.cpp:1280: Failure
Value of: rank <= 100
  Actual: false
Expected: true
graph/ut/../../algorithms/ut/algo_test.cpp:1280: Failure
Value of: rank <= 100
  Actual: false
Expected: true
graph/ut/../../algorithms/ut/algo_test.cpp:1280: Failure
Value of: rank <= 100
  Actual: false
Expected: true
graph/ut/../../algorithms/ut/algo_test.cpp:1280: Failure
Value of: rank <= 100
  Actual: false
Expected: true
graph/ut/../../algorithms/ut/algo_test.cpp:1280: Failure
Value of: rank <= 100
  Actual: false
Expected: true
graph/ut/../../algorithms/ut/algo_test.cpp:1280: Failure
Value of: rank <= 100
  Actual: false
Expected: true
graph/ut/../../algorithms/ut/algo_test.cpp:1280: Failure
Value of: rank <= 100
  Actual: false
Expected: true
graph/ut/../../algorithms/ut/algo_test.cpp:1280: Failure
Value of: rank <= 100
  Actual: false
Expected: true
graph/ut/../../algorithms/ut/algo_test.cpp:1280: Failure
Value of: rank <= 100
  Actual: false
Expected: true
graph/ut/../../algorithms/ut/algo_test.cpp:1280: Failure
Value of: rank <= 100
  Actual: false
Expected: true
graph/ut/../../algorithms/ut/algo_test.cpp:1280: Failure
Value of: rank <= 100
  Actual: false
Expected: true
graph/ut/../../algorithms/ut/algo_test.cpp:1280: Failure
Value of: rank <= 100
  Actual: false
Expected: true
graph/ut/../../algorithms/ut/algo_test.cpp:1280: Failure
Value of: rank <= 100
  Actual: false
Expected: true
graph/ut/../../algorithms/ut/algo_test.cpp:1280: Failure
Value of: rank <= 100
  Actual: false
Expected: true
graph/ut/../../algorithms/ut/algo_test.cpp:1280: Failure
Value of: rank <= 100
  Actual: false
Expected: true
graph/ut/../../algorithms/ut/algo_test.cpp:1280: Failure
Value of: rank <= 100
  Actual: false
Expected: true
graph/ut/../../algorithms/ut/algo_test.cpp:1280: Failure
Value of: rank <= 100
  Actual: false
Expected: true
graph/ut/../../algorithms/ut/algo_test.cpp:1280: Failure
Value of: rank <= 100
  Actual: false
Expected: true
graph/ut/../../algorithms/ut/algo_test.cpp:1280: Failure
Value of: rank <= 100
  Actual: false
Expected: true
graph/ut/../../algorithms/ut/algo_test.cpp:1280: Failure
Value of: rank <= 100
  Actual: false
Expected: true
graph/ut/../../algorithms/ut/algo_test.cpp:1280: Failure
Value of: rank <= 100
  Actual: false
Expected: true
graph/ut/../../algorithms/ut/algo_test.cpp:1280: Failure
Value of: rank <= 100
  Actual: false
Expected: true
graph/ut/../../algorithms/ut/algo_test.cpp:1280: Failure
Value of: rank <= 100
  Actual: false
Expected: true
graph/ut/../../algorithms/ut/algo_test.cpp:1280: Failure
Value of: rank <= 100
  Actual: false
Expected: true
graph/ut/../../algorithms/ut/algo_test.cpp:1280: Failure
Value of: rank <= 100
  Actual: false
Expected: true
graph/ut/../../algorithms/ut/algo_test.cpp:1280: Failure
Value of: rank <= 100
  Actual: false
Expected: true
graph/ut/../../algorithms/ut/algo_test.cpp:1280: Failure
Value of: rank <= 100
  Actual: false
Expected: true
graph/ut/../../algorithms/ut/algo_test.cpp:1280: Failure
Value of: rank <= 100
  Actual: false
Expected: true
graph/ut/../../algorithms/ut/algo_test.cpp:1280: Failure
Value of: rank <= 100
  Actual: false
Expected: true
graph/ut/../../algorithms/ut/algo_test.cpp:1280: Failure
Value of: rank <= 100
  Actual: false
Expected: true
graph/ut/../../algorithms/ut/algo_test.cpp:1280: Failure
Value of: rank <= 100
  Actual: false
Expected: true
graph/ut/../../algorithms/ut/algo_test.cpp:1280: Failure
Value of: rank <= 100
  Actual: false
Expected: true
graph/ut/../../algorithms/ut/algo_test.cpp:1280: Failure
Value of: rank <= 100
  Actual: false
Expected: true
graph/ut/../../algorithms/ut/algo_test.cpp:1280: Failure
Value of: rank <= 100
  Actual: false
Expected: true
graph/ut/../../algorithms/ut/algo_test.cpp:1280: Failure
Value of: rank <= 100
  Actual: false
Expected: true
graph/ut/../../algorithms/ut/algo_test.cpp:1280: Failure
Value of: rank <= 100
  Actual: false
Expected: true
graph/ut/../../algorithms/ut/algo_test.cpp:1280: Failure
Value of: rank <= 100
  Actual: false
Expected: true
graph/ut/../../algorithms/ut/algo_test.cpp:1280: Failure
Value of: rank <= 100
  Actual: false
Expected: true
graph/ut/../../algorithms/ut/algo_test.cpp:1280: Failure
Value of: rank <= 100
  Actual: false
Expected: true
graph/ut/../../algorithms/ut/algo_test.cpp:1280: Failure
Value of: rank <= 100
  Actual: false
Expected: true
graph/ut/../../algorithms/ut/algo_test.cpp:1280: Failure
Value of: rank <= 100
  Actual: false
Expected: true
graph/ut/../../algorithms/ut/algo_test.cpp:1280: Failure
Value of: rank <= 100
  Actual: false
Expected: true
graph/ut/../../algorithms/ut/algo_test.cpp:1280: Failure
Value of: rank <= 100
  Actual: false
Expected: true
graph/ut/../../algorithms/ut/algo_test.cpp:1280: Failure
Value of: rank <= 100
  Actual: false
Expected: true
graph/ut/../../algorithms/ut/algo_test.cpp:1280: Failure
Value of: rank <= 100
  Actual: false
Expected: true
graph/ut/../../algorithms/ut/algo_test.cpp:1280: Failure
Value of: rank <= 100
  Actual: false
Expected: true
graph/ut/../../algorithms/ut/algo_test.cpp:1280: Failure
Value of: rank <= 100
  Actual: false
Expected: true
graph/ut/../../algorithms/ut/algo_test.cpp:1280: Failure
Value of: rank <= 100
  Actual: false
Expected: true
graph/ut/../../algorithms/ut/algo_test.cpp:1280: Failure
Value of: rank <= 100
  Actual: false
Expected: true
graph/ut/../../algorithms/ut/algo_test.cpp:1280: Failure
Value of: rank <= 100
  Actual: false
Expected: true
graph/ut/../../algorithms/ut/algo_test.cpp:1280: Failure
Value of: rank <= 100
  Actual: false
Expected: true
graph/ut/../../algorithms/ut/algo_test.cpp:1280: Failure
Value of: rank <= 100
  Actual: false
Expected: true
graph/ut/../../algorithms/ut/algo_test.cpp:1280: Failure
Value of: rank <= 100
  Actual: false
Expected: true
graph/ut/../../algorithms/ut/algo_test.cpp:1280: Failure
Value of: rank <= 100
  Actual: false
Expected: true
graph/ut/../../algorithms/ut/algo_test.cpp:1280: Failure
Value of: rank <= 100
  Actual: false
Expected: true
graph/ut/../../algorithms/ut/algo_test.cpp:1280: Failure
Value of: rank <= 100
  Actual: false
Expected: true
graph/ut/../../algorithms/ut/algo_test.cpp:1280: Failure
Value of: rank <= 100
  Actual: false
Expected: true
graph/ut/../../algorithms/ut/algo_test.cpp:1280: Failure
Value of: rank <= 100
  Actual: false
Expected: true
graph/ut/../../algorithms/ut/algo_test.cpp:1280: Failure
Value of: rank <= 100
  Actual: false
Expected: true
graph/ut/../../algorithms/ut/algo_test.cpp:1280: Failure
Value of: rank <= 100
  Actual: false
Expected: true
graph/ut/../../algorithms/ut/algo_test.cpp:1280: Failure
Value of: rank <= 100
  Actual: false
Expected: true
graph/ut/../../algorithms/ut/algo_test.cpp:1280: Failure
Value of: rank <= 100
  Actual: false
Expected: true
graph/ut/../../algorithms/ut/algo_test.cpp:1280: Failure
Value of: rank <= 100
  Actual: false
Expected: true
graph/ut/../../algorithms/ut/algo_test.cpp:1280: Failure
Value of: rank <= 100
  Actual: false
Expected: true
graph/ut/../../algorithms/ut/algo_test.cpp:1280: Failure
Value of: rank <= 100
  Actual: false
Expected: true
graph/ut/../../algorithms/ut/algo_test.cpp:1280: Failure
Value of: rank <= 100
  Actual: false
Expected: true
graph/ut/../../algorithms/ut/algo_test.cpp:1280: Failure
Value of: rank <= 100
  Actual: false
Expected: true
graph/ut/../../algorithms/ut/algo_test.cpp:1280: Failure
Value of: rank <= 100
  Actual: false
Expected: true
graph/ut/../../algorithms/ut/algo_test.cpp:1280: Failure
Value of: rank <= 100
  Actual: false
Expected: true
graph/ut/../../algorithms/ut/algo_test.cpp:1280: Failure
Value of: rank <= 100
  Actual: false
Expected: true
graph/ut/../../algorithms/ut/algo_test.cpp:1280: Failure
Value of: rank <= 100
  Actual: false
Expected: true
graph/ut/../../algorithms/ut/algo_test.cpp:1280: Failure
Value of: rank <= 100
  Actual: false
Expected: true
graph/ut/../../algorithms/ut/algo_test.cpp:1280: Failure
Value of: rank <= 100
  Actual: false
Expected: true
graph/ut/../../algorithms/ut/algo_test.cpp:1280: Failure
Value of: rank <= 100
  Actual: false
Expected: true
graph/ut/../../algorithms/ut/algo_test.cpp:1280: Failure
Value of: rank <= 100
  Actual: false
Expected: true
graph/ut/../../algorithms/ut/algo_test.cpp:1280: Failure
Value of: rank <= 100
  Actual: false
Expected: true
graph/ut/../../algorithms/ut/algo_test.cpp:1280: Failure
Value of: rank <= 100
  Actual: false
Expected: true
graph/ut/../../algorithms/ut/algo_test.cpp:1280: Failure
Value of: rank <= 100
  Actual: false
Expected: true
graph/ut/../../algorithms/ut/algo_test.cpp:1280: Failure
Value of: rank <= 100
  Actual: false
Expected: true
graph/ut/../../algorithms/ut/algo_test.cpp:1280: Failure
Value of: rank <= 100
  Actual: false
Expected: true
graph/ut/../../algorithms/ut/algo_test.cpp:1280: Failure
Value of: rank <= 100
  Actual: false
Expected: true
graph/ut/../../algorithms/ut/algo_test.cpp:1280: Failure
Value of: rank <= 100
  Actual: false
Expected: true
graph/ut/../../algorithms/ut/algo_test.cpp:1280: Failure
Value of: rank <= 100
  Actual: false
Expected: true
graph/ut/../../algorithms/ut/algo_test.cpp:1280: Failure
Value of: rank <= 100
  Actual: false
Expected: true
graph/ut/../../algorithms/ut/algo_test.cpp:1280: Failure
Value of: rank <= 100
  Actual: false
Expected: true
graph/ut/../../algorithms/ut/algo_test.cpp:1280: Failure
Value of: rank <= 100
  Actual: false
Expected: true
graph/ut/../../algorithms/ut/algo_test.cpp:1280: Failure
Value of: rank <= 100
  Actual: false
Expected: true
graph/ut/../../algorithms/ut/algo_test.cpp:1280: Failure
Value of: rank <= 100
  Actual: false
Expected: true
graph/ut/../../algorithms/ut/algo_test.cpp:1280: Failure
Value of: rank <= 100
  Actual: false
Expected: true
graph/ut/../../algorithms/ut/algo_test.cpp:1280: Failure
Value of: rank <= 100
  Actual: false
Expected: true
graph/ut/../../algorithms/ut/algo_test.cpp:1280: Failure
Value of: rank <= 100
  Actual: false
Expected: true
graph/ut/../../algorithms/ut/algo_test.cpp:1280: Failure
Value of: rank <= 100
  Actual: false
Expected: true
graph/ut/../../algorithms/ut/algo_test.cpp:1280: Failure
Value of: rank <= 100
  Actual: false
Expected: true
graph/ut/../../algorithms/ut/algo_test.cpp:1280: Failure
Value of: rank <= 100
  Actual: false
Expected: true
graph/ut/../../algorithms/ut/algo_test.cpp:1280: Failure
Value of: rank <= 100
  Actual: false
Expected: true
graph/ut/../../algorithms/ut/algo_test.cpp:1280: Failure
Value of: rank <= 100
  Actual: false
Expected: true
graph/ut/../../algorithms/ut/algo_test.cpp:1280: Failure
Value of: rank <= 100
  Actual: false
Expected: true
graph/ut/../../algorithms/ut/algo_test.cpp:1280: Failure
Value of: rank <= 100
  Actual: false
Expected: true
graph/ut/../../algorithms/ut/algo_test.cpp:1280: Failure
Value of: rank <= 100
  Actual: false
Expected: true
graph/ut/../../algorithms/ut/algo_test.cpp:1280: Failure
Value of: rank <= 100
  Actual: false
Expected: true
graph/ut/../../algorithms/ut/algo_test.cpp:1280: Failure
Value of: rank <= 100
  Actual: false
Expected: true
graph/ut/../../algorithms/ut/algo_test.cpp:1280: Failure
Value of: rank <= 100
  Actual: false
Expected: true
graph/ut/../../algorithms/ut/algo_test.cpp:1280: Failure
Value of: rank <= 100
  Actual: false
Expected: true
graph/ut/../../algorithms/ut/algo_test.cpp:1280: Failure
Value of: rank <= 100
  Actual: false
Expected: true
graph/ut/../../algorithms/ut/algo_test.cpp:1280: Failure
Value of: rank <= 100
  Actual: false
Expected: true
graph/ut/../../algorithms/ut/algo_test.cpp:1280: Failure
Value of: rank <= 100
  Actual: false
Expected: true
graph/ut/../../algorithms/ut/algo_test.cpp:1280: Failure
Value of: rank <= 100
  Actual: false
Expected: true
graph/ut/../../algorithms/ut/algo_test.cpp:1280: Failure
Value of: rank <= 100
  Actual: false
Expected: true
graph/ut/../../algorithms/ut/algo_test.cpp:1280: Failure
Value of: rank <= 100
  Actual: false
Expected: true
graph/ut/../../algorithms/ut/algo_test.cpp:1280: Failure
Value of: rank <= 100
  Actual: false
Expected: true
graph/ut/../../algorithms/ut/algo_test.cpp:1280: Failure
Value of: rank <= 100
  Actual: false
Expected: true
graph/ut/../../algorithms/ut/algo_test.cpp:1280: Failure
Value of: rank <= 100
  Actual: false
Expected: true
graph/ut/../../algorithms/ut/algo_test.cpp:1280: Failure
Value of: rank <= 100
  Actual: false
Expected: true
graph/ut/../../algorithms/ut/algo_test.cpp:1280: Failure
Value of: rank <= 100
  Actual: false
Expected: true
graph/ut/../../algorithms/ut/algo_test.cpp:1280: Failure
Value of: rank <= 100
  Actual: false
Expected: true
graph/ut/../../algorithms/ut/algo_test.cpp:1280: Failure
Value of: rank <= 100
  Actual: false
Expected: true
graph/ut/../../algorithms/ut/algo_test.cpp:1280: Failure
Value of: rank <= 100
  Actual: false
Expected: true
graph/ut/../../algorithms/ut/algo_test.cpp:1280: Failure
Value of: rank <= 100
  Actual: false
Expected: true
graph/ut/../../algorithms/ut/algo_test.cpp:1280: Failure
Value of: rank <= 100
  Actual: false
Expected: true
graph/ut/../../algorithms/ut/algo_test.cpp:1280: Failure
Value of: rank <= 100
  Actual: false
Expected: true
graph/ut/../../algorithms/ut/algo_test.cpp:1280: Failure
Value of: rank <= 100
  Actual: false
Expected: true
graph/ut/../../algorithms/ut/algo_test.cpp:1280: Failure
Value of: rank <= 100
  Actual: false
Expected: true
graph/ut/../../algorithms/ut/algo_test.cpp:1280: Failure
Value of: rank <= 100
  Actual: false
Expected: true
graph/ut/../../algorithms/ut/algo_test.cpp:1280: Failure
Value of: rank <= 100
  Actual: false
Expected: true
graph/ut/../../algorithms/ut/algo_test.cpp:1280: Failure
Value of: rank <= 100
  Actual: false
Expected: true
graph/ut/../../algorithms/ut/algo_test.cpp:1280: Failure
Value of: rank <= 100
  Actual: false
Expected: true
graph/ut/../../algorithms/ut/algo_test.cpp:1280: Failure
Value of: rank <= 100
  Actual: false
Expected: true
graph/ut/../../algorithms/ut/algo_test.cpp:1280: Failure
Value of: rank <= 100
  Actual: false
Expected: true
graph/ut/../../algorithms/ut/algo_test.cpp:1280: Failure
Value of: rank <= 100
  Actual: false
Expected: true
graph/ut/../../algorithms/ut/algo_test.cpp:1280: Failure
Value of: rank <= 100
  Actual: false
Expected: true
graph/ut/../../algorithms/ut/algo_test.cpp:1280: Failure
Value of: rank <= 100
  Actual: false
Expected: true
graph/ut/../../algorithms/ut/algo_test.cpp:1280: Failure
Value of: rank <= 100
  Actual: false
Expected: true
graph/ut/../../algorithms/ut/algo_test.cpp:1280: Failure
Value of: rank <= 100
  Actual: false
Expected: true
graph/ut/../../algorithms/ut/algo_test.cpp:1280: Failure
Value of: rank <= 100
  Actual: false
Expected: true
graph/ut/../../algorithms/ut/algo_test.cpp:1280: Failure
Value of: rank <= 100
  Actual: false
Expected: true
graph/ut/../../algorithms/ut/algo_test.cpp:1280: Failure
Value of: rank <= 100
  Actual: false
Expected: true
graph/ut/../../algorithms/ut/algo_test.cpp:1280: Failure
Value of: rank <= 100
  Actual: false
Expected: true
graph/ut/../../algorithms/ut/algo_test.cpp:1280: Failure
Value of: rank <= 100
  Actual: false
Expected: true
graph/ut/../../algorithms/ut/algo_test.cpp:1280: Failure
Value of: rank <= 100
  Actual: false
Expected: true
graph/ut/../../algorithms/ut/algo_test.cpp:1280: Failure
Value of: rank <= 100
  Actual: false
Expected: true
graph/ut/../../algorithms/ut/algo_test.cpp:1280: Failure
Value of: rank <= 100
  Actual: false
Expected: true
graph/ut/../../algorithms/ut/algo_test.cpp:1280: Failure
Value of: rank <= 100
  Actual: false
Expected: true
graph/ut/../../algorithms/ut/algo_test.cpp:1280: Failure
Value of: rank <= 100
  Actual: false
Expected: true
graph/ut/../../algorithms/ut/algo_test.cpp:1280: Failure
Value of: rank <= 100
  Actual: false
Expected: true
graph/ut/../../algorithms/ut/algo_test.cpp:1280: Failure
Value of: rank <= 100
  Actual: false
Expected: true
graph/ut/../../algorithms/ut/algo_test.cpp:1280: Failure
Value of: rank <= 100
  Actual: false
Expected: true
graph/ut/../../algorithms/ut/algo_test.cpp:1280: Failure
Value of: rank <= 100
  Actual: false
Expected: true
graph/ut/../../algorithms/ut/algo_test.cpp:1280: Failure
Value of: rank <= 100
  Actual: false
Expected: true
graph/ut/../../algorithms/ut/algo_test.cpp:1280: Failure
Value of: rank <= 100
  Actual: false
Expected: true
graph/ut/../../algorithms/ut/algo_test.cpp:1280: Failure
Value of: rank <= 100
  Actual: false
Expected: true
graph/ut/../../algorithms/ut/algo_test.cpp:1280: Failure
Value of: rank <= 100
  Actual: false
Expected: true
graph/ut/../../algorithms/ut/algo_test.cpp:1280: Failure
Value of: rank <= 100
  Actual: false
Expected: true
graph/ut/../../algorithms/ut/algo_test.cpp:1280: Failure
Value of: rank <= 100
  Actual: false
Expected: true
graph/ut/../../algorithms/ut/algo_test.cpp:1280: Failure
Value of: rank <= 100
  Actual: false
Expected: true
graph/ut/../../algorithms/ut/algo_test.cpp:1280: Failure
Value of: rank <= 100
  Actual: false
Expected: true
graph/ut/../../algorithms/ut/algo_test.cpp:1280: Failure
Value of: rank <= 100
  Actual: false
Expected: true
graph/ut/../../algorithms/ut/algo_test.cpp:1280: Failure
Value of: rank <= 100
  Actual: false
Expected: true
graph/ut/../../algorithms/ut/algo_test.cpp:1280: Failure
Value of: rank <= 100
  Actual: false
Expected: true
graph/ut/../../algorithms/ut/algo_test.cpp:1280: Failure
Value of: rank <= 100
  Actual: false
Expected: true
graph/ut/../../algorithms/ut/algo_test.cpp:1280: Failure
Value of: rank <= 100
  Actual: false
Expected: true
graph/ut/../../algorithms/ut/algo_test.cpp:1280: Failure
Value of: rank <= 100
  Actual: false
Expected: true
graph/ut/../../algorithms/ut/algo_test.cpp:1280: Failure
Value of: rank <= 100
  Actual: false
Expected: true
graph/ut/../../algorithms/ut/algo_test.cpp:1280: Failure
Value of: rank <= 100
  Actual: false
Expected: true
graph/ut/../../algorithms/ut/algo_test.cpp:1280: Failure
Value of: rank <= 100
  Actual: false
Expected: true
graph/ut/../../algorithms/ut/algo_test.cpp:1280: Failure
Value of: rank <= 100
  Actual: false
Expected: true
graph/ut/../../algorithms/ut/algo_test.cpp:1280: Failure
Value of: rank <= 100
  Actual: false
Expected: true
graph/ut/../../algorithms/ut/algo_test.cpp:1280: Failure
Value of: rank <= 100
  Actual: false
Expected: true
graph/ut/../../algorithms/ut/algo_test.cpp:1280: Failure
Value of: rank <= 100
  Actual: false
Expected: true
graph/ut/../../algorithms/ut/algo_test.cpp:1280: Failure
Value of: rank <= 100
  Actual: false
Expected: true
graph/ut/../../algorithms/ut/algo_test.cpp:1280: Failure
Value of: rank <= 100
  Actual: false
Expected: true
graph/ut/../../algorithms/ut/algo_test.cpp:1280: Failure
Value of: rank <= 100
  Actual: false
Expected: true
graph/ut/../../algorithms/ut/algo_test.cpp:1280: Failure
Value of: rank <= 100
  Actual: false
Expected: true
graph/ut/../../algorithms/ut/algo_test.cpp:1280: Failure
Value of: rank <= 100
  Actual: false
Expected: true
graph/ut/../../algorithms/ut/algo_test.cpp:1280: Failure
Value of: rank <= 100
  Actual: false
Expected: true
graph/ut/../../algorithms/ut/algo_test.cpp:1280: Failure
Value of: rank <= 100
  Actual: false
Expected: true
graph/ut/../../algorithms/ut/algo_test.cpp:1280: Failure
Value of: rank <= 100
  Actual: false
Expected: true
graph/ut/../../algorithms/ut/algo_test.cpp:1280: Failure
Value of: rank <= 100
  Actual: false
Expected: true
graph/ut/../../algorithms/ut/algo_test.cpp:1280: Failure
Value of: rank <= 100
  Actual: false
Expected: true
graph/ut/../../algorithms/ut/algo_test.cpp:1280: Failure
Value of: rank <= 100
  Actual: false
Expected: true
graph/ut/../../algorithms/ut/algo_test.cpp:1280: Failure
Value of: rank <= 100
  Actual: false
Expected: true
graph/ut/../../algorithms/ut/algo_test.cpp:1280: Failure
Value of: rank <= 100
  Actual: false
Expected: true
graph/ut/../../algorithms/ut/algo_test.cpp:1280: Failure
Value of: rank <= 100
  Actual: false
Expected: true
graph/ut/../../algorithms/ut/algo_test.cpp:1280: Failure
Value of: rank <= 100
  Actual: false
Expected: true
graph/ut/../../algorithms/ut/algo_test.cpp:1280: Failure
Value of: rank <= 100
  Actual: false
Expected: true
graph/ut/../../algorithms/ut/algo_test.cpp:1280: Failure
Value of: rank <= 100
  Actual: false
Expected: true
graph/ut/../../algorithms/ut/algo_test.cpp:1280: Failure
Value of: rank <= 100
  Actual: false
Expected: true
graph/ut/../../algorithms/ut/algo_test.cpp:1280: Failure
Value of: rank <= 100
  Actual: false
Expected: true
graph/ut/../../algorithms/ut/algo_test.cpp:1280: Failure
Value of: rank <= 100
  Actual: false
Expected: true
graph/ut/../../algorithms/ut/algo_test.cpp:1280: Failure
Value of: rank <= 100
  Actual: false
Expected: true
graph/ut/../../algorithms/ut/algo_test.cpp:1280: Failure
Value of: rank <= 100
  Actual: false
Expected: true
graph/ut/../../algorithms/ut/algo_test.cpp:1280: Failure
Value of: rank <= 100
  Actual: false
Expected: true
graph/ut/../../algorithms/ut/algo_test.cpp:1280: Failure
Value of: rank <= 100
  Actual: false
Expected: true
graph/ut/../../algorithms/ut/algo_test.cpp:1280: Failure
Value of: rank <= 100
  Actual: false
Expected: true
graph/ut/../../algorithms/ut/algo_test.cpp:1280: Failure
Value of: rank <= 100
  Actual: false
Expected: true
graph/ut/../../algorithms/ut/algo_test.cpp:1280: Failure
Value of: rank <= 100
  Actual: false
Expected: true
graph/ut/../../algorithms/ut/algo_test.cpp:1280: Failure
Value of: rank <= 100
  Actual: false
Expected: true
graph/ut/../../algorithms/ut/algo_test.cpp:1280: Failure
Value of: rank <= 100
  Actual: false
Expected: true
graph/ut/../../algorithms/ut/algo_test.cpp:1280: Failure
Value of: rank <= 100
  Actual: false
Expected: true
graph/ut/../../algorithms/ut/algo_test.cpp:1280: Failure
Value of: rank <= 100
  Actual: false
Expected: true
graph/ut/../../algorithms/ut/algo_test.cpp:1280: Failure
Value of: rank <= 100
  Actual: false
Expected: true
graph/ut/../../algorithms/ut/algo_test.cpp:1280: Failure
Value of: rank <= 100
  Actual: false
Expected: true
graph/ut/../../algorithms/ut/algo_test.cpp:1280: Failure
Value of: rank <= 100
  Actual: false
Expected: true
graph/ut/../../algorithms/ut/algo_test.cpp:1280: Failure
Value of: rank <= 100
  Actual: false
Expected: true
graph/ut/../../algorithms/ut/algo_test.cpp:1280: Failure
Value of: rank <= 100
  Actual: false
Expected: true
graph/ut/../../algorithms/ut/algo_test.cpp:1280: Failure
Value of: rank <= 100
  Actual: false
Expected: true
graph/ut/../../algorithms/ut/algo_test.cpp:1280: Failure
Value of: rank <= 100
  Actual: false
Expected: true
graph/ut/../../algorithms/ut/algo_test.cpp:1280: Failure
Value of: rank <= 100
  Actual: false
Expected: true
graph/ut/../../algorithms/ut/algo_test.cpp:1280: Failure
Value of: rank <= 100
  Actual: false
Expected: true
graph/ut/../../algorithms/ut/algo_test.cpp:1280: Failure
Value of: rank <= 100
  Actual: false
Expected: true
graph/ut/../../algorithms/ut/algo_test.cpp:1280: Failure
Value of: rank <= 100
  Actual: false
Expected: true
graph/ut/../../algorithms/ut/algo_test.cpp:1280: Failure
Value of: rank <= 100
  Actual: false
Expected: true
graph/ut/../../algorithms/ut/algo_test.cpp:1280: Failure
Value of: rank <= 100
  Actual: false
Expected: true
graph/ut/../../algorithms/ut/algo_test.cpp:1280: Failure
Value of: rank <= 100
  Actual: false
Expected: true
graph/ut/../../algorithms/ut/algo_test.cpp:1280: Failure
Value of: rank <= 100
  Actual: false
Expected: true
graph/ut/../../algorithms/ut/algo_test.cpp:1280: Failure
Value of: rank <= 100
  Actual: false
Expected: true
graph/ut/../../algorithms/ut/algo_test.cpp:1280: Failure
Value of: rank <= 100
  Actual: false
Expected: true
graph/ut/../../algorithms/ut/algo_test.cpp:1280: Failure
Value of: rank <= 100
  Actual: false
Expected: true
graph/ut/../../algorithms/ut/algo_test.cpp:1280: Failure
Value of: rank <= 100
  Actual: false
Expected: true
graph/ut/../../algorithms/ut/algo_test.cpp:1280: Failure
Value of: rank <= 100
  Actual: false
Expected: true
graph/ut/../../algorithms/ut/algo_test.cpp:1280: Failure
Value of: rank <= 100
  Actual: false
Expected: true
graph/ut/../../algorithms/ut/algo_test.cpp:1280: Failure
Value of: rank <= 100
  Actual: false
Expected: true
graph/ut/../../algorithms/ut/algo_test.cpp:1280: Failure
Value of: rank <= 100
  Actual: false
Expected: true
graph/ut/../../algorithms/ut/algo_test.cpp:1280: Failure
Value of: rank <= 100
  Actual: false
Expected: true
graph/ut/../../algorithms/ut/algo_test.cpp:1280: Failure
Value of: rank <= 100
  Actual: false
Expected: true
graph/ut/../../algorithms/ut/algo_test.cpp:1280: Failure
Value of: rank <= 100
  Actual: false
Expected: true
graph/ut/../../algorithms/ut/algo_test.cpp:1280: Failure
Value of: rank <= 100
  Actual: false
Expected: true
graph/ut/../../algorithms/ut/algo_test.cpp:1280: Failure
Value of: rank <= 100
  Actual: false
Expected: true
graph/ut/../../algorithms/ut/algo_test.cpp:1280: Failure
Value of: rank <= 100
  Actual: false
Expected: true
graph/ut/../../algorithms/ut/algo_test.cpp:1280: Failure
Value of: rank <= 100
  Actual: false
Expected: true
graph/ut/../../algorithms/ut/algo_test.cpp:1280: Failure
Value of: rank <= 100
  Actual: false
Expected: true
graph/ut/../../algorithms/ut/algo_test.cpp:1280: Failure
Value of: rank <= 100
  Actual: false
Expected: true
graph/ut/../../algorithms/ut/algo_test.cpp:1280: Failure
Value of: rank <= 100
  Actual: false
Expected: true
graph/ut/../../algorithms/ut/algo_test.cpp:1280: Failure
Value of: rank <= 100
  Actual: false
Expected: true
graph/ut/../../algorithms/ut/algo_test.cpp:1280: Failure
Value of: rank <= 100
  Actual: false
Expected: true
graph/ut/../../algorithms/ut/algo_test.cpp:1280: Failure
Value of: rank <= 100
  Actual: false
Expected: true
graph/ut/../../algorithms/ut/algo_test.cpp:1280: Failure
Value of: rank <= 100
  Actual: false
Expected: true
graph/ut/../../algorithms/ut/algo_test.cpp:1280: Failure
Value of: rank <= 100
  Actual: false
Expected: true
graph/ut/../../algorithms/ut/algo_test.cpp:1280: Failure
Value of: rank <= 100
  Actual: false
Expected: true
graph/ut/../../algorithms/ut/algo_test.cpp:1280: Failure
Value of: rank <= 100
  Actual: false
Expected: true
graph/ut/../../algorithms/ut/algo_test.cpp:1280: Failure
Value of: rank <= 100
  Actual: false
Expected: true
graph/ut/../../algorithms/ut/algo_test.cpp:1280: Failure
Value of: rank <= 100
  Actual: false
Expected: true
graph/ut/../../algorithms/ut/algo_test.cpp:1280: Failure
Value of: rank <= 100
  Actual: false
Expected: true
graph/ut/../../algorithms/ut/algo_test.cpp:1280: Failure
Value of: rank <= 100
  Actual: false
Expected: true
graph/ut/../../algorithms/ut/algo_test.cpp:1280: Failure
Value of: rank <= 100
  Actual: false
Expected: true
graph/ut/../../algorithms/ut/algo_test.cpp:1280: Failure
Value of: rank <= 100
  Actual: false
Expected: true
graph/ut/../../algorithms/ut/algo_test.cpp:1280: Failure
Value of: rank <= 100
  Actual: false
Expected: true
graph/ut/../../algorithms/ut/algo_test.cpp:1280: Failure
Value of: rank <= 100
  Actual: false
Expected: true
graph/ut/../../algorithms/ut/algo_test.cpp:1280: Failure
Value of: rank <= 100
  Actual: false
Expected: true
graph/ut/../../algorithms/ut/algo_test.cpp:1280: Failure
Value of: rank <= 100
  Actual: false
Expected: true
graph/ut/../../algorithms/ut/algo_test.cpp:1280: Failure
Value of: rank <= 100
  Actual: false
Expected: true
graph/ut/../../algorithms/ut/algo_test.cpp:1280: Failure
Value of: rank <= 100
  Actual: false
Expected: true
graph/ut/../../algorithms/ut/algo_test.cpp:1280: Failure
Value of: rank <= 100
  Actual: false
Expected: true
graph/ut/../../algorithms/ut/algo_test.cpp:1280: Failure
Value of: rank <= 100
  Actual: false
Expected: true
graph/ut/../../algorithms/ut/algo_test.cpp:1280: Failure
Value of: rank <= 100
  Actual: false
Expected: true
graph/ut/../../algorithms/ut/algo_test.cpp:1280: Failure
Value of: rank <= 100
  Actual: false
Expected: true
graph/ut/../../algorithms/ut/algo_test.cpp:1280: Failure
Value of: rank <= 100
  Actual: false
Expected: true
graph/ut/../../algorithms/ut/algo_test.cpp:1280: Failure
Value of: rank <= 100
  Actual: false
Expected: true
graph/ut/../../algorithms/ut/algo_test.cpp:1280: Failure
Value of: rank <= 100
  Actual: false
Expected: true
graph/ut/../../algorithms/ut/algo_test.cpp:1280: Failure
Value of: rank <= 100
  Actual: false
Expected: true
graph/ut/../../algorithms/ut/algo_test.cpp:1280: Failure
Value of: rank <= 100
  Actual: false
Expected: true
graph/ut/../../algorithms/ut/algo_test.cpp:1280: Failure
Value of: rank <= 100
  Actual: false
Expected: true
graph/ut/../../algorithms/ut/algo_test.cpp:1280: Failure
Value of: rank <= 100
  Actual: false
Expected: true
graph/ut/../../algorithms/ut/algo_test.cpp:1280: Failure
Value of: rank <= 100
  Actual: false
Expected: true
graph/ut/../../algorithms/ut/algo_test.cpp:1280: Failure
Value of: rank <= 100
  Actual: false
Expected: true
graph/ut/../../algorithms/ut/algo_test.cpp:1280: Failure
Value of: rank <= 100
  Actual: false
Expected: true
graph/ut/../../algorithms/ut/algo_test.cpp:1280: Failure
Value of: rank <= 100
  Actual: false
Expected: true
graph/ut/../../algorithms/ut/algo_test.cpp:1280: Failure
Value of: rank <= 100
  Actual: false
Expected: true
graph/ut/../../algorithms/ut/algo_test.cpp:1280: Failure
Value of: rank <= 100
  Actual: false
Expected: true
graph/ut/../../algorithms/ut/algo_test.cpp:1280: Failure
Value of: rank <= 100
  Actual: false
Expected: true
graph/ut/../../algorithms/ut/algo_test.cpp:1280: Failure
Value of: rank <= 100
  Actual: false
Expected: true
graph/ut/../../algorithms/ut/algo_test.cpp:1280: Failure
Value of: rank <= 100
  Actual: false
Expected: true
graph/ut/../../algorithms/ut/algo_test.cpp:1280: Failure
Value of: rank <= 100
  Actual: false
Expected: true
graph/ut/../../algorithms/ut/algo_test.cpp:1280: Failure
Value of: rank <= 100
  Actual: false
Expected: true
graph/ut/../../algorithms/ut/algo_test.cpp:1280: Failure
Value of: rank <= 100
  Actual: false
Expected: true
graph/ut/../../algorithms/ut/algo_test.cpp:1280: Failure
Value of: rank <= 100
  Actual: false
Expected: true
graph/ut/../../algorithms/ut/algo_test.cpp:1280: Failure
Value of: rank <= 100
  Actual: false
Expected: true
graph/ut/../../algorithms/ut/algo_test.cpp:1280: Failure
Value of: rank <= 100
  Actual: false
Expected: true
graph/ut/../../algorithms/ut/algo_test.cpp:1280: Failure
Value of: rank <= 100
  Actual: false
Expected: true
graph/ut/../../algorithms/ut/algo_test.cpp:1280: Failure
Value of: rank <= 100
  Actual: false
Expected: true
graph/ut/../../algorithms/ut/algo_test.cpp:1280: Failure
Value of: rank <= 100
  Actual: false
Expected: true
graph/ut/../../algorithms/ut/algo_test.cpp:1280: Failure
Value of: rank <= 100
  Actual: false
Expected: true
graph/ut/../../algorithms/ut/algo_test.cpp:1280: Failure
Value of: rank <= 100
  Actual: false
Expected: true
graph/ut/../../algorithms/ut/algo_test.cpp:1280: Failure
Value of: rank <= 100
  Actual: false
Expected: true
graph/ut/../../algorithms/ut/algo_test.cpp:1280: Failure
Value of: rank <= 100
  Actual: false
Expected: true
graph/ut/../../algorithms/ut/algo_test.cpp:1280: Failure
Value of: rank <= 100
  Actual: false
Expected: true
graph/ut/../../algorithms/ut/algo_test.cpp:1280: Failure
Value of: rank <= 100
  Actual: false
Expected: true
graph/ut/../../algorithms/ut/algo_test.cpp:1280: Failure
Value of: rank <= 100
  Actual: false
Expected: true
graph/ut/../../algorithms/ut/algo_test.cpp:1280: Failure
Value of: rank <= 100
  Actual: false
Expected: true
graph/ut/../../algorithms/ut/algo_test.cpp:1280: Failure
Value of: rank <= 100
  Actual: false
Expected: true
graph/ut/../../algorithms/ut/algo_test.cpp:1280: Failure
Value of: rank <= 100
  Actual: false
Expected: true
graph/ut/../../algorithms/ut/algo_test.cpp:1280: Failure
Value of: rank <= 100
  Actual: false
Expected: true
graph/ut/../../algorithms/ut/algo_test.cpp:1280: Failure
Value of: rank <= 100
  Actual: false
Expected: true
graph/ut/../../algorithms/ut/algo_test.cpp:1280: Failure
Value of: rank <= 100
  Actual: false
Expected: true
graph/ut/../../algorithms/ut/algo_test.cpp:1280: Failure
Value of: rank <= 100
  Actual: false
Expected: true
graph/ut/../../algorithms/ut/algo_test.cpp:1280: Failure
Value of: rank <= 100
  Actual: false
Expected: true
graph/ut/../../algorithms/ut/algo_test.cpp:1280: Failure
Value of: rank <= 100
  Actual: false
Expected: true
graph/ut/../../algorithms/ut/algo_test.cpp:1280: Failure
Value of: rank <= 100
  Actual: false
Expected: true
graph/ut/../../algorithms/ut/algo_test.cpp:1280: Failure
Value of: rank <= 100
  Actual: false
Expected: true
graph/ut/../../algorithms/ut/algo_test.cpp:1280: Failure
Value of: rank <= 100
  Actual: false
Expected: true
graph/ut/../../algorithms/ut/algo_test.cpp:1280: Failure
Value of: rank <= 100
  Actual: false
Expected: true
graph/ut/../../algorithms/ut/algo_test.cpp:1280: Failure
Value of: rank <= 100
  Actual: false
Expected: true
graph/ut/../../algorithms/ut/algo_test.cpp:1280: Failure
Value of: rank <= 100
  Actual: false
Expected: true
graph/ut/../../algorithms/ut/algo_test.cpp:1280: Failure
Value of: rank <= 100
  Actual: false
Expected: true
graph/ut/../../algorithms/ut/algo_test.cpp:1280: Failure
Value of: rank <= 100
  Actual: false
Expected: true
graph/ut/../../algorithms/ut/algo_test.cpp:1280: Failure
Value of: rank <= 100
  Actual: false
Expected: true
graph/ut/../../algorithms/ut/algo_test.cpp:1280: Failure
Value of: rank <= 100
  Actual: false
Expected: true
graph/ut/../../algorithms/ut/algo_test.cpp:1280: Failure
Value of: rank <= 100
  Actual: false
Expected: true
graph/ut/../../algorithms/ut/algo_test.cpp:1280: Failure
Value of: rank <= 100
  Actual: false
Expected: true
graph/ut/../../algorithms/ut/algo_test.cpp:1280: Failure
Value of: rank <= 100
  Actual: false
Expected: true
graph/ut/../../algorithms/ut/algo_test.cpp:1280: Failure
Value of: rank <= 100
  Actual: false
Expected: true
graph/ut/../../algorithms/ut/algo_test.cpp:1280: Failure
Value of: rank <= 100
  Actual: false
Expected: true
graph/ut/../../algorithms/ut/algo_test.cpp:1280: Failure
Value of: rank <= 100
  Actual: false
Expected: true
graph/ut/../../algorithms/ut/algo_test.cpp:1280: Failure
Value of: rank <= 100
  Actual: false
Expected: true
graph/ut/../../algorithms/ut/algo_test.cpp:1280: Failure
Value of: rank <= 100
  Actual: false
Expected: true
graph/ut/../../algorithms/ut/algo_test.cpp:1280: Failure
Value of: rank <= 100
  Actual: false
Expected: true
graph/ut/../../algorithms/ut/algo_test.cpp:1280: Failure
Value of: rank <= 100
  Actual: false
Expected: true
graph/ut/../../algorithms/ut/algo_test.cpp:1280: Failure
Value of: rank <= 100
  Actual: false
Expected: true
graph/ut/../../algorithms/ut/algo_test.cpp:1280: Failure
Value of: rank <= 100
  Actual: false
Expected: true
graph/ut/../../algorithms/ut/algo_test.cpp:1280: Failure
Value of: rank <= 100
  Actual: false
Expected: true
graph/ut/../../algorithms/ut/algo_test.cpp:1280: Failure
Value of: rank <= 100
  Actual: false
Expected: true
graph/ut/../../algorithms/ut/algo_test.cpp:1280: Failure
Value of: rank <= 100
  Actual: false
Expected: true
graph/ut/../../algorithms/ut/algo_test.cpp:1280: Failure
Value of: rank <= 100
  Actual: false
Expected: true
graph/ut/../../algorithms/ut/algo_test.cpp:1280: Failure
Value of: rank <= 100
  Actual: false
Expected: true
graph/ut/../../algorithms/ut/algo_test.cpp:1280: Failure
Value of: rank <= 100
  Actual: false
Expected: true
graph/ut/../../algorithms/ut/algo_test.cpp:1280: Failure
Value of: rank <= 100
  Actual: false
Expected: true
graph/ut/../../algorithms/ut/algo_test.cpp:1280: Failure
Value of: rank <= 100
  Actual: false
Expected: true
graph/ut/../../algorithms/ut/algo_test.cpp:1280: Failure
Value of: rank <= 100
  Actual: false
Expected: true
graph/ut/../../algorithms/ut/algo_test.cpp:1280: Failure
Value of: rank <= 100
  Actual: false
Expected: true
graph/ut/../../algorithms/ut/algo_test.cpp:1280: Failure
Value of: rank <= 100
  Actual: false
Expected: true
graph/ut/../../algorithms/ut/algo_test.cpp:1280: Failure
Value of: rank <= 100
  Actual: false
Expected: true
graph/ut/../../algorithms/ut/algo_test.cpp:1280: Failure
Value of: rank <= 100
  Actual: false
Expected: true
graph/ut/../../algorithms/ut/algo_test.cpp:1280: Failure
Value of: rank <= 100
  Actual: false
Expected: true
graph/ut/../../algorithms/ut/algo_test.cpp:1280: Failure
Value of: rank <= 100
  Actual: false
Expected: true
graph/ut/../../algorithms/ut/algo_test.cpp:1280: Failure
Value of: rank <= 100
  Actual: false
Expected: true
graph/ut/../../algorithms/ut/algo_test.cpp:1280: Failure
Value of: rank <= 100
  Actual: false
Expected: true
graph/ut/../../algorithms/ut/algo_test.cpp:1280: Failure
Value of: rank <= 100
  Actual: false
Expected: true
graph/ut/../../algorithms/ut/algo_test.cpp:1280: Failure
Value of: rank <= 100
  Actual: false
Expected: true
graph/ut/../../algorithms/ut/algo_test.cpp:1280: Failure
Value of: rank <= 100
  Actual: false
Expected: true
graph/ut/../../algorithms/ut/algo_test.cpp:1280: Failure
Value of: rank <= 100
  Actual: false
Expected: true
graph/ut/../../algorithms/ut/algo_test.cpp:1280: Failure
Value of: rank <= 100
  Actual: false
Expected: true
graph/ut/../../algorithms/ut/algo_test.cpp:1280: Failure
Value of: rank <= 100
  Actual: false
Expected: true
graph/ut/../../algorithms/ut/algo_test.cpp:1280: Failure
Value of: rank <= 100
  Actual: false
Expected: true
graph/ut/../../algorithms/ut/algo_test.cpp:1280: Failure
Value of: rank <= 100
  Actual: false
Expected: true
graph/ut/../../algorithms/ut/algo_test.cpp:1280: Failure
Value of: rank <= 100
  Actual: false
Expected: true
graph/ut/../../algorithms/ut/algo_test.cpp:1280: Failure
Value of: rank <= 100
  Actual: false
Expected: true
graph/ut/../../algorithms/ut/algo_test.cpp:1280: Failure
Value of: rank <= 100
  Actual: false
Expected: true
graph/ut/../../algorithms/ut/algo_test.cpp:1280: Failure
Value of: rank <= 100
  Actual: false
Expected: true
graph/ut/../../algorithms/ut/algo_test.cpp:1280: Failure
Value of: rank <= 100
  Actual: false
Expected: true
graph/ut/../../algorithms/ut/algo_test.cpp:1280: Failure
Value of: rank <= 100
  Actual: false
Expected: true
graph/ut/../../algorithms/ut/algo_test.cpp:1280: Failure
Value of: rank <= 100
  Actual: false
Expected: true
graph/ut/../../algorithms/ut/algo_test.cpp:1280: Failure
Value of: rank <= 100
  Actual: false
Expected: true
graph/ut/../../algorithms/ut/algo_test.cpp:1280: Failure
Value of: rank <= 100
  Actual: false
Expected: true
graph/ut/../../algorithms/ut/algo_test.cpp:1280: Failure
Value of: rank <= 100
  Actual: false
Expected: true
graph/ut/../../algorithms/ut/algo_test.cpp:1280: Failure
Value of: rank <= 100
  Actual: false
Expected: true
graph/ut/../../algorithms/ut/algo_test.cpp:1280: Failure
Value of: rank <= 100
  Actual: false
Expected: true
graph/ut/../../algorithms/ut/algo_test.cpp:1280: Failure
Value of: rank <= 100
  Actual: false
Expected: true
graph/ut/../../algorithms/ut/algo_test.cpp:1280: Failure
Value of: rank <= 100
  Actual: false
Expected: true
graph/ut/../../algorithms/ut/algo_test.cpp:1280: Failure
Value of: rank <= 100
  Actual: false
Expected: true
graph/ut/../../algorithms/ut/algo_test.cpp:1280: Failure
Value of: rank <= 100
  Actual: false
Expected: true
graph/ut/../../algorithms/ut/algo_test.cpp:1280: Failure
Value of: rank <= 100
  Actual: false
Expected: true
graph/ut/../../algorithms/ut/algo_test.cpp:1280: Failure
Value of: rank <= 100
  Actual: false
Expected: true
graph/ut/../../algorithms/ut/algo_test.cpp:1280: Failure
Value of: rank <= 100
  Actual: false
Expected: true
graph/ut/../../algorithms/ut/algo_test.cpp:1280: Failure
Value of: rank <= 100
  Actual: false
Expected: true
graph/ut/../../algorithms/ut/algo_test.cpp:1280: Failure
Value of: rank <= 100
  Actual: false
Expected: true
graph/ut/../../algorithms/ut/algo_test.cpp:1280: Failure
Value of: rank <= 100
  Actual: false
Expected: true
graph/ut/../../algorithms/ut/algo_test.cpp:1280: Failure
Value of: rank <= 100
  Actual: false
Expected: true
graph/ut/../../algorithms/ut/algo_test.cpp:1280: Failure
Value of: rank <= 100
  Actual: false
Expected: true
graph/ut/../../algorithms/ut/algo_test.cpp:1280: Failure
Value of: rank <= 100
  Actual: false
Expected: true
graph/ut/../../algorithms/ut/algo_test.cpp:1280: Failure
Value of: rank <= 100
  Actual: false
Expected: true
graph/ut/../../algorithms/ut/algo_test.cpp:1280: Failure
Value of: rank <= 100
  Actual: false
Expected: true
graph/ut/../../algorithms/ut/algo_test.cpp:1280: Failure
Value of: rank <= 100
  Actual: false
Expected: true
graph/ut/../../algorithms/ut/algo_test.cpp:1280: Failure
Value of: rank <= 100
  Actual: false
Expected: true
graph/ut/../../algorithms/ut/algo_test.cpp:1280: Failure
Value of: rank <= 100
  Actual: false
Expected: true
graph/ut/../../algorithms/ut/algo_test.cpp:1280: Failure
Value of: rank <= 100
  Actual: false
Expected: true
graph/ut/../../algorithms/ut/algo_test.cpp:1280: Failure
Value of: rank <= 100
  Actual: false
Expected: true
graph/ut/../../algorithms/ut/algo_test.cpp:1280: Failure
Value of: rank <= 100
  Actual: false
Expected: true
graph/ut/../../algorithms/ut/algo_test.cpp:1280: Failure
Value of: rank <= 100
  Actual: false
Expected: true
graph/ut/../../algorithms/ut/algo_test.cpp:1280: Failure
Value of: rank <= 100
  Actual: false
Expected: true
graph/ut/../../algorithms/ut/algo_test.cpp:1280: Failure
Value of: rank <= 100
  Actual: false
Expected: true
graph/ut/../../algorithms/ut/algo_test.cpp:1280: Failure
Value of: rank <= 100
  Actual: false
Expected: true
graph/ut/../../algorithms/ut/algo_test.cpp:1280: Failure
Value of: rank <= 100
  Actual: false
Expected: true
graph/ut/../../algorithms/ut/algo_test.cpp:1280: Failure
Value of: rank <= 100
  Actual: false
Expected: true
graph/ut/../../algorithms/ut/algo_test.cpp:1280: Failure
Value of: rank <= 100
  Actual: false
Expected: true
graph/ut/../../algorithms/ut/algo_test.cpp:1280: Failure
Value of: rank <= 100
  Actual: false
Expected: true
graph/ut/../../algorithms/ut/algo_test.cpp:1280: Failure
Value of: rank <= 100
  Actual: false
Expected: true
graph/ut/../../algorithms/ut/algo_test.cpp:1280: Failure
Value of: rank <= 100
  Actual: false
Expected: true
graph/ut/../../algorithms/ut/algo_test.cpp:1280: Failure
Value of: rank <= 100
  Actual: false
Expected: true
graph/ut/../../algorithms/ut/algo_test.cpp:1280: Failure
Value of: rank <= 100
  Actual: false
Expected: true
graph/ut/../../algorithms/ut/algo_test.cpp:1280: Failure
Value of: rank <= 100
  Actual: false
Expected: true
graph/ut/../../algorithms/ut/algo_test.cpp:1280: Failure
Value of: rank <= 100
  Actual: false
Expected: true
graph/ut/../../algorithms/ut/algo_test.cpp:1280: Failure
Value of: rank <= 100
  Actual: false
Expected: true
graph/ut/../../algorithms/ut/algo_test.cpp:1280: Failure
Value of: rank <= 100
  Actual: false
Expected: true
graph/ut/../../algorithms/ut/algo_test.cpp:1280: Failure
Value of: rank <= 100
  Actual: false
Expected: true
graph/ut/../../algorithms/ut/algo_test.cpp:1280: Failure
Value of: rank <= 100
  Actual: false
Expected: true
graph/ut/../../algorithms/ut/algo_test.cpp:1280: Failure
Value of: rank <= 100
  Actual: false
Expected: true
graph/ut/../../algorithms/ut/algo_test.cpp:1280: Failure
Value of: rank <= 100
  Actual: false
Expected: true
graph/ut/../../algorithms/ut/algo_test.cpp:1280: Failure
Value of: rank <= 100
  Actual: false
Expected: true
graph/ut/../../algorithms/ut/algo_test.cpp:1280: Failure
Value of: rank <= 100
  Actual: false
Expected: true
graph/ut/../../algorithms/ut/algo_test.cpp:1280: Failure
Value of: rank <= 100
  Actual: false
Expected: true
graph/ut/../../algorithms/ut/algo_test.cpp:1280: Failure
Value of: rank <= 100
  Actual: false
Expected: true
graph/ut/../../algorithms/ut/algo_test.cpp:1280: Failure
Value of: rank <= 100
  Actual: false
Expected: true
graph/ut/../../algorithms/ut/algo_test.cpp:1280: Failure
Value of: rank <= 100
  Actual: false
Expected: true
graph/ut/../../algorithms/ut/algo_test.cpp:1280: Failure
Value of: rank <= 100
  Actual: false
Expected: true
graph/ut/../../algorithms/ut/algo_test.cpp:1280: Failure
Value of: rank <= 100
  Actual: false
Expected: true
graph/ut/../../algorithms/ut/algo_test.cpp:1280: Failure
Value of: rank <= 100
  Actual: false
Expected: true
graph/ut/../../algorithms/ut/algo_test.cpp:1280: Failure
Value of: rank <= 100
  Actual: false
Expected: true
graph/ut/../../algorithms/ut/algo_test.cpp:1280: Failure
Value of: rank <= 100
  Actual: false
Expected: true
graph/ut/../../algorithms/ut/algo_test.cpp:1280: Failure
Value of: rank <= 100
  Actual: false
Expected: true
graph/ut/../../algorithms/ut/algo_test.cpp:1280: Failure
Value of: rank <= 100
  Actual: false
Expected: true
graph/ut/../../algorithms/ut/algo_test.cpp:1280: Failure
Value of: rank <= 100
  Actual: false
Expected: true
graph/ut/../../algorithms/ut/algo_test.cpp:1280: Failure
Value of: rank <= 100
  Actual: false
Expected: true
graph/ut/../../algorithms/ut/algo_test.cpp:1280: Failure
Value of: rank <= 100
  Actual: false
Expected: true
graph/ut/../../algorithms/ut/algo_test.cpp:1280: Failure
Value of: rank <= 100
  Actual: false
Expected: true
graph/ut/../../algorithms/ut/algo_test.cpp:1280: Failure
Value of: rank <= 100
  Actual: false
Expected: true
graph/ut/../../algorithms/ut/algo_test.cpp:1280: Failure
Value of: rank <= 100
  Actual: false
Expected: true
graph/ut/../../algorithms/ut/algo_test.cpp:1280: Failure
Value of: rank <= 100
  Actual: false
Expected: true
graph/ut/../../algorithms/ut/algo_test.cpp:1280: Failure
Value of: rank <= 100
  Actual: false
Expected: true
graph/ut/../../algorithms/ut/algo_test.cpp:1280: Failure
Value of: rank <= 100
  Actual: false
Expected: true
graph/ut/../../algorithms/ut/algo_test.cpp:1280: Failure
Value of: rank <= 100
  Actual: false
Expected: true
graph/ut/../../algorithms/ut/algo_test.cpp:1280: Failure
Value of: rank <= 100
  Actual: false
Expected: true
graph/ut/../../algorithms/ut/algo_test.cpp:1280: Failure
Value of: rank <= 100
  Actual: false
Expected: true
graph/ut/../../algorithms/ut/algo_test.cpp:1280: Failure
Value of: rank <= 100
  Actual: false
Expected: true
graph/ut/../../algorithms/ut/algo_test.cpp:1280: Failure
Value of: rank <= 100
  Actual: false
Expected: true
graph/ut/../../algorithms/ut/algo_test.cpp:1280: Failure
Value of: rank <= 100
  Actual: false
Expected: true
graph/ut/../../algorithms/ut/algo_test.cpp:1280: Failure
Value of: rank <= 100
  Actual: false
Expected: true
graph/ut/../../algorithms/ut/algo_test.cpp:1280: Failure
Value of: rank <= 100
  Actual: false
Expected: true
graph/ut/../../algorithms/ut/algo_test.cpp:1280: Failure
Value of: rank <= 100
  Actual: false
Expected: true
graph/ut/../../algorithms/ut/algo_test.cpp:1280: Failure
Value of: rank <= 100
  Actual: false
Expected: true
graph/ut/../../algorithms/ut/algo_test.cpp:1280: Failure
Value of: rank <= 100
  Actual: false
Expected: true
graph/ut/../../algorithms/ut/algo_test.cpp:1280: Failure
Value of: rank <= 100
  Actual: false
Expected: true
graph/ut/../../algorithms/ut/algo_test.cpp:1280: Failure
Value of: rank <= 100
  Actual: false
Expected: true
graph/ut/../../algorithms/ut/algo_test.cpp:1280: Failure
Value of: rank <= 100
  Actual: false
Expected: true
graph/ut/../../algorithms/ut/algo_test.cpp:1280: Failure
Value of: rank <= 100
  Actual: false
Expected: true
graph/ut/../../algorithms/ut/algo_test.cpp:1280: Failure
Value of: rank <= 100
  Actual: false
Expected: true
graph/ut/../../algorithms/ut/algo_test.cpp:1280: Failure
Value of: rank <= 100
  Actual: false
Expected: true
graph/ut/../../algorithms/ut/algo_test.cpp:1280: Failure
Value of: rank <= 100
  Actual: false
Expected: true
graph/ut/../../algorithms/ut/algo_test.cpp:1280: Failure
Value of: rank <= 100
  Actual: false
Expected: true
graph/ut/../../algorithms/ut/algo_test.cpp:1280: Failure
Value of: rank <= 100
  Actual: false
Expected: true
graph/ut/../../algorithms/ut/algo_test.cpp:1280: Failure
Value of: rank <= 100
  Actual: false
Expected: true
graph/ut/../../algorithms/ut/algo_test.cpp:1280: Failure
Value of: rank <= 100
  Actual: false
Expected: true
graph/ut/../../algorithms/ut/algo_test.cpp:1280: Failure
Value of: rank <= 100
  Actual: false
Expected: true
graph/ut/../../algorithms/ut/algo_test.cpp:1280: Failure
Value of: rank <= 100
  Actual: false
Expected: true
graph/ut/../../algorithms/ut/algo_test.cpp:1280: Failure
Value of: rank <= 100
  Actual: false
Expected: true
graph/ut/../../algorithms/ut/algo_test.cpp:1280: Failure
Value of: rank <= 100
  Actual: false
Expected: true
graph/ut/../../algorithms/ut/algo_test.cpp:1280: Failure
Value of: rank <= 100
  Actual: false
Expected: true
graph/ut/../../algorithms/ut/algo_test.cpp:1280: Failure
Value of: rank <= 100
  Actual: false
Expected: true
graph/ut/../../algorithms/ut/algo_test.cpp:1280: Failure
Value of: rank <= 100
  Actual: false
Expected: true
graph/ut/../../algorithms/ut/algo_test.cpp:1280: Failure
Value of: rank <= 100
  Actual: false
Expected: true
graph/ut/../../algorithms/ut/algo_test.cpp:1280: Failure
Value of: rank <= 100
  Actual: false
Expected: true
graph/ut/../../algorithms/ut/algo_test.cpp:1280: Failure
Value of: rank <= 100
  Actual: false
Expected: true
graph/ut/../../algorithms/ut/algo_test.cpp:1280: Failure
Value of: rank <= 100
  Actual: false
Expected: true
graph/ut/../../algorithms/ut/algo_test.cpp:1280: Failure
Value of: rank <= 100
  Actual: false
Expected: true
graph/ut/../../algorithms/ut/algo_test.cpp:1280: Failure
Value of: rank <= 100
  Actual: false
Expected: true
graph/ut/../../algorithms/ut/algo_test.cpp:1280: Failure
Value of: rank <= 100
  Actual: false
Expected: true
graph/ut/../../algorithms/ut/algo_test.cpp:1280: Failure
Value of: rank <= 100
  Actual: false
Expected: true
graph/ut/../../algorithms/ut/algo_test.cpp:1280: Failure
Value of: rank <= 100
  Actual: false
Expected: true
graph/ut/../../algorithms/ut/algo_test.cpp:1280: Failure
Value of: rank <= 100
  Actual: false
Expected: true
graph/ut/../../algorithms/ut/algo_test.cpp:1280: Failure
Value of: rank <= 100
  Actual: false
Expected: true
graph/ut/../../algorithms/ut/algo_test.cpp:1280: Failure
Value of: rank <= 100
  Actual: false
Expected: true
graph/ut/../../algorithms/ut/algo_test.cpp:1280: Failure
Value of: rank <= 100
  Actual: false
Expected: true
graph/ut/../../algorithms/ut/algo_test.cpp:1280: Failure
Value of: rank <= 100
  Actual: false
Expected: true
graph/ut/../../algorithms/ut/algo_test.cpp:1280: Failure
Value of: rank <= 100
  Actual: false
Expected: true
graph/ut/../../algorithms/ut/algo_test.cpp:1280: Failure
Value of: rank <= 100
  Actual: false
Expected: true
graph/ut/../../algorithms/ut/algo_test.cpp:1280: Failure
Value of: rank <= 100
  Actual: false
Expected: true
graph/ut/../../algorithms/ut/algo_test.cpp:1280: Failure
Value of: rank <= 100
  Actual: false
Expected: true
graph/ut/../../algorithms/ut/algo_test.cpp:1280: Failure
Value of: rank <= 100
  Actual: false
Expected: true
graph/ut/../../algorithms/ut/algo_test.cpp:1280: Failure
Value of: rank <= 100
  Actual: false
Expected: true
graph/ut/../../algorithms/ut/algo_test.cpp:1280: Failure
Value of: rank <= 100
  Actual: false
Expected: true
graph/ut/../../algorithms/ut/algo_test.cpp:1280: Failure
Value of: rank <= 100
  Actual: false
Expected: true
graph/ut/../../algorithms/ut/algo_test.cpp:1280: Failure
Value of: rank <= 100
  Actual: false
Expected: true
graph/ut/../../algorithms/ut/algo_test.cpp:1280: Failure
Value of: rank <= 100
  Actual: false
Expected: true
graph/ut/../../algorithms/ut/algo_test.cpp:1280: Failure
Value of: rank <= 100
  Actual: false
Expected: true
graph/ut/../../algorithms/ut/algo_test.cpp:1280: Failure
Value of: rank <= 100
  Actual: false
Expected: true
graph/ut/../../algorithms/ut/algo_test.cpp:1280: Failure
Value of: rank <= 100
  Actual: false
Expected: true
graph/ut/../../algorithms/ut/algo_test.cpp:1280: Failure
Value of: rank <= 100
  Actual: false
Expected: true
graph/ut/../../algorithms/ut/algo_test.cpp:1280: Failure
Value of: rank <= 100
  Actual: false
Expected: true
graph/ut/../../algorithms/ut/algo_test.cpp:1280: Failure
Value of: rank <= 100
  Actual: false
Expected: true
graph/ut/../../algorithms/ut/algo_test.cpp:1280: Failure
Value of: rank <= 100
  Actual: false
Expected: true
graph/ut/../../algorithms/ut/algo_test.cpp:1280: Failure
Value of: rank <= 100
  Actual: false
Expected: true
graph/ut/../../algorithms/ut/algo_test.cpp:1280: Failure
Value of: rank <= 100
  Actual: false
Expected: true
graph/ut/../../algorithms/ut/algo_test.cpp:1280: Failure
Value of: rank <= 100
  Actual: false
Expected: true
graph/ut/../../algorithms/ut/algo_test.cpp:1280: Failure
Value of: rank <= 100
  Actual: false
Expected: true
graph/ut/../../algorithms/ut/algo_test.cpp:1280: Failure
Value of: rank <= 100
  Actual: false
Expected: true
graph/ut/../../algorithms/ut/algo_test.cpp:1280: Failure
Value of: rank <= 100
  Actual: false
Expected: true
graph/ut/../../algorithms/ut/algo_test.cpp:1280: Failure
Value of: rank <= 100
  Actual: false
Expected: true
graph/ut/../../algorithms/ut/algo_test.cpp:1280: Failure
Value of: rank <= 100
  Actual: false
Expected: true
graph/ut/../../algorithms/ut/algo_test.cpp:1280: Failure
Value of: rank <= 100
  Actual: false
Expected: true
graph/ut/../../algorithms/ut/algo_test.cpp:1280: Failure
Value of: rank <= 100
  Actual: false
Expected: true
graph/ut/../../algorithms/ut/algo_test.cpp:1280: Failure
Value of: rank <= 100
  Actual: false
Expected: true
graph/ut/../../algorithms/ut/algo_test.cpp:1280: Failure
Value of: rank <= 100
  Actual: false
Expected: true
graph/ut/../../algorithms/ut/algo_test.cpp:1280: Failure
Value of: rank <= 100
  Actual: false
Expected: true
graph/ut/../../algorithms/ut/algo_test.cpp:1280: Failure
Value of: rank <= 100
  Actual: false
Expected: true
graph/ut/../../algorithms/ut/algo_test.cpp:1280: Failure
Value of: rank <= 100
  Actual: false
Expected: true
graph/ut/../../algorithms/ut/algo_test.cpp:1280: Failure
Value of: rank <= 100
  Actual: false
Expected: true
graph/ut/../../algorithms/ut/algo_test.cpp:1280: Failure
Value of: rank <= 100
  Actual: false
Expected: true
graph/ut/../../algorithms/ut/algo_test.cpp:1280: Failure
Value of: rank <= 100
  Actual: false
Expected: true
graph/ut/../../algorithms/ut/algo_test.cpp:1280: Failure
Value of: rank <= 100
  Actual: false
Expected: true
graph/ut/../../algorithms/ut/algo_test.cpp:1280: Failure
Value of: rank <= 100
  Actual: false
Expected: true
graph/ut/../../algorithms/ut/algo_test.cpp:1280: Failure
Value of: rank <= 100
  Actual: false
Expected: true
graph/ut/../../algorithms/ut/algo_test.cpp:1280: Failure
Value of: rank <= 100
  Actual: false
Expected: true
graph/ut/../../algorithms/ut/algo_test.cpp:1280: Failure
Value of: rank <= 100
  Actual: false
Expected: true
graph/ut/../../algorithms/ut/algo_test.cpp:1280: Failure
Value of: rank <= 100
  Actual: false
Expected: true
graph/ut/../../algorithms/ut/algo_test.cpp:1280: Failure
Value of: rank <= 100
  Actual: false
Expected: true
graph/ut/../../algorithms/ut/algo_test.cpp:1280: Failure
Value of: rank <= 100
  Actual: false
Expected: true
graph/ut/../../algorithms/ut/algo_test.cpp:1280: Failure
Value of: rank <= 100
  Actual: false
Expected: true
graph/ut/../../algorithms/ut/algo_test.cpp:1280: Failure
Value of: rank <= 100
  Actual: false
Expected: true
graph/ut/../../algorithms/ut/algo_test.cpp:1280: Failure
Value of: rank <= 100
  Actual: false
Expected: true
graph/ut/../../algorithms/ut/algo_test.cpp:1280: Failure
Value of: rank <= 100
  Actual: false
Expected: true
graph/ut/../../algorithms/ut/algo_test.cpp:1280: Failure
Value of: rank <= 100
  Actual: false
Expected: true
graph/ut/../../algorithms/ut/algo_test.cpp:1280: Failure
Value of: rank <= 100
  Actual: false
Expected: true
graph/ut/../../algorithms/ut/algo_test.cpp:1280: Failure
Value of: rank <= 100
  Actual: false
Expected: true
graph/ut/../../algorithms/ut/algo_test.cpp:1280: Failure
Value of: rank <= 100
  Actual: false
Expected: true
graph/ut/../../algorithms/ut/algo_test.cpp:1280: Failure
Value of: rank <= 100
  Actual: false
Expected: true
graph/ut/../../algorithms/ut/algo_test.cpp:1280: Failure
Value of: rank <= 100
  Actual: false
Expected: true
graph/ut/../../algorithms/ut/algo_test.cpp:1280: Failure
Value of: rank <= 100
  Actual: false
Expected: true
graph/ut/../../algorithms/ut/algo_test.cpp:1280: Failure
Value of: rank <= 100
  Actual: false
Expected: true
graph/ut/../../algorithms/ut/algo_test.cpp:1280: Failure
Value of: rank <= 100
  Actual: false
Expected: true
graph/ut/../../algorithms/ut/algo_test.cpp:1280: Failure
Value of: rank <= 100
  Actual: false
Expected: true
graph/ut/../../algorithms/ut/algo_test.cpp:1280: Failure
Value of: rank <= 100
  Actual: false
Expected: true
graph/ut/../../algorithms/ut/algo_test.cpp:1280: Failure
Value of: rank <= 100
  Actual: false
Expected: true
graph/ut/../../algorithms/ut/algo_test.cpp:1280: Failure
Value of: rank <= 100
  Actual: false
Expected: true
graph/ut/../../algorithms/ut/algo_test.cpp:1280: Failure
Value of: rank <= 100
  Actual: false
Expected: true
graph/ut/../../algorithms/ut/algo_test.cpp:1280: Failure
Value of: rank <= 100
  Actual: false
Expected: true
graph/ut/../../algorithms/ut/algo_test.cpp:1280: Failure
Value of: rank <= 100
  Actual: false
Expected: true
graph/ut/../../algorithms/ut/algo_test.cpp:1280: Failure
Value of: rank <= 100
  Actual: false
Expected: true
graph/ut/../../algorithms/ut/algo_test.cpp:1280: Failure
Value of: rank <= 100
  Actual: false
Expected: true
graph/ut/../../algorithms/ut/algo_test.cpp:1280: Failure
Value of: rank <= 100
  Actual: false
Expected: true
graph/ut/../../algorithms/ut/algo_test.cpp:1280: Failure
Value of: rank <= 100
  Actual: false
Expected: true
graph/ut/../../algorithms/ut/algo_test.cpp:1280: Failure
Value of: rank <= 100
  Actual: false
Expected: true
graph/ut/../../algorithms/ut/algo_test.cpp:1280: Failure
Value of: rank <= 100
  Actual: false
Expected: true
graph/ut/../../algorithms/ut/algo_test.cpp:1280: Failure
Value of: rank <= 100
  Actual: false
Expected: true
graph/ut/../../algorithms/ut/algo_test.cpp:1280: Failure
Value of: rank <= 100
  Actual: false
Expected: true
graph/ut/../../algorithms/ut/algo_test.cpp:1280: Failure
Value of: rank <= 100
  Actual: false
Expected: true
graph/ut/../../algorithms/ut/algo_test.cpp:1280: Failure
Value of: rank <= 100
  Actual: false
Expected: true
graph/ut/../../algorithms/ut/algo_test.cpp:1280: Failure
Value of: rank <= 100
  Actual: false
Expected: true
graph/ut/../../algorithms/ut/algo_test.cpp:1280: Failure
Value of: rank <= 100
  Actual: false
Expected: true
graph/ut/../../algorithms/ut/algo_test.cpp:1280: Failure
Value of: rank <= 100
  Actual: false
Expected: true
graph/ut/../../algorithms/ut/algo_test.cpp:1280: Failure
Value of: rank <= 100
  Actual: false
Expected: true
graph/ut/../../algorithms/ut/algo_test.cpp:1280: Failure
Value of: rank <= 100
  Actual: false
Expected: true
graph/ut/../../algorithms/ut/algo_test.cpp:1280: Failure
Value of: rank <= 100
  Actual: false
Expected: true
graph/ut/../../algorithms/ut/algo_test.cpp:1280: Failure
Value of: rank <= 100
  Actual: false
Expected: true
graph/ut/../../algorithms/ut/algo_test.cpp:1280: Failure
Value of: rank <= 100
  Actual: false
Expected: true
graph/ut/../../algorithms/ut/algo_test.cpp:1280: Failure
Value of: rank <= 100
  Actual: false
Expected: true
graph/ut/../../algorithms/ut/algo_test.cpp:1280: Failure
Value of: rank <= 100
  Actual: false
Expected: true
graph/ut/../../algorithms/ut/algo_test.cpp:1280: Failure
Value of: rank <= 100
  Actual: false
Expected: true
graph/ut/../../algorithms/ut/algo_test.cpp:1280: Failure
Value of: rank <= 100
  Actual: false
Expected: true
graph/ut/../../algorithms/ut/algo_test.cpp:1280: Failure
Value of: rank <= 100
  Actual: false
Expected: true
graph/ut/../../algorithms/ut/algo_test.cpp:1280: Failure
Value of: rank <= 100
  Actual: false
Expected: true
graph/ut/../../algorithms/ut/algo_test.cpp:1280: Failure
Value of: rank <= 100
  Actual: false
Expected: true
graph/ut/../../algorithms/ut/algo_test.cpp:1280: Failure
Value of: rank <= 100
  Actual: false
Expected: true
graph/ut/../../algorithms/ut/algo_test.cpp:1280: Failure
Value of: rank <= 100
  Actual: false
Expected: true
graph/ut/../../algorithms/ut/algo_test.cpp:1280: Failure
Value of: rank <= 100
  Actual: false
Expected: true
graph/ut/../../algorithms/ut/algo_test.cpp:1280: Failure
Value of: rank <= 100
  Actual: false
Expected: true
graph/ut/../../algorithms/ut/algo_test.cpp:1280: Failure
Value of: rank <= 100
  Actual: false
Expected: true
graph/ut/../../algorithms/ut/algo_test.cpp:1280: Failure
Value of: rank <= 100
  Actual: false
Expected: true
graph/ut/../../algorithms/ut/algo_test.cpp:1280: Failure
Value of: rank <= 100
  Actual: false
Expected: true
graph/ut/../../algorithms/ut/algo_test.cpp:1280: Failure
Value of: rank <= 100
  Actual: false
Expected: true
graph/ut/../../algorithms/ut/algo_test.cpp:1280: Failure
Value of: rank <= 100
  Actual: false
Expected: true
graph/ut/../../algorithms/ut/algo_test.cpp:1280: Failure
Value of: rank <= 100
  Actual: false
Expected: true
graph/ut/../../algorithms/ut/algo_test.cpp:1280: Failure
Value of: rank <= 100
  Actual: false
Expected: true
graph/ut/../../algorithms/ut/algo_test.cpp:1280: Failure
Value of: rank <= 100
  Actual: false
Expected: true
graph/ut/../../algorithms/ut/algo_test.cpp:1280: Failure
Value of: rank <= 100
  Actual: false
Expected: true
graph/ut/../../algorithms/ut/algo_test.cpp:1280: Failure
Value of: rank <= 100
  Actual: false
Expected: true
graph/ut/../../algorithms/ut/algo_test.cpp:1280: Failure
Value of: rank <= 100
  Actual: false
Expected: true
graph/ut/../../algorithms/ut/algo_test.cpp:1280: Failure
Value of: rank <= 100
  Actual: false
Expected: true
graph/ut/../../algorithms/ut/algo_test.cpp:1280: Failure
Value of: rank <= 100
  Actual: false
Expected: true
graph/ut/../../algorithms/ut/algo_test.cpp:1280: Failure
Value of: rank <= 100
  Actual: false
Expected: true
graph/ut/../../algorithms/ut/algo_test.cpp:1280: Failure
Value of: rank <= 100
  Actual: false
Expected: true
graph/ut/../../algorithms/ut/algo_test.cpp:1280: Failure
Value of: rank <= 100
  Actual: false
Expected: true
graph/ut/../../algorithms/ut/algo_test.cpp:1280: Failure
Value of: rank <= 100
  Actual: false
Expected: true
graph/ut/../../algorithms/ut/algo_test.cpp:1280: Failure
Value of: rank <= 100
  Actual: false
Expected: true
graph/ut/../../algorithms/ut/algo_test.cpp:1280: Failure
Value of: rank <= 100
  Actual: false
Expected: true
graph/ut/../../algorithms/ut/algo_test.cpp:1280: Failure
Value of: rank <= 100
  Actual: false
Expected: true
graph/ut/../../algorithms/ut/algo_test.cpp:1280: Failure
Value of: rank <= 100
  Actual: false
Expected: true
graph/ut/../../algorithms/ut/algo_test.cpp:1280: Failure
Value of: rank <= 100
  Actual: false
Expected: true
graph/ut/../../algorithms/ut/algo_test.cpp:1280: Failure
Value of: rank <= 100
  Actual: false
Expected: true
graph/ut/../../algorithms/ut/algo_test.cpp:1280: Failure
Value of: rank <= 100
  Actual: false
Expected: true
graph/ut/../../algorithms/ut/algo_test.cpp:1280: Failure
Value of: rank <= 100
  Actual: false
Expected: true
graph/ut/../../algorithms/ut/algo_test.cpp:1280: Failure
Value of: rank <= 100
  Actual: false
Expected: true
graph/ut/../../algorithms/ut/algo_test.cpp:1280: Failure
Value of: rank <= 100
  Actual: false
Expected: true
graph/ut/../../algorithms/ut/algo_test.cpp:1280: Failure
Value of: rank <= 100
  Actual: false
Expected: true
graph/ut/../../algorithms/ut/algo_test.cpp:1280: Failure
Value of: rank <= 100
  Actual: false
Expected: true
graph/ut/../../algorithms/ut/algo_test.cpp:1280: Failure
Value of: rank <= 100
  Actual: false
Expected: true
graph/ut/../../algorithms/ut/algo_test.cpp:1280: Failure
Value of: rank <= 100
  Actual: false
Expected: true
graph/ut/../../algorithms/ut/algo_test.cpp:1280: Failure
Value of: rank <= 100
  Actual: false
Expected: true
graph/ut/../../algorithms/ut/algo_test.cpp:1280: Failure
Value of: rank <= 100
  Actual: false
Expected: true
graph/ut/../../algorithms/ut/algo_test.cpp:1280: Failure
Value of: rank <= 100
  Actual: false
Expected: true
graph/ut/../../algorithms/ut/algo_test.cpp:1280: Failure
Value of: rank <= 100
  Actual: false
Expected: true
graph/ut/../../algorithms/ut/algo_test.cpp:1280: Failure
Value of: rank <= 100
  Actual: false
Expected: true
graph/ut/../../algorithms/ut/algo_test.cpp:1280: Failure
Value of: rank <= 100
  Actual: false
Expected: true
graph/ut/../../algorithms/ut/algo_test.cpp:1280: Failure
Value of: rank <= 100
  Actual: false
Expected: true
graph/ut/../../algorithms/ut/algo_test.cpp:1280: Failure
Value of: rank <= 100
  Actual: false
Expected: true
graph/ut/../../algorithms/ut/algo_test.cpp:1280: Failure
Value of: rank <= 100
  Actual: false
Expected: true
graph/ut/../../algorithms/ut/algo_test.cpp:1280: Failure
Value of: rank <= 100
  Actual: false
Expected: true
graph/ut/../../algorithms/ut/algo_test.cpp:1280: Failure
Value of: rank <= 100
  Actual: false
Expected: true
graph/ut/../../algorithms/ut/algo_test.cpp:1280: Failure
Value of: rank <= 100
  Actual: false
Expected: true
graph/ut/../../algorithms/ut/algo_test.cpp:1280: Failure
Value of: rank <= 100
  Actual: false
Expected: true
graph/ut/../../algorithms/ut/algo_test.cpp:1280: Failure
Value of: rank <= 100
  Actual: false
Expected: true
graph/ut/../../algorithms/ut/algo_test.cpp:1280: Failure
Value of: rank <= 100
  Actual: false
Expected: true
graph/ut/../../algorithms/ut/algo_test.cpp:1280: Failure
Value of: rank <= 100
  Actual: false
Expected: true
graph/ut/../../algorithms/ut/algo_test.cpp:1280: Failure
Value of: rank <= 100
  Actual: false
Expected: true
graph/ut/../../algorithms/ut/algo_test.cpp:1280: Failure
Value of: rank <= 100
  Actual: false
Expected: true
graph/ut/../../algorithms/ut/algo_test.cpp:1280: Failure
Value of: rank <= 100
  Actual: false
Expected: true
graph/ut/../../algorithms/ut/algo_test.cpp:1280: Failure
Value of: rank <= 100
  Actual: false
Expected: true
graph/ut/../../algorithms/ut/algo_test.cpp:1280: Failure
Value of: rank <= 100
  Actual: false
Expected: true
graph/ut/../../algorithms/ut/algo_test.cpp:1280: Failure
Value of: rank <= 100
  Actual: false
Expected: true
graph/ut/../../algorithms/ut/algo_test.cpp:1280: Failure
Value of: rank <= 100
  Actual: false
Expected: true
graph/ut/../../algorithms/ut/algo_test.cpp:1280: Failure
Value of: rank <= 100
  Actual: false
Expected: true
graph/ut/../../algorithms/ut/algo_test.cpp:1280: Failure
Value of: rank <= 100
  Actual: false
Expected: true
graph/ut/../../algorithms/ut/algo_test.cpp:1280: Failure
Value of: rank <= 100
  Actual: false
Expected: true
graph/ut/../../algorithms/ut/algo_test.cpp:1280: Failure
Value of: rank <= 100
  Actual: false
Expected: true
graph/ut/../../algorithms/ut/algo_test.cpp:1280: Failure
Value of: rank <= 100
  Actual: false
Expected: true
graph/ut/../../algorithms/ut/algo_test.cpp:1280: Failure
Value of: rank <= 100
  Actual: false
Expected: true
graph/ut/../../algorithms/ut/algo_test.cpp:1280: Failure
Value of: rank <= 100
  Actual: false
Expected: true
graph/ut/../../algorithms/ut/algo_test.cpp:1280: Failure
Value of: rank <= 100
  Actual: false
Expected: true
graph/ut/../../algorithms/ut/algo_test.cpp:1280: Failure
Value of: rank <= 100
  Actual: false
Expected: true
graph/ut/../../algorithms/ut/algo_test.cpp:1280: Failure
Value of: rank <= 100
  Actual: false
Expected: true
graph/ut/../../algorithms/ut/algo_test.cpp:1280: Failure
Value of: rank <= 100
  Actual: false
Expected: true
graph/ut/../../algorithms/ut/algo_test.cpp:1280: Failure
Value of: rank <= 100
  Actual: false
Expected: true
graph/ut/../../algorithms/ut/algo_test.cpp:1280: Failure
Value of: rank <= 100
  Actual: false
Expected: true
graph/ut/../../algorithms/ut/algo_test.cpp:1280: Failure
Value of: rank <= 100
  Actual: false
Expected: true
graph/ut/../../algorithms/ut/algo_test.cpp:1280: Failure
Value of: rank <= 100
  Actual: false
Expected: true
graph/ut/../../algorithms/ut/algo_test.cpp:1280: Failure
Value of: rank <= 100
  Actual: false
Expected: true
graph/ut/../../algorithms/ut/algo_test.cpp:1280: Failure
Value of: rank <= 100
  Actual: false
Expected: true
graph/ut/../../algorithms/ut/algo_test.cpp:1280: Failure
Value of: rank <= 100
  Actual: false
Expected: true
graph/ut/../../algorithms/ut/algo_test.cpp:1280: Failure
Value of: rank <= 100
  Actual: false
Expected: true
graph/ut/../../algorithms/ut/algo_test.cpp:1280: Failure
Value of: rank <= 100
  Actual: false
Expected: true
graph/ut/../../algorithms/ut/algo_test.cpp:1280: Failure
Value of: rank <= 100
  Actual: false
Expected: true
graph/ut/../../algorithms/ut/algo_test.cpp:1280: Failure
Value of: rank <= 100
  Actual: false
Expected: true
graph/ut/../../algorithms/ut/algo_test.cpp:1280: Failure
Value of: rank <= 100
  Actual: false
Expected: true
graph/ut/../../algorithms/ut/algo_test.cpp:1280: Failure
Value of: rank <= 100
  Actual: false
Expected: true
graph/ut/../../algorithms/ut/algo_test.cpp:1280: Failure
Value of: rank <= 100
  Actual: false
Expected: true
graph/ut/../../algorithms/ut/algo_test.cpp:1280: Failure
Value of: rank <= 100
  Actual: false
Expected: true
graph/ut/../../algorithms/ut/algo_test.cpp:1280: Failure
Value of: rank <= 100
  Actual: false
Expected: true
graph/ut/../../algorithms/ut/algo_test.cpp:1280: Failure
Value of: rank <= 100
  Actual: false
Expected: true
graph/ut/../../algorithms/ut/algo_test.cpp:1280: Failure
Value of: rank <= 100
  Actual: false
Expected: true
graph/ut/../../algorithms/ut/algo_test.cpp:1280: Failure
Value of: rank <= 100
  Actual: false
Expected: true
graph/ut/../../algorithms/ut/algo_test.cpp:1280: Failure
Value of: rank <= 100
  Actual: false
Expected: true
graph/ut/../../algorithms/ut/algo_test.cpp:1280: Failure
Value of: rank <= 100
  Actual: false
Expected: true
graph/ut/../../algorithms/ut/algo_test.cpp:1280: Failure
Value of: rank <= 100
  Actual: false
Expected: true
graph/ut/../../algorithms/ut/algo_test.cpp:1280: Failure
Value of: rank <= 100
  Actual: false
Expected: true
graph/ut/../../algorithms/ut/algo_test.cpp:1280: Failure
Value of: rank <= 100
  Actual: false
Expected: true
graph/ut/../../algorithms/ut/algo_test.cpp:1280: Failure
Value of: rank <= 100
  Actual: false
Expected: true
graph/ut/../../algorithms/ut/algo_test.cpp:1280: Failure
Value of: rank <= 100
  Actual: false
Expected: true
graph/ut/../../algorithms/ut/algo_test.cpp:1280: Failure
Value of: rank <= 100
  Actual: false
Expected: true
graph/ut/../../algorithms/ut/algo_test.cpp:1280: Failure
Value of: rank <= 100
  Actual: false
Expected: true
graph/ut/../../algorithms/ut/algo_test.cpp:1280: Failure
Value of: rank <= 100
  Actual: false
Expected: true
graph/ut/../../algorithms/ut/algo_test.cpp:1280: Failure
Value of: rank <= 100
  Actual: false
Expected: true
graph/ut/../../algorithms/ut/algo_test.cpp:1280: Failure
Value of: rank <= 100
  Actual: false
Expected: true
graph/ut/../../algorithms/ut/algo_test.cpp:1280: Failure
Value of: rank <= 100
  Actual: false
Expected: true
graph/ut/../../algorithms/ut/algo_test.cpp:1280: Failure
Value of: rank <= 100
  Actual: false
Expected: true
graph/ut/../../algorithms/ut/algo_test.cpp:1280: Failure
Value of: rank <= 100
  Actual: false
Expected: true
graph/ut/../../algorithms/ut/algo_test.cpp:1280: Failure
Value of: rank <= 100
  Actual: false
Expected: true
graph/ut/../../algorithms/ut/algo_test.cpp:1280: Failure
Value of: rank <= 100
  Actual: false
Expected: true
graph/ut/../../algorithms/ut/algo_test.cpp:1280: Failure
Value of: rank <= 100
  Actual: false
Expected: true
graph/ut/../../algorithms/ut/algo_test.cpp:1280: Failure
Value of: rank <= 100
  Actual: false
Expected: true
graph/ut/../../algorithms/ut/algo_test.cpp:1280: Failure
Value of: rank <= 100
  Actual: false
Expected: true
graph/ut/../../algorithms/ut/algo_test.cpp:1280: Failure
Value of: rank <= 100
  Actual: false
Expected: true
graph/ut/../../algorithms/ut/algo_test.cpp:1280: Failure
Value of: rank <= 100
  Actual: false
Expected: true
graph/ut/../../algorithms/ut/algo_test.cpp:1280: Failure
Value of: rank <= 100
  Actual: false
Expected: true
graph/ut/../../algorithms/ut/algo_test.cpp:1280: Failure
Value of: rank <= 100
  Actual: false
Expected: true
graph/ut/../../algorithms/ut/algo_test.cpp:1280: Failure
Value of: rank <= 100
  Actual: false
Expected: true
graph/ut/../../algorithms/ut/algo_test.cpp:1280: Failure
Value of: rank <= 100
  Actual: false
Expected: true
graph/ut/../../algorithms/ut/algo_test.cpp:1280: Failure
Value of: rank <= 100
  Actual: false
Expected: true
graph/ut/../../algorithms/ut/algo_test.cpp:1280: Failure
Value of: rank <= 100
  Actual: false
Expected: true
graph/ut/../../algorithms/ut/algo_test.cpp:1280: Failure
Value of: rank <= 100
  Actual: false
Expected: true
graph/ut/../../algorithms/ut/algo_test.cpp:1280: Failure
Value of: rank <= 100
  Actual: false
Expected: true
graph/ut/../../algorithms/ut/algo_test.cpp:1280: Failure
Value of: rank <= 100
  Actual: false
Expected: true
graph/ut/../../algorithms/ut/algo_test.cpp:1280: Failure
Value of: rank <= 100
  Actual: false
Expected: true
graph/ut/../../algorithms/ut/algo_test.cpp:1280: Failure
Value of: rank <= 100
  Actual: false
Expected: true
graph/ut/../../algorithms/ut/algo_test.cpp:1280: Failure
Value of: rank <= 100
  Actual: false
Expected: true
graph/ut/../../algorithms/ut/algo_test.cpp:1280: Failure
Value of: rank <= 100
  Actual: false
Expected: true
graph/ut/../../algorithms/ut/algo_test.cpp:1280: Failure
Value of: rank <= 100
  Actual: false
Expected: true
graph/ut/../../algorithms/ut/algo_test.cpp:1280: Failure
Value of: rank <= 100
  Actual: false
Expected: true
graph/ut/../../algorithms/ut/algo_test.cpp:1280: Failure
Value of: rank <= 100
  Actual: false
Expected: true
graph/ut/../../algorithms/ut/algo_test.cpp:1280: Failure
Value of: rank <= 100
  Actual: false
Expected: true
graph/ut/../../algorithms/ut/algo_test.cpp:1280: Failure
Value of: rank <= 100
  Actual: false
Expected: true
graph/ut/../../algorithms/ut/algo_test.cpp:1280: Failure
Value of: rank <= 100
  Actual: false
Expected: true
graph/ut/../../algorithms/ut/algo_test.cpp:1280: Failure
Value of: rank <= 100
  Actual: false
Expected: true
graph/ut/../../algorithms/ut/algo_test.cpp:1280: Failure
Value of: rank <= 100
  Actual: false
Expected: true
graph/ut/../../algorithms/ut/algo_test.cpp:1280: Failure
Value of: rank <= 100
  Actual: false
Expected: true
graph/ut/../../algorithms/ut/algo_test.cpp:1280: Failure
Value of: rank <= 100
  Actual: false
Expected: true
graph/ut/../../algorithms/ut/algo_test.cpp:1280: Failure
Value of: rank <= 100
  Actual: false
Expected: true
graph/ut/../../algorithms/ut/algo_test.cpp:1280: Failure
Value of: rank <= 100
  Actual: false
Expected: true
graph/ut/../../algorithms/ut/algo_test.cpp:1280: Failure
Value of: rank <= 100
  Actual: false
Expected: true
graph/ut/../../algorithms/ut/algo_test.cpp:1280: Failure
Value of: rank <= 100
  Actual: false
Expected: true
graph/ut/../../algorithms/ut/algo_test.cpp:1280: Failure
Value of: rank <= 100
  Actual: false
Expected: true
graph/ut/../../algorithms/ut/algo_test.cpp:1280: Failure
Value of: rank <= 100
  Actual: false
Expected: true
graph/ut/../../algorithms/ut/algo_test.cpp:1280: Failure
Value of: rank <= 100
  Actual: false
Expected: true
graph/ut/../../algorithms/ut/algo_test.cpp:1280: Failure
Value of: rank <= 100
  Actual: false
Expected: true
graph/ut/../../algorithms/ut/algo_test.cpp:1280: Failure
Value of: rank <= 100
  Actual: false
Expected: true
graph/ut/../../algorithms/ut/algo_test.cpp:1280: Failure
Value of: rank <= 100
  Actual: false
Expected: true
graph/ut/../../algorithms/ut/algo_test.cpp:1280: Failure
Value of: rank <= 100
  Actual: false
Expected: true
graph/ut/../../algorithms/ut/algo_test.cpp:1280: Failure
Value of: rank <= 100
  Actual: false
Expected: true
graph/ut/../../algorithms/ut/algo_test.cpp:1280: Failure
Value of: rank <= 100
  Actual: false
Expected: true
graph/ut/../../algorithms/ut/algo_test.cpp:1280: Failure
Value of: rank <= 100
  Actual: false
Expected: true
graph/ut/../../algorithms/ut/algo_test.cpp:1280: Failure
Value of: rank <= 100
  Actual: false
Expected: true
graph/ut/../../algorithms/ut/algo_test.cpp:1280: Failure
Value of: rank <= 100
  Actual: false
Expected: true
graph/ut/../../algorithms/ut/algo_test.cpp:1280: Failure
Value of: rank <= 100
  Actual: false
Expected: true
graph/ut/../../algorithms/ut/algo_test.cpp:1280: Failure
Value of: rank <= 100
  Actual: false
Expected: true
graph/ut/../../algorithms/ut/algo_test.cpp:1280: Failure
Value of: rank <= 100
  Actual: false
Expected: true
graph/ut/../../algorithms/ut/algo_test.cpp:1280: Failure
Value of: rank <= 100
  Actual: false
Expected: true
graph/ut/../../algorithms/ut/algo_test.cpp:1280: Failure
Value of: rank <= 100
  Actual: false
Expected: true
graph/ut/../../algorithms/ut/algo_test.cpp:1280: Failure
Value of: rank <= 100
  Actual: false
Expected: true
graph/ut/../../algorithms/ut/algo_test.cpp:1280: Failure
Value of: rank <= 100
  Actual: false
Expected: true
graph/ut/../../algorithms/ut/algo_test.cpp:1280: Failure
Value of: rank <= 100
  Actual: false
Expected: true
graph/ut/../../algorithms/ut/algo_test.cpp:1280: Failure
Value of: rank <= 100
  Actual: false
Expected: true
graph/ut/../../algorithms/ut/algo_test.cpp:1280: Failure
Value of: rank <= 100
  Actual: false
Expected: true
graph/ut/../../algorithms/ut/algo_test.cpp:1280: Failure
Value of: rank <= 100
  Actual: false
Expected: true
graph/ut/../../algorithms/ut/algo_test.cpp:1280: Failure
Value of: rank <= 100
  Actual: false
Expected: true
graph/ut/../../algorithms/ut/algo_test.cpp:1280: Failure
Value of: rank <= 100
  Actual: false
Expected: true
graph/ut/../../algorithms/ut/algo_test.cpp:1280: Failure
Value of: rank <= 100
  Actual: false
Expected: true
graph/ut/../../algorithms/ut/algo_test.cpp:1280: Failure
Value of: rank <= 100
  Actual: false
Expected: true
graph/ut/../../algorithms/ut/algo_test.cpp:1280: Failure
Value of: rank <= 100
  Actual: false
Expected: true
graph/ut/../../algorithms/ut/algo_test.cpp:1280: Failure
Value of: rank <= 100
  Actual: false
Expected: true
graph/ut/../../algorithms/ut/algo_test.cpp:1280: Failure
Value of: rank <= 100
  Actual: false
Expected: true
graph/ut/../../algorithms/ut/algo_test.cpp:1280: Failure
Value of: rank <= 100
  Actual: false
Expected: true
graph/ut/../../algorithms/ut/algo_test.cpp:1280: Failure
Value of: rank <= 100
  Actual: false
Expected: true
graph/ut/../../algorithms/ut/algo_test.cpp:1280: Failure
Value of: rank <= 100
  Actual: false
Expected: true
graph/ut/../../algorithms/ut/algo_test.cpp:1280: Failure
Value of: rank <= 100
  Actual: false
Expected: true
graph/ut/../../algorithms/ut/algo_test.cpp:1280: Failure
Value of: rank <= 100
  Actual: false
Expected: true
graph/ut/../../algorithms/ut/algo_test.cpp:1280: Failure
Value of: rank <= 100
  Actual: false
Expected: true
graph/ut/../../algorithms/ut/algo_test.cpp:1280: Failure
Value of: rank <= 100
  Actual: false
Expected: true
graph/ut/../../algorithms/ut/algo_test.cpp:1280: Failure
Value of: rank <= 100
  Actual: false
Expected: true
graph/ut/../../algorithms/ut/algo_test.cpp:1280: Failure
Value of: rank <= 100
  Actual: false
Expected: true
graph/ut/../../algorithms/ut/algo_test.cpp:1280: Failure
Value of: rank <= 100
  Actual: false
Expected: true
graph/ut/../../algorithms/ut/algo_test.cpp:1280: Failure
Value of: rank <= 100
  Actual: false
Expected: true
graph/ut/../../algorithms/ut/algo_test.cpp:1280: Failure
Value of: rank <= 100
  Actual: false
Expected: true
graph/ut/../../algorithms/ut/algo_test.cpp:1280: Failure
Value of: rank <= 100
  Actual: false
Expected: true
graph/ut/../../algorithms/ut/algo_test.cpp:1280: Failure
Value of: rank <= 100
  Actual: false
Expected: true
graph/ut/../../algorithms/ut/algo_test.cpp:1280: Failure
Value of: rank <= 100
  Actual: false
Expected: true
graph/ut/../../algorithms/ut/algo_test.cpp:1280: Failure
Value of: rank <= 100
  Actual: false
Expected: true
graph/ut/../../algorithms/ut/algo_test.cpp:1280: Failure
Value of: rank <= 100
  Actual: false
Expected: true
graph/ut/../../algorithms/ut/algo_test.cpp:1280: Failure
Value of: rank <= 100
  Actual: false
Expected: true
graph/ut/../../algorithms/ut/algo_test.cpp:1280: Failure
Value of: rank <= 100
  Actual: false
Expected: true
graph/ut/../../algorithms/ut/algo_test.cpp:1280: Failure
Value of: rank <= 100
  Actual: false
Expected: true
graph/ut/../../algorithms/ut/algo_test.cpp:1280: Failure
Value of: rank <= 100
  Actual: false
Expected: true
graph/ut/../../algorithms/ut/algo_test.cpp:1280: Failure
Value of: rank <= 100
  Actual: false
Expected: true
graph/ut/../../algorithms/ut/algo_test.cpp:1280: Failure
Value of: rank <= 100
  Actual: false
Expected: true
graph/ut/../../algorithms/ut/algo_test.cpp:1280: Failure
Value of: rank <= 100
  Actual: false
Expected: true
graph/ut/../../algorithms/ut/algo_test.cpp:1280: Failure
Value of: rank <= 100
  Actual: false
Expected: true
graph/ut/../../algorithms/ut/algo_test.cpp:1280: Failure
Value of: rank <= 100
  Actual: false
Expected: true
graph/ut/../../algorithms/ut/algo_test.cpp:1280: Failure
Value of: rank <= 100
  Actual: false
Expected: true
graph/ut/../../algorithms/ut/algo_test.cpp:1280: Failure
Value of: rank <= 100
  Actual: false
Expected: true
graph/ut/../../algorithms/ut/algo_test.cpp:1280: Failure
Value of: rank <= 100
  Actual: false
Expected: true
graph/ut/../../algorithms/ut/algo_test.cpp:1280: Failure
Value of: rank <= 100
  Actual: false
Expected: true
graph/ut/../../algorithms/ut/algo_test.cpp:1280: Failure
Value of: rank <= 100
  Actual: false
Expected: true
graph/ut/../../algorithms/ut/algo_test.cpp:1280: Failure
Value of: rank <= 100
  Actual: false
Expected: true
graph/ut/../../algorithms/ut/algo_test.cpp:1280: Failure
Value of: rank <= 100
  Actual: false
Expected: true
graph/ut/../../algorithms/ut/algo_test.cpp:1280: Failure
Value of: rank <= 100
  Actual: false
Expected: true
graph/ut/../../algorithms/ut/algo_test.cpp:1280: Failure
Value of: rank <= 100
  Actual: false
Expected: true
graph/ut/../../algorithms/ut/algo_test.cpp:1280: Failure
Value of: rank <= 100
  Actual: false
Expected: true
graph/ut/../../algorithms/ut/algo_test.cpp:1280: Failure
Value of: rank <= 100
  Actual: false
Expected: true
graph/ut/../../algorithms/ut/algo_test.cpp:1280: Failure
Value of: rank <= 100
  Actual: false
Expected: true
graph/ut/../../algorithms/ut/algo_test.cpp:1280: Failure
Value of: rank <= 100
  Actual: false
Expected: true
graph/ut/../../algorithms/ut/algo_test.cpp:1280: Failure
Value of: rank <= 100
  Actual: false
Expected: true
graph/ut/../../algorithms/ut/algo_test.cpp:1280: Failure
Value of: rank <= 100
  Actual: false
Expected: true
graph/ut/../../algorithms/ut/algo_test.cpp:1280: Failure
Value of: rank <= 100
  Actual: false
Expected: true
graph/ut/../../algorithms/ut/algo_test.cpp:1280: Failure
Value of: rank <= 100
  Actual: false
Expected: true
graph/ut/../../algorithms/ut/algo_test.cpp:1280: Failure
Value of: rank <= 100
  Actual: false
Expected: true
graph/ut/../../algorithms/ut/algo_test.cpp:1280: Failure
Value of: rank <= 100
  Actual: false
Expected: true
graph/ut/../../algorithms/ut/algo_test.cpp:1280: Failure
Value of: rank <= 100
  Actual: false
Expected: true
graph/ut/../../algorithms/ut/algo_test.cpp:1280: Failure
Value of: rank <= 100
  Actual: false
Expected: true
graph/ut/../../algorithms/ut/algo_test.cpp:1280: Failure
Value of: rank <= 100
  Actual: false
Expected: true
graph/ut/../../algorithms/ut/algo_test.cpp:1280: Failure
Value of: rank <= 100
  Actual: false
Expected: true
graph/ut/../../algorithms/ut/algo_test.cpp:1280: Failure
Value of: rank <= 100
  Actual: false
Expected: true
graph/ut/../../algorithms/ut/algo_test.cpp:1280: Failure
Value of: rank <= 100
  Actual: false
Expected: true
graph/ut/../../algorithms/ut/algo_test.cpp:1280: Failure
Value of: rank <= 100
  Actual: false
Expected: true
graph/ut/../../algorithms/ut/algo_test.cpp:1280: Failure
Value of: rank <= 100
  Actual: false
Expected: true
graph/ut/../../algorithms/ut/algo_test.cpp:1280: Failure
Value of: rank <= 100
  Actual: false
Expected: true
graph/ut/../../algorithms/ut/algo_test.cpp:1280: Failure
Value of: rank <= 100
  Actual: false
Expected: true
graph/ut/../../algorithms/ut/algo_test.cpp:1280: Failure
Value of: rank <= 100
  Actual: false
Expected: true
graph/ut/../../algorithms/ut/algo_test.cpp:1280: Failure
Value of: rank <= 100
  Actual: false
Expected: true
graph/ut/../../algorithms/ut/algo_test.cpp:1280: Failure
Value of: rank <= 100
  Actual: false
Expected: true
graph/ut/../../algorithms/ut/algo_test.cpp:1280: Failure
Value of: rank <= 100
  Actual: false
Expected: true
graph/ut/../../algorithms/ut/algo_test.cpp:1280: Failure
Value of: rank <= 100
  Actual: false
Expected: true
graph/ut/../../algorithms/ut/algo_test.cpp:1280: Failure
Value of: rank <= 100
  Actual: false
Expected: true
graph/ut/../../algorithms/ut/algo_test.cpp:1280: Failure
Value of: rank <= 100
  Actual: false
Expected: true
graph/ut/../../algorithms/ut/algo_test.cpp:1280: Failure
Value of: rank <= 100
  Actual: false
Expected: true
graph/ut/../../algorithms/ut/algo_test.cpp:1280: Failure
Value of: rank <= 100
  Actual: false
Expected: true
graph/ut/../../algorithms/ut/algo_test.cpp:1280: Failure
Value of: rank <= 100
  Actual: false
Expected: true
graph/ut/../../algorithms/ut/algo_test.cpp:1280: Failure
Value of: rank <= 100
  Actual: false
Expected: true
graph/ut/../../algorithms/ut/algo_test.cpp:1280: Failure
Value of: rank <= 100
  Actual: false
Expected: true
graph/ut/../../algorithms/ut/algo_test.cpp:1280: Failure
Value of: rank <= 100
  Actual: false
Expected: true
graph/ut/../../algorithms/ut/algo_test.cpp:1280: Failure
Value of: rank <= 100
  Actual: false
Expected: true
graph/ut/../../algorithms/ut/algo_test.cpp:1280: Failure
Value of: rank <= 100
  Actual: false
Expected: true
graph/ut/../../algorithms/ut/algo_test.cpp:1280: Failure
Value of: rank <= 100
  Actual: false
Expected: true
graph/ut/../../algorithms/ut/algo_test.cpp:1280: Failure
Value of: rank <= 100
  Actual: false
Expected: true
graph/ut/../../algorithms/ut/algo_test.cpp:1280: Failure
Value of: rank <= 100
  Actual: false
Expected: true
graph/ut/../../algorithms/ut/algo_test.cpp:1280: Failure
Value of: rank <= 100
  Actual: false
Expected: true
graph/ut/../../algorithms/ut/algo_test.cpp:1280: Failure
Value of: rank <= 100
  Actual: false
Expected: true
graph/ut/../../algorithms/ut/algo_test.cpp:1280: Failure
Value of: rank <= 100
  Actual: false
Expected: true
graph/ut/../../algorithms/ut/algo_test.cpp:1280: Failure
Value of: rank <= 100
  Actual: false
Expected: true
graph/ut/../../algorithms/ut/algo_test.cpp:1280: Failure
Value of: rank <= 100
  Actual: false
Expected: true
graph/ut/../../algorithms/ut/algo_test.cpp:1280: Failure
Value of: rank <= 100
  Actual: false
Expected: true
graph/ut/../../algorithms/ut/algo_test.cpp:1280: Failure
Value of: rank <= 100
  Actual: false
Expected: true
graph/ut/../../algorithms/ut/algo_test.cpp:1280: Failure
Value of: rank <= 100
  Actual: false
Expected: true
graph/ut/../../algorithms/ut/algo_test.cpp:1280: Failure
Value of: rank <= 100
  Actual: false
Expected: true
graph/ut/../../algorithms/ut/algo_test.cpp:1280: Failure
Value of: rank <= 100
  Actual: false
Expected: true
graph/ut/../../algorithms/ut/algo_test.cpp:1280: Failure
Value of: rank <= 100
  Actual: false
Expected: true
graph/ut/../../algorithms/ut/algo_test.cpp:1280: Failure
Value of: rank <= 100
  Actual: false
Expected: true
graph/ut/../../algorithms/ut/algo_test.cpp:1280: Failure
Value of: rank <= 100
  Actual: false
Expected: true
graph/ut/../../algorithms/ut/algo_test.cpp:1280: Failure
Value of: rank <= 100
  Actual: false
Expected: true
graph/ut/../../algorithms/ut/algo_test.cpp:1280: Failure
Value of: rank <= 100
  Actual: false
Expected: true
graph/ut/../../algorithms/ut/algo_test.cpp:1280: Failure
Value of: rank <= 100
  Actual: false
Expected: true
graph/ut/../../algorithms/ut/algo_test.cpp:1280: Failure
Value of: rank <= 100
  Actual: false
Expected: true
graph/ut/../../algorithms/ut/algo_test.cpp:1280: Failure
Value of: rank <= 100
  Actual: false
Expected: true
graph/ut/../../algorithms/ut/algo_test.cpp:1280: Failure
Value of: rank <= 100
  Actual: false
Expected: true
graph/ut/../../algorithms/ut/algo_test.cpp:1280: Failure
Value of: rank <= 100
  Actual: false
Expected: true
graph/ut/../../algorithms/ut/algo_test.cpp:1280: Failure
Value of: rank <= 100
  Actual: false
Expected: true
graph/ut/../../algorithms/ut/algo_test.cpp:1280: Failure
Value of: rank <= 100
  Actual: false
Expected: true
graph/ut/../../algorithms/ut/algo_test.cpp:1280: Failure
Value of: rank <= 100
  Actual: false
Expected: true
graph/ut/../../algorithms/ut/algo_test.cpp:1280: Failure
Value of: rank <= 100
  Actual: false
Expected: true
graph/ut/../../algorithms/ut/algo_test.cpp:1280: Failure
Value of: rank <= 100
  Actual: false
Expected: true
graph/ut/../../algorithms/ut/algo_test.cpp:1280: Failure
Value of: rank <= 100
  Actual: false
Expected: true
graph/ut/../../algorithms/ut/algo_test.cpp:1280: Failure
Value of: rank <= 100
  Actual: false
Expected: true
graph/ut/../../algorithms/ut/algo_test.cpp:1280: Failure
Value of: rank <= 100
  Actual: false
Expected: true
graph/ut/../../algorithms/ut/algo_test.cpp:1280: Failure
Value of: rank <= 100
  Actual: false
Expected: true
graph/ut/../../algorithms/ut/algo_test.cpp:1280: Failure
Value of: rank <= 100
  Actual: false
Expected: true
graph/ut/../../algorithms/ut/algo_test.cpp:1280: Failure
Value of: rank <= 100
  Actual: false
Expected: true
graph/ut/../../algorithms/ut/algo_test.cpp:1280: Failure
Value of: rank <= 100
  Actual: false
Expected: true
graph/ut/../../algorithms/ut/algo_test.cpp:1280: Failure
Value of: rank <= 100
  Actual: false
Expected: true
graph/ut/../../algorithms/ut/algo_test.cpp:1280: Failure
Value of: rank <= 100
  Actual: false
Expected: true
graph/ut/../../algorithms/ut/algo_test.cpp:1280: Failure
Value of: rank <= 100
  Actual: false
Expected: true
graph/ut/../../algorithms/ut/algo_test.cpp:1280: Failure
Value of: rank <= 100
  Actual: false
Expected: true
graph/ut/../../algorithms/ut/algo_test.cpp:1280: Failure
Value of: rank <= 100
  Actual: false
Expected: true
graph/ut/../../algorithms/ut/algo_test.cpp:1280: Failure
Value of: rank <= 100
  Actual: false
Expected: true
graph/ut/../../algorithms/ut/algo_test.cpp:1280: Failure
Value of: rank <= 100
  Actual: false
Expected: true
graph/ut/../../algorithms/ut/algo_test.cpp:1280: Failure
Value of: rank <= 100
  Actual: false
Expected: true
graph/ut/../../algorithms/ut/algo_test.cpp:1280: Failure
Value of: rank <= 100
  Actual: false
Expected: true
graph/ut/../../algorithms/ut/algo_test.cpp:1280: Failure
Value of: rank <= 100
  Actual: false
Expected: true
graph/ut/../../algorithms/ut/algo_test.cpp:1280: Failure
Value of: rank <= 100
  Actual: false
Expected: true
graph/ut/../../algorithms/ut/algo_test.cpp:1280: Failure
Value of: rank <= 100
  Actual: false
Expected: true
graph/ut/../../algorithms/ut/algo_test.cpp:1280: Failure
Value of: rank <= 100
  Actual: false
Expected: true
graph/ut/../../algorithms/ut/algo_test.cpp:1280: Failure
Value of: rank <= 100
  Actual: false
Expected: true
graph/ut/../../algorithms/ut/algo_test.cpp:1280: Failure
Value of: rank <= 100
  Actual: false
Expected: true
graph/ut/../../algorithms/ut/algo_test.cpp:1280: Failure
Value of: rank <= 100
  Actual: false
Expected: true
graph/ut/../../algorithms/ut/algo_test.cpp:1280: Failure
Value of: rank <= 100
  Actual: false
Expected: true
graph/ut/../../algorithms/ut/algo_test.cpp:1280: Failure
Value of: rank <= 100
  Actual: false
Expected: true
graph/ut/../../algorithms/ut/algo_test.cpp:1280: Failure
Value of: rank <= 100
  Actual: false
Expected: true
graph/ut/../../algorithms/ut/algo_test.cpp:1280: Failure
Value of: rank <= 100
  Actual: false
Expected: true
graph/ut/../../algorithms/ut/algo_test.cpp:1280: Failure
Value of: rank <= 100
  Actual: false
Expected: true
graph/ut/../../algorithms/ut/algo_test.cpp:1280: Failure
Value of: rank <= 100
  Actual: false
Expected: true
graph/ut/../../algorithms/ut/algo_test.cpp:1280: Failure
Value of: rank <= 100
  Actual: false
Expected: true
graph/ut/../../algorithms/ut/algo_test.cpp:1280: Failure
Value of: rank <= 100
  Actual: false
Expected: true
graph/ut/../../algorithms/ut/algo_test.cpp:1280: Failure
Value of: rank <= 100
  Actual: false
Expected: true
graph/ut/../../algorithms/ut/algo_test.cpp:1280: Failure
Value of: rank <= 100
  Actual: false
Expected: true
graph/ut/../../algorithms/ut/algo_test.cpp:1280: Failure
Value of: rank <= 100
  Actual: false
Expected: true
graph/ut/../../algorithms/ut/algo_test.cpp:1280: Failure
Value of: rank <= 100
  Actual: false
Expected: true
graph/ut/../../algorithms/ut/algo_test.cpp:1280: Failure
Value of: rank <= 100
  Actual: false
Expected: true
graph/ut/../../algorithms/ut/algo_test.cpp:1280: Failure
Value of: rank <= 100
  Actual: false
Expected: true
graph/ut/../../algorithms/ut/algo_test.cpp:1280: Failure
Value of: rank <= 100
  Actual: false
Expected: true
graph/ut/../../algorithms/ut/algo_test.cpp:1280: Failure
Value of: rank <= 100
  Actual: false
Expected: true
graph/ut/../../algorithms/ut/algo_test.cpp:1280: Failure
Value of: rank <= 100
  Actual: false
Expected: true
graph/ut/../../algorithms/ut/algo_test.cpp:1280: Failure
Value of: rank <= 100
  Actual: false
Expected: true
graph/ut/../../algorithms/ut/algo_test.cpp:1280: Failure
Value of: rank <= 100
  Actual: false
Expected: true
graph/ut/../../algorithms/ut/algo_test.cpp:1280: Failure
Value of: rank <= 100
  Actual: false
Expected: true
graph/ut/../../algorithms/ut/algo_test.cpp:1280: Failure
Value of: rank <= 100
  Actual: false
Expected: true
graph/ut/../../algorithms/ut/algo_test.cpp:1280: Failure
Value of: rank <= 100
  Actual: false
Expected: true
graph/ut/../../algorithms/ut/algo_test.cpp:1280: Failure
Value of: rank <= 100
  Actual: false
Expected: true
graph/ut/../../algorithms/ut/algo_test.cpp:1280: Failure
Value of: rank <= 100
  Actual: false
Expected: true
graph/ut/../../algorithms/ut/algo_test.cpp:1280: Failure
Value of: rank <= 100
  Actual: false
Expected: true
graph/ut/../../algorithms/ut/algo_test.cpp:1280: Failure
Value of: rank <= 100
  Actual: false
Expected: true
graph/ut/../../algorithms/ut/algo_test.cpp:1280: Failure
Value of: rank <= 100
  Actual: false
Expected: true
graph/ut/../../algorithms/ut/algo_test.cpp:1280: Failure
Value of: rank <= 100
  Actual: false
Expected: true
graph/ut/../../algorithms/ut/algo_test.cpp:1280: Failure
Value of: rank <= 100
  Actual: false
Expected: true
graph/ut/../../algorithms/ut/algo_test.cpp:1280: Failure
Value of: rank <= 100
  Actual: false
Expected: true
graph/ut/../../algorithms/ut/algo_test.cpp:1280: Failure
Value of: rank <= 100
  Actual: false
Expected: true
graph/ut/../../algorithms/ut/algo_test.cpp:1280: Failure
Value of: rank <= 100
  Actual: false
Expected: true
graph/ut/../../algorithms/ut/algo_test.cpp:1280: Failure
Value of: rank <= 100
  Actual: false
Expected: true
graph/ut/../../algorithms/ut/algo_test.cpp:1280: Failure
Value of: rank <= 100
  Actual: false
Expected: true
graph/ut/../../algorithms/ut/algo_test.cpp:1280: Failure
Value of: rank <= 100
  Actual: false
Expected: true
graph/ut/../../algorithms/ut/algo_test.cpp:1280: Failure
Value of: rank <= 100
  Actual: false
Expected: true
graph/ut/../../algorithms/ut/algo_test.cpp:1280: Failure
Value of: rank <= 100
  Actual: false
Expected: true
graph/ut/../../algorithms/ut/algo_test.cpp:1280: Failure
Value of: rank <= 100
  Actual: false
Expected: true
graph/ut/../../algorithms/ut/algo_test.cpp:1280: Failure
Value of: rank <= 100
  Actual: false
Expected: true
graph/ut/../../algorithms/ut/algo_test.cpp:1280: Failure
Value of: rank <= 100
  Actual: false
Expected: true
graph/ut/../../algorithms/ut/algo_test.cpp:1280: Failure
Value of: rank <= 100
  Actual: false
Expected: true
graph/ut/../../algorithms/ut/algo_test.cpp:1280: Failure
Value of: rank <= 100
  Actual: false
Expected: true
graph/ut/../../algorithms/ut/algo_test.cpp:1280: Failure
Value of: rank <= 100
  Actual: false
Expected: true
graph/ut/../../algorithms/ut/algo_test.cpp:1280: Failure
Value of: rank <= 100
  Actual: false
Expected: true
graph/ut/../../algorithms/ut/algo_test.cpp:1280: Failure
Value of: rank <= 100
  Actual: false
Expected: true
graph/ut/../../algorithms/ut/algo_test.cpp:1280: Failure
Value of: rank <= 100
  Actual: false
Expected: true
graph/ut/../../algorithms/ut/algo_test.cpp:1280: Failure
Value of: rank <= 100
  Actual: false
Expected: true
graph/ut/../../algorithms/ut/algo_test.cpp:1280: Failure
Value of: rank <= 100
  Actual: false
Expected: true
graph/ut/../../algorithms/ut/algo_test.cpp:1280: Failure
Value of: rank <= 100
  Actual: false
Expected: true
graph/ut/../../algorithms/ut/algo_test.cpp:1280: Failure
Value of: rank <= 100
  Actual: false
Expected: true
graph/ut/../../algorithms/ut/algo_test.cpp:1280: Failure
Value of: rank <= 100
  Actual: false
Expected: true
graph/ut/../../algorithms/ut/algo_test.cpp:1280: Failure
Value of: rank <= 100
  Actual: false
Expected: true
graph/ut/../../algorithms/ut/algo_test.cpp:1280: Failure
Value of: rank <= 100
  Actual: false
Expected: true
graph/ut/../../algorithms/ut/algo_test.cpp:1280: Failure
Value of: rank <= 100
  Actual: false
Expected: true
graph/ut/../../algorithms/ut/algo_test.cpp:1280: Failure
Value of: rank <= 100
  Actual: false
Expected: true
graph/ut/../../algorithms/ut/algo_test.cpp:1280: Failure
Value of: rank <= 100
  Actual: false
Expected: true
graph/ut/../../algorithms/ut/algo_test.cpp:1280: Failure
Value of: rank <= 100
  Actual: false
Expected: true
graph/ut/../../algorithms/ut/algo_test.cpp:1280: Failure
Value of: rank <= 100
  Actual: false
Expected: true
graph/ut/../../algorithms/ut/algo_test.cpp:1280: Failure
Value of: rank <= 100
  Actual: false
Expected: true
graph/ut/../../algorithms/ut/algo_test.cpp:1280: Failure
Value of: rank <= 100
  Actual: false
Expected: true
graph/ut/../../algorithms/ut/algo_test.cpp:1280: Failure
Value of: rank <= 100
  Actual: false
Expected: true
graph/ut/../../algorithms/ut/algo_test.cpp:1280: Failure
Value of: rank <= 100
  Actual: false
Expected: true
graph/ut/../../algorithms/ut/algo_test.cpp:1280: Failure
Value of: rank <= 100
  Actual: false
Expected: true
graph/ut/../../algorithms/ut/algo_test.cpp:1280: Failure
Value of: rank <= 100
  Actual: false
Expected: true
graph/ut/../../algorithms/ut/algo_test.cpp:1280: Failure
Value of: rank <= 100
  Actual: false
Expected: true
graph/ut/../../algorithms/ut/algo_test.cpp:1280: Failure
Value of: rank <= 100
  Actual: false
Expected: true
graph/ut/../../algorithms/ut/algo_test.cpp:1280: Failure
Value of: rank <= 100
  Actual: false
Expected: true
graph/ut/../../algorithms/ut/algo_test.cpp:1280: Failure
Value of: rank <= 100
  Actual: false
Expected: true
graph/ut/../../algorithms/ut/algo_test.cpp:1280: Failure
Value of: rank <= 100
  Actual: false
Expected: true
graph/ut/../../algorithms/ut/algo_test.cpp:1280: Failure
Value of: rank <= 100
  Actual: false
Expected: true
graph/ut/../../algorithms/ut/algo_test.cpp:1280: Failure
Value of: rank <= 100
  Actual: false
Expected: true
graph/ut/../../algorithms/ut/algo_test.cpp:1280: Failure
Value of: rank <= 100
  Actual: false
Expected: true
graph/ut/../../algorithms/ut/algo_test.cpp:1280: Failure
Value of: rank <= 100
  Actual: false
Expected: true
graph/ut/../../algorithms/ut/algo_test.cpp:1280: Failure
Value of: rank <= 100
  Actual: false
Expected: true
graph/ut/../../algorithms/ut/algo_test.cpp:1280: Failure
Value of: rank <= 100
  Actual: false
Expected: true
graph/ut/../../algorithms/ut/algo_test.cpp:1280: Failure
Value of: rank <= 100
  Actual: false
Expected: true
graph/ut/../../algorithms/ut/algo_test.cpp:1280: Failure
Value of: rank <= 100
  Actual: false
Expected: true
graph/ut/../../algorithms/ut/algo_test.cpp:1280: Failure
Value of: rank <= 100
  Actual: false
Expected: true
graph/ut/../../algorithms/ut/algo_test.cpp:1280: Failure
Value of: rank <= 100
  Actual: false
Expected: true
graph/ut/../../algorithms/ut/algo_test.cpp:1280: Failure
Value of: rank <= 100
  Actual: false
Expected: true
graph/ut/../../algorithms/ut/algo_test.cpp:1280: Failure
Value of: rank <= 100
  Actual: false
Expected: true
graph/ut/../../algorithms/ut/algo_test.cpp:1280: Failure
Value of: rank <= 100
  Actual: false
Expected: true
graph/ut/../../algorithms/ut/algo_test.cpp:1280: Failure
Value of: rank <= 100
  Actual: false
Expected: true
graph/ut/../../algorithms/ut/algo_test.cpp:1280: Failure
Value of: rank <= 100
  Actual: false
Expected: true
graph/ut/../../algorithms/ut/algo_test.cpp:1280: Failure
Value of: rank <= 100
  Actual: false
Expected: true
graph/ut/../../algorithms/ut/algo_test.cpp:1280: Failure
Value of: rank <= 100
  Actual: false
Expected: true
graph/ut/../../algorithms/ut/algo_test.cpp:1280: Failure
Value of: rank <= 100
  Actual: false
Expected: true
graph/ut/../../algorithms/ut/algo_test.cpp:1280: Failure
Value of: rank <= 100
  Actual: false
Expected: true
graph/ut/../../algorithms/ut/algo_test.cpp:1280: Failure
Value of: rank <= 100
  Actual: false
Expected: true
graph/ut/../../algorithms/ut/algo_test.cpp:1280: Failure
Value of: rank <= 100
  Actual: false
Expected: true
graph/ut/../../algorithms/ut/algo_test.cpp:1280: Failure
Value of: rank <= 100
  Actual: false
Expected: true
graph/ut/../../algorithms/ut/algo_test.cpp:1280: Failure
Value of: rank <= 100
  Actual: false
Expected: true
graph/ut/../../algorithms/ut/algo_test.cpp:1280: Failure
Value of: rank <= 100
  Actual: false
Expected: true
graph/ut/../../algorithms/ut/algo_test.cpp:1280: Failure
Value of: rank <= 100
  Actual: false
Expected: true
graph/ut/../../algorithms/ut/algo_test.cpp:1280: Failure
Value of: rank <= 100
  Actual: false
Expected: true
graph/ut/../../algorithms/ut/algo_test.cpp:1280: Failure
Value of: rank <= 100
  Actual: false
Expected: true
graph/ut/../../algorithms/ut/algo_test.cpp:1280: Failure
Value of: rank <= 100
  Actual: false
Expected: true
graph/ut/../../algorithms/ut/algo_test.cpp:1280: Failure
Value of: rank <= 100
  Actual: false
Expected: true
graph/ut/../../algorithms/ut/algo_test.cpp:1280: Failure
Value of: rank <= 100
  Actual: false
Expected: true
graph/ut/../../algorithms/ut/algo_test.cpp:1280: Failure
Value of: rank <= 100
  Actual: false
Expected: true
graph/ut/../../algorithms/ut/algo_test.cpp:1280: Failure
Value of: rank <= 100
  Actual: false
Expected: true
graph/ut/../../algorithms/ut/algo_test.cpp:1280: Failure
Value of: rank <= 100
  Actual: false
Expected: true
graph/ut/../../algorithms/ut/algo_test.cpp:1280: Failure
Value of: rank <= 100
  Actual: false
Expected: true
graph/ut/../../algorithms/ut/algo_test.cpp:1280: Failure
Value of: rank <= 100
  Actual: false
Expected: true
graph/ut/../../algorithms/ut/algo_test.cpp:1280: Failure
Value of: rank <= 100
  Actual: false
Expected: true
graph/ut/../../algorithms/ut/algo_test.cpp:1280: Failure
Value of: rank <= 100
  Actual: false
Expected: true
graph/ut/../../algorithms/ut/algo_test.cpp:1280: Failure
Value of: rank <= 100
  Actual: false
Expected: true
graph/ut/../../algorithms/ut/algo_test.cpp:1280: Failure
Value of: rank <= 100
  Actual: false
Expected: true
graph/ut/../../algorithms/ut/algo_test.cpp:1280: Failure
Value of: rank <= 100
  Actual: false
Expected: true
graph/ut/../../algorithms/ut/algo_test.cpp:1280: Failure
Value of: rank <= 100
  Actual: false
Expected: true
graph/ut/../../algorithms/ut/algo_test.cpp:1280: Failure
Value of: rank <= 100
  Actual: false
Expected: true
graph/ut/../../algorithms/ut/algo_test.cpp:1280: Failure
Value of: rank <= 100
  Actual: false
Expected: true
graph/ut/../../algorithms/ut/algo_test.cpp:1280: Failure
Value of: rank <= 100
  Actual: false
Expected: true
graph/ut/../../algorithms/ut/algo_test.cpp:1280: Failure
Value of: rank <= 100
  Actual: false
Expected: true
graph/ut/../../algorithms/ut/algo_test.cpp:1280: Failure
Value of: rank <= 100
  Actual: false
Expected: true
graph/ut/../../algorithms/ut/algo_test.cpp:1280: Failure
Value of: rank <= 100
  Actual: false
Expected: true
graph/ut/../../algorithms/ut/algo_test.cpp:1280: Failure
Value of: rank <= 100
  Actual: false
Expected: true
graph/ut/../../algorithms/ut/algo_test.cpp:1280: Failure
Value of: rank <= 100
  Actual: false
Expected: true
graph/ut/../../algorithms/ut/algo_test.cpp:1280: Failure
Value of: rank <= 100
  Actual: false
Expected: true
graph/ut/../../algorithms/ut/algo_test.cpp:1280: Failure
Value of: rank <= 100
  Actual: false
Expected: true
graph/ut/../../algorithms/ut/algo_test.cpp:1280: Failure
Value of: rank <= 100
  Actual: false
Expected: true
graph/ut/../../algorithms/ut/algo_test.cpp:1280: Failure
Value of: rank <= 100
  Actual: false
Expected: true
graph/ut/../../algorithms/ut/algo_test.cpp:1280: Failure
Value of: rank <= 100
  Actual: false
Expected: true
graph/ut/../../algorithms/ut/algo_test.cpp:1280: Failure
Value of: rank <= 100
  Actual: false
Expected: true
graph/ut/../../algorithms/ut/algo_test.cpp:1280: Failure
Value of: rank <= 100
  Actual: false
Expected: true
graph/ut/../../algorithms/ut/algo_test.cpp:1280: Failure
Value of: rank <= 100
  Actual: false
Expected: true
graph/ut/../../algorithms/ut/algo_test.cpp:1280: Failure
Value of: rank <= 100
  Actual: false
Expected: true
graph/ut/../../algorithms/ut/algo_test.cpp:1280: Failure
Value of: rank <= 100
  Actual: false
Expected: true
graph/ut/../../algorithms/ut/algo_test.cpp:1280: Failure
Value of: rank <= 100
  Actual: false
Expected: true
graph/ut/../../algorithms/ut/algo_test.cpp:1280: Failure
Value of: rank <= 100
  Actual: false
Expected: true
graph/ut/../../algorithms/ut/algo_test.cpp:1280: Failure
Value of: rank <= 100
  Actual: false
Expected: true
graph/ut/../../algorithms/ut/algo_test.cpp:1280: Failure
Value of: rank <= 100
  Actual: false
Expected: true
graph/ut/../../algorithms/ut/algo_test.cpp:1280: Failure
Value of: rank <= 100
  Actual: false
Expected: true
graph/ut/../../algorithms/ut/algo_test.cpp:1280: Failure
Value of: rank <= 100
  Actual: false
Expected: true
graph/ut/../../algorithms/ut/algo_test.cpp:1280: Failure
Value of: rank <= 100
  Actual: false
Expected: true
graph/ut/../../algorithms/ut/algo_test.cpp:1280: Failure
Value of: rank <= 100
  Actual: false
Expected: true
graph/ut/../../algorithms/ut/algo_test.cpp:1280: Failure
Value of: rank <= 100
  Actual: false
Expected: true
graph/ut/../../algorithms/ut/algo_test.cpp:1280: Failure
Value of: rank <= 100
  Actual: false
Expected: true
graph/ut/../../algorithms/ut/algo_test.cpp:1280: Failure
Value of: rank <= 100
  Actual: false
Expected: true
graph/ut/../../algorithms/ut/algo_test.cpp:1280: Failure
Value of: rank <= 100
  Actual: false
Expected: true
graph/ut/../../algorithms/ut/algo_test.cpp:1280: Failure
Value of: rank <= 100
  Actual: false
Expected: true
graph/ut/../../algorithms/ut/algo_test.cpp:1280: Failure
Value of: rank <= 100
  Actual: false
Expected: true
graph/ut/../../algorithms/ut/algo_test.cpp:1280: Failure
Value of: rank <= 100
  Actual: false
Expected: true
graph/ut/../../algorithms/ut/algo_test.cpp:1280: Failure
Value of: rank <= 100
  Actual: false
Expected: true
graph/ut/../../algorithms/ut/algo_test.cpp:1280: Failure
Value of: rank <= 100
  Actual: false
Expected: true
graph/ut/../../algorithms/ut/algo_test.cpp:1280: Failure
Value of: rank <= 100
  Actual: false
Expected: true
graph/ut/../../algorithms/ut/algo_test.cpp:1280: Failure
Value of: rank <= 100
  Actual: false
Expected: true
graph/ut/../../algorithms/ut/algo_test.cpp:1280: Failure
Value of: rank <= 100
  Actual: false
Expected: true
graph/ut/../../algorithms/ut/algo_test.cpp:1280: Failure
Value of: rank <= 100
  Actual: false
Expected: true
graph/ut/../../algorithms/ut/algo_test.cpp:1280: Failure
Value of: rank <= 100
  Actual: false
Expected: true
graph/ut/../../algorithms/ut/algo_test.cpp:1280: Failure
Value of: rank <= 100
  Actual: false
Expected: true
graph/ut/../../algorithms/ut/algo_test.cpp:1280: Failure
Value of: rank <= 100
  Actual: false
Expected: true
graph/ut/../../algorithms/ut/algo_test.cpp:1280: Failure
Value of: rank <= 100
  Actual: false
Expected: true
graph/ut/../../algorithms/ut/algo_test.cpp:1280: Failure
Value of: rank <= 100
  Actual: false
Expected: true
graph/ut/../../algorithms/ut/algo_test.cpp:1280: Failure
Value of: rank <= 100
  Actual: false
Expected: true
graph/ut/../../algorithms/ut/algo_test.cpp:1280: Failure
Value of: rank <= 100
  Actual: false
Expected: true
graph/ut/../../algorithms/ut/algo_test.cpp:1280: Failure
Value of: rank <= 100
  Actual: false
Expected: true
graph/ut/../../algorithms/ut/algo_test.cpp:1280: Failure
Value of: rank <= 100
  Actual: false
Expected: true
graph/ut/../../algorithms/ut/algo_test.cpp:1280: Failure
Value of: rank <= 100
  Actual: false
Expected: true
graph/ut/../../algorithms/ut/algo_test.cpp:1280: Failure
Value of: rank <= 100
  Actual: false
Expected: true
graph/ut/../../algorithms/ut/algo_test.cpp:1280: Failure
Value of: rank <= 100
  Actual: false
Expected: true
graph/ut/../../algorithms/ut/algo_test.cpp:1280: Failure
Value of: rank <= 100
  Actual: false
Expected: true
graph/ut/../../algorithms/ut/algo_test.cpp:1280: Failure
Value of: rank <= 100
  Actual: false
Expected: true
graph/ut/../../algorithms/ut/algo_test.cpp:1280: Failure
Value of: rank <= 100
  Actual: false
Expected: true
graph/ut/../../algorithms/ut/algo_test.cpp:1280: Failure
Value of: rank <= 100
  Actual: false
Expected: true
graph/ut/../../algorithms/ut/algo_test.cpp:1280: Failure
Value of: rank <= 100
  Actual: false
Expected: true
graph/ut/../../algorithms/ut/algo_test.cpp:1280: Failure
Value of: rank <= 100
  Actual: false
Expected: true
graph/ut/../../algorithms/ut/algo_test.cpp:1280: Failure
Value of: rank <= 100
  Actual: false
Expected: true
graph/ut/../../algorithms/ut/algo_test.cpp:1280: Failure
Value of: rank <= 100
  Actual: false
Expected: true
graph/ut/../../algorithms/ut/algo_test.cpp:1280: Failure
Value of: rank <= 100
  Actual: false
Expected: true
graph/ut/../../algorithms/ut/algo_test.cpp:1280: Failure
Value of: rank <= 100
  Actual: false
Expected: true
graph/ut/../../algorithms/ut/algo_test.cpp:1280: Failure
Value of: rank <= 100
  Actual: false
Expected: true
graph/ut/../../algorithms/ut/algo_test.cpp:1280: Failure
Value of: rank <= 100
  Actual: false
Expected: true
graph/ut/../../algorithms/ut/algo_test.cpp:1280: Failure
Value of: rank <= 100
  Actual: false
Expected: true
graph/ut/../../algorithms/ut/algo_test.cpp:1280: Failure
Value of: rank <= 100
  Actual: false
Expected: true
graph/ut/../../algorithms/ut/algo_test.cpp:1280: Failure
Value of: rank <= 100
  Actual: false
Expected: true
graph/ut/../../algorithms/ut/algo_test.cpp:1280: Failure
Value of: rank <= 100
  Actual: false
Expected: true
graph/ut/../../algorithms/ut/algo_test.cpp:1280: Failure
Value of: rank <= 100
  Actual: false
Expected: true
graph/ut/../../algorithms/ut/algo_test.cpp:1280: Failure
Value of: rank <= 100
  Actual: false
Expected: true
graph/ut/../../algorithms/ut/algo_test.cpp:1280: Failure
Value of: rank <= 100
  Actual: false
Expected: true
graph/ut/../../algorithms/ut/algo_test.cpp:1280: Failure
Value of: rank <= 100
  Actual: false
Expected: true
graph/ut/../../algorithms/ut/algo_test.cpp:1280: Failure
Value of: rank <= 100
  Actual: false
Expected: true
graph/ut/../../algorithms/ut/algo_test.cpp:1280: Failure
Value of: rank <= 100
  Actual: false
Expected: true
graph/ut/../../algorithms/ut/algo_test.cpp:1280: Failure
Value of: rank <= 100
  Actual: false
Expected: true
graph/ut/../../algorithms/ut/algo_test.cpp:1280: Failure
Value of: rank <= 100
  Actual: false
Expected: true
graph/ut/../../algorithms/ut/algo_test.cpp:1280: Failure
Value of: rank <= 100
  Actual: false
Expected: true
graph/ut/../../algorithms/ut/algo_test.cpp:1280: Failure
Value of: rank <= 100
  Actual: false
Expected: true
graph/ut/../../algorithms/ut/algo_test.cpp:1280: Failure
Value of: rank <= 100
  Actual: false
Expected: true
graph/ut/../../algorithms/ut/algo_test.cpp:1280: Failure
Value of: rank <= 100
  Actual: false
Expected: true
graph/ut/../../algorithms/ut/algo_test.cpp:1280: Failure
Value of: rank <= 100
  Actual: false
Expected: true
graph/ut/../../algorithms/ut/algo_test.cpp:1280: Failure
Value of: rank <= 100
  Actual: false
Expected: true
graph/ut/../../algorithms/ut/algo_test.cpp:1280: Failure
Value of: rank <= 100
  Actual: false
Expected: true
graph/ut/../../algorithms/ut/algo_test.cpp:1280: Failure
Value of: rank <= 100
  Actual: false
Expected: true
graph/ut/../../algorithms/ut/algo_test.cpp:1280: Failure
Value of: rank <= 100
  Actual: false
Expected: true
graph/ut/../../algorithms/ut/algo_test.cpp:1280: Failure
Value of: rank <= 100
  Actual: false
Expected: true
graph/ut/../../algorithms/ut/algo_test.cpp:1280: Failure
Value of: rank <= 100
  Actual: false
Expected: true
graph/ut/../../algorithms/ut/algo_test.cpp:1280: Failure
Value of: rank <= 100
  Actual: false
Expected: true
graph/ut/../../algorithms/ut/algo_test.cpp:1280: Failure
Value of: rank <= 100
  Actual: false
Expected: true
graph/ut/../../algorithms/ut/algo_test.cpp:1280: Failure
Value of: rank <= 100
  Actual: false
Expected: true
graph/ut/../../algorithms/ut/algo_test.cpp:1280: Failure
Value of: rank <= 100
  Actual: false
Expected: true
graph/ut/../../algorithms/ut/algo_test.cpp:1280: Failure
Value of: rank <= 100
  Actual: false
Expected: true
graph/ut/../../algorithms/ut/algo_test.cpp:1280: Failure
Value of: rank <= 100
  Actual: false
Expected: true
graph/ut/../../algorithms/ut/algo_test.cpp:1280: Failure
Value of: rank <= 100
  Actual: false
Expected: true
graph/ut/../../algorithms/ut/algo_test.cpp:1280: Failure
Value of: rank <= 100
  Actual: false
Expected: true
graph/ut/../../algorithms/ut/algo_test.cpp:1280: Failure
Value of: rank <= 100
  Actual: false
Expected: true
graph/ut/../../algorithms/ut/algo_test.cpp:1280: Failure
Value of: rank <= 100
  Actual: false
Expected: true
graph/ut/../../algorithms/ut/algo_test.cpp:1280: Failure
Value of: rank <= 100
  Actual: false
Expected: true
graph/ut/../../algorithms/ut/algo_test.cpp:1280: Failure
Value of: rank <= 100
  Actual: false
Expected: true
graph/ut/../../algorithms/ut/algo_test.cpp:1280: Failure
Value of: rank <= 100
  Actual: false
Expected: true
graph/ut/../../algorithms/ut/algo_test.cpp:1280: Failure
Value of: rank <= 100
  Actual: false
Expected: true
graph/ut/../../algorithms/ut/algo_test.cpp:1280: Failure
Value of: rank <= 100
  Actual: false
Expected: true
graph/ut/../../algorithms/ut/algo_test.cpp:1280: Failure
Value of: rank <= 100
  Actual: false
Expected: true
graph/ut/../../algorithms/ut/algo_test.cpp:1280: Failure
Value of: rank <= 100
  Actual: false
Expected: true
graph/ut/../../algorithms/ut/algo_test.cpp:1280: Failure
Value of: rank <= 100
  Actual: false
Expected: true
graph/ut/../../algorithms/ut/algo_test.cpp:1280: Failure
Value of: rank <= 100
  Actual: false
Expected: true
graph/ut/../../algorithms/ut/algo_test.cpp:1280: Failure
Value of: rank <= 100
  Actual: false
Expected: true
graph/ut/../../algorithms/ut/algo_test.cpp:1280: Failure
Value of: rank <= 100
  Actual: false
Expected: true
graph/ut/../../algorithms/ut/algo_test.cpp:1280: Failure
Value of: rank <= 100
  Actual: false
Expected: true
graph/ut/../../algorithms/ut/algo_test.cpp:1280: Failure
Value of: rank <= 100
  Actual: false
Expected: true
graph/ut/../../algorithms/ut/algo_test.cpp:1280: Failure
Value of: rank <= 100
  Actual: false
Expected: true
graph/ut/../../algorithms/ut/algo_test.cpp:1280: Failure
Value of: rank <= 100
  Actual: false
Expected: true
graph/ut/../../algorithms/ut/algo_test.cpp:1280: Failure
Value of: rank <= 100
  Actual: false
Expected: true
graph/ut/../../algorithms/ut/algo_test.cpp:1280: Failure
Value of: rank <= 100
  Actual: false
Expected: true
graph/ut/../../algorithms/ut/algo_test.cpp:1280: Failure
Value of: rank <= 100
  Actual: false
Expected: true
graph/ut/../../algorithms/ut/algo_test.cpp:1280: Failure
Value of: rank <= 100
  Actual: false
Expected: true
graph/ut/../../algorithms/ut/algo_test.cpp:1280: Failure
Value of: rank <= 100
  Actual: false
Expected: true
graph/ut/../../algorithms/ut/algo_test.cpp:1280: Failure
Value of: rank <= 100
  Actual: false
Expected: true
graph/ut/../../algorithms/ut/algo_test.cpp:1280: Failure
Value of: rank <= 100
  Actual: false
Expected: true
graph/ut/../../algorithms/ut/algo_test.cpp:1280: Failure
Value of: rank <= 100
  Actual: false
Expected: true
graph/ut/../../algorithms/ut/algo_test.cpp:1280: Failure
Value of: rank <= 100
  Actual: false
Expected: true
graph/ut/../../algorithms/ut/algo_test.cpp:1280: Failure
Value of: rank <= 100
  Actual: false
Expected: true
graph/ut/../../algorithms/ut/algo_test.cpp:1280: Failure
Value of: rank <= 100
  Actual: false
Expected: true
graph/ut/../../algorithms/ut/algo_test.cpp:1280: Failure
Value of: rank <= 100
  Actual: false
Expected: true
graph/ut/../../algorithms/ut/algo_test.cpp:1280: Failure
Value of: rank <= 100
  Actual: false
Expected: true
graph/ut/../../algorithms/ut/algo_test.cpp:1280: Failure
Value of: rank <= 100
  Actual: false
Expected: true
graph/ut/../../algorithms/ut/algo_test.cpp:1280: Failure
Value of: rank <= 100
  Actual: false
Expected: true
graph/ut/../../algorithms/ut/algo_test.cpp:1280: Failure
Value of: rank <= 100
  Actual: false
Expected: true
graph/ut/../../algorithms/ut/algo_test.cpp:1280: Failure
Value of: rank <= 100
  Actual: false
Expected: true
graph/ut/../../algorithms/ut/algo_test.cpp:1280: Failure
Value of: rank <= 100
  Actual: false
Expected: true
graph/ut/../../algorithms/ut/algo_test.cpp:1280: Failure
Value of: rank <= 100
  Actual: false
Expected: true
graph/ut/../../algorithms/ut/algo_test.cpp:1280: Failure
Value of: rank <= 100
  Actual: false
Expected: true
graph/ut/../../algorithms/ut/algo_test.cpp:1280: Failure
Value of: rank <= 100
  Actual: false
Expected: true
graph/ut/../../algorithms/ut/algo_test.cpp:1280: Failure
Value of: rank <= 100
  Actual: false
Expected: true
graph/ut/../../algorithms/ut/algo_test.cpp:1280: Failure
Value of: rank <= 100
  Actual: false
Expected: true
graph/ut/../../algorithms/ut/algo_test.cpp:1280: Failure
Value of: rank <= 100
  Actual: false
Expected: true
graph/ut/../../algorithms/ut/algo_test.cpp:1280: Failure
Value of: rank <= 100
  Actual: false
Expected: true
graph/ut/../../algorithms/ut/algo_test.cpp:1280: Failure
Value of: rank <= 100
  Actual: false
Expected: true
graph/ut/../../algorithms/ut/algo_test.cpp:1280: Failure
Value of: rank <= 100
  Actual: false
Expected: true
graph/ut/../../algorithms/ut/algo_test.cpp:1280: Failure
Value of: rank <= 100
  Actual: false
Expected: true
graph/ut/../../algorithms/ut/algo_test.cpp:1280: Failure
Value of: rank <= 100
  Actual: false
Expected: true
graph/ut/../../algorithms/ut/algo_test.cpp:1280: Failure
Value of: rank <= 100
  Actual: false
Expected: true
graph/ut/../../algorithms/ut/algo_test.cpp:1280: Failure
Value of: rank <= 100
  Actual: false
Expected: true
graph/ut/../../algorithms/ut/algo_test.cpp:1280: Failure
Value of: rank <= 100
  Actual: false
Expected: true
graph/ut/../../algorithms/ut/algo_test.cpp:1280: Failure
Value of: rank <= 100
  Actual: false
Expected: true
graph/ut/../../algorithms/ut/algo_test.cpp:1280: Failure
Value of: rank <= 100
  Actual: false
Expected: true
graph/ut/../../algorithms/ut/algo_test.cpp:1280: Failure
Value of: rank <= 100
  Actual: false
Expected: true
graph/ut/../../algorithms/ut/algo_test.cpp:1280: Failure
Value of: rank <= 100
  Actual: false
Expected: true
graph/ut/../../algorithms/ut/algo_test.cpp:1280: Failure
Value of: rank <= 100
  Actual: false
Expected: true
graph/ut/../../algorithms/ut/algo_test.cpp:1280: Failure
Value of: rank <= 100
  Actual: false
Expected: true
graph/ut/../../algorithms/ut/algo_test.cpp:1280: Failure
Value of: rank <= 100
  Actual: false
Expected: true
graph/ut/../../algorithms/ut/algo_test.cpp:1280: Failure
Value of: rank <= 100
  Actual: false
Expected: true
graph/ut/../../algorithms/ut/algo_test.cpp:1280: Failure
Value of: rank <= 100
  Actual: false
Expected: true
graph/ut/../../algorithms/ut/algo_test.cpp:1280: Failure
Value of: rank <= 100
  Actual: false
Expected: true
graph/ut/../../algorithms/ut/algo_test.cpp:1280: Failure
Value of: rank <= 100
  Actual: false
Expected: true
graph/ut/../../algorithms/ut/algo_test.cpp:1280: Failure
Value of: rank <= 100
  Actual: false
Expected: true
graph/ut/../../algorithms/ut/algo_test.cpp:1280: Failure
Value of: rank <= 100
  Actual: false
Expected: true
graph/ut/../../algorithms/ut/algo_test.cpp:1280: Failure
Value of: rank <= 100
  Actual: false
Expected: true
graph/ut/../../algorithms/ut/algo_test.cpp:1280: Failure
Value of: rank <= 100
  Actual: false
Expected: true
graph/ut/../../algorithms/ut/algo_test.cpp:1280: Failure
Value of: rank <= 100
  Actual: false
Expected: true
graph/ut/../../algorithms/ut/algo_test.cpp:1280: Failure
Value of: rank <= 100
  Actual: false
Expected: true
graph/ut/../../algorithms/ut/algo_test.cpp:1280: Failure
Value of: rank <= 100
  Actual: false
Expected: true
graph/ut/../../algorithms/ut/algo_test.cpp:1280: Failure
Value of: rank <= 100
  Actual: false
Expected: true
graph/ut/../../algorithms/ut/algo_test.cpp:1280: Failure
Value of: rank <= 100
  Actual: false
Expected: true
graph/ut/../../algorithms/ut/algo_test.cpp:1280: Failure
Value of: rank <= 100
  Actual: false
Expected: true
graph/ut/../../algorithms/ut/algo_test.cpp:1280: Failure
Value of: rank <= 100
  Actual: false
Expected: true
graph/ut/../../algorithms/ut/algo_test.cpp:1280: Failure
Value of: rank <= 100
  Actual: false
Expected: true
graph/ut/../../algorithms/ut/algo_test.cpp:1280: Failure
Value of: rank <= 100
  Actual: false
Expected: true
graph/ut/../../algorithms/ut/algo_test.cpp:1280: Failure
Value of: rank <= 100
  Actual: false
Expected: true
graph/ut/../../algorithms/ut/algo_test.cpp:1280: Failure
Value of: rank <= 100
  Actual: false
Expected: true
graph/ut/../../algorithms/ut/algo_test.cpp:1280: Failure
Value of: rank <= 100
  Actual: false
Expected: true
graph/ut/../../algorithms/ut/algo_test.cpp:1280: Failure
Value of: rank <= 100
  Actual: false
Expected: true
graph/ut/../../algorithms/ut/algo_test.cpp:1280: Failure
Value of: rank <= 100
  Actual: false
Expected: true
graph/ut/../../algorithms/ut/algo_test.cpp:1280: Failure
Value of: rank <= 100
  Actual: false
Expected: true
graph/ut/../../algorithms/ut/algo_test.cpp:1280: Failure
Value of: rank <= 100
  Actual: false
Expected: true
graph/ut/../../algorithms/ut/algo_test.cpp:1280: Failure
Value of: rank <= 100
  Actual: false
Expected: true
graph/ut/../../algorithms/ut/algo_test.cpp:1280: Failure
Value of: rank <= 100
  Actual: false
Expected: true
graph/ut/../../algorithms/ut/algo_test.cpp:1280: Failure
Value of: rank <= 100
  Actual: false
Expected: true
graph/ut/../../algorithms/ut/algo_test.cpp:1280: Failure
Value of: rank <= 100
  Actual: false
Expected: true
graph/ut/../../algorithms/ut/algo_test.cpp:1280: Failure
Value of: rank <= 100
  Actual: false
Expected: true
graph/ut/../../algorithms/ut/algo_test.cpp:1280: Failure
Value of: rank <= 100
  Actual: false
Expected: true
graph/ut/../../algorithms/ut/algo_test.cpp:1280: Failure
Value of: rank <= 100
  Actual: false
Expected: true
graph/ut/../../algorithms/ut/algo_test.cpp:1280: Failure
Value of: rank <= 100
  Actual: false
Expected: true
graph/ut/../../algorithms/ut/algo_test.cpp:1280: Failure
Value of: rank <= 100
  Actual: false
Expected: true
graph/ut/../../algorithms/ut/algo_test.cpp:1280: Failure
Value of: rank <= 100
  Actual: false
Expected: true
graph/ut/../../algorithms/ut/algo_test.cpp:1280: Failure
Value of: rank <= 100
  Actual: false
Expected: true
graph/ut/../../algorithms/ut/algo_test.cpp:1280: Failure
Value of: rank <= 100
  Actual: false
Expected: true
graph/ut/../../algorithms/ut/algo_test.cpp:1280: Failure
Value of: rank <= 100
  Actual: false
Expected: true
graph/ut/../../algorithms/ut/algo_test.cpp:1280: Failure
Value of: rank <= 100
  Actual: false
Expected: true
graph/ut/../../algorithms/ut/algo_test.cpp:1280: Failure
Value of: rank <= 100
  Actual: false
Expected: true
graph/ut/../../algorithms/ut/algo_test.cpp:1280: Failure
Value of: rank <= 100
  Actual: false
Expected: true
graph/ut/../../algorithms/ut/algo_test.cpp:1280: Failure
Value of: rank <= 100
  Actual: false
Expected: true
graph/ut/../../algorithms/ut/algo_test.cpp:1280: Failure
Value of: rank <= 100
  Actual: false
Expected: true
graph/ut/../../algorithms/ut/algo_test.cpp:1280: Failure
Value of: rank <= 100
  Actual: false
Expected: true
graph/ut/../../algorithms/ut/algo_test.cpp:1280: Failure
Value of: rank <= 100
  Actual: false
Expected: true
graph/ut/../../algorithms/ut/algo_test.cpp:1280: Failure
Value of: rank <= 100
  Actual: false
Expected: true
graph/ut/../../algorithms/ut/algo_test.cpp:1280: Failure
Value of: rank <= 100
  Actual: false
Expected: true
graph/ut/../../algorithms/ut/algo_test.cpp:1280: Failure
Value of: rank <= 100
  Actual: false
Expected: true
graph/ut/../../algorithms/ut/algo_test.cpp:1280: Failure
Value of: rank <= 100
  Actual: false
Expected: true
graph/ut/../../algorithms/ut/algo_test.cpp:1280: Failure
Value of: rank <= 100
  Actual: false
Expected: true
graph/ut/../../algorithms/ut/algo_test.cpp:1280: Failure
Value of: rank <= 100
  Actual: false
Expected: true
graph/ut/../../algorithms/ut/algo_test.cpp:1280: Failure
Value of: rank <= 100
  Actual: false
Expected: true
graph/ut/../../algorithms/ut/algo_test.cpp:1280: Failure
Value of: rank <= 100
  Actual: false
Expected: true
graph/ut/../../algorithms/ut/algo_test.cpp:1280: Failure
Value of: rank <= 100
  Actual: false
Expected: true
graph/ut/../../algorithms/ut/algo_test.cpp:1280: Failure
Value of: rank <= 100
  Actual: false
Expected: true
graph/ut/../../algorithms/ut/algo_test.cpp:1280: Failure
Value of: rank <= 100
  Actual: false
Expected: true
graph/ut/../../algorithms/ut/algo_test.cpp:1280: Failure
Value of: rank <= 100
  Actual: false
Expected: true
graph/ut/../../algorithms/ut/algo_test.cpp:1280: Failure
Value of: rank <= 100
  Actual: false
Expected: true
graph/ut/../../algorithms/ut/algo_test.cpp:1280: Failure
Value of: rank <= 100
  Actual: false
Expected: true
graph/ut/../../algorithms/ut/algo_test.cpp:1280: Failure
Value of: rank <= 100
  Actual: false
Expected: true
graph/ut/../../algorithms/ut/algo_test.cpp:1280: Failure
Value of: rank <= 100
  Actual: false
Expected: true
graph/ut/../../algorithms/ut/algo_test.cpp:1280: Failure
Value of: rank <= 100
  Actual: false
Expected: true
graph/ut/../../algorithms/ut/algo_test.cpp:1280: Failure
Value of: rank <= 100
  Actual: false
Expected: true
graph/ut/../../algorithms/ut/algo_test.cpp:1280: Failure
Value of: rank <= 100
  Actual: false
Expected: true
graph/ut/../../algorithms/ut/algo_test.cpp:1280: Failure
Value of: rank <= 100
  Actual: false
Expected: true
graph/ut/../../algorithms/ut/algo_test.cpp:1280: Failure
Value of: rank <= 100
  Actual: false
Expected: true
graph/ut/../../algorithms/ut/algo_test.cpp:1280: Failure
Value of: rank <= 100
  Actual: false
Expected: true
graph/ut/../../algorithms/ut/algo_test.cpp:1280: Failure
Value of: rank <= 100
  Actual: false
Expected: true
graph/ut/../../algorithms/ut/algo_test.cpp:1280: Failure
Value of: rank <= 100
  Actual: false
Expected: true
graph/ut/../../algorithms/ut/algo_test.cpp:1280: Failure
Value of: rank <= 100
  Actual: false
Expected: true
graph/ut/../../algorithms/ut/algo_test.cpp:1280: Failure
Value of: rank <= 100
  Actual: false
Expected: true
graph/ut/../../algorithms/ut/algo_test.cpp:1280: Failure
Value of: rank <= 100
  Actual: false
Expected: true
graph/ut/../../algorithms/ut/algo_test.cpp:1280: Failure
Value of: rank <= 100
  Actual: false
Expected: true
graph/ut/../../algorithms/ut/algo_test.cpp:1280: Failure
Value of: rank <= 100
  Actual: false
Expected: true
graph/ut/../../algorithms/ut/algo_test.cpp:1280: Failure
Value of: rank <= 100
  Actual: false
Expected: true
graph/ut/../../algorithms/ut/algo_test.cpp:1280: Failure
Value of: rank <= 100
  Actual: false
Expected: true
graph/ut/../../algorithms/ut/algo_test.cpp:1280: Failure
Value of: rank <= 100
  Actual: false
Expected: true
graph/ut/../../algorithms/ut/algo_test.cpp:1280: Failure
Value of: rank <= 100
  Actual: false
Expected: true
graph/ut/../../algorithms/ut/algo_test.cpp:1280: Failure
Value of: rank <= 100
  Actual: false
Expected: true
graph/ut/../../algorithms/ut/algo_test.cpp:1280: Failure
Value of: rank <= 100
  Actual: false
Expected: true
graph/ut/../../algorithms/ut/algo_test.cpp:1280: Failure
Value of: rank <= 100
  Actual: false
Expected: true
graph/ut/../../algorithms/ut/algo_test.cpp:1280: Failure
Value of: rank <= 100
  Actual: false
Expected: true
graph/ut/../../algorithms/ut/algo_test.cpp:1280: Failure
Value of: rank <= 100
  Actual: false
Expected: true
graph/ut/../../algorithms/ut/algo_test.cpp:1280: Failure
Value of: rank <= 100
  Actual: false
Expected: true
graph/ut/../../algorithms/ut/algo_test.cpp:1280: Failure
Value of: rank <= 100
  Actual: false
Expected: true
graph/ut/../../algorithms/ut/algo_test.cpp:1280: Failure
Value of: rank <= 100
  Actual: false
Expected: true
graph/ut/../../algorithms/ut/algo_test.cpp:1280: Failure
Value of: rank <= 100
  Actual: false
Expected: true
graph/ut/../../algorithms/ut/algo_test.cpp:1280: Failure
Value of: rank <= 100
  Actual: false
Expected: true
graph/ut/../../algorithms/ut/algo_test.cpp:1280: Failure
Value of: rank <= 100
  Actual: false
Expected: true
graph/ut/../../algorithms/ut/algo_test.cpp:1280: Failure
Value of: rank <= 100
  Actual: false
Expected: true
graph/ut/../../algorithms/ut/algo_test.cpp:1280: Failure
Value of: rank <= 100
  Actual: false
Expected: true
graph/ut/../../algorithms/ut/algo_test.cpp:1280: Failure
Value of: rank <= 100
  Actual: false
Expected: true
graph/ut/../../algorithms/ut/algo_test.cpp:1280: Failure
Value of: rank <= 100
  Actual: false
Expected: true
graph/ut/../../algorithms/ut/algo_test.cpp:1280: Failure
Value of: rank <= 100
  Actual: false
Expected: true
graph/ut/../../algorithms/ut/algo_test.cpp:1280: Failure
Value of: rank <= 100
  Actual: false
Expected: true
graph/ut/../../algorithms/ut/algo_test.cpp:1280: Failure
Value of: rank <= 100
  Actual: false
Expected: true
graph/ut/../../algorithms/ut/algo_test.cpp:1280: Failure
Value of: rank <= 100
  Actual: false
Expected: true
graph/ut/../../algorithms/ut/algo_test.cpp:1280: Failure
Value of: rank <= 100
  Actual: false
Expected: true
graph/ut/../../algorithms/ut/algo_test.cpp:1280: Failure
Value of: rank <= 100
  Actual: false
Expected: true
graph/ut/../../algorithms/ut/algo_test.cpp:1280: Failure
Value of: rank <= 100
  Actual: false
Expected: true
graph/ut/../../algorithms/ut/algo_test.cpp:1280: Failure
Value of: rank <= 100
  Actual: false
Expected: true
graph/ut/../../algorithms/ut/algo_test.cpp:1280: Failure
Value of: rank <= 100
  Actual: false
Expected: true
graph/ut/../../algorithms/ut/algo_test.cpp:1280: Failure
Value of: rank <= 100
  Actual: false
Expected: true
graph/ut/../../algorithms/ut/algo_test.cpp:1280: Failure
Value of: rank <= 100
  Actual: false
Expected: true
graph/ut/../../algorithms/ut/algo_test.cpp:1280: Failure
Value of: rank <= 100
  Actual: false
Expected: true
graph/ut/../../algorithms/ut/algo_test.cpp:1280: Failure
Value of: rank <= 100
  Actual: false
Expected: true
graph/ut/../../algorithms/ut/algo_test.cpp:1280: Failure
Value of: rank <= 100
  Actual: false
Expected: true
graph/ut/../../algorithms/ut/algo_test.cpp:1280: Failure
Value of: rank <= 100
  Actual: false
Expected: true
graph/ut/../../algorithms/ut/algo_test.cpp:1280: Failure
Value of: rank <= 100
  Actual: false
Expected: true
graph/ut/../../algorithms/ut/algo_test.cpp:1280: Failure
Value of: rank <= 100
  Actual: false
Expected: true
graph/ut/../../algorithms/ut/algo_test.cpp:1280: Failure
Value of: rank <= 100
  Actual: false
Expected: true
graph/ut/../../algorithms/ut/algo_test.cpp:1280: Failure
Value of: rank <= 100
  Actual: false
Expected: true
graph/ut/../../algorithms/ut/algo_test.cpp:1280: Failure
Value of: rank <= 100
  Actual: false
Expected: true
graph/ut/../../algorithms/ut/algo_test.cpp:1280: Failure
Value of: rank <= 100
  Actual: false
Expected: true
graph/ut/../../algorithms/ut/algo_test.cpp:1280: Failure
Value of: rank <= 100
  Actual: false
Expected: true
graph/ut/../../algorithms/ut/algo_test.cpp:1280: Failure
Value of: rank <= 100
  Actual: false
Expected: true
graph/ut/../../algorithms/ut/algo_test.cpp:1280: Failure
Value of: rank <= 100
  Actual: false
Expected: true
graph/ut/../../algorithms/ut/algo_test.cpp:1280: Failure
Value of: rank <= 100
  Actual: false
Expected: true
graph/ut/../../algorithms/ut/algo_test.cpp:1280: Failure
Value of: rank <= 100
  Actual: false
Expected: true
graph/ut/../../algorithms/ut/algo_test.cpp:1280: Failure
Value of: rank <= 100
  Actual: false
Expected: true
graph/ut/../../algorithms/ut/algo_test.cpp:1280: Failure
Value of: rank <= 100
  Actual: false
Expected: true
graph/ut/../../algorithms/ut/algo_test.cpp:1280: Failure
Value of: rank <= 100
  Actual: false
Expected: true
graph/ut/../../algorithms/ut/algo_test.cpp:1280: Failure
Value of: rank <= 100
  Actual: false
Expected: true
graph/ut/../../algorithms/ut/algo_test.cpp:1280: Failure
Value of: rank <= 100
  Actual: false
Expected: true
graph/ut/../../algorithms/ut/algo_test.cpp:1280: Failure
Value of: rank <= 100
  Actual: false
Expected: true
graph/ut/../../algorithms/ut/algo_test.cpp:1280: Failure
Value of: rank <= 100
  Actual: false
Expected: true
graph/ut/../../algorithms/ut/algo_test.cpp:1280: Failure
Value of: rank <= 100
  Actual: false
Expected: true
graph/ut/../../algorithms/ut/algo_test.cpp:1280: Failure
Value of: rank <= 100
  Actual: false
Expected: true
graph/ut/../../algorithms/ut/algo_test.cpp:1280: Failure
Value of: rank <= 100
  Actual: false
Expected: true
graph/ut/../../algorithms/ut/algo_test.cpp:1280: Failure
Value of: rank <= 100
  Actual: false
Expected: true
graph/ut/../../algorithms/ut/algo_test.cpp:1280: Failure
Value of: rank <= 100
  Actual: false
Expected: true
graph/ut/../../algorithms/ut/algo_test.cpp:1280: Failure
Value of: rank <= 100
  Actual: false
Expected: true
graph/ut/../../algorithms/ut/algo_test.cpp:1280: Failure
Value of: rank <= 100
  Actual: false
Expected: true
graph/ut/../../algorithms/ut/algo_test.cpp:1280: Failure
Value of: rank <= 100
  Actual: false
Expected: true
graph/ut/../../algorithms/ut/algo_test.cpp:1280: Failure
Value of: rank <= 100
  Actual: false
Expected: true
graph/ut/../../algorithms/ut/algo_test.cpp:1280: Failure
Value of: rank <= 100
  Actual: false
Expected: true
graph/ut/../../algorithms/ut/algo_test.cpp:1280: Failure
Value of: rank <= 100
  Actual: false
Expected: true
graph/ut/../../algorithms/ut/algo_test.cpp:1280: Failure
Value of: rank <= 100
  Actual: false
Expected: true
graph/ut/../../algorithms/ut/algo_test.cpp:1280: Failure
Value of: rank <= 100
  Actual: false
Expected: true
graph/ut/../../algorithms/ut/algo_test.cpp:1280: Failure
Value of: rank <= 100
  Actual: false
Expected: true
graph/ut/../../algorithms/ut/algo_test.cpp:1280: Failure
Value of: rank <= 100
  Actual: false
Expected: true
graph/ut/../../algorithms/ut/algo_test.cpp:1280: Failure
Value of: rank <= 100
  Actual: false
Expected: true
graph/ut/../../algorithms/ut/algo_test.cpp:1280: Failure
Value of: rank <= 100
  Actual: false
Expected: true
graph/ut/../../algorithms/ut/algo_test.cpp:1280: Failure
Value of: rank <= 100
  Actual: false
Expected: true
graph/ut/../../algorithms/ut/algo_test.cpp:1280: Failure
Value of: rank <= 100
  Actual: false
Expected: true
graph/ut/../../algorithms/ut/algo_test.cpp:1280: Failure
Value of: rank <= 100
  Actual: false
Expected: true
graph/ut/../../algorithms/ut/algo_test.cpp:1280: Failure
Value of: rank <= 100
  Actual: false
Expected: true
graph/ut/../../algorithms/ut/algo_test.cpp:1280: Failure
Value of: rank <= 100
  Actual: false
Expected: true
graph/ut/../../algorithms/ut/algo_test.cpp:1280: Failure
Value of: rank <= 100
  Actual: false
Expected: true
graph/ut/../../algorithms/ut/algo_test.cpp:1280: Failure
Value of: rank <= 100
  Actual: false
Expected: true
graph/ut/../../algorithms/ut/algo_test.cpp:1280: Failure
Value of: rank <= 100
  Actual: false
Expected: true
graph/ut/../../algorithms/ut/algo_test.cpp:1280: Failure
Value of: rank <= 100
  Actual: false
Expected: true
graph/ut/../../algorithms/ut/algo_test.cpp:1280: Failure
Value of: rank <= 100
  Actual: false
Expected: true
graph/ut/../../algorithms/ut/algo_test.cpp:1280: Failure
Value of: rank <= 100
  Actual: false
Expected: true
graph/ut/../../algorithms/ut/algo_test.cpp:1280: Failure
Value of: rank <= 100
  Actual: false
Expected: true
graph/ut/../../algorithms/ut/algo_test.cpp:1280: Failure
Value of: rank <= 100
  Actual: false
Expected: true
graph/ut/../../algorithms/ut/algo_test.cpp:1280: Failure
Value of: rank <= 100
  Actual: false
Expected: true
graph/ut/../../algorithms/ut/algo_test.cpp:1280: Failure
Value of: rank <= 100
  Actual: false
Expected: true
graph/ut/../../algorithms/ut/algo_test.cpp:1280: Failure
Value of: rank <= 100
  Actual: false
Expected: true
graph/ut/../../algorithms/ut/algo_test.cpp:1280: Failure
Value of: rank <= 100
  Actual: false
Expected: true
graph/ut/../../algorithms/ut/algo_test.cpp:1280: Failure
Value of: rank <= 100
  Actual: false
Expected: true
graph/ut/../../algorithms/ut/algo_test.cpp:1280: Failure
Value of: rank <= 100
  Actual: false
Expected: true
graph/ut/../../algorithms/ut/algo_test.cpp:1280: Failure
Value of: rank <= 100
  Actual: false
Expected: true
graph/ut/../../algorithms/ut/algo_test.cpp:1280: Failure
Value of: rank <= 100
  Actual: false
Expected: true
graph/ut/../../algorithms/ut/algo_test.cpp:1280: Failure
Value of: rank <= 100
  Actual: false
Expected: true
graph/ut/../../algorithms/ut/algo_test.cpp:1280: Failure
Value of: rank <= 100
  Actual: false
Expected: true
graph/ut/../../algorithms/ut/algo_test.cpp:1280: Failure
Value of: rank <= 100
  Actual: false
Expected: true
graph/ut/../../algorithms/ut/algo_test.cpp:1280: Failure
Value of: rank <= 100
  Actual: false
Expected: true
graph/ut/../../algorithms/ut/algo_test.cpp:1280: Failure
Value of: rank <= 100
  Actual: false
Expected: true
graph/ut/../../algorithms/ut/algo_test.cpp:1280: Failure
Value of: rank <= 100
  Actual: false
Expected: true
graph/ut/../../algorithms/ut/algo_test.cpp:1280: Failure
Value of: rank <= 100
  Actual: false
Expected: true
graph/ut/../../algorithms/ut/algo_test.cpp:1280: Failure
Value of: rank <= 100
  Actual: false
Expected: true
graph/ut/../../algorithms/ut/algo_test.cpp:1280: Failure
Value of: rank <= 100
  Actual: false
Expected: true
graph/ut/../../algorithms/ut/algo_test.cpp:1280: Failure
Value of: rank <= 100
  Actual: false
Expected: true
graph/ut/../../algorithms/ut/algo_test.cpp:1280: Failure
Value of: rank <= 100
  Actual: false
Expected: true
graph/ut/../../algorithms/ut/algo_test.cpp:1280: Failure
Value of: rank <= 100
  Actual: false
Expected: true
graph/ut/../../algorithms/ut/algo_test.cpp:1280: Failure
Value of: rank <= 100
  Actual: false
Expected: true
graph/ut/../../algorithms/ut/algo_test.cpp:1280: Failure
Value of: rank <= 100
  Actual: false
Expected: true
graph/ut/../../algorithms/ut/algo_test.cpp:1280: Failure
Value of: rank <= 100
  Actual: false
Expected: true
graph/ut/../../algorithms/ut/algo_test.cpp:1280: Failure
Value of: rank <= 100
  Actual: false
Expected: true
graph/ut/../../algorithms/ut/algo_test.cpp:1280: Failure
Value of: rank <= 100
  Actual: false
Expected: true
graph/ut/../../algorithms/ut/algo_test.cpp:1280: Failure
Value of: rank <= 100
  Actual: false
Expected: true
graph/ut/../../algorithms/ut/algo_test.cpp:1280: Failure
Value of: rank <= 100
  Actual: false
Expected: true
graph/ut/../../algorithms/ut/algo_test.cpp:1280: Failure
Value of: rank <= 100
  Actual: false
Expected: true
graph/ut/../../algorithms/ut/algo_test.cpp:1280: Failure
Value of: rank <= 100
  Actual: false
Expected: true
graph/ut/../../algorithms/ut/algo_test.cpp:1280: Failure
Value of: rank <= 100
  Actual: false
Expected: true
graph/ut/../../algorithms/ut/algo_test.cpp:1280: Failure
Value of: rank <= 100
  Actual: false
Expected: true
graph/ut/../../algorithms/ut/algo_test.cpp:1280: Failure
Value of: rank <= 100
  Actual: false
Expected: true
graph/ut/../../algorithms/ut/algo_test.cpp:1280: Failure
Value of: rank <= 100
  Actual: false
Expected: true
graph/ut/../../algorithms/ut/algo_test.cpp:1280: Failure
Value of: rank <= 100
  Actual: false
Expected: true
graph/ut/../../algorithms/ut/algo_test.cpp:1280: Failure
Value of: rank <= 100
  Actual: false
Expected: true
graph/ut/../../algorithms/ut/algo_test.cpp:1280: Failure
Value of: rank <= 100
  Actual: false
Expected: true
graph/ut/../../algorithms/ut/algo_test.cpp:1280: Failure
Value of: rank <= 100
  Actual: false
Expected: true
graph/ut/../../algorithms/ut/algo_test.cpp:1280: Failure
Value of: rank <= 100
  Actual: false
Expected: true
graph/ut/../../algorithms/ut/algo_test.cpp:1280: Failure
Value of: rank <= 100
  Actual: false
Expected: true
graph/ut/../../algorithms/ut/algo_test.cpp:1280: Failure
Value of: rank <= 100
  Actual: false
Expected: true
graph/ut/../../algorithms/ut/algo_test.cpp:1280: Failure
Value of: rank <= 100
  Actual: false
Expected: true
graph/ut/../../algorithms/ut/algo_test.cpp:1280: Failure
Value of: rank <= 100
  Actual: false
Expected: true
graph/ut/../../algorithms/ut/algo_test.cpp:1280: Failure
Value of: rank <= 100
  Actual: false
Expected: true
graph/ut/../../algorithms/ut/algo_test.cpp:1280: Failure
Value of: rank <= 100
  Actual: false
Expected: true
graph/ut/../../algorithms/ut/algo_test.cpp:1280: Failure
Value of: rank <= 100
  Actual: false
Expected: true
graph/ut/../../algorithms/ut/algo_test.cpp:1280: Failure
Value of: rank <= 100
  Actual: false
Expected: true
graph/ut/../../algorithms/ut/algo_test.cpp:1280: Failure
Value of: rank <= 100
  Actual: false
Expected: true
graph/ut/../../algorithms/ut/algo_test.cpp:1280: Failure
Value of: rank <= 100
  Actual: false
Expected: true
graph/ut/../../algorithms/ut/algo_test.cpp:1280: Failure
Value of: rank <= 100
  Actual: false
Expected: true
graph/ut/../../algorithms/ut/algo_test.cpp:1280: Failure
Value of: rank <= 100
  Actual: false
Expected: true
graph/ut/../../algorithms/ut/algo_test.cpp:1280: Failure
Value of: rank <= 100
  Actual: false
Expected: true
graph/ut/../../algorithms/ut/algo_test.cpp:1280: Failure
Value of: rank <= 100
  Actual: false
Expected: true
graph/ut/../../algorithms/ut/algo_test.cpp:1280: Failure
Value of: rank <= 100
  Actual: false
Expected: true
graph/ut/../../algorithms/ut/algo_test.cpp:1280: Failure
Value of: rank <= 100
  Actual: false
Expected: true
graph/ut/../../algorithms/ut/algo_test.cpp:1280: Failure
Value of: rank <= 100
  Actual: false
Expected: true
graph/ut/../../algorithms/ut/algo_test.cpp:1280: Failure
Value of: rank <= 100
  Actual: false
Expected: true
graph/ut/../../algorithms/ut/algo_test.cpp:1280: Failure
Value of: rank <= 100
  Actual: false
Expected: true
graph/ut/../../algorithms/ut/algo_test.cpp:1280: Failure
Value of: rank <= 100
  Actual: false
Expected: true
graph/ut/../../algorithms/ut/algo_test.cpp:1280: Failure
Value of: rank <= 100
  Actual: false
Expected: true
graph/ut/../../algorithms/ut/algo_test.cpp:1280: Failure
Value of: rank <= 100
  Actual: false
Expected: true
graph/ut/../../algorithms/ut/algo_test.cpp:1280: Failure
Value of: rank <= 100
  Actual: false
Expected: true
graph/ut/../../algorithms/ut/algo_test.cpp:1280: Failure
Value of: rank <= 100
  Actual: false
Expected: true
graph/ut/../../algorithms/ut/algo_test.cpp:1280: Failure
Value of: rank <= 100
  Actual: false
Expected: true
graph/ut/../../algorithms/ut/algo_test.cpp:1280: Failure
Value of: rank <= 100
  Actual: false
Expected: true
graph/ut/../../algorithms/ut/algo_test.cpp:1280: Failure
Value of: rank <= 100
  Actual: false
Expected: true
graph/ut/../../algorithms/ut/algo_test.cpp:1280: Failure
Value of: rank <= 100
  Actual: false
Expected: true
graph/ut/../../algorithms/ut/algo_test.cpp:1280: Failure
Value of: rank <= 100
  Actual: false
Expected: true
graph/ut/../../algorithms/ut/algo_test.cpp:1280: Failure
Value of: rank <= 100
  Actual: false
Expected: true
graph/ut/../../algorithms/ut/algo_test.cpp:1280: Failure
Value of: rank <= 100
  Actual: false
Expected: true
graph/ut/../../algorithms/ut/algo_test.cpp:1280: Failure
Value of: rank <= 100
  Actual: false
Expected: true
graph/ut/../../algorithms/ut/algo_test.cpp:1280: Failure
Value of: rank <= 100
  Actual: false
Expected: true
graph/ut/../../algorithms/ut/algo_test.cpp:1280: Failure
Value of: rank <= 100
  Actual: false
Expected: true
graph/ut/../../algorithms/ut/algo_test.cpp:1280: Failure
Value of: rank <= 100
  Actual: false
Expected: true
graph/ut/../../algorithms/ut/algo_test.cpp:1280: Failure
Value of: rank <= 100
  Actual: false
Expected: true
graph/ut/../../algorithms/ut/algo_test.cpp:1280: Failure
Value of: rank <= 100
  Actual: false
Expected: true
graph/ut/../../algorithms/ut/algo_test.cpp:1280: Failure
Value of: rank <= 100
  Actual: false
Expected: true
graph/ut/../../algorithms/ut/algo_test.cpp:1280: Failure
Value of: rank <= 100
  Actual: false
Expected: true
graph/ut/../../algorithms/ut/algo_test.cpp:1280: Failure
Value of: rank <= 100
  Actual: false
Expected: true
graph/ut/../../algorithms/ut/algo_test.cpp:1280: Failure
Value of: rank <= 100
  Actual: false
Expected: true
graph/ut/../../algorithms/ut/algo_test.cpp:1280: Failure
Value of: rank <= 100
  Actual: false
Expected: true
graph/ut/../../algorithms/ut/algo_test.cpp:1280: Failure
Value of: rank <= 100
  Actual: false
Expected: true
graph/ut/../../algorithms/ut/algo_test.cpp:1280: Failure
Value of: rank <= 100
  Actual: false
Expected: true
graph/ut/../../algorithms/ut/algo_test.cpp:1280: Failure
Value of: rank <= 100
  Actual: false
Expected: true
graph/ut/../../algorithms/ut/algo_test.cpp:1280: Failure
Value of: rank <= 100
  Actual: false
Expected: true
graph/ut/../../algorithms/ut/algo_test.cpp:1280: Failure
Value of: rank <= 100
  Actual: false
Expected: true
graph/ut/../../algorithms/ut/algo_test.cpp:1280: Failure
Value of: rank <= 100
  Actual: false
Expected: true
graph/ut/../../algorithms/ut/algo_test.cpp:1280: Failure
Value of: rank <= 100
  Actual: false
Expected: true
graph/ut/../../algorithms/ut/algo_test.cpp:1280: Failure
Value of: rank <= 100
  Actual: false
Expected: true
graph/ut/../../algorithms/ut/algo_test.cpp:1280: Failure
Value of: rank <= 100
  Actual: false
Expected: true
graph/ut/../../algorithms/ut/algo_test.cpp:1280: Failure
Value of: rank <= 100
  Actual: false
Expected: true
graph/ut/../../algorithms/ut/algo_test.cpp:1280: Failure
Value of: rank <= 100
  Actual: false
Expected: true
graph/ut/../../algorithms/ut/algo_test.cpp:1280: Failure
Value of: rank <= 100
  Actual: false
Expected: true
graph/ut/../../algorithms/ut/algo_test.cpp:1280: Failure
Value of: rank <= 100
  Actual: false
Expected: true
graph/ut/../../algorithms/ut/algo_test.cpp:1280: Failure
Value of: rank <= 100
  Actual: false
Expected: true
graph/ut/../../algorithms/ut/algo_test.cpp:1280: Failure
Value of: rank <= 100
  Actual: false
Expected: true
graph/ut/../../algorithms/ut/algo_test.cpp:1280: Failure
Value of: rank <= 100
  Actual: false
Expected: true
graph/ut/../../algorithms/ut/algo_test.cpp:1280: Failure
Value of: rank <= 100
  Actual: false
Expected: true
graph/ut/../../algorithms/ut/algo_test.cpp:1280: Failure
Value of: rank <= 100
  Actual: false
Expected: true
graph/ut/../../algorithms/ut/algo_test.cpp:1280: Failure
Value of: rank <= 100
  Actual: false
Expected: true
graph/ut/../../algorithms/ut/algo_test.cpp:1280: Failure
Value of: rank <= 100
  Actual: false
Expected: true
graph/ut/../../algorithms/ut/algo_test.cpp:1280: Failure
Value of: rank <= 100
  Actual: false
Expected: true
graph/ut/../../algorithms/ut/algo_test.cpp:1280: Failure
Value of: rank <= 100
  Actual: false
Expected: true
graph/ut/../../algorithms/ut/algo_test.cpp:1280: Failure
Value of: rank <= 100
  Actual: false
Expected: true
graph/ut/../../algorithms/ut/algo_test.cpp:1280: Failure
Value of: rank <= 100
  Actual: false
Expected: true
graph/ut/../../algorithms/ut/algo_test.cpp:1280: Failure
Value of: rank <= 100
  Actual: false
Expected: true
graph/ut/../../algorithms/ut/algo_test.cpp:1280: Failure
Value of: rank <= 100
  Actual: false
Expected: true
graph/ut/../../algorithms/ut/algo_test.cpp:1280: Failure
Value of: rank <= 100
  Actual: false
Expected: true
graph/ut/../../algorithms/ut/algo_test.cpp:1280: Failure
Value of: rank <= 100
  Actual: false
Expected: true
graph/ut/../../algorithms/ut/algo_test.cpp:1280: Failure
Value of: rank <= 100
  Actual: false
Expected: true
graph/ut/../../algorithms/ut/algo_test.cpp:1280: Failure
Value of: rank <= 100
  Actual: false
Expected: true
graph/ut/../../algorithms/ut/algo_test.cpp:1280: Failure
Value of: rank <= 100
  Actual: false
Expected: true
graph/ut/../../algorithms/ut/algo_test.cpp:1280: Failure
Value of: rank <= 100
  Actual: false
Expected: true
graph/ut/../../algorithms/ut/algo_test.cpp:1280: Failure
Value of: rank <= 100
  Actual: false
Expected: true
graph/ut/../../algorithms/ut/algo_test.cpp:1280: Failure
Value of: rank <= 100
  Actual: false
Expected: true
graph/ut/../../algorithms/ut/algo_test.cpp:1280: Failure
Value of: rank <= 100
  Actual: false
Expected: true
graph/ut/../../algorithms/ut/algo_test.cpp:1280: Failure
Value of: rank <= 100
  Actual: false
Expected: true
graph/ut/../../algorithms/ut/algo_test.cpp:1280: Failure
Value of: rank <= 100
  Actual: false
Expected: true
graph/ut/../../algorithms/ut/algo_test.cpp:1280: Failure
Value of: rank <= 100
  Actual: false
Expected: true
graph/ut/../../algorithms/ut/algo_test.cpp:1280: Failure
Value of: rank <= 100
  Actual: false
Expected: true
graph/ut/../../algorithms/ut/algo_test.cpp:1280: Failure
Value of: rank <= 100
  Actual: false
Expected: true
graph/ut/../../algorithms/ut/algo_test.cpp:1280: Failure
Value of: rank <= 100
  Actual: false
Expected: true
graph/ut/../../algorithms/ut/algo_test.cpp:1280: Failure
Value of: rank <= 100
  Actual: false
Expected: true
graph/ut/../../algorithms/ut/algo_test.cpp:1280: Failure
Value of: rank <= 100
  Actual: false
Expected: true
graph/ut/../../algorithms/ut/algo_test.cpp:1280: Failure
Value of: rank <= 100
  Actual: false
Expected: true
graph/ut/../../algorithms/ut/algo_test.cpp:1280: Failure
Value of: rank <= 100
  Actual: false
Expected: true
graph/ut/../../algorithms/ut/algo_test.cpp:1280: Failure
Value of: rank <= 100
  Actual: false
Expected: true
graph/ut/../../algorithms/ut/algo_test.cpp:1280: Failure
Value of: rank <= 100
  Actual: false
Expected: true
graph/ut/../../algorithms/ut/algo_test.cpp:1280: Failure
Value of: rank <= 100
  Actual: false
Expected: true
graph/ut/../../algorithms/ut/algo_test.cpp:1280: Failure
Value of: rank <= 100
  Actual: false
Expected: true
graph/ut/../../algorithms/ut/algo_test.cpp:1280: Failure
Value of: rank <= 100
  Actual: false
Expected: true
graph/ut/../../algorithms/ut/algo_test.cpp:1280: Failure
Value of: rank <= 100
  Actual: false
Expected: true
graph/ut/../../algorithms/ut/algo_test.cpp:1280: Failure
Value of: rank <= 100
  Actual: false
Expected: true
graph/ut/../../algorithms/ut/algo_test.cpp:1280: Failure
Value of: rank <= 100
  Actual: false
Expected: true
graph/ut/../../algorithms/ut/algo_test.cpp:1280: Failure
Value of: rank <= 100
  Actual: false
Expected: true
graph/ut/../../algorithms/ut/algo_test.cpp:1280: Failure
Value of: rank <= 100
  Actual: false
Expected: true
graph/ut/../../algorithms/ut/algo_test.cpp:1280: Failure
Value of: rank <= 100
  Actual: false
Expected: true
graph/ut/../../algorithms/ut/algo_test.cpp:1280: Failure
Value of: rank <= 100
  Actual: false
Expected: true
graph/ut/../../algorithms/ut/algo_test.cpp:1280: Failure
Value of: rank <= 100
  Actual: false
Expected: true
graph/ut/../../algorithms/ut/algo_test.cpp:1280: Failure
Value of: rank <= 100
  Actual: false
Expected: true
graph/ut/../../algorithms/ut/algo_test.cpp:1280: Failure
Value of: rank <= 100
  Actual: false
Expected: true
graph/ut/../../algorithms/ut/algo_test.cpp:1280: Failure
Value of: rank <= 100
  Actual: false
Expected: true
graph/ut/../../algorithms/ut/algo_test.cpp:1280: Failure
Value of: rank <= 100
  Actual: false
Expected: true
graph/ut/../../algorithms/ut/algo_test.cpp:1280: Failure
Value of: rank <= 100
  Actual: false
Expected: true
graph/ut/../../algorithms/ut/algo_test.cpp:1280: Failure
Value of: rank <= 100
  Actual: false
Expected: true
graph/ut/../../algorithms/ut/algo_test.cpp:1280: Failure
Value of: rank <= 100
  Actual: false
Expected: true
graph/ut/../../algorithms/ut/algo_test.cpp:1280: Failure
Value of: rank <= 100
  Actual: false
Expected: true
graph/ut/../../algorithms/ut/algo_test.cpp:1280: Failure
Value of: rank <= 100
  Actual: false
Expected: true
graph/ut/../../algorithms/ut/algo_test.cpp:1280: Failure
Value of: rank <= 100
  Actual: false
Expected: true
graph/ut/../../algorithms/ut/algo_test.cpp:1280: Failure
Value of: rank <= 100
  Actual: false
Expected: true
graph/ut/../../algorithms/ut/algo_test.cpp:1280: Failure
Value of: rank <= 100
  Actual: false
Expected: true
graph/ut/../../algorithms/ut/algo_test.cpp:1280: Failure
Value of: rank <= 100
  Actual: false
Expected: true
graph/ut/../../algorithms/ut/algo_test.cpp:1280: Failure
Value of: rank <= 100
  Actual: false
Expected: true
graph/ut/../../algorithms/ut/algo_test.cpp:1280: Failure
Value of: rank <= 100
  Actual: false
Expected: true
graph/ut/../../algorithms/ut/algo_test.cpp:1280: Failure
Value of: rank <= 100
  Actual: false
Expected: true
graph/ut/../../algorithms/ut/algo_test.cpp:1280: Failure
Value of: rank <= 100
  Actual: false
Expected: true
graph/ut/../../algorithms/ut/algo_test.cpp:1280: Failure
Value of: rank <= 100
  Actual: false
Expected: true
graph/ut/../../algorithms/ut/algo_test.cpp:1280: Failure
Value of: rank <= 100
  Actual: false
Expected: true
graph/ut/../../algorithms/ut/algo_test.cpp:1280: Failure
Value of: rank <= 100
  Actual: false
Expected: true
graph/ut/../../algorithms/ut/algo_test.cpp:1280: Failure
Value of: rank <= 100
  Actual: false
Expected: true
graph/ut/../../algorithms/ut/algo_test.cpp:1280: Failure
Value of: rank <= 100
  Actual: false
Expected: true
graph/ut/../../algorithms/ut/algo_test.cpp:1280: Failure
Value of: rank <= 100
  Actual: false
Expected: true
graph/ut/../../algorithms/ut/algo_test.cpp:1280: Failure
Value of: rank <= 100
  Actual: false
Expected: true
graph/ut/../../algorithms/ut/algo_test.cpp:1280: Failure
Value of: rank <= 100
  Actual: false
Expected: true
graph/ut/../../algorithms/ut/algo_test.cpp:1280: Failure
Value of: rank <= 100
  Actual: false
Expected: true
graph/ut/../../algorithms/ut/algo_test.cpp:1280: Failure
Value of: rank <= 100
  Actual: false
Expected: true
graph/ut/../../algorithms/ut/algo_test.cpp:1280: Failure
Value of: rank <= 100
  Actual: false
Expected: true
graph/ut/../../algorithms/ut/algo_test.cpp:1280: Failure
Value of: rank <= 100
  Actual: false
Expected: true
graph/ut/../../algorithms/ut/algo_test.cpp:1280: Failure
Value of: rank <= 100
  Actual: false
Expected: true
graph/ut/../../algorithms/ut/algo_test.cpp:1280: Failure
Value of: rank <= 100
  Actual: false
Expected: true
graph/ut/../../algorithms/ut/algo_test.cpp:1280: Failure
Value of: rank <= 100
  Actual: false
Expected: true
graph/ut/../../algorithms/ut/algo_test.cpp:1280: Failure
Value of: rank <= 100
  Actual: false
Expected: true
graph/ut/../../algorithms/ut/algo_test.cpp:1280: Failure
Value of: rank <= 100
  Actual: false
Expected: true
graph/ut/../../algorithms/ut/algo_test.cpp:1280: Failure
Value of: rank <= 100
  Actual: false
Expected: true
graph/ut/../../algorithms/ut/algo_test.cpp:1280: Failure
Value of: rank <= 100
  Actual: false
Expected: true
graph/ut/../../algorithms/ut/algo_test.cpp:1280: Failure
Value of: rank <= 100
  Actual: false
Expected: true
graph/ut/../../algorithms/ut/algo_test.cpp:1280: Failure
Value of: rank <= 100
  Actual: false
Expected: true
graph/ut/../../algorithms/ut/algo_test.cpp:1280: Failure
Value of: rank <= 100
  Actual: false
Expected: true
graph/ut/../../algorithms/ut/algo_test.cpp:1280: Failure
Value of: rank <= 100
  Actual: false
Expected: true
graph/ut/../../algorithms/ut/algo_test.cpp:1280: Failure
Value of: rank <= 100
  Actual: false
Expected: true
graph/ut/../../algorithms/ut/algo_test.cpp:1280: Failure
Value of: rank <= 100
  Actual: false
Expected: true
graph/ut/../../algorithms/ut/algo_test.cpp:1280: Failure
Value of: rank <= 100
  Actual: false
Expected: true
graph/ut/../../algorithms/ut/algo_test.cpp:1280: Failure
Value of: rank <= 100
  Actual: false
Expected: true
graph/ut/../../algorithms/ut/algo_test.cpp:1280: Failure
Value of: rank <= 100
  Actual: false
Expected: true
graph/ut/../../algorithms/ut/algo_test.cpp:1280: Failure
Value of: rank <= 100
  Actual: false
Expected: true
graph/ut/../../algorithms/ut/algo_test.cpp:1280: Failure
Value of: rank <= 100
  Actual: false
Expected: true
graph/ut/../../algorithms/ut/algo_test.cpp:1280: Failure
Value of: rank <= 100
  Actual: false
Expected: true
graph/ut/../../algorithms/ut/algo_test.cpp:1280: Failure
Value of: rank <= 100
  Actual: false
Expected: true
graph/ut/../../algorithms/ut/algo_test.cpp:1280: Failure
Value of: rank <= 100
  Actual: false
Expected: true
graph/ut/../../algorithms/ut/algo_test.cpp:1280: Failure
Value of: rank <= 100
  Actual: false
Expected: true
graph/ut/../../algorithms/ut/algo_test.cpp:1280: Failure
Value of: rank <= 100
  Actual: false
Expected: true
graph/ut/../../algorithms/ut/algo_test.cpp:1280: Failure
Value of: rank <= 100
  Actual: false
Expected: true
graph/ut/../../algorithms/ut/algo_test.cpp:1280: Failure
Value of: rank <= 100
  Actual: false
Expected: true
graph/ut/../../algorithms/ut/algo_test.cpp:1280: Failure
Value of: rank <= 100
  Actual: false
Expected: true
graph/ut/../../algorithms/ut/algo_test.cpp:1280: Failure
Value of: rank <= 100
  Actual: false
Expected: true
graph/ut/../../algorithms/ut/algo_test.cpp:1280: Failure
Value of: rank <= 100
  Actual: false
Expected: true
graph/ut/../../algorithms/ut/algo_test.cpp:1280: Failure
Value of: rank <= 100
  Actual: false
Expected: true
graph/ut/../../algorithms/ut/algo_test.cpp:1280: Failure
Value of: rank <= 100
  Actual: false
Expected: true
graph/ut/../../algorithms/ut/algo_test.cpp:1280: Failure
Value of: rank <= 100
  Actual: false
Expected: true
graph/ut/../../algorithms/ut/algo_test.cpp:1280: Failure
Value of: rank <= 100
  Actual: false
Expected: true
graph/ut/../../algorithms/ut/algo_test.cpp:1280: Failure
Value of: rank <= 100
  Actual: false
Expected: true
graph/ut/../../algorithms/ut/algo_test.cpp:1280: Failure
Value of: rank <= 100
  Actual: false
Expected: true
graph/ut/../../algorithms/ut/algo_test.cpp:1280: Failure
Value of: rank <= 100
  Actual: false
Expected: true
graph/ut/../../algorithms/ut/algo_test.cpp:1280: Failure
Value of: rank <= 100
  Actual: false
Expected: true
graph/ut/../../algorithms/ut/algo_test.cpp:1280: Failure
Value of: rank <= 100
  Actual: false
Expected: true
graph/ut/../../algorithms/ut/algo_test.cpp:1280: Failure
Value of: rank <= 100
  Actual: false
Expected: true
graph/ut/../../algorithms/ut/algo_test.cpp:1280: Failure
Value of: rank <= 100
  Actual: false
Expected: true
graph/ut/../../algorithms/ut/algo_test.cpp:1280: Failure
Value of: rank <= 100
  Actual: false
Expected: true
graph/ut/../../algorithms/ut/algo_test.cpp:1280: Failure
Value of: rank <= 100
  Actual: false
Expected: true
graph/ut/../../algorithms/ut/algo_test.cpp:1280: Failure
Value of: rank <= 100
  Actual: false
Expected: true
graph/ut/../../algorithms/ut/algo_test.cpp:1280: Failure
Value of: rank <= 100
  Actual: false
Expected: true
graph/ut/../../algorithms/ut/algo_test.cpp:1280: Failure
Value of: rank <= 100
  Actual: false
Expected: true
graph/ut/../../algorithms/ut/algo_test.cpp:1280: Failure
Value of: rank <= 100
  Actual: false
Expected: true
graph/ut/../../algorithms/ut/algo_test.cpp:1280: Failure
Value of: rank <= 100
  Actual: false
Expected: true
graph/ut/../../algorithms/ut/algo_test.cpp:1280: Failure
Value of: rank <= 100
  Actual: false
Expected: true
graph/ut/../../algorithms/ut/algo_test.cpp:1280: Failure
Value of: rank <= 100
  Actual: false
Expected: true
graph/ut/../../algorithms/ut/algo_test.cpp:1280: Failure
Value of: rank <= 100
  Actual: false
Expected: true
graph/ut/../../algorithms/ut/algo_test.cpp:1280: Failure
Value of: rank <= 100
  Actual: false
Expected: true
graph/ut/../../algorithms/ut/algo_test.cpp:1280: Failure
Value of: rank <= 100
  Actual: false
Expected: true
graph/ut/../../algorithms/ut/algo_test.cpp:1280: Failure
Value of: rank <= 100
  Actual: false
Expected: true
graph/ut/../../algorithms/ut/algo_test.cpp:1280: Failure
Value of: rank <= 100
  Actual: false
Expected: true
graph/ut/../../algorithms/ut/algo_test.cpp:1280: Failure
Value of: rank <= 100
  Actual: false
Expected: true
graph/ut/../../algorithms/ut/algo_test.cpp:1280: Failure
Value of: rank <= 100
  Actual: false
Expected: true
graph/ut/../../algorithms/ut/algo_test.cpp:1280: Failure
Value of: rank <= 100
  Actual: false
Expected: true
graph/ut/../../algorithms/ut/algo_test.cpp:1280: Failure
Value of: rank <= 100
  Actual: false
Expected: true
graph/ut/../../algorithms/ut/algo_test.cpp:1280: Failure
Value of: rank <= 100
  Actual: false
Expected: true
graph/ut/../../algorithms/ut/algo_test.cpp:1280: Failure
Value of: rank <= 100
  Actual: false
Expected: true
graph/ut/../../algorithms/ut/algo_test.cpp:1280: Failure
Value of: rank <= 100
  Actual: false
Expected: true
graph/ut/../../algorithms/ut/algo_test.cpp:1280: Failure
Value of: rank <= 100
  Actual: false
Expected: true
graph/ut/../../algorithms/ut/algo_test.cpp:1280: Failure
Value of: rank <= 100
  Actual: false
Expected: true
graph/ut/../../algorithms/ut/algo_test.cpp:1280: Failure
Value of: rank <= 100
  Actual: false
Expected: true
graph/ut/../../algorithms/ut/algo_test.cpp:1280: Failure
Value of: rank <= 100
  Actual: false
Expected: true
graph/ut/../../algorithms/ut/algo_test.cpp:1280: Failure
Value of: rank <= 100
  Actual: false
Expected: true
graph/ut/../../algorithms/ut/algo_test.cpp:1280: Failure
Value of: rank <= 100
  Actual: false
Expected: true
graph/ut/../../algorithms/ut/algo_test.cpp:1280: Failure
Value of: rank <= 100
  Actual: false
Expected: true
graph/ut/../../algorithms/ut/algo_test.cpp:1280: Failure
Value of: rank <= 100
  Actual: false
Expected: true
graph/ut/../../algorithms/ut/algo_test.cpp:1280: Failure
Value of: rank <= 100
  Actual: false
Expected: true
graph/ut/../../algorithms/ut/algo_test.cpp:1280: Failure
Value of: rank <= 100
  Actual: false
Expected: true
graph/ut/../../algorithms/ut/algo_test.cpp:1280: Failure
Value of: rank <= 100
  Actual: false
Expected: true
graph/ut/../../algorithms/ut/algo_test.cpp:1280: Failure
Value of: rank <= 100
  Actual: false
Expected: true
graph/ut/../../algorithms/ut/algo_test.cpp:1280: Failure
Value of: rank <= 100
  Actual: false
Expected: true
graph/ut/../../algorithms/ut/algo_test.cpp:1280: Failure
Value of: rank <= 100
  Actual: false
Expected: true
graph/ut/../../algorithms/ut/algo_test.cpp:1280: Failure
Value of: rank <= 100
  Actual: false
Expected: true
graph/ut/../../algorithms/ut/algo_test.cpp:1280: Failure
Value of: rank <= 100
  Actual: false
Expected: true
graph/ut/../../algorithms/ut/algo_test.cpp:1280: Failure
Value of: rank <= 100
  Actual: false
Expected: true
graph/ut/../../algorithms/ut/algo_test.cpp:1280: Failure
Value of: rank <= 100
  Actual: false
Expected: true
graph/ut/../../algorithms/ut/algo_test.cpp:1280: Failure
Value of: rank <= 100
  Actual: false
Expected: true
graph/ut/../../algorithms/ut/algo_test.cpp:1280: Failure
Value of: rank <= 100
  Actual: false
Expected: true
graph/ut/../../algorithms/ut/algo_test.cpp:1280: Failure
Value of: rank <= 100
  Actual: false
Expected: true
graph/ut/../../algorithms/ut/algo_test.cpp:1280: Failure
Value of: rank <= 100
  Actual: false
Expected: true
graph/ut/../../algorithms/ut/algo_test.cpp:1280: Failure
Value of: rank <= 100
  Actual: false
Expected: true
graph/ut/../../algorithms/ut/algo_test.cpp:1280: Failure
Value of: rank <= 100
  Actual: false
Expected: true
graph/ut/../../algorithms/ut/algo_test.cpp:1280: Failure
Value of: rank <= 100
  Actual: false
Expected: true
graph/ut/../../algorithms/ut/algo_test.cpp:1280: Failure
Value of: rank <= 100
  Actual: false
Expected: true
graph/ut/../../algorithms/ut/algo_test.cpp:1280: Failure
Value of: rank <= 100
  Actual: false
Expected: true
graph/ut/../../algorithms/ut/algo_test.cpp:1280: Failure
Value of: rank <= 100
  Actual: false
Expected: true
graph/ut/../../algorithms/ut/algo_test.cpp:1280: Failure
Value of: rank <= 100
  Actual: false
Expected: true
graph/ut/../../algorithms/ut/algo_test.cpp:1280: Failure
Value of: rank <= 100
  Actual: false
Expected: true
graph/ut/../../algorithms/ut/algo_test.cpp:1280: Failure
Value of: rank <= 100
  Actual: false
Expected: true
graph/ut/../../algorithms/ut/algo_test.cpp:1280: Failure
Value of: rank <= 100
  Actual: false
Expected: true
graph/ut/../../algorithms/ut/algo_test.cpp:1280: Failure
Value of: rank <= 100
  Actual: false
Expected: true
graph/ut/../../algorithms/ut/algo_test.cpp:1280: Failure
Value of: rank <= 100
  Actual: false
Expected: true
graph/ut/../../algorithms/ut/algo_test.cpp:1280: Failure
Value of: rank <= 100
  Actual: false
Expected: true
graph/ut/../../algorithms/ut/algo_test.cpp:1280: Failure
Value of: rank <= 100
  Actual: false
Expected: true
graph/ut/../../algorithms/ut/algo_test.cpp:1280: Failure
Value of: rank <= 100
  Actual: false
Expected: true
graph/ut/../../algorithms/ut/algo_test.cpp:1280: Failure
Value of: rank <= 100
  Actual: false
Expected: true
graph/ut/../../algorithms/ut/algo_test.cpp:1280: Failure
Value of: rank <= 100
  Actual: false
Expected: true
graph/ut/../../algorithms/ut/algo_test.cpp:1280: Failure
Value of: rank <= 100
  Actual: false
Expected: true
graph/ut/../../algorithms/ut/algo_test.cpp:1280: Failure
Value of: rank <= 100
  Actual: false
Expected: true
graph/ut/../../algorithms/ut/algo_test.cpp:1280: Failure
Value of: rank <= 100
  Actual: false
Expected: true
graph/ut/../../algorithms/ut/algo_test.cpp:1280: Failure
Value of: rank <= 100
  Actual: false
Expected: true
graph/ut/../../algorithms/ut/algo_test.cpp:1280: Failure
Value of: rank <= 100
  Actual: false
Expected: true
graph/ut/../../algorithms/ut/algo_test.cpp:1280: Failure
Value of: rank <= 100
  Actual: false
Expected: true
graph/ut/../../algorithms/ut/algo_test.cpp:1280: Failure
Value of: rank <= 100
  Actual: false
Expected: true
graph/ut/../../algorithms/ut/algo_test.cpp:1280: Failure
Value of: rank <= 100
  Actual: false
Expected: true
graph/ut/../../algorithms/ut/algo_test.cpp:1280: Failure
Value of: rank <= 100
  Actual: false
Expected: true
graph/ut/../../algorithms/ut/algo_test.cpp:1280: Failure
Value of: rank <= 100
  Actual: false
Expected: true
graph/ut/../../algorithms/ut/algo_test.cpp:1280: Failure
Value of: rank <= 100
  Actual: false
Expected: true
graph/ut/../../algorithms/ut/algo_test.cpp:1280: Failure
Value of: rank <= 100
  Actual: false
Expected: true
graph/ut/../../algorithms/ut/algo_test.cpp:1280: Failure
Value of: rank <= 100
  Actual: false
Expected: true
graph/ut/../../algorithms/ut/algo_test.cpp:1280: Failure
Value of: rank <= 100
  Actual: false
Expected: true
graph/ut/../../algorithms/ut/algo_test.cpp:1280: Failure
Value of: rank <= 100
  Actual: false
Expected: true
graph/ut/../../algorithms/ut/algo_test.cpp:1280: Failure
Value of: rank <= 100
  Actual: false
Expected: true
graph/ut/../../algorithms/ut/algo_test.cpp:1280: Failure
Value of: rank <= 100
  Actual: false
Expected: true
graph/ut/../../algorithms/ut/algo_test.cpp:1280: Failure
Value of: rank <= 100
  Actual: false
Expected: true
graph/ut/../../algorithms/ut/algo_test.cpp:1280: Failure
Value of: rank <= 100
  Actual: false
Expected: true
graph/ut/../../algorithms/ut/algo_test.cpp:1280: Failure
Value of: rank <= 100
  Actual: false
Expected: true
graph/ut/../../algorithms/ut/algo_test.cpp:1280: Failure
Value of: rank <= 100
  Actual: false
Expected: true
graph/ut/../../algorithms/ut/algo_test.cpp:1280: Failure
Value of: rank <= 100
  Actual: false
Expected: true
graph/ut/../../algorithms/ut/algo_test.cpp:1280: Failure
Value of: rank <= 100
  Actual: false
Expected: true
graph/ut/../../algorithms/ut/algo_test.cpp:1280: Failure
Value of: rank <= 100
  Actual: false
Expected: true
graph/ut/../../algorithms/ut/algo_test.cpp:1280: Failure
Value of: rank <= 100
  Actual: false
Expected: true
graph/ut/../../algorithms/ut/algo_test.cpp:1280: Failure
Value of: rank <= 100
  Actual: false
Expected: true
graph/ut/../../algorithms/ut/algo_test.cpp:1280: Failure
Value of: rank <= 100
  Actual: false
Expected: true
graph/ut/../../algorithms/ut/algo_test.cpp:1280: Failure
Value of: rank <= 100
  Actual: false
Expected: true
graph/ut/../../algorithms/ut/algo_test.cpp:1280: Failure
Value of: rank <= 100
  Actual: false
Expected: true
graph/ut/../../algorithms/ut/algo_test.cpp:1280: Failure
Value of: rank <= 100
  Actual: false
Expected: true
graph/ut/../../algorithms/ut/algo_test.cpp:1280: Failure
Value of: rank <= 100
  Actual: false
Expected: true
graph/ut/../../algorithms/ut/algo_test.cpp:1280: Failure
Value of: rank <= 100
  Actual: false
Expected: true
graph/ut/../../algorithms/ut/algo_test.cpp:1280: Failure
Value of: rank <= 100
  Actual: false
Expected: true
graph/ut/../../algorithms/ut/algo_test.cpp:1280: Failure
Value of: rank <= 100
  Actual: false
Expected: true
graph/ut/../../algorithms/ut/algo_test.cpp:1280: Failure
Value of: rank <= 100
  Actual: false
Expected: true
graph/ut/../../algorithms/ut/algo_test.cpp:1280: Failure
Value of: rank <= 100
  Actual: false
Expected: true
graph/ut/../../algorithms/ut/algo_test.cpp:1280: Failure
Value of: rank <= 100
  Actual: false
Expected: true
graph/ut/../../algorithms/ut/algo_test.cpp:1280: Failure
Value of: rank <= 100
  Actual: false
Expected: true
graph/ut/../../algorithms/ut/algo_test.cpp:1280: Failure
Value of: rank <= 100
  Actual: false
Expected: true
graph/ut/../../algorithms/ut/algo_test.cpp:1280: Failure
Value of: rank <= 100
  Actual: false
Expected: true
graph/ut/../../algorithms/ut/algo_test.cpp:1280: Failure
Value of: rank <= 100
  Actual: false
Expected: true
graph/ut/../../algorithms/ut/algo_test.cpp:1280: Failure
Value of: rank <= 100
  Actual: false
Expected: true
graph/ut/../../algorithms/ut/algo_test.cpp:1280: Failure
Value of: rank <= 100
  Actual: false
Expected: true
graph/ut/../../algorithms/ut/algo_test.cpp:1280: Failure
Value of: rank <= 100
  Actual: false
Expected: true
graph/ut/../../algorithms/ut/algo_test.cpp:1280: Failure
Value of: rank <= 100
  Actual: false
Expected: true
graph/ut/../../algorithms/ut/algo_test.cpp:1280: Failure
Value of: rank <= 100
  Actual: false
Expected: true
graph/ut/../../algorithms/ut/algo_test.cpp:1280: Failure
Value of: rank <= 100
  Actual: false
Expected: true
graph/ut/../../algorithms/ut/algo_test.cpp:1280: Failure
Value of: rank <= 100
  Actual: false
Expected: true
graph/ut/../../algorithms/ut/algo_test.cpp:1280: Failure
Value of: rank <= 100
  Actual: false
Expected: true
graph/ut/../../algorithms/ut/algo_test.cpp:1280: Failure
Value of: rank <= 100
  Actual: false
Expected: true
graph/ut/../../algorithms/ut/algo_test.cpp:1280: Failure
Value of: rank <= 100
  Actual: false
Expected: true
graph/ut/../../algorithms/ut/algo_test.cpp:1280: Failure
Value of: rank <= 100
  Actual: false
Expected: true
graph/ut/../../algorithms/ut/algo_test.cpp:1280: Failure
Value of: rank <= 100
  Actual: false
Expected: true
graph/ut/../../algorithms/ut/algo_test.cpp:1280: Failure
Value of: rank <= 100
  Actual: false
Expected: true
graph/ut/../../algorithms/ut/algo_test.cpp:1280: Failure
Value of: rank <= 100
  Actual: false
Expected: true
graph/ut/../../algorithms/ut/algo_test.cpp:1280: Failure
Value of: rank <= 100
  Actual: false
Expected: true
graph/ut/../../algorithms/ut/algo_test.cpp:1280: Failure
Value of: rank <= 100
  Actual: false
Expected: true
graph/ut/../../algorithms/ut/algo_test.cpp:1280: Failure
Value of: rank <= 100
  Actual: false
Expected: true
graph/ut/../../algorithms/ut/algo_test.cpp:1280: Failure
Value of: rank <= 100
  Actual: false
Expected: true
graph/ut/../../algorithms/ut/algo_test.cpp:1280: Failure
Value of: rank <= 100
  Actual: false
Expected: true
graph/ut/../../algorithms/ut/algo_test.cpp:1280: Failure
Value of: rank <= 100
  Actual: false
Expected: true
graph/ut/../../algorithms/ut/algo_test.cpp:1280: Failure
Value of: rank <= 100
  Actual: false
Expected: true
graph/ut/../../algorithms/ut/algo_test.cpp:1280: Failure
Value of: rank <= 100
  Actual: false
Expected: true
graph/ut/../../algorithms/ut/algo_test.cpp:1280: Failure
Value of: rank <= 100
  Actual: false
Expected: true
graph/ut/../../algorithms/ut/algo_test.cpp:1280: Failure
Value of: rank <= 100
  Actual: false
Expected: true
graph/ut/../../algorithms/ut/algo_test.cpp:1280: Failure
Value of: rank <= 100
  Actual: false
Expected: true
graph/ut/../../algorithms/ut/algo_test.cpp:1280: Failure
Value of: rank <= 100
  Actual: false
Expected: true
graph/ut/../../algorithms/ut/algo_test.cpp:1280: Failure
Value of: rank <= 100
  Actual: false
Expected: true
graph/ut/../../algorithms/ut/algo_test.cpp:1280: Failure
Value of: rank <= 100
  Actual: false
Expected: true
graph/ut/../../algorithms/ut/algo_test.cpp:1280: Failure
Value of: rank <= 100
  Actual: false
Expected: true
graph/ut/../../algorithms/ut/algo_test.cpp:1280: Failure
Value of: rank <= 100
  Actual: false
Expected: true
graph/ut/../../algorithms/ut/algo_test.cpp:1280: Failure
Value of: rank <= 100
  Actual: false
Expected: true
graph/ut/../../algorithms/ut/algo_test.cpp:1280: Failure
Value of: rank <= 100
  Actual: false
Expected: true
graph/ut/../../algorithms/ut/algo_test.cpp:1280: Failure
Value of: rank <= 100
  Actual: false
Expected: true
graph/ut/../../algorithms/ut/algo_test.cpp:1280: Failure
Value of: rank <= 100
  Actual: false
Expected: true
graph/ut/../../algorithms/ut/algo_test.cpp:1280: Failure
Value of: rank <= 100
  Actual: false
Expected: true
graph/ut/../../algorithms/ut/algo_test.cpp:1280: Failure
Value of: rank <= 100
  Actual: false
Expected: true
graph/ut/../../algorithms/ut/algo_test.cpp:1280: Failure
Value of: rank <= 100
  Actual: false
Expected: true
graph/ut/../../algorithms/ut/algo_test.cpp:1280: Failure
Value of: rank <= 100
  Actual: false
Expected: true
graph/ut/../../algorithms/ut/algo_test.cpp:1280: Failure
Value of: rank <= 100
  Actual: false
Expected: true
graph/ut/../../algorithms/ut/algo_test.cpp:1280: Failure
Value of: rank <= 100
  Actual: false
Expected: true
graph/ut/../../algorithms/ut/algo_test.cpp:1280: Failure
Value of: rank <= 100
  Actual: false
Expected: true
graph/ut/../../algorithms/ut/algo_test.cpp:1280: Failure
Value of: rank <= 100
  Actual: false
Expected: true
graph/ut/../../algorithms/ut/algo_test.cpp:1280: Failure
Value of: rank <= 100
  Actual: false
Expected: true
graph/ut/../../algorithms/ut/algo_test.cpp:1280: Failure
Value of: rank <= 100
  Actual: false
Expected: true
graph/ut/../../algorithms/ut/algo_test.cpp:1280: Failure
Value of: rank <= 100
  Actual: false
Expected: true
graph/ut/../../algorithms/ut/algo_test.cpp:1280: Failure
Value of: rank <= 100
  Actual: false
Expected: true
graph/ut/../../algorithms/ut/algo_test.cpp:1280: Failure
Value of: rank <= 100
  Actual: false
Expected: true
graph/ut/../../algorithms/ut/algo_test.cpp:1280: Failure
Value of: rank <= 100
  Actual: false
Expected: true
graph/ut/../../algorithms/ut/algo_test.cpp:1280: Failure
Value of: rank <= 100
  Actual: false
Expected: true
graph/ut/../../algorithms/ut/algo_test.cpp:1280: Failure
Value of: rank <= 100
  Actual: false
Expected: true
graph/ut/../../algorithms/ut/algo_test.cpp:1280: Failure
Value of: rank <= 100
  Actual: false
Expected: true
graph/ut/../../algorithms/ut/algo_test.cpp:1280: Failure
Value of: rank <= 100
  Actual: false
Expected: true
graph/ut/../../algorithms/ut/algo_test.cpp:1280: Failure
Value of: rank <= 100
  Actual: false
Expected: true
graph/ut/../../algorithms/ut/algo_test.cpp:1280: Failure
Value of: rank <= 100
  Actual: false
Expected: true
graph/ut/../../algorithms/ut/algo_test.cpp:1280: Failure
Value of: rank <= 100
  Actual: false
Expected: true
graph/ut/../../algorithms/ut/algo_test.cpp:1280: Failure
Value of: rank <= 100
  Actual: false
Expected: true
graph/ut/../../algorithms/ut/algo_test.cpp:1280: Failure
Value of: rank <= 100
  Actual: false
Expected: true
graph/ut/../../algorithms/ut/algo_test.cpp:1280: Failure
Value of: rank <= 100
  Actual: false
Expected: true
graph/ut/../../algorithms/ut/algo_test.cpp:1280: Failure
Value of: rank <= 100
  Actual: false
Expected: true
graph/ut/../../algorithms/ut/algo_test.cpp:1280: Failure
Value of: rank <= 100
  Actual: false
Expected: true
graph/ut/../../algorithms/ut/algo_test.cpp:1280: Failure
Value of: rank <= 100
  Actual: false
Expected: true
graph/ut/../../algorithms/ut/algo_test.cpp:1280: Failure
Value of: rank <= 100
  Actual: false
Expected: true
graph/ut/../../algorithms/ut/algo_test.cpp:1280: Failure
Value of: rank <= 100
  Actual: false
Expected: true
graph/ut/../../algorithms/ut/algo_test.cpp:1280: Failure
Value of: rank <= 100
  Actual: false
Expected: true
graph/ut/../../algorithms/ut/algo_test.cpp:1280: Failure
Value of: rank <= 100
  Actual: false
Expected: true
graph/ut/../../algorithms/ut/algo_test.cpp:1280: Failure
Value of: rank <= 100
  Actual: false
Expected: true
graph/ut/../../algorithms/ut/algo_test.cpp:1280: Failure
Value of: rank <= 100
  Actual: false
Expected: true
graph/ut/../../algorithms/ut/algo_test.cpp:1280: Failure
Value of: rank <= 100
  Actual: false
Expected: true
graph/ut/../../algorithms/ut/algo_test.cpp:1280: Failure
Value of: rank <= 100
  Actual: false
Expected: true
graph/ut/../../algorithms/ut/algo_test.cpp:1280: Failure
Value of: rank <= 100
  Actual: false
Expected: true
graph/ut/../../algorithms/ut/algo_test.cpp:1280: Failure
Value of: rank <= 100
  Actual: false
Expected: true
graph/ut/../../algorithms/ut/algo_test.cpp:1280: Failure
Value of: rank <= 100
  Actual: false
Expected: true
graph/ut/../../algorithms/ut/algo_test.cpp:1280: Failure
Value of: rank <= 100
  Actual: false
Expected: true
graph/ut/../../algorithms/ut/algo_test.cpp:1280: Failure
Value of: rank <= 100
  Actual: false
Expected: true
graph/ut/../../algorithms/ut/algo_test.cpp:1280: Failure
Value of: rank <= 100
  Actual: false
Expected: true
graph/ut/../../algorithms/ut/algo_test.cpp:1280: Failure
Value of: rank <= 100
  Actual: false
Expected: true
graph/ut/../../algorithms/ut/algo_test.cpp:1280: Failure
Value of: rank <= 100
  Actual: false
Expected: true
graph/ut/../../algorithms/ut/algo_test.cpp:1280: Failure
Value of: rank <= 100
  Actual: false
Expected: true
graph/ut/../../algorithms/ut/algo_test.cpp:1280: Failure
Value of: rank <= 100
  Actual: false
Expected: true
graph/ut/../../algorithms/ut/algo_test.cpp:1280: Failure
Value of: rank <= 100
  Actual: false
Expected: true
graph/ut/../../algorithms/ut/algo_test.cpp:1280: Failure
Value of: rank <= 100
  Actual: false
Expected: true
graph/ut/../../algorithms/ut/algo_test.cpp:1280: Failure
Value of: rank <= 100
  Actual: false
Expected: true
graph/ut/../../algorithms/ut/algo_test.cpp:1280: Failure
Value of: rank <= 100
  Actual: false
Expected: true
graph/ut/../../algorithms/ut/algo_test.cpp:1280: Failure
Value of: rank <= 100
  Actual: false
Expected: true
graph/ut/../../algorithms/ut/algo_test.cpp:1280: Failure
Value of: rank <= 100
  Actual: false
Expected: true
graph/ut/../../algorithms/ut/algo_test.cpp:1280: Failure
Value of: rank <= 100
  Actual: false
Expected: true
graph/ut/../../algorithms/ut/algo_test.cpp:1280: Failure
Value of: rank <= 100
  Actual: false
Expected: true
graph/ut/../../algorithms/ut/algo_test.cpp:1280: Failure
Value of: rank <= 100
  Actual: false
Expected: true
graph/ut/../../algorithms/ut/algo_test.cpp:1280: Failure
Value of: rank <= 100
  Actual: false
Expected: true
graph/ut/../../algorithms/ut/algo_test.cpp:1280: Failure
Value of: rank <= 100
  Actual: false
Expected: true
graph/ut/../../algorithms/ut/algo_test.cpp:1280: Failure
Value of: rank <= 100
  Actual: false
Expected: true
graph/ut/../../algorithms/ut/algo_test.cpp:1280: Failure
Value of: rank <= 100
  Actual: false
Expected: true
graph/ut/../../algorithms/ut/algo_test.cpp:1280: Failure
Value of: rank <= 100
  Actual: false
Expected: true
graph/ut/../../algorithms/ut/algo_test.cpp:1280: Failure
Value of: rank <= 100
  Actual: false
Expected: true
graph/ut/../../algorithms/ut/algo_test.cpp:1280: Failure
Value of: rank <= 100
  Actual: false
Expected: true
graph/ut/../../algorithms/ut/algo_test.cpp:1280: Failure
Value of: rank <= 100
  Actual: false
Expected: true
graph/ut/../../algorithms/ut/algo_test.cpp:1280: Failure
Value of: rank <= 100
  Actual: false
Expected: true
graph/ut/../../algorithms/ut/algo_test.cpp:1280: Failure
Value of: rank <= 100
  Actual: false
Expected: true
graph/ut/../../algorithms/ut/algo_test.cpp:1280: Failure
Value of: rank <= 100
  Actual: false
Expected: true
graph/ut/../../algorithms/ut/algo_test.cpp:1280: Failure
Value of: rank <= 100
  Actual: false
Expected: true
graph/ut/../../algorithms/ut/algo_test.cpp:1280: Failure
Value of: rank <= 100
  Actual: false
Expected: true
graph/ut/../../algorithms/ut/algo_test.cpp:1280: Failure
Value of: rank <= 100
  Actual: false
Expected: true
graph/ut/../../algorithms/ut/algo_test.cpp:1280: Failure
Value of: rank <= 100
  Actual: false
Expected: true
graph/ut/../../algorithms/ut/algo_test.cpp:1280: Failure
Value of: rank <= 100
  Actual: false
Expected: true
graph/ut/../../algorithms/ut/algo_test.cpp:1280: Failure
Value of: rank <= 100
  Actual: false
Expected: true
graph/ut/../../algorithms/ut/algo_test.cpp:1280: Failure
Value of: rank <= 100
  Actual: false
Expected: true
graph/ut/../../algorithms/ut/algo_test.cpp:1280: Failure
Value of: rank <= 100
  Actual: false
Expected: true
graph/ut/../../algorithms/ut/algo_test.cpp:1280: Failure
Value of: rank <= 100
  Actual: false
Expected: true
graph/ut/../../algorithms/ut/algo_test.cpp:1280: Failure
Value of: rank <= 100
  Actual: false
Expected: true
graph/ut/../../algorithms/ut/algo_test.cpp:1280: Failure
Value of: rank <= 100
  Actual: false
Expected: true
graph/ut/../../algorithms/ut/algo_test.cpp:1280: Failure
Value of: rank <= 100
  Actual: false
Expected: true
graph/ut/../../algorithms/ut/algo_test.cpp:1280: Failure
Value of: rank <= 100
  Actual: false
Expected: true
graph/ut/../../algorithms/ut/algo_test.cpp:1280: Failure
Value of: rank <= 100
  Actual: false
Expected: true
graph/ut/../../algorithms/ut/algo_test.cpp:1280: Failure
Value of: rank <= 100
  Actual: false
Expected: true
graph/ut/../../algorithms/ut/algo_test.cpp:1280: Failure
Value of: rank <= 100
  Actual: false
Expected: true
graph/ut/../../algorithms/ut/algo_test.cpp:1280: Failure
Value of: rank <= 100
  Actual: false
Expected: true
graph/ut/../../algorithms/ut/algo_test.cpp:1280: Failure
Value of: rank <= 100
  Actual: false
Expected: true
graph/ut/../../algorithms/ut/algo_test.cpp:1280: Failure
Value of: rank <= 100
  Actual: false
Expected: true
graph/ut/../../algorithms/ut/algo_test.cpp:1280: Failure
Value of: rank <= 100
  Actual: false
Expected: true
graph/ut/../../algorithms/ut/algo_test.cpp:1280: Failure
Value of: rank <= 100
  Actual: false
Expected: true
graph/ut/../../algorithms/ut/algo_test.cpp:1280: Failure
Value of: rank <= 100
  Actual: false
Expected: true
graph/ut/../../algorithms/ut/algo_test.cpp:1280: Failure
Value of: rank <= 100
  Actual: false
Expected: true
graph/ut/../../algorithms/ut/algo_test.cpp:1280: Failure
Value of: rank <= 100
  Actual: false
Expected: true
graph/ut/../../algorithms/ut/algo_test.cpp:1280: Failure
Value of: rank <= 100
  Actual: false
Expected: true
graph/ut/../../algorithms/ut/algo_test.cpp:1280: Failure
Value of: rank <= 100
  Actual: false
Expected: true
graph/ut/../../algorithms/ut/algo_test.cpp:1280: Failure
Value of: rank <= 100
  Actual: false
Expected: true
graph/ut/../../algorithms/ut/algo_test.cpp:1280: Failure
Value of: rank <= 100
  Actual: false
Expected: true
graph/ut/../../algorithms/ut/algo_test.cpp:1280: Failure
Value of: rank <= 100
  Actual: false
Expected: true
graph/ut/../../algorithms/ut/algo_test.cpp:1280: Failure
Value of: rank <= 100
  Actual: false
Expected: true
graph/ut/../../algorithms/ut/algo_test.cpp:1280: Failure
Value of: rank <= 100
  Actual: false
Expected: true
graph/ut/../../algorithms/ut/algo_test.cpp:1280: Failure
Value of: rank <= 100
  Actual: false
Expected: true
graph/ut/../../algorithms/ut/algo_test.cpp:1280: Failure
Value of: rank <= 100
  Actual: false
Expected: true
graph/ut/../../algorithms/ut/algo_test.cpp:1280: Failure
Value of: rank <= 100
  Actual: false
Expected: true
graph/ut/../../algorithms/ut/algo_test.cpp:1280: Failure
Value of: rank <= 100
  Actual: false
Expected: true
graph/ut/../../algorithms/ut/algo_test.cpp:1280: Failure
Value of: rank <= 100
  Actual: false
Expected: true
graph/ut/../../algorithms/ut/algo_test.cpp:1280: Failure
Value of: rank <= 100
  Actual: false
Expected: true
graph/ut/../../algorithms/ut/algo_test.cpp:1280: Failure
Value of: rank <= 100
  Actual: false
Expected: true
graph/ut/../../algorithms/ut/algo_test.cpp:1280: Failure
Value of: rank <= 100
  Actual: false
Expected: true
graph/ut/../../algorithms/ut/algo_test.cpp:1280: Failure
Value of: rank <= 100
  Actual: false
Expected: true
graph/ut/../../algorithms/ut/algo_test.cpp:1280: Failure
Value of: rank <= 100
  Actual: false
Expected: true
graph/ut/../../algorithms/ut/algo_test.cpp:1280: Failure
Value of: rank <= 100
  Actual: false
Expected: true
graph/ut/../../algorithms/ut/algo_test.cpp:1280: Failure
Value of: rank <= 100
  Actual: false
Expected: true
graph/ut/../../algorithms/ut/algo_test.cpp:1280: Failure
Value of: rank <= 100
  Actual: false
Expected: true
graph/ut/../../algorithms/ut/algo_test.cpp:1280: Failure
Value of: rank <= 100
  Actual: false
Expected: true
graph/ut/../../algorithms/ut/algo_test.cpp:1280: Failure
Value of: rank <= 100
  Actual: false
Expected: true
graph/ut/../../algorithms/ut/algo_test.cpp:1280: Failure
Value of: rank <= 100
  Actual: false
Expected: true
graph/ut/../../algorithms/ut/algo_test.cpp:1280: Failure
Value of: rank <= 100
  Actual: false
Expected: true
graph/ut/../../algorithms/ut/algo_test.cpp:1280: Failure
Value of: rank <= 100
  Actual: false
Expected: true
graph/ut/../../algorithms/ut/algo_test.cpp:1280: Failure
Value of: rank <= 100
  Actual: false
Expected: true
graph/ut/../../algorithms/ut/algo_test.cpp:1280: Failure
Value of: rank <= 100
  Actual: false
Expected: true
graph/ut/../../algorithms/ut/algo_test.cpp:1280: Failure
Value of: rank <= 100
  Actual: false
Expected: true
graph/ut/../../algorithms/ut/algo_test.cpp:1280: Failure
Value of: rank <= 100
  Actual: false
Expected: true
graph/ut/../../algorithms/ut/algo_test.cpp:1280: Failure
Value of: rank <= 100
  Actual: false
Expected: true
graph/ut/../../algorithms/ut/algo_test.cpp:1280: Failure
Value of: rank <= 100
  Actual: false
Expected: true
graph/ut/../../algorithms/ut/algo_test.cpp:1280: Failure
Value of: rank <= 100
  Actual: false
Expected: true
graph/ut/../../algorithms/ut/algo_test.cpp:1280: Failure
Value of: rank <= 100
  Actual: false
Expected: true
graph/ut/../../algorithms/ut/algo_test.cpp:1280: Failure
Value of: rank <= 100
  Actual: false
Expected: true
graph/ut/../../algorithms/ut/algo_test.cpp:1280: Failure
Value of: rank <= 100
  Actual: false
Expected: true
graph/ut/../../algorithms/ut/algo_test.cpp:1280: Failure
Value of: rank <= 100
  Actual: false
Expected: true
graph/ut/../../algorithms/ut/algo_test.cpp:1280: Failure
Value of: rank <= 100
  Actual: false
Expected: true
graph/ut/../../algorithms/ut/algo_test.cpp:1280: Failure
Value of: rank <= 100
  Actual: false
Expected: true
graph/ut/../../algorithms/ut/algo_test.cpp:1280: Failure
Value of: rank <= 100
  Actual: false
Expected: true
graph/ut/../../algorithms/ut/algo_test.cpp:1280: Failure
Value of: rank <= 100
  Actual: false
Expected: true
graph/ut/../../algorithms/ut/algo_test.cpp:1280: Failure
Value of: rank <= 100
  Actual: false
Expected: true
graph/ut/../../algorithms/ut/algo_test.cpp:1280: Failure
Value of: rank <= 100
  Actual: false
Expected: true
graph/ut/../../algorithms/ut/algo_test.cpp:1280: Failure
Value of: rank <= 100
  Actual: false
Expected: true
graph/ut/../../algorithms/ut/algo_test.cpp:1280: Failure
Value of: rank <= 100
  Actual: false
Expected: true
graph/ut/../../algorithms/ut/algo_test.cpp:1280: Failure
Value of: rank <= 100
  Actual: false
Expected: true
graph/ut/../../algorithms/ut/algo_test.cpp:1280: Failure
Value of: rank <= 100
  Actual: false
Expected: true
graph/ut/../../algorithms/ut/algo_test.cpp:1280: Failure
Value of: rank <= 100
  Actual: false
Expected: true
graph/ut/../../algorithms/ut/algo_test.cpp:1280: Failure
Value of: rank <= 100
  Actual: false
Expected: true
graph/ut/../../algorithms/ut/algo_test.cpp:1280: Failure
Value of: rank <= 100
  Actual: false
Expected: true
graph/ut/../../algorithms/ut/algo_test.cpp:1280: Failure
Value of: rank <= 100
  Actual: false
Expected: true
graph/ut/../../algorithms/ut/algo_test.cpp:1280: Failure
Value of: rank <= 100
  Actual: false
Expected: true
graph/ut/../../algorithms/ut/algo_test.cpp:1280: Failure
Value of: rank <= 100
  Actual: false
Expected: true
graph/ut/../../algorithms/ut/algo_test.cpp:1280: Failure
Value of: rank <= 100
  Actual: false
Expected: true
graph/ut/../../algorithms/ut/algo_test.cpp:1280: Failure
Value of: rank <= 100
  Actual: false
Expected: true
graph/ut/../../algorithms/ut/algo_test.cpp:1280: Failure
Value of: rank <= 100
  Actual: false
Expected: true
graph/ut/../../algorithms/ut/algo_test.cpp:1280: Failure
Value of: rank <= 100
  Actual: false
Expected: true
graph/ut/../../algorithms/ut/algo_test.cpp:1280: Failure
Value of: rank <= 100
  Actual: false
Expected: true
graph/ut/../../algorithms/ut/algo_test.cpp:1280: Failure
Value of: rank <= 100
  Actual: false
Expected: true
graph/ut/../../algorithms/ut/algo_test.cpp:1280: Failure
Value of: rank <= 100
  Actual: false
Expected: true
graph/ut/../../algorithms/ut/algo_test.cpp:1280: Failure
Value of: rank <= 100
  Actual: false
Expected: true
graph/ut/../../algorithms/ut/algo_test.cpp:1280: Failure
Value of: rank <= 100
  Actual: false
Expected: true
graph/ut/../../algorithms/ut/algo_test.cpp:1280: Failure
Value of: rank <= 100
  Actual: false
Expected: true
graph/ut/../../algorithms/ut/algo_test.cpp:1280: Failure
Value of: rank <= 100
  Actual: false
Expected: true
graph/ut/../../algorithms/ut/algo_test.cpp:1280: Failure
Value of: rank <= 100
  Actual: false
Expected: true
graph/ut/../../algorithms/ut/algo_test.cpp:1280: Failure
Value of: rank <= 100
  Actual: false
Expected: true
graph/ut/../../algorithms/ut/algo_test.cpp:1280: Failure
Value of: rank <= 100
  Actual: false
Expected: true
graph/ut/../../algorithms/ut/algo_test.cpp:1280: Failure
Value of: rank <= 100
  Actual: false
Expected: true
graph/ut/../../algorithms/ut/algo_test.cpp:1280: Failure
Value of: rank <= 100
  Actual: false
Expected: true
graph/ut/../../algorithms/ut/algo_test.cpp:1280: Failure
Value of: rank <= 100
  Actual: false
Expected: true
graph/ut/../../algorithms/ut/algo_test.cpp:1280: Failure
Value of: rank <= 100
  Actual: false
Expected: true
graph/ut/../../algorithms/ut/algo_test.cpp:1280: Failure
Value of: rank <= 100
  Actual: false
Expected: true
graph/ut/../../algorithms/ut/algo_test.cpp:1280: Failure
Value of: rank <= 100
  Actual: false
Expected: true
graph/ut/../../algorithms/ut/algo_test.cpp:1280: Failure
Value of: rank <= 100
  Actual: false
Expected: true
graph/ut/../../algorithms/ut/algo_test.cpp:1280: Failure
Value of: rank <= 100
  Actual: false
Expected: true
graph/ut/../../algorithms/ut/algo_test.cpp:1280: Failure
Value of: rank <= 100
  Actual: false
Expected: true
graph/ut/../../algorithms/ut/algo_test.cpp:1280: Failure
Value of: rank <= 100
  Actual: false
Expected: true
graph/ut/../../algorithms/ut/algo_test.cpp:1280: Failure
Value of: rank <= 100
  Actual: false
Expected: true
graph/ut/../../algorithms/ut/algo_test.cpp:1280: Failure
Value of: rank <= 100
  Actual: false
Expected: true
graph/ut/../../algorithms/ut/algo_test.cpp:1280: Failure
Value of: rank <= 100
  Actual: false
Expected: true
graph/ut/../../algorithms/ut/algo_test.cpp:1280: Failure
Value of: rank <= 100
  Actual: false
Expected: true
graph/ut/../../algorithms/ut/algo_test.cpp:1280: Failure
Value of: rank <= 100
  Actual: false
Expected: true
graph/ut/../../algorithms/ut/algo_test.cpp:1280: Failure
Value of: rank <= 100
  Actual: false
Expected: true
graph/ut/../../algorithms/ut/algo_test.cpp:1280: Failure
Value of: rank <= 100
  Actual: false
Expected: true
graph/ut/../../algorithms/ut/algo_test.cpp:1280: Failure
Value of: rank <= 100
  Actual: false
Expected: true
graph/ut/../../algorithms/ut/algo_test.cpp:1280: Failure
Value of: rank <= 100
  Actual: false
Expected: true
graph/ut/../../algorithms/ut/algo_test.cpp:1280: Failure
Value of: rank <= 100
  Actual: false
Expected: true
graph/ut/../../algorithms/ut/algo_test.cpp:1280: Failure
Value of: rank <= 100
  Actual: false
Expected: true
graph/ut/../../algorithms/ut/algo_test.cpp:1280: Failure
Value of: rank <= 100
  Actual: false
Expected: true
graph/ut/../../algorithms/ut/algo_test.cpp:1280: Failure
Value of: rank <= 100
  Actual: false
Expected: true
graph/ut/../../algorithms/ut/algo_test.cpp:1280: Failure
Value of: rank <= 100
  Actual: false
Expected: true
graph/ut/../../algorithms/ut/algo_test.cpp:1280: Failure
Value of: rank <= 100
  Actual: false
Expected: true
graph/ut/../../algorithms/ut/algo_test.cpp:1280: Failure
Value of: rank <= 100
  Actual: false
Expected: true
graph/ut/../../algorithms/ut/algo_test.cpp:1280: Failure
Value of: rank <= 100
  Actual: false
Expected: true
graph/ut/../../algorithms/ut/algo_test.cpp:1280: Failure
Value of: rank <= 100
  Actual: false
Expected: true
graph/ut/../../algorithms/ut/algo_test.cpp:1280: Failure
Value of: rank <= 100
  Actual: false
Expected: true
graph/ut/../../algorithms/ut/algo_test.cpp:1280: Failure
Value of: rank <= 100
  Actual: false
Expected: true
graph/ut/../../algorithms/ut/algo_test.cpp:1280: Failure
Value of: rank <= 100
  Actual: false
Expected: true
graph/ut/../../algorithms/ut/algo_test.cpp:1280: Failure
Value of: rank <= 100
  Actual: false
Expected: true
graph/ut/../../algorithms/ut/algo_test.cpp:1280: Failure
Value of: rank <= 100
  Actual: false
Expected: true
graph/ut/../../algorithms/ut/algo_test.cpp:1280: Failure
Value of: rank <= 100
  Actual: false
Expected: true
graph/ut/../../algorithms/ut/algo_test.cpp:1280: Failure
Value of: rank <= 100
  Actual: false
Expected: true
graph/ut/../../algorithms/ut/algo_test.cpp:1280: Failure
Value of: rank <= 100
  Actual: false
Expected: true
graph/ut/../../algorithms/ut/algo_test.cpp:1280: Failure
Value of: rank <= 100
  Actual: false
Expected: true
graph/ut/../../algorithms/ut/algo_test.cpp:1280: Failure
Value of: rank <= 100
  Actual: false
Expected: true
graph/ut/../../algorithms/ut/algo_test.cpp:1280: Failure
Value of: rank <= 100
  Actual: false
Expected: true
graph/ut/../../algorithms/ut/algo_test.cpp:1280: Failure
Value of: rank <= 100
  Actual: false
Expected: true
graph/ut/../../algorithms/ut/algo_test.cpp:1280: Failure
Value of: rank <= 100
  Actual: false
Expected: true
graph/ut/../../algorithms/ut/algo_test.cpp:1280: Failure
Value of: rank <= 100
  Actual: false
Expected: true
graph/ut/../../algorithms/ut/algo_test.cpp:1280: Failure
Value of: rank <= 100
  Actual: false
Expected: true
graph/ut/../../algorithms/ut/algo_test.cpp:1280: Failure
Value of: rank <= 100
  Actual: false
Expected: true
graph/ut/../../algorithms/ut/algo_test.cpp:1280: Failure
Value of: rank <= 100
  Actual: false
Expected: true
graph/ut/../../algorithms/ut/algo_test.cpp:1280: Failure
Value of: rank <= 100
  Actual: false
Expected: true
graph/ut/../../algorithms/ut/algo_test.cpp:1280: Failure
Value of: rank <= 100
  Actual: false
Expected: true
graph/ut/../../algorithms/ut/algo_test.cpp:1280: Failure
Value of: rank <= 100
  Actual: false
Expected: true
graph/ut/../../algorithms/ut/algo_test.cpp:1280: Failure
Value of: rank <= 100
  Actual: false
Expected: true
graph/ut/../../algorithms/ut/algo_test.cpp:1280: Failure
Value of: rank <= 100
  Actual: false
Expected: true
graph/ut/../../algorithms/ut/algo_test.cpp:1280: Failure
Value of: rank <= 100
  Actual: false
Expected: true
graph/ut/../../algorithms/ut/algo_test.cpp:1280: Failure
Value of: rank <= 100
  Actual: false
Expected: true
graph/ut/../../algorithms/ut/algo_test.cpp:1280: Failure
Value of: rank <= 100
  Actual: false
Expected: true
graph/ut/../../algorithms/ut/algo_test.cpp:1280: Failure
Value of: rank <= 100
  Actual: false
Expected: true
graph/ut/../../algorithms/ut/algo_test.cpp:1280: Failure
Value of: rank <= 100
  Actual: false
Expected: true
graph/ut/../../algorithms/ut/algo_test.cpp:1280: Failure
Value of: rank <= 100
  Actual: false
Expected: true
graph/ut/../../algorithms/ut/algo_test.cpp:1280: Failure
Value of: rank <= 100
  Actual: false
Expected: true
graph/ut/../../algorithms/ut/algo_test.cpp:1280: Failure
Value of: rank <= 100
  Actual: false
Expected: true
graph/ut/../../algorithms/ut/algo_test.cpp:1280: Failure
Value of: rank <= 100
  Actual: false
Expected: true
graph/ut/../../algorithms/ut/algo_test.cpp:1280: Failure
Value of: rank <= 100
  Actual: false
Expected: true
graph/ut/../../algorithms/ut/algo_test.cpp:1280: Failure
Value of: rank <= 100
  Actual: false
Expected: true
graph/ut/../../algorithms/ut/algo_test.cpp:1280: Failure
Value of: rank <= 100
  Actual: false
Expected: true
graph/ut/../../algorithms/ut/algo_test.cpp:1280: Failure
Value of: rank <= 100
  Actual: false
Expected: true
graph/ut/../../algorithms/ut/algo_test.cpp:1280: Failure
Value of: rank <= 100
  Actual: false
Expected: true
graph/ut/../../algorithms/ut/algo_test.cpp:1280: Failure
Value of: rank <= 100
  Actual: false
Expected: true
graph/ut/../../algorithms/ut/algo_test.cpp:1280: Failure
Value of: rank <= 100
  Actual: false
Expected: true
graph/ut/../../algorithms/ut/algo_test.cpp:1280: Failure
Value of: rank <= 100
  Actual: false
Expected: true
graph/ut/../../algorithms/ut/algo_test.cpp:1280: Failure
Value of: rank <= 100
  Actual: false
Expected: true
graph/ut/../../algorithms/ut/algo_test.cpp:1280: Failure
Value of: rank <= 100
  Actual: false
Expected: true
graph/ut/../../algorithms/ut/algo_test.cpp:1280: Failure
Value of: rank <= 100
  Actual: false
Expected: true
graph/ut/../../algorithms/ut/algo_test.cpp:1280: Failure
Value of: rank <= 100
  Actual: false
Expected: true
graph/ut/../../algorithms/ut/algo_test.cpp:1280: Failure
Value of: rank <= 100
  Actual: false
Expected: true
graph/ut/../../algorithms/ut/algo_test.cpp:1280: Failure
Value of: rank <= 100
  Actual: false
Expected: true
graph/ut/../../algorithms/ut/algo_test.cpp:1280: Failure
Value of: rank <= 100
  Actual: false
Expected: true
graph/ut/../../algorithms/ut/algo_test.cpp:1280: Failure
Value of: rank <= 100
  Actual: false
Expected: true
graph/ut/../../algorithms/ut/algo_test.cpp:1280: Failure
Value of: rank <= 100
  Actual: false
Expected: true
graph/ut/../../algorithms/ut/algo_test.cpp:1280: Failure
Value of: rank <= 100
  Actual: false
Expected: true
graph/ut/../../algorithms/ut/algo_test.cpp:1280: Failure
Value of: rank <= 100
  Actual: false
Expected: true
graph/ut/../../algorithms/ut/algo_test.cpp:1280: Failure
Value of: rank <= 100
  Actual: false
Expected: true
graph/ut/../../algorithms/ut/algo_test.cpp:1280: Failure
Value of: rank <= 100
  Actual: false
Expected: true
graph/ut/../../algorithms/ut/algo_test.cpp:1280: Failure
Value of: rank <= 100
  Actual: false
Expected: true
graph/ut/../../algorithms/ut/algo_test.cpp:1280: Failure
Value of: rank <= 100
  Actual: false
Expected: true
graph/ut/../../algorithms/ut/algo_test.cpp:1280: Failure
Value of: rank <= 100
  Actual: false
Expected: true
graph/ut/../../algorithms/ut/algo_test.cpp:1280: Failure
Value of: rank <= 100
  Actual: false
Expected: true
graph/ut/../../algorithms/ut/algo_test.cpp:1280: Failure
Value of: rank <= 100
  Actual: false
Expected: true
graph/ut/../../algorithms/ut/algo_test.cpp:1280: Failure
Value of: rank <= 100
  Actual: false
Expected: true
graph/ut/../../algorithms/ut/algo_test.cpp:1280: Failure
Value of: rank <= 100
  Actual: false
Expected: true
graph/ut/../../algorithms/ut/algo_test.cpp:1280: Failure
Value of: rank <= 100
  Actual: false
Expected: true
graph/ut/../../algorithms/ut/algo_test.cpp:1280: Failure
Value of: rank <= 100
  Actual: false
Expected: true
graph/ut/../../algorithms/ut/algo_test.cpp:1280: Failure
Value of: rank <= 100
  Actual: false
Expected: true
graph/ut/../../algorithms/ut/algo_test.cpp:1280: Failure
Value of: rank <= 100
  Actual: false
Expected: true
graph/ut/../../algorithms/ut/algo_test.cpp:1280: Failure
Value of: rank <= 100
  Actual: false
Expected: true
graph/ut/../../algorithms/ut/algo_test.cpp:1280: Failure
Value of: rank <= 100
  Actual: false
Expected: true
graph/ut/../../algorithms/ut/algo_test.cpp:1280: Failure
Value of: rank <= 100
  Actual: false
Expected: true
graph/ut/../../algorithms/ut/algo_test.cpp:1280: Failure
Value of: rank <= 100
  Actual: false
Expected: true
graph/ut/../../algorithms/ut/algo_test.cpp:1280: Failure
Value of: rank <= 100
  Actual: false
Expected: true
graph/ut/../../algorithms/ut/algo_test.cpp:1280: Failure
Value of: rank <= 100
  Actual: false
Expected: true
graph/ut/../../algorithms/ut/algo_test.cpp:1280: Failure
Value of: rank <= 100
  Actual: false
Expected: true
graph/ut/../../algorithms/ut/algo_test.cpp:1280: Failure
Value of: rank <= 100
  Actual: false
Expected: true
graph/ut/../../algorithms/ut/algo_test.cpp:1280: Failure
Value of: rank <= 100
  Actual: false
Expected: true
graph/ut/../../algorithms/ut/algo_test.cpp:1280: Failure
Value of: rank <= 100
  Actual: false
Expected: true
graph/ut/../../algorithms/ut/algo_test.cpp:1280: Failure
Value of: rank <= 100
  Actual: false
Expected: true
graph/ut/../../algorithms/ut/algo_test.cpp:1280: Failure
Value of: rank <= 100
  Actual: false
Expected: true
graph/ut/../../algorithms/ut/algo_test.cpp:1280: Failure
Value of: rank <= 100
  Actual: false
Expected: true
graph/ut/../../algorithms/ut/algo_test.cpp:1280: Failure
Value of: rank <= 100
  Actual: false
Expected: true
graph/ut/../../algorithms/ut/algo_test.cpp:1280: Failure
Value of: rank <= 100
  Actual: false
Expected: true
graph/ut/../../algorithms/ut/algo_test.cpp:1280: Failure
Value of: rank <= 100
  Actual: false
Expected: true
graph/ut/../../algorithms/ut/algo_test.cpp:1280: Failure
Value of: rank <= 100
  Actual: false
Expected: true
graph/ut/../../algorithms/ut/algo_test.cpp:1280: Failure
Value of: rank <= 100
  Actual: false
Expected: true
graph/ut/../../algorithms/ut/algo_test.cpp:1280: Failure
Value of: rank <= 100
  Actual: false
Expected: true
graph/ut/../../algorithms/ut/algo_test.cpp:1280: Failure
Value of: rank <= 100
  Actual: false
Expected: true
graph/ut/../../algorithms/ut/algo_test.cpp:1280: Failure
Value of: rank <= 100
  Actual: false
Expected: true
graph/ut/../../algorithms/ut/algo_test.cpp:1280: Failure
Value of: rank <= 100
  Actual: false
Expected: true
graph/ut/../../algorithms/ut/algo_test.cpp:1280: Failure
Value of: rank <= 100
  Actual: false
Expected: true
graph/ut/../../algorithms/ut/algo_test.cpp:1280: Failure
Value of: rank <= 100
  Actual: false
Expected: true
graph/ut/../../algorithms/ut/algo_test.cpp:1280: Failure
Value of: rank <= 100
  Actual: false
Expected: true
graph/ut/../../algorithms/ut/algo_test.cpp:1280: Failure
Value of: rank <= 100
  Actual: false
Expected: true
graph/ut/../../algorithms/ut/algo_test.cpp:1280: Failure
Value of: rank <= 100
  Actual: false
Expected: true
graph/ut/../../algorithms/ut/algo_test.cpp:1280: Failure
Value of: rank <= 100
  Actual: false
Expected: true
graph/ut/../../algorithms/ut/algo_test.cpp:1280: Failure
Value of: rank <= 100
  Actual: false
Expected: true
graph/ut/../../algorithms/ut/algo_test.cpp:1280: Failure
Value of: rank <= 100
  Actual: false
Expected: true
graph/ut/../../algorithms/ut/algo_test.cpp:1280: Failure
Value of: rank <= 100
  Actual: false
Expected: true
graph/ut/../../algorithms/ut/algo_test.cpp:1280: Failure
Value of: rank <= 100
  Actual: false
Expected: true
graph/ut/../../algorithms/ut/algo_test.cpp:1280: Failure
Value of: rank <= 100
  Actual: false
Expected: true
graph/ut/../../algorithms/ut/algo_test.cpp:1280: Failure
Value of: rank <= 100
  Actual: false
Expected: true
graph/ut/../../algorithms/ut/algo_test.cpp:1280: Failure
Value of: rank <= 100
  Actual: false
Expected: true
graph/ut/../../algorithms/ut/algo_test.cpp:1280: Failure
Value of: rank <= 100
  Actual: false
Expected: true
graph/ut/../../algorithms/ut/algo_test.cpp:1280: Failure
Value of: rank <= 100
  Actual: false
Expected: true
graph/ut/../../algorithms/ut/algo_test.cpp:1280: Failure
Value of: rank <= 100
  Actual: false
Expected: true
graph/ut/../../algorithms/ut/algo_test.cpp:1280: Failure
Value of: rank <= 100
  Actual: false
Expected: true
graph/ut/../../algorithms/ut/algo_test.cpp:1280: Failure
Value of: rank <= 100
  Actual: false
Expected: true
graph/ut/../../algorithms/ut/algo_test.cpp:1280: Failure
Value of: rank <= 100
  Actual: false
Expected: true
graph/ut/../../algorithms/ut/algo_test.cpp:1280: Failure
Value of: rank <= 100
  Actual: false
Expected: true
graph/ut/../../algorithms/ut/algo_test.cpp:1280: Failure
Value of: rank <= 100
  Actual: false
Expected: true
graph/ut/../../algorithms/ut/algo_test.cpp:1280: Failure
Value of: rank <= 100
  Actual: false
Expected: true
graph/ut/../../algorithms/ut/algo_test.cpp:1280: Failure
Value of: rank <= 100
  Actual: false
Expected: true
graph/ut/../../algorithms/ut/algo_test.cpp:1280: Failure
Value of: rank <= 100
  Actual: false
Expected: true
graph/ut/../../algorithms/ut/algo_test.cpp:1280: Failure
Value of: rank <= 100
  Actual: false
Expected: true
graph/ut/../../algorithms/ut/algo_test.cpp:1280: Failure
Value of: rank <= 100
  Actual: false
Expected: true
graph/ut/../../algorithms/ut/algo_test.cpp:1280: Failure
Value of: rank <= 100
  Actual: false
Expected: true
graph/ut/../../algorithms/ut/algo_test.cpp:1280: Failure
Value of: rank <= 100
  Actual: false
Expected: true
graph/ut/../../algorithms/ut/algo_test.cpp:1280: Failure
Value of: rank <= 100
  Actual: false
Expected: true
graph/ut/../../algorithms/ut/algo_test.cpp:1280: Failure
Value of: rank <= 100
  Actual: false
Expected: true
graph/ut/../../algorithms/ut/algo_test.cpp:1280: Failure
Value of: rank <= 100
  Actual: false
Expected: true
graph/ut/../../algorithms/ut/algo_test.cpp:1280: Failure
Value of: rank <= 100
  Actual: false
Expected: true
graph/ut/../../algorithms/ut/algo_test.cpp:1280: Failure
Value of: rank <= 100
  Actual: false
Expected: true
graph/ut/../../algorithms/ut/algo_test.cpp:1280: Failure
Value of: rank <= 100
  Actual: false
Expected: true
graph/ut/../../algorithms/ut/algo_test.cpp:1280: Failure
Value of: rank <= 100
  Actual: false
Expected: true
graph/ut/../../algorithms/ut/algo_test.cpp:1280: Failure
Value of: rank <= 100
  Actual: false
Expected: true
graph/ut/../../algorithms/ut/algo_test.cpp:1280: Failure
Value of: rank <= 100
  Actual: false
Expected: true
graph/ut/../../algorithms/ut/algo_test.cpp:1280: Failure
Value of: rank <= 100
  Actual: false
Expected: true
graph/ut/../../algorithms/ut/algo_test.cpp:1280: Failure
Value of: rank <= 100
  Actual: false
Expected: true
graph/ut/../../algorithms/ut/algo_test.cpp:1280: Failure
Value of: rank <= 100
  Actual: false
Expected: true
graph/ut/../../algorithms/ut/algo_test.cpp:1280: Failure
Value of: rank <= 100
  Actual: false
Expected: true
graph/ut/../../algorithms/ut/algo_test.cpp:1280: Failure
Value of: rank <= 100
  Actual: false
Expected: true
graph/ut/../../algorithms/ut/algo_test.cpp:1280: Failure
Value of: rank <= 100
  Actual: false
Expected: true
graph/ut/../../algorithms/ut/algo_test.cpp:1280: Failure
Value of: rank <= 100
  Actual: false
Expected: true
graph/ut/../../algorithms/ut/algo_test.cpp:1280: Failure
Value of: rank <= 100
  Actual: false
Expected: true
graph/ut/../../algorithms/ut/algo_test.cpp:1280: Failure
Value of: rank <= 100
  Actual: false
Expected: true
graph/ut/../../algorithms/ut/algo_test.cpp:1280: Failure
Value of: rank <= 100
  Actual: false
Expected: true
graph/ut/../../algorithms/ut/algo_test.cpp:1280: Failure
Value of: rank <= 100
  Actual: false
Expected: true
graph/ut/../../algorithms/ut/algo_test.cpp:1280: Failure
Value of: rank <= 100
  Actual: false
Expected: true
graph/ut/../../algorithms/ut/algo_test.cpp:1280: Failure
Value of: rank <= 100
  Actual: false
Expected: true
graph/ut/../../algorithms/ut/algo_test.cpp:1280: Failure
Value of: rank <= 100
  Actual: false
Expected: true
graph/ut/../../algorithms/ut/algo_test.cpp:1280: Failure
Value of: rank <= 100
  Actual: false
Expected: true
graph/ut/../../algorithms/ut/algo_test.cpp:1280: Failure
Value of: rank <= 100
  Actual: false
Expected: true
graph/ut/../../algorithms/ut/algo_test.cpp:1280: Failure
Value of: rank <= 100
  Actual: false
Expected: true
graph/ut/../../algorithms/ut/algo_test.cpp:1280: Failure
Value of: rank <= 100
  Actual: false
Expected: true
graph/ut/../../algorithms/ut/algo_test.cpp:1280: Failure
Value of: rank <= 100
  Actual: false
Expected: true
graph/ut/../../algorithms/ut/algo_test.cpp:1280: Failure
Value of: rank <= 100
  Actual: false
Expected: true
graph/ut/../../algorithms/ut/algo_test.cpp:1280: Failure
Value of: rank <= 100
  Actual: false
Expected: true
graph/ut/../../algorithms/ut/algo_test.cpp:1280: Failure
Value of: rank <= 100
  Actual: false
Expected: true
graph/ut/../../algorithms/ut/algo_test.cpp:1280: Failure
Value of: rank <= 100
  Actual: false
Expected: true
graph/ut/../../algorithms/ut/algo_test.cpp:1280: Failure
Value of: rank <= 100
  Actual: false
Expected: true
graph/ut/../../algorithms/ut/algo_test.cpp:1280: Failure
Value of: rank <= 100
  Actual: false
Expected: true
graph/ut/../../algorithms/ut/algo_test.cpp:1280: Failure
Value of: rank <= 100
  Actual: false
Expected: true
graph/ut/../../algorithms/ut/algo_test.cpp:1280: Failure
Value of: rank <= 100
  Actual: false
Expected: true
graph/ut/../../algorithms/ut/algo_test.cpp:1280: Failure
Value of: rank <= 100
  Actual: false
Expected: true
graph/ut/../../algorithms/ut/algo_test.cpp:1280: Failure
Value of: rank <= 100
  Actual: false
Expected: true
graph/ut/../../algorithms/ut/algo_test.cpp:1280: Failure
Value of: rank <= 100
  Actual: false
Expected: true
graph/ut/../../algorithms/ut/algo_test.cpp:1280: Failure
Value of: rank <= 100
  Actual: false
Expected: true
graph/ut/../../algorithms/ut/algo_test.cpp:1280: Failure
Value of: rank <= 100
  Actual: false
Expected: true
graph/ut/../../algorithms/ut/algo_test.cpp:1280: Failure
Value of: rank <= 100
  Actual: false
Expected: true
graph/ut/../../algorithms/ut/algo_test.cpp:1280: Failure
Value of: rank <= 100
  Actual: false
Expected: true
graph/ut/../../algorithms/ut/algo_test.cpp:1280: Failure
Value of: rank <= 100
  Actual: false
Expected: true
graph/ut/../../algorithms/ut/algo_test.cpp:1280: Failure
Value of: rank <= 100
  Actual: false
Expected: true
graph/ut/../../algorithms/ut/algo_test.cpp:1280: Failure
Value of: rank <= 100
  Actual: false
Expected: true
graph/ut/../../algorithms/ut/algo_test.cpp:1280: Failure
Value of: rank <= 100
  Actual: false
Expected: true
graph/ut/../../algorithms/ut/algo_test.cpp:1280: Failure
Value of: rank <= 100
  Actual: false
Expected: true
graph/ut/../../algorithms/ut/algo_test.cpp:1280: Failure
Value of: rank <= 100
  Actual: false
Expected: true
graph/ut/../../algorithms/ut/algo_test.cpp:1280: Failure
Value of: rank <= 100
  Actual: false
Expected: true
graph/ut/../../algorithms/ut/algo_test.cpp:1280: Failure
Value of: rank <= 100
  Actual: false
Expected: true
graph/ut/../../algorithms/ut/algo_test.cpp:1280: Failure
Value of: rank <= 100
  Actual: false
Expected: true
graph/ut/../../algorithms/ut/algo_test.cpp:1280: Failure
Value of: rank <= 100
  Actual: false
Expected: true
graph/ut/../../algorithms/ut/algo_test.cpp:1280: Failure
Value of: rank <= 100
  Actual: false
Expected: true
graph/ut/../../algorithms/ut/algo_test.cpp:1280: Failure
Value of: rank <= 100
  Actual: false
Expected: true
graph/ut/../../algorithms/ut/algo_test.cpp:1280: Failure
Value of: rank <= 100
  Actual: false
Expected: true
graph/ut/../../algorithms/ut/algo_test.cpp:1280: Failure
Value of: rank <= 100
  Actual: false
Expected: true
graph/ut/../../algorithms/ut/algo_test.cpp:1280: Failure
Value of: rank <= 100
  Actual: false
Expected: true
graph/ut/../../algorithms/ut/algo_test.cpp:1280: Failure
Value of: rank <= 100
  Actual: false
Expected: true
graph/ut/../../algorithms/ut/algo_test.cpp:1280: Failure
Value of: rank <= 100
  Actual: false
Expected: true
graph/ut/../../algorithms/ut/algo_test.cpp:1280: Failure
Value of: rank <= 100
  Actual: false
Expected: true
graph/ut/../../algorithms/ut/algo_test.cpp:1280: Failure
Value of: rank <= 100
  Actual: false
Expected: true
graph/ut/../../algorithms/ut/algo_test.cpp:1280: Failure
Value of: rank <= 100
  Actual: false
Expected: true
graph/ut/../../algorithms/ut/algo_test.cpp:1280: Failure
Value of: rank <= 100
  Actual: false
Expected: true
graph/ut/../../algorithms/ut/algo_test.cpp:1280: Failure
Value of: rank <= 100
  Actual: false
Expected: true
graph/ut/../../algorithms/ut/algo_test.cpp:1280: Failure
Value of: rank <= 100
  Actual: false
Expected: true
graph/ut/../../algorithms/ut/algo_test.cpp:1280: Failure
Value of: rank <= 100
  Actual: false
Expected: true
graph/ut/../../algorithms/ut/algo_test.cpp:1280: Failure
Value of: rank <= 100
  Actual: false
Expected: true
graph/ut/../../algorithms/ut/algo_test.cpp:1280: Failure
Value of: rank <= 100
  Actual: false
Expected: true
graph/ut/../../algorithms/ut/algo_test.cpp:1280: Failure
Value of: rank <= 100
  Actual: false
Expected: true
graph/ut/../../algorithms/ut/algo_test.cpp:1280: Failure
Value of: rank <= 100
  Actual: false
Expected: true
graph/ut/../../algorithms/ut/algo_test.cpp:1280: Failure
Value of: rank <= 100
  Actual: false
Expected: true
graph/ut/../../algorithms/ut/algo_test.cpp:1280: Failure
Value of: rank <= 100
  Actual: false
Expected: true
graph/ut/../../algorithms/ut/algo_test.cpp:1280: Failure
Value of: rank <= 100
  Actual: false
Expected: true
graph/ut/../../algorithms/ut/algo_test.cpp:1280: Failure
Value of: rank <= 100
  Actual: false
Expected: true
graph/ut/../../algorithms/ut/algo_test.cpp:1280: Failure
Value of: rank <= 100
  Actual: false
Expected: true
graph/ut/../../algorithms/ut/algo_test.cpp:1280: Failure
Value of: rank <= 100
  Actual: false
Expected: true
graph/ut/../../algorithms/ut/algo_test.cpp:1280: Failure
Value of: rank <= 100
  Actual: false
Expected: true
graph/ut/../../algorithms/ut/algo_test.cpp:1280: Failure
Value of: rank <= 100
  Actual: false
Expected: true
graph/ut/../../algorithms/ut/algo_test.cpp:1280: Failure
Value of: rank <= 100
  Actual: false
Expected: true
graph/ut/../../algorithms/ut/algo_test.cpp:1280: Failure
Value of: rank <= 100
  Actual: false
Expected: true
graph/ut/../../algorithms/ut/algo_test.cpp:1280: Failure
Value of: rank <= 100
  Actual: false
Expected: true
graph/ut/../../algorithms/ut/algo_test.cpp:1280: Failure
Value of: rank <= 100
  Actual: false
Expected: true
graph/ut/../../algorithms/ut/algo_test.cpp:1280: Failure
Value of: rank <= 100
  Actual: false
Expected: true
graph/ut/../../algorithms/ut/algo_test.cpp:1280: Failure
Value of: rank <= 100
  Actual: false
Expected: true
graph/ut/../../algorithms/ut/algo_test.cpp:1280: Failure
Value of: rank <= 100
  Actual: false
Expected: true
graph/ut/../../algorithms/ut/algo_test.cpp:1280: Failure
Value of: rank <= 100
  Actual: false
Expected: true
graph/ut/../../algorithms/ut/algo_test.cpp:1280: Failure
Value of: rank <= 100
  Actual: false
Expected: true
graph/ut/../../algorithms/ut/algo_test.cpp:1280: Failure
Value of: rank <= 100
  Actual: false
Expected: true
graph/ut/../../algorithms/ut/algo_test.cpp:1280: Failure
Value of: rank <= 100
  Actual: false
Expected: true
graph/ut/../../algorithms/ut/algo_test.cpp:1280: Failure
Value of: rank <= 100
  Actual: false
Expected: true
graph/ut/../../algorithms/ut/algo_test.cpp:1280: Failure
Value of: rank <= 100
  Actual: false
Expected: true
graph/ut/../../algorithms/ut/algo_test.cpp:1280: Failure
Value of: rank <= 100
  Actual: false
Expected: true
graph/ut/../../algorithms/ut/algo_test.cpp:1280: Failure
Value of: rank <= 100
  Actual: false
Expected: true
graph/ut/../../algorithms/ut/algo_test.cpp:1280: Failure
Value of: rank <= 100
  Actual: false
Expected: true
graph/ut/../../algorithms/ut/algo_test.cpp:1280: Failure
Value of: rank <= 100
  Actual: false
Expected: true
graph/ut/../../algorithms/ut/algo_test.cpp:1280: Failure
Value of: rank <= 100
  Actual: false
Expected: true
graph/ut/../../algorithms/ut/algo_test.cpp:1280: Failure
Value of: rank <= 100
  Actual: false
Expected: true
graph/ut/../../algorithms/ut/algo_test.cpp:1280: Failure
Value of: rank <= 100
  Actual: false
Expected: true
graph/ut/../../algorithms/ut/algo_test.cpp:1280: Failure
Value of: rank <= 100
  Actual: false
Expected: true
graph/ut/../../algorithms/ut/algo_test.cpp:1280: Failure
Value of: rank <= 100
  Actual: false
Expected: true
graph/ut/../../algorithms/ut/algo_test.cpp:1280: Failure
Value of: rank <= 100
  Actual: false
Expected: true
graph/ut/../../algorithms/ut/algo_test.cpp:1280: Failure
Value of: rank <= 100
  Actual: false
Expected: true
graph/ut/../../algorithms/ut/algo_test.cpp:1280: Failure
Value of: rank <= 100
  Actual: false
Expected: true
graph/ut/../../algorithms/ut/algo_test.cpp:1280: Failure
Value of: rank <= 100
  Actual: false
Expected: true
graph/ut/../../algorithms/ut/algo_test.cpp:1280: Failure
Value of: rank <= 100
  Actual: false
Expected: true
graph/ut/../../algorithms/ut/algo_test.cpp:1280: Failure
Value of: rank <= 100
  Actual: false
Expected: true
graph/ut/../../algorithms/ut/algo_test.cpp:1280: Failure
Value of: rank <= 100
  Actual: false
Expected: true
graph/ut/../../algorithms/ut/algo_test.cpp:1280: Failure
Value of: rank <= 100
  Actual: false
Expected: true
graph/ut/../../algorithms/ut/algo_test.cpp:1280: Failure
Value of: rank <= 100
  Actual: false
Expected: true
graph/ut/../../algorithms/ut/algo_test.cpp:1280: Failure
Value of: rank <= 100
  Actual: false
Expected: true
graph/ut/../../algorithms/ut/algo_test.cpp:1280: Failure
Value of: rank <= 100
  Actual: false
Expected: true
graph/ut/../../algorithms/ut/algo_test.cpp:1280: Failure
Value of: rank <= 100
  Actual: false
Expected: true
graph/ut/../../algorithms/ut/algo_test.cpp:1280: Failure
Value of: rank <= 100
  Actual: false
Expected: true
graph/ut/../../algorithms/ut/algo_test.cpp:1280: Failure
Value of: rank <= 100
  Actual: false
Expected: true
graph/ut/../../algorithms/ut/algo_test.cpp:1280: Failure
Value of: rank <= 100
  Actual: false
Expected: true
graph/ut/../../algorithms/ut/algo_test.cpp:1280: Failure
Value of: rank <= 100
  Actual: false
Expected: true
graph/ut/../../algorithms/ut/algo_test.cpp:1280: Failure
Value of: rank <= 100
  Actual: false
Expected: true
graph/ut/../../algorithms/ut/algo_test.cpp:1280: Failure
Value of: rank <= 100
  Actual: false
Expected: true
graph/ut/../../algorithms/ut/algo_test.cpp:1280: Failure
Value of: rank <= 100
  Actual: false
Expected: true
graph/ut/../../algorithms/ut/algo_test.cpp:1280: Failure
Value of: rank <= 100
  Actual: false
Expected: true
graph/ut/../../algorithms/ut/algo_test.cpp:1280: Failure
Value of: rank <= 100
  Actual: false
Expected: true
graph/ut/../../algorithms/ut/algo_test.cpp:1280: Failure
Value of: rank <= 100
  Actual: false
Expected: true
graph/ut/../../algorithms/ut/algo_test.cpp:1280: Failure
Value of: rank <= 100
  Actual: false
Expected: true
graph/ut/../../algorithms/ut/algo_test.cpp:1280: Failure
Value of: rank <= 100
  Actual: false
Expected: true
graph/ut/../../algorithms/ut/algo_test.cpp:1280: Failure
Value of: rank <= 100
  Actual: false
Expected: true
graph/ut/../../algorithms/ut/algo_test.cpp:1280: Failure
Value of: rank <= 100
  Actual: false
Expected: true
graph/ut/../../algorithms/ut/algo_test.cpp:1280: Failure
Value of: rank <= 100
  Actual: false
Expected: true
graph/ut/../../algorithms/ut/algo_test.cpp:1280: Failure
Value of: rank <= 100
  Actual: false
Expected: true
graph/ut/../../algorithms/ut/algo_test.cpp:1280: Failure
Value of: rank <= 100
  Actual: false
Expected: true
graph/ut/../../algorithms/ut/algo_test.cpp:1280: Failure
Value of: rank <= 100
  Actual: false
Expected: true
graph/ut/../../algorithms/ut/algo_test.cpp:1280: Failure
Value of: rank <= 100
  Actual: false
Expected: true
graph/ut/../../algorithms/ut/algo_test.cpp:1280: Failure
Value of: rank <= 100
  Actual: false
Expected: true
graph/ut/../../algorithms/ut/algo_test.cpp:1280: Failure
Value of: rank <= 100
  Actual: false
Expected: true
graph/ut/../../algorithms/ut/algo_test.cpp:1280: Failure
Value of: rank <= 100
  Actual: false
Expected: true
graph/ut/../../algorithms/ut/algo_test.cpp:1280: Failure
Value of: rank <= 100
  Actual: false
Expected: true
graph/ut/../../algorithms/ut/algo_test.cpp:1280: Failure
Value of: rank <= 100
  Actual: false
Expected: true
graph/ut/../../algorithms/ut/algo_test.cpp:1280: Failure
Value of: rank <= 100
  Actual: false
Expected: true
graph/ut/../../algorithms/ut/algo_test.cpp:1280: Failure
Value of: rank <= 100
  Actual: false
Expected: true
graph/ut/../../algorithms/ut/algo_test.cpp:1280: Failure
Value of: rank <= 100
  Actual: false
Expected: true
graph/ut/../../algorithms/ut/algo_test.cpp:1280: Failure
Value of: rank <= 100
  Actual: false
Expected: true
graph/ut/../../algorithms/ut/algo_test.cpp:1280: Failure
Value of: rank <= 100
  Actual: false
Expected: true
graph/ut/../../algorithms/ut/algo_test.cpp:1280: Failure
Value of: rank <= 100
  Actual: false
Expected: true
graph/ut/../../algorithms/ut/algo_test.cpp:1280: Failure
Value of: rank <= 100
  Actual: false
Expected: true
graph/ut/../../algorithms/ut/algo_test.cpp:1280: Failure
Value of: rank <= 100
  Actual: false
Expected: true
graph/ut/../../algorithms/ut/algo_test.cpp:1280: Failure
Value of: rank <= 100
  Actual: false
Expected: true
graph/ut/../../algorithms/ut/algo_test.cpp:1280: Failure
Value of: rank <= 100
  Actual: false
Expected: true
graph/ut/../../algorithms/ut/algo_test.cpp:1280: Failure
Value of: rank <= 100
  Actual: false
Expected: true
graph/ut/../../algorithms/ut/algo_test.cpp:1280: Failure
Value of: rank <= 100
  Actual: false
Expected: true
graph/ut/../../algorithms/ut/algo_test.cpp:1280: Failure
Value of: rank <= 100
  Actual: false
Expected: true
graph/ut/../../algorithms/ut/algo_test.cpp:1280: Failure
Value of: rank <= 100
  Actual: false
Expected: true
graph/ut/../../algorithms/ut/algo_test.cpp:1280: Failure
Value of: rank <= 100
  Actual: false
Expected: true
graph/ut/../../algorithms/ut/algo_test.cpp:1280: Failure
Value of: rank <= 100
  Actual: false
Expected: true
graph/ut/../../algorithms/ut/algo_test.cpp:1280: Failure
Value of: rank <= 100
  Actual: false
Expected: true
graph/ut/../../algorithms/ut/algo_test.cpp:1280: Failure
Value of: rank <= 100
  Actual: false
Expected: true
graph/ut/../../algorithms/ut/algo_test.cpp:1280: Failure
Value of: rank <= 100
  Actual: false
Expected: true
graph/ut/../../algorithms/ut/algo_test.cpp:1280: Failure
Value of: rank <= 100
  Actual: false
Expected: true
graph/ut/../../algorithms/ut/algo_test.cpp:1280: Failure
Value of: rank <= 100
  Actual: false
Expected: true
graph/ut/../../algorithms/ut/algo_test.cpp:1280: Failure
Value of: rank <= 100
  Actual: false
Expected: true
graph/ut/../../algorithms/ut/algo_test.cpp:1280: Failure
Value of: rank <= 100
  Actual: false
Expected: true
graph/ut/../../algorithms/ut/algo_test.cpp:1280: Failure
Value of: rank <= 100
  Actual: false
Expected: true
graph/ut/../../algorithms/ut/algo_test.cpp:1280: Failure
Value of: rank <= 100
  Actual: false
Expected: true
graph/ut/../../algorithms/ut/algo_test.cpp:1280: Failure
Value of: rank <= 100
  Actual: false
Expected: true
graph/ut/../../algorithms/ut/algo_test.cpp:1280: Failure
Value of: rank <= 100
  Actual: false
Expected: true
graph/ut/../../algorithms/ut/algo_test.cpp:1280: Failure
Value of: rank <= 100
  Actual: false
Expected: true
graph/ut/../../algorithms/ut/algo_test.cpp:1280: Failure
Value of: rank <= 100
  Actual: false
Expected: true
graph/ut/../../algorithms/ut/algo_test.cpp:1280: Failure
Value of: rank <= 100
  Actual: false
Expected: true
graph/ut/../../algorithms/ut/algo_test.cpp:1280: Failure
Value of: rank <= 100
  Actual: false
Expected: true
graph/ut/../../algorithms/ut/algo_test.cpp:1280: Failure
Value of: rank <= 100
  Actual: false
Expected: true
graph/ut/../../algorithms/ut/algo_test.cpp:1280: Failure
Value of: rank <= 100
  Actual: false
Expected: true
graph/ut/../../algorithms/ut/algo_test.cpp:1280: Failure
Value of: rank <= 100
  Actual: false
Expected: true
graph/ut/../../algorithms/ut/algo_test.cpp:1280: Failure
Value of: rank <= 100
  Actual: false
Expected: true
graph/ut/../../algorithms/ut/algo_test.cpp:1280: Failure
Value of: rank <= 100
  Actual: false
Expected: true
graph/ut/../../algorithms/ut/algo_test.cpp:1280: Failure
Value of: rank <= 100
  Actual: false
Expected: true
graph/ut/../../algorithms/ut/algo_test.cpp:1280: Failure
Value of: rank <= 100
  Actual: false
Expected: true
graph/ut/../../algorithms/ut/algo_test.cpp:1280: Failure
Value of: rank <= 100
  Actual: false
Expected: true
graph/ut/../../algorithms/ut/algo_test.cpp:1280: Failure
Value of: rank <= 100
  Actual: false
Expected: true
graph/ut/../../algorithms/ut/algo_test.cpp:1280: Failure
Value of: rank <= 100
  Actual: false
Expected: true
graph/ut/../../algorithms/ut/algo_test.cpp:1280: Failure
Value of: rank <= 100
  Actual: false
Expected: true
graph/ut/../../algorithms/ut/algo_test.cpp:1280: Failure
Value of: rank <= 100
  Actual: false
Expected: true
graph/ut/../../algorithms/ut/algo_test.cpp:1280: Failure
Value of: rank <= 100
  Actual: false
Expected: true
graph/ut/../../algorithms/ut/algo_test.cpp:1280: Failure
Value of: rank <= 100
  Actual: false
Expected: true
graph/ut/../../algorithms/ut/algo_test.cpp:1280: Failure
Value of: rank <= 100
  Actual: false
Expected: true
graph/ut/../../algorithms/ut/algo_test.cpp:1280: Failure
Value of: rank <= 100
  Actual: false
Expected: true
graph/ut/../../algorithms/ut/algo_test.cpp:1280: Failure
Value of: rank <= 100
  Actual: false
Expected: true
graph/ut/../../algorithms/ut/algo_test.cpp:1280: Failure
Value of: rank <= 100
  Actual: false
Expected: true
graph/ut/../../algorithms/ut/algo_test.cpp:1280: Failure
Value of: rank <= 100
  Actual: false
Expected: true
graph/ut/../../algorithms/ut/algo_test.cpp:1280: Failure
Value of: rank <= 100
  Actual: false
Expected: true
graph/ut/../../algorithms/ut/algo_test.cpp:1280: Failure
Value of: rank <= 100
  Actual: false
Expected: true
graph/ut/../../algorithms/ut/algo_test.cpp:1280: Failure
Value of: rank <= 100
  Actual: false
Expected: true
graph/ut/../../algorithms/ut/algo_test.cpp:1280: Failure
Value of: rank <= 100
  Actual: false
Expected: true
graph/ut/../../algorithms/ut/algo_test.cpp:1280: Failure
Value of: rank <= 100
  Actual: false
Expected: true
graph/ut/../../algorithms/ut/algo_test.cpp:1280: Failure
Value of: rank <= 100
  Actual: false
Expected: true
graph/ut/../../algorithms/ut/algo_test.cpp:1280: Failure
Value of: rank <= 100
  Actual: false
Expected: true
graph/ut/../../algorithms/ut/algo_test.cpp:1280: Failure
Value of: rank <= 100
  Actual: false
Expected: true
graph/ut/../../algorithms/ut/algo_test.cpp:1280: Failure
Value of: rank <= 100
  Actual: false
Expected: true
graph/ut/../../algorithms/ut/algo_test.cpp:1280: Failure
Value of: rank <= 100
  Actual: false
Expected: true
graph/ut/../../algorithms/ut/algo_test.cpp:1280: Failure
Value of: rank <= 100
  Actual: false
Expected: true
graph/ut/../../algorithms/ut/algo_test.cpp:1280: Failure
Value of: rank <= 100
  Actual: false
Expected: true
graph/ut/../../algorithms/ut/algo_test.cpp:1280: Failure
Value of: rank <= 100
  Actual: false
Expected: true
graph/ut/../../algorithms/ut/algo_test.cpp:1280: Failure
Value of: rank <= 100
  Actual: false
Expected: true
graph/ut/../../algorithms/ut/algo_test.cpp:1280: Failure
Value of: rank <= 100
  Actual: false
Expected: true
graph/ut/../../algorithms/ut/algo_test.cpp:1280: Failure
Value of: rank <= 100
  Actual: false
Expected: true
graph/ut/../../algorithms/ut/algo_test.cpp:1280: Failure
Value of: rank <= 100
  Actual: false
Expected: true
graph/ut/../../algorithms/ut/algo_test.cpp:1280: Failure
Value of: rank <= 100
  Actual: false
Expected: true
graph/ut/../../algorithms/ut/algo_test.cpp:1280: Failure
Value of: rank <= 100
  Actual: false
Expected: true
graph/ut/../../algorithms/ut/algo_test.cpp:1280: Failure
Value of: rank <= 100
  Actual: false
Expected: true
graph/ut/../../algorithms/ut/algo_test.cpp:1280: Failure
Value of: rank <= 100
  Actual: false
Expected: true
graph/ut/../../algorithms/ut/algo_test.cpp:1280: Failure
Value of: rank <= 100
  Actual: false
Expected: true
graph/ut/../../algorithms/ut/algo_test.cpp:1280: Failure
Value of: rank <= 100
  Actual: false
Expected: true
graph/ut/../../algorithms/ut/algo_test.cpp:1280: Failure
Value of: rank <= 100
  Actual: false
Expected: true
graph/ut/../../algorithms/ut/algo_test.cpp:1280: Failure
Value of: rank <= 100
  Actual: false
Expected: true
graph/ut/../../algorithms/ut/algo_test.cpp:1280: Failure
Value of: rank <= 100
  Actual: false
Expected: true
graph/ut/../../algorithms/ut/algo_test.cpp:1280: Failure
Value of: rank <= 100
  Actual: false
Expected: true
graph/ut/../../algorithms/ut/algo_test.cpp:1280: Failure
Value of: rank <= 100
  Actual: false
Expected: true
graph/ut/../../algorithms/ut/algo_test.cpp:1280: Failure
Value of: rank <= 100
  Actual: false
Expected: true
graph/ut/../../algorithms/ut/algo_test.cpp:1280: Failure
Value of: rank <= 100
  Actual: false
Expected: true
graph/ut/../../algorithms/ut/algo_test.cpp:1280: Failure
Value of: rank <= 100
  Actual: false
Expected: true
graph/ut/../../algorithms/ut/algo_test.cpp:1280: Failure
Value of: rank <= 100
  Actual: false
Expected: true
graph/ut/../../algorithms/ut/algo_test.cpp:1280: Failure
Value of: rank <= 100
  Actual: false
Expected: true
graph/ut/../../algorithms/ut/algo_test.cpp:1280: Failure
Value of: rank <= 100
  Actual: false
Expected: true
graph/ut/../../algorithms/ut/algo_test.cpp:1280: Failure
Value of: rank <= 100
  Actual: false
Expected: true
graph/ut/../../algorithms/ut/algo_test.cpp:1280: Failure
Value of: rank <= 100
  Actual: false
Expected: true
graph/ut/../../algorithms/ut/algo_test.cpp:1280: Failure
Value of: rank <= 100
  Actual: false
Expected: true
graph/ut/../../algorithms/ut/algo_test.cpp:1280: Failure
Value of: rank <= 100
  Actual: false
Expected: true
graph/ut/../../algorithms/ut/algo_test.cpp:1280: Failure
Value of: rank <= 100
  Actual: false
Expected: true
graph/ut/../../algorithms/ut/algo_test.cpp:1280: Failure
Value of: rank <= 100
  Actual: false
Expected: true
graph/ut/../../algorithms/ut/algo_test.cpp:1280: Failure
Value of: rank <= 100
  Actual: false
Expected: true
graph/ut/../../algorithms/ut/algo_test.cpp:1280: Failure
Value of: rank <= 100
  Actual: false
Expected: true
graph/ut/../../algorithms/ut/algo_test.cpp:1280: Failure
Value of: rank <= 100
  Actual: false
Expected: true
graph/ut/../../algorithms/ut/algo_test.cpp:1280: Failure
Value of: rank <= 100
  Actual: false
Expected: true
graph/ut/../../algorithms/ut/algo_test.cpp:1280: Failure
Value of: rank <= 100
  Actual: false
Expected: true
graph/ut/../../algorithms/ut/algo_test.cpp:1280: Failure
Value of: rank <= 100
  Actual: false
Expected: true
graph/ut/../../algorithms/ut/algo_test.cpp:1280: Failure
Value of: rank <= 100
  Actual: false
Expected: true
graph/ut/../../algorithms/ut/algo_test.cpp:1280: Failure
Value of: rank <= 100
  Actual: false
Expected: true
graph/ut/../../algorithms/ut/algo_test.cpp:1280: Failure
Value of: rank <= 100
  Actual: false
Expected: true
graph/ut/../../algorithms/ut/algo_test.cpp:1280: Failure
Value of: rank <= 100
  Actual: false
Expected: true
graph/ut/../../algorithms/ut/algo_test.cpp:1280: Failure
Value of: rank <= 100
  Actual: false
Expected: true
graph/ut/../../algorithms/ut/algo_test.cpp:1280: Failure
Value of: rank <= 100
  Actual: false
Expected: true
graph/ut/../../algorithms/ut/algo_test.cpp:1280: Failure
Value of: rank <= 100
  Actual: false
Expected: true
graph/ut/../../algorithms/ut/algo_test.cpp:1280: Failure
Value of: rank <= 100
  Actual: false
Expected: true
graph/ut/../../algorithms/ut/algo_test.cpp:1280: Failure
Value of: rank <= 100
  Actual: false
Expected: true
graph/ut/../../algorithms/ut/algo_test.cpp:1280: Failure
Value of: rank <= 100
  Actual: false
Expected: true
graph/ut/../../algorithms/ut/algo_test.cpp:1280: Failure
Value of: rank <= 100
  Actual: false
Expected: true
graph/ut/../../algorithms/ut/algo_test.cpp:1280: Failure
Value of: rank <= 100
  Actual: false
Expected: true
graph/ut/../../algorithms/ut/algo_test.cpp:1280: Failure
Value of: rank <= 100
  Actual: false
Expected: true
graph/ut/../../algorithms/ut/algo_test.cpp:1280: Failure
Value of: rank <= 100
  Actual: false
Expected: true
graph/ut/../../algorithms/ut/algo_test.cpp:1280: Failure
Value of: rank <= 100
  Actual: false
Expected: true
graph/ut/../../algorithms/ut/algo_test.cpp:1280: Failure
Value of: rank <= 100
  Actual: false
Expected: true
graph/ut/../../algorithms/ut/algo_test.cpp:1280: Failure
Value of: rank <= 100
  Actual: false
Expected: true
graph/ut/../../algorithms/ut/algo_test.cpp:1280: Failure
Value of: rank <= 100
  Actual: false
Expected: true
graph/ut/../../algorithms/ut/algo_test.cpp:1280: Failure
Value of: rank <= 100
  Actual: false
Expected: true
graph/ut/../../algorithms/ut/algo_test.cpp:1280: Failure
Value of: rank <= 100
  Actual: false
Expected: true
graph/ut/../../algorithms/ut/algo_test.cpp:1280: Failure
Value of: rank <= 100
  Actual: false
Expected: true
graph/ut/../../algorithms/ut/algo_test.cpp:1280: Failure
Value of: rank <= 100
  Actual: false
Expected: true
graph/ut/../../algorithms/ut/algo_test.cpp:1280: Failure
Value of: rank <= 100
  Actual: false
Expected: true
graph/ut/../../algorithms/ut/algo_test.cpp:1280: Failure
Value of: rank <= 100
  Actual: false
Expected: true
graph/ut/../../algorithms/ut/algo_test.cpp:1280: Failure
Value of: rank <= 100
  Actual: false
Expected: true
graph/ut/../../algorithms/ut/algo_test.cpp:1280: Failure
Value of: rank <= 100
  Actual: false
Expected: true
graph/ut/../../algorithms/ut/algo_test.cpp:1280: Failure
Value of: rank <= 100
  Actual: false
Expected: true
graph/ut/../../algorithms/ut/algo_test.cpp:1280: Failure
Value of: rank <= 100
  Actual: false
Expected: true
graph/ut/../../algorithms/ut/algo_test.cpp:1280: Failure
Value of: rank <= 100
  Actual: false
Expected: true
graph/ut/../../algorithms/ut/algo_test.cpp:1280: Failure
Value of: rank <= 100
  Actual: false
Expected: true
graph/ut/../../algorithms/ut/algo_test.cpp:1280: Failure
Value of: rank <= 100
  Actual: false
Expected: true
graph/ut/../../algorithms/ut/algo_test.cpp:1280: Failure
Value of: rank <= 100
  Actual: false
Expected: true
graph/ut/../../algorithms/ut/algo_test.cpp:1280: Failure
Value of: rank <= 100
  Actual: false
Expected: true
graph/ut/../../algorithms/ut/algo_test.cpp:1280: Failure
Value of: rank <= 100
  Actual: false
Expected: true
graph/ut/../../algorithms/ut/algo_test.cpp:1280: Failure
Value of: rank <= 100
  Actual: false
Expected: true
graph/ut/../../algorithms/ut/algo_test.cpp:1280: Failure
Value of: rank <= 100
  Actual: false
Expected: true
graph/ut/../../algorithms/ut/algo_test.cpp:1280: Failure
Value of: rank <= 100
  Actual: false
Expected: true
graph/ut/../../algorithms/ut/algo_test.cpp:1280: Failure
Value of: rank <= 100
  Actual: false
Expected: true
graph/ut/../../algorithms/ut/algo_test.cpp:1280: Failure
Value of: rank <= 100
  Actual: false
Expected: true
graph/ut/../../algorithms/ut/algo_test.cpp:1280: Failure
Value of: rank <= 100
  Actual: false
Expected: true
graph/ut/../../algorithms/ut/algo_test.cpp:1280: Failure
Value of: rank <= 100
  Actual: false
Expected: true
graph/ut/../../algorithms/ut/algo_test.cpp:1280: Failure
Value of: rank <= 100
  Actual: false
Expected: true
graph/ut/../../algorithms/ut/algo_test.cpp:1280: Failure
Value of: rank <= 100
  Actual: false
Expected: true
graph/ut/../../algorithms/ut/algo_test.cpp:1280: Failure
Value of: rank <= 100
  Actual: false
Expected: true
graph/ut/../../algorithms/ut/algo_test.cpp:1280: Failure
Value of: rank <= 100
  Actual: false
Expected: true
graph/ut/../../algorithms/ut/algo_test.cpp:1280: Failure
Value of: rank <= 100
  Actual: false
Expected: true
graph/ut/../../algorithms/ut/algo_test.cpp:1280: Failure
Value of: rank <= 100
  Actual: false
Expected: true
graph/ut/../../algorithms/ut/algo_test.cpp:1280: Failure
Value of: rank <= 100
  Actual: false
Expected: true
graph/ut/../../algorithms/ut/algo_test.cpp:1280: Failure
Value of: rank <= 100
  Actual: false
Expected: true
graph/ut/../../algorithms/ut/algo_test.cpp:1280: Failure
Value of: rank <= 100
  Actual: false
Expected: true
graph/ut/../../algorithms/ut/algo_test.cpp:1280: Failure
Value of: rank <= 100
  Actual: false
Expected: true
graph/ut/../../algorithms/ut/algo_test.cpp:1280: Failure
Value of: rank <= 100
  Actual: false
Expected: true
graph/ut/../../algorithms/ut/algo_test.cpp:1280: Failure
Value of: rank <= 100
  Actual: false
Expected: true
graph/ut/../../algorithms/ut/algo_test.cpp:1280: Failure
Value of: rank <= 100
  Actual: false
Expected: true
graph/ut/../../algorithms/ut/algo_test.cpp:1280: Failure
Value of: rank <= 100
  Actual: false
Expected: true
graph/ut/../../algorithms/ut/algo_test.cpp:1280: Failure
Value of: rank <= 100
  Actual: false
Expected: true
graph/ut/../../algorithms/ut/algo_test.cpp:1280: Failure
Value of: rank <= 100
  Actual: false
Expected: true
graph/ut/../../algorithms/ut/algo_test.cpp:1280: Failure
Value of: rank <= 100
  Actual: false
Expected: true
graph/ut/../../algorithms/ut/algo_test.cpp:1280: Failure
Value of: rank <= 100
  Actual: false
Expected: true
graph/ut/../../algorithms/ut/algo_test.cpp:1280: Failure
Value of: rank <= 100
  Actual: false
Expected: true
graph/ut/../../algorithms/ut/algo_test.cpp:1280: Failure
Value of: rank <= 100
  Actual: false
Expected: true
graph/ut/../../algorithms/ut/algo_test.cpp:1280: Failure
Value of: rank <= 100
  Actual: false
Expected: true
graph/ut/../../algorithms/ut/algo_test.cpp:1280: Failure
Value of: rank <= 100
  Actual: false
Expected: true
graph/ut/../../algorithms/ut/algo_test.cpp:1280: Failure
Value of: rank <= 100
  Actual: false
Expected: true
graph/ut/../../algorithms/ut/algo_test.cpp:1280: Failure
Value of: rank <= 100
  Actual: false
Expected: true
graph/ut/../../algorithms/ut/algo_test.cpp:1280: Failure
Value of: rank <= 100
  Actual: false
Expected: true
graph/ut/../../algorithms/ut/algo_test.cpp:1280: Failure
Value of: rank <= 100
  Actual: false
Expected: true
graph/ut/../../algorithms/ut/algo_test.cpp:1280: Failure
Value of: rank <= 100
  Actual: false
Expected: true
graph/ut/../../algorithms/ut/algo_test.cpp:1280: Failure
Value of: rank <= 100
  Actual: false
Expected: true
graph/ut/../../algorithms/ut/algo_test.cpp:1280: Failure
Value of: rank <= 100
  Actual: false
Expected: true
graph/ut/../../algorithms/ut/algo_test.cpp:1280: Failure
Value of: rank <= 100
  Actual: false
Expected: true
graph/ut/../../algorithms/ut/algo_test.cpp:1280: Failure
Value of: rank <= 100
  Actual: false
Expected: true
graph/ut/../../algorithms/ut/algo_test.cpp:1280: Failure
Value of: rank <= 100
  Actual: false
Expected: true
graph/ut/../../algorithms/ut/algo_test.cpp:1280: Failure
Value of: rank <= 100
  Actual: false
Expected: true
graph/ut/../../algorithms/ut/algo_test.cpp:1280: Failure
Value of: rank <= 100
  Actual: false
Expected: true
graph/ut/../../algorithms/ut/algo_test.cpp:1280: Failure
Value of: rank <= 100
  Actual: false
Expected: true
graph/ut/../../algorithms/ut/algo_test.cpp:1280: Failure
Value of: rank <= 100
  Actual: false
Expected: true
graph/ut/../../algorithms/ut/algo_test.cpp:1280: Failure
Value of: rank <= 100
  Actual: false
Expected: true
graph/ut/../../algorithms/ut/algo_test.cpp:1280: Failure
Value of: rank <= 100
  Actual: false
Expected: true
graph/ut/../../algorithms/ut/algo_test.cpp:1280: Failure
Value of: rank <= 100
  Actual: false
Expected: true
graph/ut/../../algorithms/ut/algo_test.cpp:1280: Failure
Value of: rank <= 100
  Actual: false
Expected: true
graph/ut/../../algorithms/ut/algo_test.cpp:1280: Failure
Value of: rank <= 100
  Actual: false
Expected: true
graph/ut/../../algorithms/ut/algo_test.cpp:1280: Failure
Value of: rank <= 100
  Actual: false
Expected: true
graph/ut/../../algorithms/ut/algo_test.cpp:1280: Failure
Value of: rank <= 100
  Actual: false
Expected: true
graph/ut/../../algorithms/ut/algo_test.cpp:1280: Failure
Value of: rank <= 100
  Actual: false
Expected: true
graph/ut/../../algorithms/ut/algo_test.cpp:1280: Failure
Value of: rank <= 100
  Actual: false
Expected: true
graph/ut/../../algorithms/ut/algo_test.cpp:1280: Failure
Value of: rank <= 100
  Actual: false
Expected: true
graph/ut/../../algorithms/ut/algo_test.cpp:1280: Failure
Value of: rank <= 100
  Actual: false
Expected: true
graph/ut/../../algorithms/ut/algo_test.cpp:1280: Failure
Value of: rank <= 100
  Actual: false
Expected: true
graph/ut/../../algorithms/ut/algo_test.cpp:1280: Failure
Value of: rank <= 100
  Actual: false
Expected: true
graph/ut/../../algorithms/ut/algo_test.cpp:1280: Failure
Value of: rank <= 100
  Actual: false
Expected: true
graph/ut/../../algorithms/ut/algo_test.cpp:1280: Failure
Value of: rank <= 100
  Actual: false
Expected: true
graph/ut/../../algorithms/ut/algo_test.cpp:1280: Failure
Value of: rank <= 100
  Actual: false
Expected: true
graph/ut/../../algorithms/ut/algo_test.cpp:1280: Failure
Value of: rank <= 100
  Actual: false
Expected: true
graph/ut/../../algorithms/ut/algo_test.cpp:1280: Failure
Value of: rank <= 100
  Actual: false
Expected: true
graph/ut/../../algorithms/ut/algo_test.cpp:1280: Failure
Value of: rank <= 100
  Actual: false
Expected: true
graph/ut/../../algorithms/ut/algo_test.cpp:1280: Failure
Value of: rank <= 100
  Actual: false
Expected: true
graph/ut/../../algorithms/ut/algo_test.cpp:1280: Failure
Value of: rank <= 100
  Actual: false
Expected: true
graph/ut/../../algorithms/ut/algo_test.cpp:1280: Failure
Value of: rank <= 100
  Actual: false
Expected: true
graph/ut/../../algorithms/ut/algo_test.cpp:1280: Failure
Value of: rank <= 100
  Actual: false
Expected: true
graph/ut/../../algorithms/ut/algo_test.cpp:1280: Failure
Value of: rank <= 100
  Actual: false
Expected: true
graph/ut/../../algorithms/ut/algo_test.cpp:1280: Failure
Value of: rank <= 100
  Actual: false
Expected: true
graph/ut/../../algorithms/ut/algo_test.cpp:1280: Failure
Value of: rank <= 100
  Actual: false
Expected: true
graph/ut/../../algorithms/ut/algo_test.cpp:1280: Failure
Value of: rank <= 100
  Actual: false
Expected: true
graph/ut/../../algorithms/ut/algo_test.cpp:1280: Failure
Value of: rank <= 100
  Actual: false
Expected: true
graph/ut/../../algorithms/ut/algo_test.cpp:1280: Failure
Value of: rank <= 100
  Actual: false
Expected: true
graph/ut/../../algorithms/ut/algo_test.cpp:1280: Failure
Value of: rank <= 100
  Actual: false
Expected: true
graph/ut/../../algorithms/ut/algo_test.cpp:1280: Failure
Value of: rank <= 100
  Actual: false
Expected: true
graph/ut/../../algorithms/ut/algo_test.cpp:1280: Failure
Value of: rank <= 100
  Actual: false
Expected: true
graph/ut/../../algorithms/ut/algo_test.cpp:1280: Failure
Value of: rank <= 100
  Actual: false
Expected: true
graph/ut/../../algorithms/ut/algo_test.cpp:1280: Failure
Value of: rank <= 100
  Actual: false
Expected: true
graph/ut/../../algorithms/ut/algo_test.cpp:1280: Failure
Value of: rank <= 100
  Actual: false
Expected: true
graph/ut/../../algorithms/ut/algo_test.cpp:1280: Failure
Value of: rank <= 100
  Actual: false
Expected: true
graph/ut/../../algorithms/ut/algo_test.cpp:1280: Failure
Value of: rank <= 100
  Actual: false
Expected: true
graph/ut/../../algorithms/ut/algo_test.cpp:1280: Failure
Value of: rank <= 100
  Actual: false
Expected: true
graph/ut/../../algorithms/ut/algo_test.cpp:1280: Failure
Value of: rank <= 100
  Actual: false
Expected: true
graph/ut/../../algorithms/ut/algo_test.cpp:1280: Failure
Value of: rank <= 100
  Actual: false
Expected: true
graph/ut/../../algorithms/ut/algo_test.cpp:1280: Failure
Value of: rank <= 100
  Actual: false
Expected: true
graph/ut/../../algorithms/ut/algo_test.cpp:1280: Failure
Value of: rank <= 100
  Actual: false
Expected: true
graph/ut/../../algorithms/ut/algo_test.cpp:1280: Failure
Value of: rank <= 100
  Actual: false
Expected: true
graph/ut/../../algorithms/ut/algo_test.cpp:1280: Failure
Value of: rank <= 100
  Actual: false
Expected: true
graph/ut/../../algorithms/ut/algo_test.cpp:1280: Failure
Value of: rank <= 100
  Actual: false
Expected: true
graph/ut/../../algorithms/ut/algo_test.cpp:1280: Failure
Value of: rank <= 100
  Actual: false
Expected: true
graph/ut/../../algorithms/ut/algo_test.cpp:1280: Failure
Value of: rank <= 100
  Actual: false
Expected: true
graph/ut/../../algorithms/ut/algo_test.cpp:1280: Failure
Value of: rank <= 100
  Actual: false
Expected: true
graph/ut/../../algorithms/ut/algo_test.cpp:1280: Failure
Value of: rank <= 100
  Actual: false
Expected: true
graph/ut/../../algorithms/ut/algo_test.cpp:1280: Failure
Value of: rank <= 100
  Actual: false
Expected: true
graph/ut/../../algorithms/ut/algo_test.cpp:1280: Failure
Value of: rank <= 100
  Actual: false
Expected: true
graph/ut/../../algorithms/ut/algo_test.cpp:1280: Failure
Value of: rank <= 100
  Actual: false
Expected: true
graph/ut/../../algorithms/ut/algo_test.cpp:1280: Failure
Value of: rank <= 100
  Actual: false
Expected: true
graph/ut/../../algorithms/ut/algo_test.cpp:1280: Failure
Value of: rank <= 100
  Actual: false
Expected: true
graph/ut/../../algorithms/ut/algo_test.cpp:1280: Failure
Value of: rank <= 100
  Actual: false
Expected: true
graph/ut/../../algorithms/ut/algo_test.cpp:1280: Failure
Value of: rank <= 100
  Actual: false
Expected: true
graph/ut/../../algorithms/ut/algo_test.cpp:1280: Failure
Value of: rank <= 100
  Actual: false
Expected: true
graph/ut/../../algorithms/ut/algo_test.cpp:1280: Failure
Value of: rank <= 100
  Actual: false
Expected: true
graph/ut/../../algorithms/ut/algo_test.cpp:1280: Failure
Value of: rank <= 100
  Actual: false
Expected: true
graph/ut/../../algorithms/ut/algo_test.cpp:1280: Failure
Value of: rank <= 100
  Actual: false
Expected: true
graph/ut/../../algorithms/ut/algo_test.cpp:1280: Failure
Value of: rank <= 100
  Actual: false
Expected: true
graph/ut/../../algorithms/ut/algo_test.cpp:1280: Failure
Value of: rank <= 100
  Actual: false
Expected: true
graph/ut/../../algorithms/ut/algo_test.cpp:1280: Failure
Value of: rank <= 100
  Actual: false
Expected: true
graph/ut/../../algorithms/ut/algo_test.cpp:1280: Failure
Value of: rank <= 100
  Actual: false
Expected: true
graph/ut/../../algorithms/ut/algo_test.cpp:1280: Failure
Value of: rank <= 100
  Actual: false
Expected: true
graph/ut/../../algorithms/ut/algo_test.cpp:1280: Failure
Value of: rank <= 100
  Actual: false
Expected: true
graph/ut/../../algorithms/ut/algo_test.cpp:1280: Failure
Value of: rank <= 100
  Actual: false
Expected: true
graph/ut/../../algorithms/ut/algo_test.cpp:1280: Failure
Value of: rank <= 100
  Actual: false
Expected: true
graph/ut/../../algorithms/ut/algo_test.cpp:1280: Failure
Value of: rank <= 100
  Actual: false
Expected: true
graph/ut/../../algorithms/ut/algo_test.cpp:1280: Failure
Value of: rank <= 100
  Actual: false
Expected: true
graph/ut/../../algorithms/ut/algo_test.cpp:1280: Failure
Value of: rank <= 100
  Actual: false
Expected: true
graph/ut/../../algorithms/ut/algo_test.cpp:1280: Failure
Value of: rank <= 100
  Actual: false
Expected: true
graph/ut/../../algorithms/ut/algo_test.cpp:1280: Failure
Value of: rank <= 100
  Actual: false
Expected: true
graph/ut/../../algorithms/ut/algo_test.cpp:1280: Failure
Value of: rank <= 100
  Actual: false
Expected: true
graph/ut/../../algorithms/ut/algo_test.cpp:1280: Failure
Value of: rank <= 100
  Actual: false
Expected: true
graph/ut/../../algorithms/ut/algo_test.cpp:1280: Failure
Value of: rank <= 100
  Actual: false
Expected: true
graph/ut/../../algorithms/ut/algo_test.cpp:1280: Failure
Value of: rank <= 100
  Actual: false
Expected: true
graph/ut/../../algorithms/ut/algo_test.cpp:1280: Failure
Value of: rank <= 100
  Actual: false
Expected: true
graph/ut/../../algorithms/ut/algo_test.cpp:1280: Failure
Value of: rank <= 100
  Actual: false
Expected: true
graph/ut/../../algorithms/ut/algo_test.cpp:1280: Failure
Value of: rank <= 100
  Actual: false
Expected: true
graph/ut/../../algorithms/ut/algo_test.cpp:1280: Failure
Value of: rank <= 100
  Actual: false
Expected: true
graph/ut/../../algorithms/ut/algo_test.cpp:1280: Failure
Value of: rank <= 100
  Actual: false
Expected: true
graph/ut/../../algorithms/ut/algo_test.cpp:1280: Failure
Value of: rank <= 100
  Actual: false
Expected: true
graph/ut/../../algorithms/ut/algo_test.cpp:1280: Failure
Value of: rank <= 100
  Actual: false
Expected: true
graph/ut/../../algorithms/ut/algo_test.cpp:1280: Failure
Value of: rank <= 100
  Actual: false
Expected: true
graph/ut/../../algorithms/ut/algo_test.cpp:1280: Failure
Value of: rank <= 100
  Actual: false
Expected: true
graph/ut/../../algorithms/ut/algo_test.cpp:1280: Failure
Value of: rank <= 100
  Actual: false
Expected: true
graph/ut/../../algorithms/ut/algo_test.cpp:1280: Failure
Value of: rank <= 100
  Actual: false
Expected: true
graph/ut/../../algorithms/ut/algo_test.cpp:1280: Failure
Value of: rank <= 100
  Actual: false
Expected: true
graph/ut/../../algorithms/ut/algo_test.cpp:1280: Failure
Value of: rank <= 100
  Actual: false
Expected: true
graph/ut/../../algorithms/ut/algo_test.cpp:1280: Failure
Value of: rank <= 100
  Actual: false
Expected: true
graph/ut/../../algorithms/ut/algo_test.cpp:1280: Failure
Value of: rank <= 100
  Actual: false
Expected: true
graph/ut/../../algorithms/ut/algo_test.cpp:1280: Failure
Value of: rank <= 100
  Actual: false
Expected: true
graph/ut/../../algorithms/ut/algo_test.cpp:1280: Failure
Value of: rank <= 100
  Actual: false
Expected: true
graph/ut/../../algorithms/ut/algo_test.cpp:1280: Failure
Value of: rank <= 100
  Actual: false
Expected: true
graph/ut/../../algorithms/ut/algo_test.cpp:1280: Failure
Value of: rank <= 100
  Actual: false
Expected: true
graph/ut/../../algorithms/ut/algo_test.cpp:1280: Failure
Value of: rank <= 100
  Actual: false
Expected: true
graph/ut/../../algorithms/ut/algo_test.cpp:1280: Failure
Value of: rank <= 100
  Actual: false
Expected: true
graph/ut/../../algorithms/ut/algo_test.cpp:1280: Failure
Value of: rank <= 100
  Actual: false
Expected: true
graph/ut/../../algorithms/ut/algo_test.cpp:1280: Failure
Value of: rank <= 100
  Actual: false
Expected: true
graph/ut/../../algorithms/ut/algo_test.cpp:1280: Failure
Value of: rank <= 100
  Actual: false
Expected: true
graph/ut/../../algorithms/ut/algo_test.cpp:1280: Failure
Value of: rank <= 100
  Actual: false
Expected: true
graph/ut/../../algorithms/ut/algo_test.cpp:1280: Failure
Value of: rank <= 100
  Actual: false
Expected: true
graph/ut/../../algorithms/ut/algo_test.cpp:1280: Failure
Value of: rank <= 100
  Actual: false
Expected: true
graph/ut/../../algorithms/ut/algo_test.cpp:1280: Failure
Value of: rank <= 100
  Actual: false
Expected: true
graph/ut/../../algorithms/ut/algo_test.cpp:1280: Failure
Value of: rank <= 100
  Actual: false
Expected: true
graph/ut/../../algorithms/ut/algo_test.cpp:1280: Failure
Value of: rank <= 100
  Actual: false
Expected: true
graph/ut/../../algorithms/ut/algo_test.cpp:1280: Failure
Value of: rank <= 100
  Actual: false
Expected: true
graph/ut/../../algorithms/ut/algo_test.cpp:1280: Failure
Value of: rank <= 100
  Actual: false
Expected: true
graph/ut/../../algorithms/ut/algo_test.cpp:1280: Failure
Value of: rank <= 100
  Actual: false
Expected: true
graph/ut/../../algorithms/ut/algo_test.cpp:1280: Failure
Value of: rank <= 100
  Actual: false
Expected: true
graph/ut/../../algorithms/ut/algo_test.cpp:1280: Failure
Value of: rank <= 100
  Actual: false
Expected: true
graph/ut/../../algorithms/ut/algo_test.cpp:1280: Failure
Value of: rank <= 100
  Actual: false
Expected: true
graph/ut/../../algorithms/ut/algo_test.cpp:1280: Failure
Value of: rank <= 100
  Actual: false
Expected: true
graph/ut/../../algorithms/ut/algo_test.cpp:1280: Failure
Value of: rank <= 100
  Actual: false
Expected: true
graph/ut/../../algorithms/ut/algo_test.cpp:1280: Failure
Value of: rank <= 100
  Actual: false
Expected: true
graph/ut/../../algorithms/ut/algo_test.cpp:1280: Failure
Value of: rank <= 100
  Actual: false
Expected: true
graph/ut/../../algorithms/ut/algo_test.cpp:1280: Failure
Value of: rank <= 100
  Actual: false
Expected: true
graph/ut/../../algorithms/ut/algo_test.cpp:1280: Failure
Value of: rank <= 100
  Actual: false
Expected: true
graph/ut/../../algorithms/ut/algo_test.cpp:1280: Failure
Value of: rank <= 100
  Actual: false
Expected: true
graph/ut/../../algorithms/ut/algo_test.cpp:1280: Failure
Value of: rank <= 100
  Actual: false
Expected: true
graph/ut/../../algorithms/ut/algo_test.cpp:1280: Failure
Value of: rank <= 100
  Actual: false
Expected: true
graph/ut/../../algorithms/ut/algo_test.cpp:1280: Failure
Value of: rank <= 100
  Actual: false
Expected: true
graph/ut/../../algorithms/ut/algo_test.cpp:1280: Failure
Value of: rank <= 100
  Actual: false
Expected: true
graph/ut/../../algorithms/ut/algo_test.cpp:1280: Failure
Value of: rank <= 100
  Actual: false
Expected: true
graph/ut/../../algorithms/ut/algo_test.cpp:1280: Failure
Value of: rank <= 100
  Actual: false
Expected: true
graph/ut/../../algorithms/ut/algo_test.cpp:1280: Failure
Value of: rank <= 100
  Actual: false
Expected: true
graph/ut/../../algorithms/ut/algo_test.cpp:1280: Failure
Value of: rank <= 100
  Actual: false
Expected: true
graph/ut/../../algorithms/ut/algo_test.cpp:1280: Failure
Value of: rank <= 100
  Actual: false
Expected: true
graph/ut/../../algorithms/ut/algo_test.cpp:1280: Failure
Value of: rank <= 100
  Actual: false
Expected: true
graph/ut/../../algorithms/ut/algo_test.cpp:1280: Failure
Value of: rank <= 100
  Actual: false
Expected: true
graph/ut/../../algorithms/ut/algo_test.cpp:1280: Failure
Value of: rank <= 100
  Actual: false
Expected: true
graph/ut/../../algorithms/ut/algo_test.cpp:1280: Failure
Value of: rank <= 100
  Actual: false
Expected: true
graph/ut/../../algorithms/ut/algo_test.cpp:1280: Failure
Value of: rank <= 100
  Actual: false
Expected: true
graph/ut/../../algorithms/ut/algo_test.cpp:1280: Failure
Value of: rank <= 100
  Actual: false
Expected: true
graph/ut/../../algorithms/ut/algo_test.cpp:1280: Failure
Value of: rank <= 100
  Actual: false
Expected: true
graph/ut/../../algorithms/ut/algo_test.cpp:1280: Failure
Value of: rank <= 100
  Actual: false
Expected: true
graph/ut/../../algorithms/ut/algo_test.cpp:1280: Failure
Value of: rank <= 100
  Actual: false
Expected: true
graph/ut/../../algorithms/ut/algo_test.cpp:1280: Failure
Value of: rank <= 100
  Actual: false
Expected: true
graph/ut/../../algorithms/ut/algo_test.cpp:1280: Failure
Value of: rank <= 100
  Actual: false
Expected: true
graph/ut/../../algorithms/ut/algo_test.cpp:1280: Failure
Value of: rank <= 100
  Actual: false
Expected: true
graph/ut/../../algorithms/ut/algo_test.cpp:1280: Failure
Value of: rank <= 100
  Actual: false
Expected: true
graph/ut/../../algorithms/ut/algo_test.cpp:1280: Failure
Value of: rank <= 100
  Actual: false
Expected: true
graph/ut/../../algorithms/ut/algo_test.cpp:1280: Failure
Value of: rank <= 100
  Actual: false
Expected: true
graph/ut/../../algorithms/ut/algo_test.cpp:1280: Failure
Value of: rank <= 100
  Actual: false
Expected: true
graph/ut/../../algorithms/ut/algo_test.cpp:1280: Failure
Value of: rank <= 100
  Actual: false
Expected: true
graph/ut/../../algorithms/ut/algo_test.cpp:1280: Failure
Value of: rank <= 100
  Actual: false
Expected: true
graph/ut/../../algorithms/ut/algo_test.cpp:1280: Failure
Value of: rank <= 100
  Actual: false
Expected: true
graph/ut/../../algorithms/ut/algo_test.cpp:1280: Failure
Value of: rank <= 100
  Actual: false
Expected: true
graph/ut/../../algorithms/ut/algo_test.cpp:1280: Failure
Value of: rank <= 100
  Actual: false
Expected: true
graph/ut/../../algorithms/ut/algo_test.cpp:1280: Failure
Value of: rank <= 100
  Actual: false
Expected: true
graph/ut/../../algorithms/ut/algo_test.cpp:1280: Failure
Value of: rank <= 100
  Actual: false
Expected: true
graph/ut/../../algorithms/ut/algo_test.cpp:1280: Failure
Value of: rank <= 100
  Actual: false
Expected: true
graph/ut/../../algorithms/ut/algo_test.cpp:1280: Failure
Value of: rank <= 100
  Actual: false
Expected: true
graph/ut/../../algorithms/ut/algo_test.cpp:1280: Failure
Value of: rank <= 100
  Actual: false
Expected: true
graph/ut/../../algorithms/ut/algo_test.cpp:1280: Failure
Value of: rank <= 100
  Actual: false
Expected: true
graph/ut/../../algorithms/ut/algo_test.cpp:1280: Failure
Value of: rank <= 100
  Actual: false
Expected: true
graph/ut/../../algorithms/ut/algo_test.cpp:1280: Failure
Value of: rank <= 100
  Actual: false
Expected: true
graph/ut/../../algorithms/ut/algo_test.cpp:1280: Failure
Value of: rank <= 100
  Actual: false
Expected: true
graph/ut/../../algorithms/ut/algo_test.cpp:1280: Failure
Value of: rank <= 100
  Actual: false
Expected: true
graph/ut/../../algorithms/ut/algo_test.cpp:1280: Failure
Value of: rank <= 100
  Actual: false
Expected: true
graph/ut/../../algorithms/ut/algo_test.cpp:1280: Failure
Value of: rank <= 100
  Actual: false
Expected: true
graph/ut/../../algorithms/ut/algo_test.cpp:1280: Failure
Value of: rank <= 100
  Actual: false
Expected: true
graph/ut/../../algorithms/ut/algo_test.cpp:1280: Failure
Value of: rank <= 100
  Actual: false
Expected: true
graph/ut/../../algorithms/ut/algo_test.cpp:1280: Failure
Value of: rank <= 100
  Actual: false
Expected: true
graph/ut/../../algorithms/ut/algo_test.cpp:1280: Failure
Value of: rank <= 100
  Actual: false
Expected: true
graph/ut/../../algorithms/ut/algo_test.cpp:1280: Failure
Value of: rank <= 100
  Actual: false
Expected: true
graph/ut/../../algorithms/ut/algo_test.cpp:1280: Failure
Value of: rank <= 100
  Actual: false
Expected: true
graph/ut/../../algorithms/ut/algo_test.cpp:1280: Failure
Value of: rank <= 100
  Actual: false
Expected: true
graph/ut/../../algorithms/ut/algo_test.cpp:1280: Failure
Value of: rank <= 100
  Actual: false
Expected: true
graph/ut/../../algorithms/ut/algo_test.cpp:1280: Failure
Value of: rank <= 100
  Actual: false
Expected: true
graph/ut/../../algorithms/ut/algo_test.cpp:1280: Failure
Value of: rank <= 100
  Actual: false
Expected: true
graph/ut/../../algorithms/ut/algo_test.cpp:1280: Failure
Value of: rank <= 100
  Actual: false
Expected: true
graph/ut/../../algorithms/ut/algo_test.cpp:1280: Failure
Value of: rank <= 100
  Actual: false
Expected: true
graph/ut/../../algorithms/ut/algo_test.cpp:1280: Failure
Value of: rank <= 100
  Actual: false
Expected: true
graph/ut/../../algorithms/ut/algo_test.cpp:1280: Failure
Value of: rank <= 100
  Actual: false
Expected: true
graph/ut/../../algorithms/ut/algo_test.cpp:1280: Failure
Value of: rank <= 100
  Actual: false
Expected: true
graph/ut/../../algorithms/ut/algo_test.cpp:1280: Failure
Value of: rank <= 100
  Actual: false
Expected: true
graph/ut/../../algorithms/ut/algo_test.cpp:1280: Failure
Value of: rank <= 100
  Actual: false
Expected: true
graph/ut/../../algorithms/ut/algo_test.cpp:1280: Failure
Value of: rank <= 100
  Actual: false
Expected: true
graph/ut/../../algorithms/ut/algo_test.cpp:1280: Failure
Value of: rank <= 100
  Actual: false
Expected: true
graph/ut/../../algorithms/ut/algo_test.cpp:1280: Failure
Value of: rank <= 100
  Actual: false
Expected: true
graph/ut/../../algorithms/ut/algo_test.cpp:1280: Failure
Value of: rank <= 100
  Actual: false
Expected: true
graph/ut/../../algorithms/ut/algo_test.cpp:1280: Failure
Value of: rank <= 100
  Actual: false
Expected: true
graph/ut/../../algorithms/ut/algo_test.cpp:1280: Failure
Value of: rank <= 100
  Actual: false
Expected: true
graph/ut/../../algorithms/ut/algo_test.cpp:1280: Failure
Value of: rank <= 100
  Actual: false
Expected: true
graph/ut/../../algorithms/ut/algo_test.cpp:1280: Failure
Value of: rank <= 100
  Actual: false
Expected: true
graph/ut/../../algorithms/ut/algo_test.cpp:1280: Failure
Value of: rank <= 100
  Actual: false
Expected: true
graph/ut/../../algorithms/ut/algo_test.cpp:1280: Failure
Value of: rank <= 100
  Actual: false
Expected: true
graph/ut/../../algorithms/ut/algo_test.cpp:1280: Failure
Value of: rank <= 100
  Actual: false
Expected: true
graph/ut/../../algorithms/ut/algo_test.cpp:1280: Failure
Value of: rank <= 100
  Actual: false
Expected: true
graph/ut/../../algorithms/ut/algo_test.cpp:1280: Failure
Value of: rank <= 100
  Actual: false
Expected: true
graph/ut/../../algorithms/ut/algo_test.cpp:1280: Failure
Value of: rank <= 100
  Actual: false
Expected: true
graph/ut/../../algorithms/ut/algo_test.cpp:1280: Failure
Value of: rank <= 100
  Actual: false
Expected: true
graph/ut/../../algorithms/ut/algo_test.cpp:1280: Failure
Value of: rank <= 100
  Actual: false
Expected: true
graph/ut/../../algorithms/ut/algo_test.cpp:1280: Failure
Value of: rank <= 100
  Actual: false
Expected: true
graph/ut/../../algorithms/ut/algo_test.cpp:1280: Failure
Value of: rank <= 100
  Actual: false
Expected: true
graph/ut/../../algorithms/ut/algo_test.cpp:1280: Failure
Value of: rank <= 100
  Actual: false
Expected: true
graph/ut/../../algorithms/ut/algo_test.cpp:1280: Failure
Value of: rank <= 100
  Actual: false
Expected: true
graph/ut/../../algorithms/ut/algo_test.cpp:1280: Failure
Value of: rank <= 100
  Actual: false
Expected: true
graph/ut/../../algorithms/ut/algo_test.cpp:1280: Failure
Value of: rank <= 100
  Actual: false
Expected: true
graph/ut/../../algorithms/ut/algo_test.cpp:1280: Failure
Value of: rank <= 100
  Actual: false
Expected: true
graph/ut/../../algorithms/ut/algo_test.cpp:1280: Failure
Value of: rank <= 100
  Actual: false
Expected: true
graph/ut/../../algorithms/ut/algo_test.cpp:1280: Failure
Value of: rank <= 100
  Actual: false
Expected: true
graph/ut/../../algorithms/ut/algo_test.cpp:1280: Failure
Value of: rank <= 100
  Actual: false
Expected: true
graph/ut/../../algorithms/ut/algo_test.cpp:1280: Failure
Value of: rank <= 100
  Actual: false
Expected: true
graph/ut/../../algorithms/ut/algo_test.cpp:1280: Failure
Value of: rank <= 100
  Actual: false
Expected: true
graph/ut/../../algorithms/ut/algo_test.cpp:1280: Failure
Value of: rank <= 100
  Actual: false
Expected: true
graph/ut/../../algorithms/ut/algo_test.cpp:1280: Failure
Value of: rank <= 100
  Actual: false
Expected: true
graph/ut/../../algorithms/ut/algo_test.cpp:1280: Failure
Value of: rank <= 100
  Actual: false
Expected: true
graph/ut/../../algorithms/ut/algo_test.cpp:1280: Failure
Value of: rank <= 100
  Actual: false
Expected: true
graph/ut/../../algorithms/ut/algo_test.cpp:1280: Failure
Value of: rank <= 100
  Actual: false
Expected: true
graph/ut/../../algorithms/ut/algo_test.cpp:1280: Failure
Value of: rank <= 100
  Actual: false
Expected: true
graph/ut/../../algorithms/ut/algo_test.cpp:1280: Failure
Value of: rank <= 100
  Actual: false
Expected: true
graph/ut/../../algorithms/ut/algo_test.cpp:1280: Failure
Value of: rank <= 100
  Actual: false
Expected: true
graph/ut/../../algorithms/ut/algo_test.cpp:1280: Failure
Value of: rank <= 100
  Actual: false
Expected: true
graph/ut/../../algorithms/ut/algo_test.cpp:1280: Failure
Value of: rank <= 100
  Actual: false
Expected: true
graph/ut/../../algorithms/ut/algo_test.cpp:1280: Failure
Value of: rank <= 100
  Actual: false
Expected: true
graph/ut/../../algorithms/ut/algo_test.cpp:1280: Failure
Value of: rank <= 100
  Actual: false
Expected: true
graph/ut/../../algorithms/ut/algo_test.cpp:1280: Failure
Value of: rank <= 100
  Actual: false
Expected: true
graph/ut/../../algorithms/ut/algo_test.cpp:1280: Failure
Value of: rank <= 100
  Actual: false
Expected: true
graph/ut/../../algorithms/ut/algo_test.cpp:1280: Failure
Value of: rank <= 100
  Actual: false
Expected: true
graph/ut/../../algorithms/ut/algo_test.cpp:1280: Failure
Value of: rank <= 100
  Actual: false
Expected: true
graph/ut/../../algorithms/ut/algo_test.cpp:1280: Failure
Value of: rank <= 100
  Actual: false
Expected: true
graph/ut/../../algorithms/ut/algo_test.cpp:1280: Failure
Value of: rank <= 100
  Actual: false
Expected: true
graph/ut/../../algorithms/ut/algo_test.cpp:1280: Failure
Value of: rank <= 100
  Actual: false
Expected: true
graph/ut/../../algorithms/ut/algo_test.cpp:1280: Failure
Value of: rank <= 100
  Actual: false
Expected: true
graph/ut/../../algorithms/ut/algo_test.cpp:1280: Failure
Value of: rank <= 100
  Actual: false
Expected: true
graph/ut/../../algorithms/ut/algo_test.cpp:1280: Failure
Value of: rank <= 100
  Actual: false
Expected: true
graph/ut/../../algorithms/ut/algo_test.cpp:1280: Failure
Value of: rank <= 100
  Actual: false
Expected: true
graph/ut/../../algorithms/ut/algo_test.cpp:1280: Failure
Value of: rank <= 100
  Actual: false
Expected: true
graph/ut/../../algorithms/ut/algo_test.cpp:1280: Failure
Value of: rank <= 100
  Actual: false
Expected: true
graph/ut/../../algorithms/ut/algo_test.cpp:1280: Failure
Value of: rank <= 100
  Actual: false
Expected: true
graph/ut/../../algorithms/ut/algo_test.cpp:1280: Failure
Value of: rank <= 100
  Actual: false
Expected: true
graph/ut/../../algorithms/ut/algo_test.cpp:1280: Failure
Value of: rank <= 100
  Actual: false
Expected: true
graph/ut/../../algorithms/ut/algo_test.cpp:1280: Failure
Value of: rank <= 100
  Actual: false
Expected: true
graph/ut/../../algorithms/ut/algo_test.cpp:1280: Failure
Value of: rank <= 100
  Actual: false
Expected: true
graph/ut/../../algorithms/ut/algo_test.cpp:1280: Failure
Value of: rank <= 100
  Actual: false
Expected: true
graph/ut/../../algorithms/ut/algo_test.cpp:1280: Failure
Value of: rank <= 100
  Actual: false
Expected: true
graph/ut/../../algorithms/ut/algo_test.cpp:1280: Failure
Value of: rank <= 100
  Actual: false
Expected: true
graph/ut/../../algorithms/ut/algo_test.cpp:1280: Failure
Value of: rank <= 100
  Actual: false
Expected: true
graph/ut/../../algorithms/ut/algo_test.cpp:1280: Failure
Value of: rank <= 100
  Actual: false
Expected: true
graph/ut/../../algorithms/ut/algo_test.cpp:1280: Failure
Value of: rank <= 100
  Actual: false
Expected: true
graph/ut/../../algorithms/ut/algo_test.cpp:1280: Failure
Value of: rank <= 100
  Actual: false
Expected: true
graph/ut/../../algorithms/ut/algo_test.cpp:1280: Failure
Value of: rank <= 100
  Actual: false
Expected: true
graph/ut/../../algorithms/ut/algo_test.cpp:1280: Failure
Value of: rank <= 100
  Actual: false
Expected: true
graph/ut/../../algorithms/ut/algo_test.cpp:1280: Failure
Value of: rank <= 100
  Actual: false
Expected: true
graph/ut/../../algorithms/ut/algo_test.cpp:1280: Failure
Value of: rank <= 100
  Actual: false
Expected: true
graph/ut/../../algorithms/ut/algo_test.cpp:1280: Failure
Value of: rank <= 100
  Actual: false
Expected: true
graph/ut/../../algorithms/ut/algo_test.cpp:1280: Failure
Value of: rank <= 100
  Actual: false
Expected: true
graph/ut/../../algorithms/ut/algo_test.cpp:1280: Failure
Value of: rank <= 100
  Actual: false
Expected: true
graph/ut/../../algorithms/ut/algo_test.cpp:1280: Failure
Value of: rank <= 100
  Actual: false
Expected: true
graph/ut/../../algorithms/ut/algo_test.cpp:1280: Failure
Value of: rank <= 100
  Actual: false
Expected: true
graph/ut/../../algorithms/ut/algo_test.cpp:1280: Failure
Value of: rank <= 100
  Actual: false
Expected: true
graph/ut/../../algorithms/ut/algo_test.cpp:1280: Failure
Value of: rank <= 100
  Actual: false
Expected: true
graph/ut/../../algorithms/ut/algo_test.cpp:1280: Failure
Value of: rank <= 100
  Actual: false
Expected: true
graph/ut/../../algorithms/ut/algo_test.cpp:1280: Failure
Value of: rank <= 100
  Actual: false
Expected: true
graph/ut/../../algorithms/ut/algo_test.cpp:1280: Failure
Value of: rank <= 100
  Actual: false
Expected: true
graph/ut/../../algorithms/ut/algo_test.cpp:1280: Failure
Value of: rank <= 100
  Actual: false
Expected: true
graph/ut/../../algorithms/ut/algo_test.cpp:1280: Failure
Value of: rank <= 100
  Actual: false
Expected: true
graph/ut/../../algorithms/ut/algo_test.cpp:1280: Failure
Value of: rank <= 100
  Actual: false
Expected: true
graph/ut/../../algorithms/ut/algo_test.cpp:1280: Failure
Value of: rank <= 100
  Actual: false
Expected: true
graph/ut/../../algorithms/ut/algo_test.cpp:1280: Failure
Value of: rank <= 100
  Actual: false
Expected: true
graph/ut/../../algorithms/ut/algo_test.cpp:1280: Failure
Value of: rank <= 100
  Actual: false
Expected: true
graph/ut/../../algorithms/ut/algo_test.cpp:1280: Failure
Value of: rank <= 100
  Actual: false
Expected: true
graph/ut/../../algorithms/ut/algo_test.cpp:1280: Failure
Value of: rank <= 100
  Actual: false
Expected: true
graph/ut/../../algorithms/ut/algo_test.cpp:1280: Failure
Value of: rank <= 100
  Actual: false
Expected: true
graph/ut/../../algorithms/ut/algo_test.cpp:1280: Failure
Value of: rank <= 100
  Actual: false
Expected: true
graph/ut/../../algorithms/ut/algo_test.cpp:1280: Failure
Value of: rank <= 100
  Actual: false
Expected: true
graph/ut/../../algorithms/ut/algo_test.cpp:1280: Failure
Value of: rank <= 100
  Actual: false
Expected: true
graph/ut/../../algorithms/ut/algo_test.cpp:1280: Failure
Value of: rank <= 100
  Actual: false
Expected: true
graph/ut/../../algorithms/ut/algo_test.cpp:1280: Failure
Value of: rank <= 100
  Actual: false
Expected: true
graph/ut/../../algorithms/ut/algo_test.cpp:1280: Failure
Value of: rank <= 100
  Actual: false
Expected: true
graph/ut/../../algorithms/ut/algo_test.cpp:1280: Failure
Value of: rank <= 100
  Actual: false
Expected: true
graph/ut/../../algorithms/ut/algo_test.cpp:1280: Failure
Value of: rank <= 100
  Actual: false
Expected: true
graph/ut/../../algorithms/ut/algo_test.cpp:1280: Failure
Value of: rank <= 100
  Actual: false
Expected: true
graph/ut/../../algorithms/ut/algo_test.cpp:1280: Failure
Value of: rank <= 100
  Actual: false
Expected: true
graph/ut/../../algorithms/ut/algo_test.cpp:1280: Failure
Value of: rank <= 100
  Actual: false
Expected: true
graph/ut/../../algorithms/ut/algo_test.cpp:1280: Failure
Value of: rank <= 100
  Actual: false
Expected: true
graph/ut/../../algorithms/ut/algo_test.cpp:1280: Failure
Value of: rank <= 100
  Actual: false
Expected: true
graph/ut/../../algorithms/ut/algo_test.cpp:1280: Failure
Value of: rank <= 100
  Actual: false
Expected: true
graph/ut/../../algorithms/ut/algo_test.cpp:1280: Failure
Value of: rank <= 100
  Actual: false
Expected: true
graph/ut/../../algorithms/ut/algo_test.cpp:1280: Failure
Value of: rank <= 100
  Actual: false
Expected: true
graph/ut/../../algorithms/ut/algo_test.cpp:1280: Failure
Value of: rank <= 100
  Actual: false
Expected: true
graph/ut/../../algorithms/ut/algo_test.cpp:1280: Failure
Value of: rank <= 100
  Actual: false
Expected: true
graph/ut/../../algorithms/ut/algo_test.cpp:1280: Failure
Value of: rank <= 100
  Actual: false
Expected: true
graph/ut/../../algorithms/ut/algo_test.cpp:1280: Failure
Value of: rank <= 100
  Actual: false
Expected: true
graph/ut/../../algorithms/ut/algo_test.cpp:1280: Failure
Value of: rank <= 100
  Actual: false
Expected: true
graph/ut/../../algorithms/ut/algo_test.cpp:1280: Failure
Value of: rank <= 100
  Actual: false
Expected: true
graph/ut/../../algorithms/ut/algo_test.cpp:1280: Failure
Value of: rank <= 100
  Actual: false
Expected: true
graph/ut/../../algorithms/ut/algo_test.cpp:1280: Failure
Value of: rank <= 100
  Actual: false
Expected: true
graph/ut/../../algorithms/ut/algo_test.cpp:1280: Failure
Value of: rank <= 100
  Actual: false
Expected: true
graph/ut/../../algorithms/ut/algo_test.cpp:1280: Failure
Value of: rank <= 100
  Actual: false
Expected: true
graph/ut/../../algorithms/ut/algo_test.cpp:1280: Failure
Value of: rank <= 100
  Actual: false
Expected: true
graph/ut/../../algorithms/ut/algo_test.cpp:1280: Failure
Value of: rank <= 100
  Actual: false
Expected: true
graph/ut/../../algorithms/ut/algo_test.cpp:1280: Failure
Value of: rank <= 100
  Actual: false
Expected: true
graph/ut/../../algorithms/ut/algo_test.cpp:1280: Failure
Value of: rank <= 100
  Actual: false
Expected: true
graph/ut/../../algorithms/ut/algo_test.cpp:1280: Failure
Value of: rank <= 100
  Actual: false
Expected: true
graph/ut/../../algorithms/ut/algo_test.cpp:1280: Failure
Value of: rank <= 100
  Actual: false
Expected: true
graph/ut/../../algorithms/ut/algo_test.cpp:1280: Failure
Value of: rank <= 100
  Actual: false
Expected: true
graph/ut/../../algorithms/ut/algo_test.cpp:1280: Failure
Value of: rank <= 100
  Actual: false
Expected: true
graph/ut/../../algorithms/ut/algo_test.cpp:1280: Failure
Value of: rank <= 100
  Actual: false
Expected: true
graph/ut/../../algorithms/ut/algo_test.cpp:1280: Failure
Value of: rank <= 100
  Actual: false
Expected: true
graph/ut/../../algorithms/ut/algo_test.cpp:1280: Failure
Value of: rank <= 100
  Actual: false
Expected: true
graph/ut/../../algorithms/ut/algo_test.cpp:1280: Failure
Value of: rank <= 100
  Actual: false
Expected: true
graph/ut/../../algorithms/ut/algo_test.cpp:1280: Failure
Value of: rank <= 100
  Actual: false
Expected: true
graph/ut/../../algorithms/ut/algo_test.cpp:1280: Failure
Value of: rank <= 100
  Actual: false
Expected: true
graph/ut/../../algorithms/ut/algo_test.cpp:1280: Failure
Value of: rank <= 100
  Actual: false
Expected: true
graph/ut/../../algorithms/ut/algo_test.cpp:1280: Failure
Value of: rank <= 100
  Actual: false
Expected: true
graph/ut/../../algorithms/ut/algo_test.cpp:1280: Failure
Value of: rank <= 100
  Actual: false
Expected: true
graph/ut/../../algorithms/ut/algo_test.cpp:1280: Failure
Value of: rank <= 100
  Actual: false
Expected: true
graph/ut/../../algorithms/ut/algo_test.cpp:1280: Failure
Value of: rank <= 100
  Actual: false
Expected: true
graph/ut/../../algorithms/ut/algo_test.cpp:1280: Failure
Value of: rank <= 100
  Actual: false
Expected: true
graph/ut/../../algorithms/ut/algo_test.cpp:1280: Failure
Value of: rank <= 100
  Actual: false
Expected: true
graph/ut/../../algorithms/ut/algo_test.cpp:1280: Failure
Value of: rank <= 100
  Actual: false
Expected: true
graph/ut/../../algorithms/ut/algo_test.cpp:1280: Failure
Value of: rank <= 100
  Actual: false
Expected: true
graph/ut/../../algorithms/ut/algo_test.cpp:1280: Failure
Value of: rank <= 100
  Actual: false
Expected: true
graph/ut/../../algorithms/ut/algo_test.cpp:1280: Failure
Value of: rank <= 100
  Actual: false
Expected: true
graph/ut/../../algorithms/ut/algo_test.cpp:1280: Failure
Value of: rank <= 100
  Actual: false
Expected: true
graph/ut/../../algorithms/ut/algo_test.cpp:1280: Failure
Value of: rank <= 100
  Actual: false
Expected: true
graph/ut/../../algorithms/ut/algo_test.cpp:1280: Failure
Value of: rank <= 100
  Actual: false
Expected: true
graph/ut/../../algorithms/ut/algo_test.cpp:1280: Failure
Value of: rank <= 100
  Actual: false
Expected: true
graph/ut/../../algorithms/ut/algo_test.cpp:1280: Failure
Value of: rank <= 100
  Actual: false
Expected: true
graph/ut/../../algorithms/ut/algo_test.cpp:1280: Failure
Value of: rank <= 100
  Actual: false
Expected: true
graph/ut/../../algorithms/ut/algo_test.cpp:1280: Failure
Value of: rank <= 100
  Actual: false
Expected: true
graph/ut/../../algorithms/ut/algo_test.cpp:1280: Failure
Value of: rank <= 100
  Actual: false
Expected: true
graph/ut/../../algorithms/ut/algo_test.cpp:1280: Failure
Value of: rank <= 100
  Actual: false
Expected: true
graph/ut/../../algorithms/ut/algo_test.cpp:1280: Failure
Value of: rank <= 100
  Actual: false
Expected: true
graph/ut/../../algorithms/ut/algo_test.cpp:1280: Failure
Value of: rank <= 100
  Actual: false
Expected: true
graph/ut/../../algorithms/ut/algo_test.cpp:1280: Failure
Value of: rank <= 100
  Actual: false
Expected: true
graph/ut/../../algorithms/ut/algo_test.cpp:1280: Failure
Value of: rank <= 100
  Actual: false
Expected: true
graph/ut/../../algorithms/ut/algo_test.cpp:1280: Failure
Value of: rank <= 100
  Actual: false
Expected: true
graph/ut/../../algorithms/ut/algo_test.cpp:1280: Failure
Value of: rank <= 100
  Actual: false
Expected: true
graph/ut/../../algorithms/ut/algo_test.cpp:1280: Failure
Value of: rank <= 100
  Actual: false
Expected: true
graph/ut/../../algorithms/ut/algo_test.cpp:1280: Failure
Value of: rank <= 100
  Actual: false
Expected: true
graph/ut/../../algorithms/ut/algo_test.cpp:1280: Failure
Value of: rank <= 100
  Actual: false
Expected: true
graph/ut/../../algorithms/ut/algo_test.cpp:1280: Failure
Value of: rank <= 100
  Actual: false
Expected: true
graph/ut/../../algorithms/ut/algo_test.cpp:1280: Failure
Value of: rank <= 100
  Actual: false
Expected: true
graph/ut/../../algorithms/ut/algo_test.cpp:1280: Failure
Value of: rank <= 100
  Actual: false
Expected: true
graph/ut/../../algorithms/ut/algo_test.cpp:1280: Failure
Value of: rank <= 100
  Actual: false
Expected: true
graph/ut/../../algorithms/ut/algo_test.cpp:1280: Failure
Value of: rank <= 100
  Actual: false
Expected: true
graph/ut/../../algorithms/ut/algo_test.cpp:1280: Failure
Value of: rank <= 100
  Actual: false
Expected: true
graph/ut/../../algorithms/ut/algo_test.cpp:1280: Failure
Value of: rank <= 100
  Actual: false
Expected: true
graph/ut/../../algorithms/ut/algo_test.cpp:1280: Failure
Value of: rank <= 100
  Actual: false
Expected: true
graph/ut/../../algorithms/ut/algo_test.cpp:1280: Failure
Value of: rank <= 100
  Actual: false
Expected: true
graph/ut/../../algorithms/ut/algo_test.cpp:1280: Failure
Value of: rank <= 100
  Actual: false
Expected: true
graph/ut/../../algorithms/ut/algo_test.cpp:1280: Failure
Value of: rank <= 100
  Actual: false
Expected: true
graph/ut/../../algorithms/ut/algo_test.cpp:1280: Failure
Value of: rank <= 100
  Actual: false
Expected: true
graph/ut/../../algorithms/ut/algo_test.cpp:1280: Failure
Value of: rank <= 100
  Actual: false
Expected: true
graph/ut/../../algorithms/ut/algo_test.cpp:1280: Failure
Value of: rank <= 100
  Actual: false
Expected: true
graph/ut/../../algorithms/ut/algo_test.cpp:1280: Failure
Value of: rank <= 100
  Actual: false
Expected: true
graph/ut/../../algorithms/ut/algo_test.cpp:1280: Failure
Value of: rank <= 100
  Actual: false
Expected: true
graph/ut/../../algorithms/ut/algo_test.cpp:1280: Failure
Value of: rank <= 100
  Actual: false
Expected: true
graph/ut/../../algorithms/ut/algo_test.cpp:1280: Failure
Value of: rank <= 100
  Actual: false
Expected: true
graph/ut/../../algorithms/ut/algo_test.cpp:1280: Failure
Value of: rank <= 100
  Actual: false
Expected: true
graph/ut/../../algorithms/ut/algo_test.cpp:1280: Failure
Value of: rank <= 100
  Actual: false
Expected: true
graph/ut/../../algorithms/ut/algo_test.cpp:1280: Failure
Value of: rank <= 100
  Actual: false
Expected: true
graph/ut/../../algorithms/ut/algo_test.cpp:1280: Failure
Value of: rank <= 100
  Actual: false
Expected: true
graph/ut/../../algorithms/ut/algo_test.cpp:1280: Failure
Value of: rank <= 100
  Actual: false
Expected: true
graph/ut/../../algorithms/ut/algo_test.cpp:1280: Failure
Value of: rank <= 100
  Actual: false
Expected: true
graph/ut/../../algorithms/ut/algo_test.cpp:1280: Failure
Value of: rank <= 100
  Actual: false
Expected: true
graph/ut/../../algorithms/ut/algo_test.cpp:1280: Failure
Value of: rank <= 100
  Actual: false
Expected: true
graph/ut/../../algorithms/ut/algo_test.cpp:1280: Failure
Value of: rank <= 100
  Actual: false
Expected: true
graph/ut/../../algorithms/ut/algo_test.cpp:1280: Failure
Value of: rank <= 100
  Actual: false
Expected: true
graph/ut/../../algorithms/ut/algo_test.cpp:1280: Failure
Value of: rank <= 100
  Actual: false
Expected: true
graph/ut/../../algorithms/ut/algo_test.cpp:1280: Failure
Value of: rank <= 100
  Actual: false
Expected: true
graph/ut/../../algorithms/ut/algo_test.cpp:1280: Failure
Value of: rank <= 100
  Actual: false
Expected: true
graph/ut/../../algorithms/ut/algo_test.cpp:1280: Failure
Value of: rank <= 100
  Actual: false
Expected: true
graph/ut/../../algorithms/ut/algo_test.cpp:1280: Failure
Value of: rank <= 100
  Actual: false
Expected: true
graph/ut/../../algorithms/ut/algo_test.cpp:1280: Failure
Value of: rank <= 100
  Actual: false
Expected: true
graph/ut/../../algorithms/ut/algo_test.cpp:1280: Failure
Value of: rank <= 100
  Actual: false
Expected: true
graph/ut/../../algorithms/ut/algo_test.cpp:1280: Failure
Value of: rank <= 100
  Actual: false
Expected: true
graph/ut/../../algorithms/ut/algo_test.cpp:1280: Failure
Value of: rank <= 100
  Actual: false
Expected: true
graph/ut/../../algorithms/ut/algo_test.cpp:1280: Failure
Value of: rank <= 100
  Actual: false
Expected: true
graph/ut/../../algorithms/ut/algo_test.cpp:1280: Failure
Value of: rank <= 100
  Actual: false
Expected: true
graph/ut/../../algorithms/ut/algo_test.cpp:1280: Failure
Value of: rank <= 100
  Actual: false
Expected: true
graph/ut/../../algorithms/ut/algo_test.cpp:1280: Failure
Value of: rank <= 100
  Actual: false
Expected: true
graph/ut/../../algorithms/ut/algo_test.cpp:1280: Failure
Value of: rank <= 100
  Actual: false
Expected: true
graph/ut/../../algorithms/ut/algo_test.cpp:1280: Failure
Value of: rank <= 100
  Actual: false
Expected: true
graph/ut/../../algorithms/ut/algo_test.cpp:1280: Failure
Value of: rank <= 100
  Actual: false
Expected: true
graph/ut/../../algorithms/ut/algo_test.cpp:1280: Failure
Value of: rank <= 100
  Actual: false
Expected: true
graph/ut/../../algorithms/ut/algo_test.cpp:1280: Failure
Value of: rank <= 100
  Actual: false
Expected: true
graph/ut/../../algorithms/ut/algo_test.cpp:1280: Failure
Value of: rank <= 100
  Actual: false
Expected: true
graph/ut/../../algorithms/ut/algo_test.cpp:1280: Failure
Value of: rank <= 100
  Actual: false
Expected: true
graph/ut/../../algorithms/ut/algo_test.cpp:1280: Failure
Value of: rank <= 100
  Actual: false
Expected: true
graph/ut/../../algorithms/ut/algo_test.cpp:1280: Failure
Value of: rank <= 100
  Actual: false
Expected: true
graph/ut/../../algorithms/ut/algo_test.cpp:1280: Failure
Value of: rank <= 100
  Actual: false
Expected: true
graph/ut/../../algorithms/ut/algo_test.cpp:1280: Failure
Value of: rank <= 100
  Actual: false
Expected: true
graph/ut/../../algorithms/ut/algo_test.cpp:1280: Failure
Value of: rank <= 100
  Actual: false
Expected: true
graph/ut/../../algorithms/ut/algo_test.cpp:1280: Failure
Value of: rank <= 100
  Actual: false
Expected: true
graph/ut/../../algorithms/ut/algo_test.cpp:1280: Failure
Value of: rank <= 100
  Actual: false
Expected: true
graph/ut/../../algorithms/ut/algo_test.cpp:1280: Failure
Value of: rank <= 100
  Actual: false
Expected: true
graph/ut/../../algorithms/ut/algo_test.cpp:1280: Failure
Value of: rank <= 100
  Actual: false
Expected: true
graph/ut/../../algorithms/ut/algo_test.cpp:1280: Failure
Value of: rank <= 100
  Actual: false
Expected: true
graph/ut/../../algorithms/ut/algo_test.cpp:1280: Failure
Value of: rank <= 100
  Actual: false
Expected: true
graph/ut/../../algorithms/ut/algo_test.cpp:1280: Failure
Value of: rank <= 100
  Actual: false
Expected: true
graph/ut/../../algorithms/ut/algo_test.cpp:1280: Failure
Value of: rank <= 100
  Actual: false
Expected: true
graph/ut/../../algorithms/ut/algo_test.cpp:1280: Failure
Value of: rank <= 100
  Actual: false
Expected: true
graph/ut/../../algorithms/ut/algo_test.cpp:1280: Failure
Value of: rank <= 100
  Actual: false
Expected: true
graph/ut/../../algorithms/ut/algo_test.cpp:1280: Failure
Value of: rank <= 100
  Actual: false
Expected: true
graph/ut/../../algorithms/ut/algo_test.cpp:1280: Failure
Value of: rank <= 100
  Actual: false
Expected: true
graph/ut/../../algorithms/ut/algo_test.cpp:1280: Failure
Value of: rank <= 100
  Actual: false
Expected: true
graph/ut/../../algorithms/ut/algo_test.cpp:1280: Failure
Value of: rank <= 100
  Actual: false
Expected: true
graph/ut/../../algorithms/ut/algo_test.cpp:1280: Failure
Value of: rank <= 100
  Actual: false
Expected: true
graph/ut/../../algorithms/ut/algo_test.cpp:1280: Failure
Value of: rank <= 100
  Actual: false
Expected: true
graph/ut/../../algorithms/ut/algo_test.cpp:1280: Failure
Value of: rank <= 100
  Actual: false
Expected: true
graph/ut/../../algorithms/ut/algo_test.cpp:1280: Failure
Value of: rank <= 100
  Actual: false
Expected: true
graph/ut/../../algorithms/ut/algo_test.cpp:1280: Failure
Value of: rank <= 100
  Actual: false
Expected: true
graph/ut/../../algorithms/ut/algo_test.cpp:1280: Failure
Value of: rank <= 100
  Actual: false
Expected: true
graph/ut/../../algorithms/ut/algo_test.cpp:1280: Failure
Value of: rank <= 100
  Actual: false
Expected: true
graph/ut/../../algorithms/ut/algo_test.cpp:1280: Failure
Value of: rank <= 100
  Actual: false
Expected: true
graph/ut/../../algorithms/ut/algo_test.cpp:1280: Failure
Value of: rank <= 100
  Actual: false
Expected: true
graph/ut/../../algorithms/ut/algo_test.cpp:1280: Failure
Value of: rank <= 100
  Actual: false
Expected: true
graph/ut/../../algorithms/ut/algo_test.cpp:1280: Failure
Value of: rank <= 100
  Actual: false
Expected: true
graph/ut/../../algorithms/ut/algo_test.cpp:1280: Failure
Value of: rank <= 100
  Actual: false
Expected: true
graph/ut/../../algorithms/ut/algo_test.cpp:1280: Failure
Value of: rank <= 100
  Actual: false
Expected: true
graph/ut/../../algorithms/ut/algo_test.cpp:1280: Failure
Value of: rank <= 100
  Actual: false
Expected: true
graph/ut/../../algorithms/ut/algo_test.cpp:1280: Failure
Value of: rank <= 100
  Actual: false
Expected: true
graph/ut/../../algorithms/ut/algo_test.cpp:1280: Failure
Value of: rank <= 100
  Actual: false
Expected: true
graph/ut/../../algorithms/ut/algo_test.cpp:1280: Failure
Value of: rank <= 100
  Actual: false
Expected: true
graph/ut/../../algorithms/ut/algo_test.cpp:1280: Failure
Value of: rank <= 100
  Actual: false
Expected: true
graph/ut/../../algorithms/ut/algo_test.cpp:1280: Failure
Value of: rank <= 100
  Actual: false
Expected: true
graph/ut/../../algorithms/ut/algo_test.cpp:1280: Failure
Value of: rank <= 100
  Actual: false
Expected: true
graph/ut/../../algorithms/ut/algo_test.cpp:1280: Failure
Value of: rank <= 100
  Actual: false
Expected: true
graph/ut/../../algorithms/ut/algo_test.cpp:1280: Failure
Value of: rank <= 100
  Actual: false
Expected: true
graph/ut/../../algorithms/ut/algo_test.cpp:1280: Failure
Value of: rank <= 100
  Actual: false
Expected: true
graph/ut/../../algorithms/ut/algo_test.cpp:1280: Failure
Value of: rank <= 100
  Actual: false
Expected: true
graph/ut/../../algorithms/ut/algo_test.cpp:1280: Failure
Value of: rank <= 100
  Actual: false
Expected: true
graph/ut/../../algorithms/ut/algo_test.cpp:1280: Failure
Value of: rank <= 100
  Actual: false
Expected: true
graph/ut/../../algorithms/ut/algo_test.cpp:1280: Failure
Value of: rank <= 100
  Actual: false
Expected: true
graph/ut/../../algorithms/ut/algo_test.cpp:1280: Failure
Value of: rank <= 100
  Actual: false
Expected: true
graph/ut/../../algorithms/ut/algo_test.cpp:1280: Failure
Value of: rank <= 100
  Actual: false
Expected: true
graph/ut/../../algorithms/ut/algo_test.cpp:1280: Failure
Value of: rank <= 100
  Actual: false
Expected: true
graph/ut/../../algorithms/ut/algo_test.cpp:1280: Failure
Value of: rank <= 100
  Actual: false
Expected: true
graph/ut/../../algorithms/ut/algo_test.cpp:1280: Failure
Value of: rank <= 100
  Actual: false
Expected: true
graph/ut/../../algorithms/ut/algo_test.cpp:1280: Failure
Value of: rank <= 100
  Actual: false
Expected: true
graph/ut/../../algorithms/ut/algo_test.cpp:1280: Failure
Value of: rank <= 100
  Actual: false
Expected: true
graph/ut/../../algorithms/ut/algo_test.cpp:1280: Failure
Value of: rank <= 100
  Actual: false
Expected: true
graph/ut/../../algorithms/ut/algo_test.cpp:1280: Failure
Value of: rank <= 100
  Actual: false
Expected: true
graph/ut/../../algorithms/ut/algo_test.cpp:1280: Failure
Value of: rank <= 100
  Actual: false
Expected: true
graph/ut/../../algorithms/ut/algo_test.cpp:1280: Failure
Value of: rank <= 100
  Actual: false
Expected: true
graph/ut/../../algorithms/ut/algo_test.cpp:1280: Failure
Value of: rank <= 100
  Actual: false
Expected: true
graph/ut/../../algorithms/ut/algo_test.cpp:1280: Failure
Value of: rank <= 100
  Actual: false
Expected: true
graph/ut/../../algorithms/ut/algo_test.cpp:1280: Failure
Value of: rank <= 100
  Actual: false
Expected: true
graph/ut/../../algorithms/ut/algo_test.cpp:1280: Failure
Value of: rank <= 100
  Actual: false
Expected: true
graph/ut/../../algorithms/ut/algo_test.cpp:1280: Failure
Value of: rank <= 100
  Actual: false
Expected: true
graph/ut/../../algorithms/ut/algo_test.cpp:1280: Failure
Value of: rank <= 100
  Actual: false
Expected: true
graph/ut/../../algorithms/ut/algo_test.cpp:1280: Failure
Value of: rank <= 100
  Actual: false
Expected: true
graph/ut/../../algorithms/ut/algo_test.cpp:1280: Failure
Value of: rank <= 100
  Actual: false
Expected: true
graph/ut/../../algorithms/ut/algo_test.cpp:1280: Failure
Value of: rank <= 100
  Actual: false
Expected: true
graph/ut/../../algorithms/ut/algo_test.cpp:1280: Failure
Value of: rank <= 100
  Actual: false
Expected: true
graph/ut/../../algorithms/ut/algo_test.cpp:1280: Failure
Value of: rank <= 100
  Actual: false
Expected: true
graph/ut/../../algorithms/ut/algo_test.cpp:1280: Failure
Value of: rank <= 100
  Actual: false
Expected: true
graph/ut/../../algorithms/ut/algo_test.cpp:1280: Failure
Value of: rank <= 100
  Actual: false
Expected: true
graph/ut/../../algorithms/ut/algo_test.cpp:1280: Failure
Value of: rank <= 100
  Actual: false
Expected: true
graph/ut/../../algorithms/ut/algo_test.cpp:1280: Failure
Value of: rank <= 100
  Actual: false
Expected: true
graph/ut/../../algorithms/ut/algo_test.cpp:1280: Failure
Value of: rank <= 100
  Actual: false
Expected: true
graph/ut/../../algorithms/ut/algo_test.cpp:1280: Failure
Value of: rank <= 100
  Actual: false
Expected: true
graph/ut/../../algorithms/ut/algo_test.cpp:1280: Failure
Value of: rank <= 100
  Actual: false
Expected: true
graph/ut/../../algorithms/ut/algo_test.cpp:1280: Failure
Value of: rank <= 100
  Actual: false
Expected: true
graph/ut/../../algorithms/ut/algo_test.cpp:1280: Failure
Value of: rank <= 100
  Actual: false
Expected: true
graph/ut/../../algorithms/ut/algo_test.cpp:1280: Failure
Value of: rank <= 100
  Actual: false
Expected: true
graph/ut/../../algorithms/ut/algo_test.cpp:1280: Failure
Value of: rank <= 100
  Actual: false
Expected: true
graph/ut/../../algorithms/ut/algo_test.cpp:1280: Failure
Value of: rank <= 100
  Actual: false
Expected: true
graph/ut/../../algorithms/ut/algo_test.cpp:1280: Failure
Value of: rank <= 100
  Actual: false
Expected: true
graph/ut/../../algorithms/ut/algo_test.cpp:1280: Failure
Value of: rank <= 100
  Actual: false
Expected: true
graph/ut/../../algorithms/ut/algo_test.cpp:1280: Failure
Value of: rank <= 100
  Actual: false
Expected: true
graph/ut/../../algorithms/ut/algo_test.cpp:1280: Failure
Value of: rank <= 100
  Actual: false
Expected: true
graph/ut/../../algorithms/ut/algo_test.cpp:1280: Failure
Value of: rank <= 100
  Actual: false
Expected: true
graph/ut/../../algorithms/ut/algo_test.cpp:1280: Failure
Value of: rank <= 100
  Actual: false
Expected: true
graph/ut/../../algorithms/ut/algo_test.cpp:1280: Failure
Value of: rank <= 100
  Actual: false
Expected: true
graph/ut/../../algorithms/ut/algo_test.cpp:1280: Failure
Value of: rank <= 100
  Actual: false
Expected: true
graph/ut/../../algorithms/ut/algo_test.cpp:1280: Failure
Value of: rank <= 100
  Actual: false
Expected: true
graph/ut/../../algorithms/ut/algo_test.cpp:1280: Failure
Value of: rank <= 100
  Actual: false
Expected: true
graph/ut/../../algorithms/ut/algo_test.cpp:1280: Failure
Value of: rank <= 100
  Actual: false
Expected: true
graph/ut/../../algorithms/ut/algo_test.cpp:1280: Failure
Value of: rank <= 100
  Actual: false
Expected: true
graph/ut/../../algorithms/ut/algo_test.cpp:1280: Failure
Value of: rank <= 100
  Actual: false
Expected: true
graph/ut/../../algorithms/ut/algo_test.cpp:1280: Failure
Value of: rank <= 100
  Actual: false
Expected: true
graph/ut/../../algorithms/ut/algo_test.cpp:1280: Failure
Value of: rank <= 100
  Actual: false
Expected: true
graph/ut/../../algorithms/ut/algo_test.cpp:1280: Failure
Value of: rank <= 100
  Actual: false
Expected: true
graph/ut/../../algorithms/ut/algo_test.cpp:1280: Failure
Value of: rank <= 100
  Actual: false
Expected: true
graph/ut/../../algorithms/ut/algo_test.cpp:1280: Failure
Value of: rank <= 100
  Actual: false
Expected: true
graph/ut/../../algorithms/ut/algo_test.cpp:1280: Failure
Value of: rank <= 100
  Actual: false
Expected: true
graph/ut/../../algorithms/ut/algo_test.cpp:1280: Failure
Value of: rank <= 100
  Actual: false
Expected: true
graph/ut/../../algorithms/ut/algo_test.cpp:1280: Failure
Value of: rank <= 100
  Actual: false
Expected: true
graph/ut/../../algorithms/ut/algo_test.cpp:1280: Failure
Value of: rank <= 100
  Actual: false
Expected: true
graph/ut/../../algorithms/ut/algo_test.cpp:1280: Failure
Value of: rank <= 100
  Actual: false
Expected: true
graph/ut/../../algorithms/ut/algo_test.cpp:1280: Failure
Value of: rank <= 100
  Actual: false
Expected: true
graph/ut/../../algorithms/ut/algo_test.cpp:1280: Failure
Value of: rank <= 100
  Actual: false
Expected: true
graph/ut/../../algorithms/ut/algo_test.cpp:1280: Failure
Value of: rank <= 100
  Actual: false
Expected: true
graph/ut/../../algorithms/ut/algo_test.cpp:1280: Failure
Value of: rank <= 100
  Actual: false
Expected: true
graph/ut/../../algorithms/ut/algo_test.cpp:1280: Failure
Value of: rank <= 100
  Actual: false
Expected: true
graph/ut/../../algorithms/ut/algo_test.cpp:1280: Failure
Value of: rank <= 100
  Actual: false
Expected: true
graph/ut/../../algorithms/ut/algo_test.cpp:1280: Failure
Value of: rank <= 100
  Actual: false
Expected: true
graph/ut/../../algorithms/ut/algo_test.cpp:1280: Failure
Value of: rank <= 100
  Actual: false
Expected: true
graph/ut/../../algorithms/ut/algo_test.cpp:1280: Failure
Value of: rank <= 100
  Actual: false
Expected: true
graph/ut/../../algorithms/ut/algo_test.cpp:1280: Failure
Value of: rank <= 100
  Actual: false
Expected: true
graph/ut/../../algorithms/ut/algo_test.cpp:1280: Failure
Value of: rank <= 100
  Actual: false
Expected: true
graph/ut/../../algorithms/ut/algo_test.cpp:1280: Failure
Value of: rank <= 100
  Actual: false
Expected: true
graph/ut/../../algorithms/ut/algo_test.cpp:1280: Failure
Value of: rank <= 100
  Actual: false
Expected: true
graph/ut/../../algorithms/ut/algo_test.cpp:1280: Failure
Value of: rank <= 100
  Actual: false
Expected: true
graph/ut/../../algorithms/ut/algo_test.cpp:1280: Failure
Value of: rank <= 100
  Actual: false
Expected: true
graph/ut/../../algorithms/ut/algo_test.cpp:1280: Failure
Value of: rank <= 100
  Actual: false
Expected: true
graph/ut/../../algorithms/ut/algo_test.cpp:1280: Failure
Value of: rank <= 100
  Actual: false
Expected: true
graph/ut/../../algorithms/ut/algo_test.cpp:1280: Failure
Value of: rank <= 100
  Actual: false
Expected: true
graph/ut/../../algorithms/ut/algo_test.cpp:1280: Failure
Value of: rank <= 100
  Actual: false
Expected: true
graph/ut/../../algorithms/ut/algo_test.cpp:1280: Failure
Value of: rank <= 100
  Actual: false
Expected: true
graph/ut/../../algorithms/ut/algo_test.cpp:1280: Failure
Value of: rank <= 100
  Actual: false
Expected: true
graph/ut/../../algorithms/ut/algo_test.cpp:1280: Failure
Value of: rank <= 100
  Actual: false
Expected: true
graph/ut/../../algorithms/ut/algo_test.cpp:1280: Failure
Value of: rank <= 100
  Actual: false
Expected: true
graph/ut/../../algorithms/ut/algo_test.cpp:1280: Failure
Value of: rank <= 100
  Actual: false
Expected: true
graph/ut/../../algorithms/ut/algo_test.cpp:1280: Failure
Value of: rank <= 100
  Actual: false
Expected: true
graph/ut/../../algorithms/ut/algo_test.cpp:1280: Failure
Value of: rank <= 100
  Actual: false
Expected: true
graph/ut/../../algorithms/ut/algo_test.cpp:1280: Failure
Value of: rank <= 100
  Actual: false
Expected: true
graph/ut/../../algorithms/ut/algo_test.cpp:1280: Failure
Value of: rank <= 100
  Actual: false
Expected: true
graph/ut/../../algorithms/ut/algo_test.cpp:1280: Failure
Value of: rank <= 100
  Actual: false
Expected: true
graph/ut/../../algorithms/ut/algo_test.cpp:1280: Failure
Value of: rank <= 100
  Actual: false
Expected: true
graph/ut/../../algorithms/ut/algo_test.cpp:1280: Failure
Value of: rank <= 100
  Actual: false
Expected: true
graph/ut/../../algorithms/ut/algo_test.cpp:1280: Failure
Value of: rank <= 100
  Actual: false
Expected: true
graph/ut/../../algorithms/ut/algo_test.cpp:1280: Failure
Value of: rank <= 100
  Actual: false
Expected: true
graph/ut/../../algorithms/ut/algo_test.cpp:1280: Failure
Value of: rank <= 100
  Actual: false
Expected: true
graph/ut/../../algorithms/ut/algo_test.cpp:1280: Failure
Value of: rank <= 100
  Actual: false
Expected: true
graph/ut/../../algorithms/ut/algo_test.cpp:1280: Failure
Value of: rank <= 100
  Actual: false
Expected: true
graph/ut/../../algorithms/ut/algo_test.cpp:1280: Failure
Value of: rank <= 100
  Actual: false
Expected: true
graph/ut/../../algorithms/ut/algo_test.cpp:1280: Failure
Value of: rank <= 100
  Actual: false
Expected: true
graph/ut/../../algorithms/ut/algo_test.cpp:1280: Failure
Value of: rank <= 100
  Actual: false
Expected: true
graph/ut/../../algorithms/ut/algo_test.cpp:1280: Failure
Value of: rank <= 100
  Actual: false
Expected: true
graph/ut/../../algorithms/ut/algo_test.cpp:1280: Failure
Value of: rank <= 100
  Actual: false
Expected: true
graph/ut/../../algorithms/ut/algo_test.cpp:1280: Failure
Value of: rank <= 100
  Actual: false
Expected: true
graph/ut/../../algorithms/ut/algo_test.cpp:1280: Failure
Value of: rank <= 100
  Actual: false
Expected: true
graph/ut/../../algorithms/ut/algo_test.cpp:1280: Failure
Value of: rank <= 100
  Actual: false
Expected: true
graph/ut/../../algorithms/ut/algo_test.cpp:1280: Failure
Value of: rank <= 100
  Actual: false
Expected: true
graph/ut/../../algorithms/ut/algo_test.cpp:1280: Failure
Value of: rank <= 100
  Actual: false
Expected: true
graph/ut/../../algorithms/ut/algo_test.cpp:1280: Failure
Value of: rank <= 100
  Actual: false
Expected: true
graph/ut/../../algorithms/ut/algo_test.cpp:1280: Failure
Value of: rank <= 100
  Actual: false
Expected: true
graph/ut/../../algorithms/ut/algo_test.cpp:1280: Failure
Value of: rank <= 100
  Actual: false
Expected: true
graph/ut/../../algorithms/ut/algo_test.cpp:1280: Failure
Value of: rank <= 100
  Actual: false
Expected: true
graph/ut/../../algorithms/ut/algo_test.cpp:1280: Failure
Value of: rank <= 100
  Actual: false
Expected: true
graph/ut/../../algorithms/ut/algo_test.cpp:1280: Failure
Value of: rank <= 100
  Actual: false
Expected: true
graph/ut/../../algorithms/ut/algo_test.cpp:1280: Failure
Value of: rank <= 100
  Actual: false
Expected: true
graph/ut/../../algorithms/ut/algo_test.cpp:1280: Failure
Value of: rank <= 100
  Actual: false
Expected: true
graph/ut/../../algorithms/ut/algo_test.cpp:1280: Failure
Value of: rank <= 100
  Actual: false
Expected: true
graph/ut/../../algorithms/ut/algo_test.cpp:1280: Failure
Value of: rank <= 100
  Actual: false
Expected: true
graph/ut/../../algorithms/ut/algo_test.cpp:1280: Failure
Value of: rank <= 100
  Actual: false
Expected: true
graph/ut/../../algorithms/ut/algo_test.cpp:1280: Failure
Value of: rank <= 100
  Actual: false
Expected: true
graph/ut/../../algorithms/ut/algo_test.cpp:1280: Failure
Value of: rank <= 100
  Actual: false
Expected: true
graph/ut/../../algorithms/ut/algo_test.cpp:1280: Failure
Value of: rank <= 100
  Actual: false
Expected: true
graph/ut/../../algorithms/ut/algo_test.cpp:1280: Failure
Value of: rank <= 100
  Actual: false
Expected: true
graph/ut/../../algorithms/ut/algo_test.cpp:1280: Failure
Value of: rank <= 100
  Actual: false
Expected: true
graph/ut/../../algorithms/ut/algo_test.cpp:1280: Failure
Value of: rank <= 100
  Actual: false
Expected: true
graph/ut/../../algorithms/ut/algo_test.cpp:1280: Failure
Value of: rank <= 100
  Actual: false
Expected: true
graph/ut/../../algorithms/ut/algo_test.cpp:1280: Failure
Value of: rank <= 100
  Actual: false
Expected: true
graph/ut/../../algorithms/ut/algo_test.cpp:1280: Failure
Value of: rank <= 100
  Actual: false
Expected: true
graph/ut/../../algorithms/ut/algo_test.cpp:1280: Failure
Value of: rank <= 100
  Actual: false
Expected: true
graph/ut/../../algorithms/ut/algo_test.cpp:1280: Failure
Value of: rank <= 100
  Actual: false
Expected: true
graph/ut/../../algorithms/ut/algo_test.cpp:1280: Failure
Value of: rank <= 100
  Actual: false
Expected: true
graph/ut/../../algorithms/ut/algo_test.cpp:1280: Failure
Value of: rank <= 100
  Actual: false
Expected: true
graph/ut/../../algorithms/ut/algo_test.cpp:1280: Failure
Value of: rank <= 100
  Actual: false
Expected: true
graph/ut/../../algorithms/ut/algo_test.cpp:1280: Failure
Value of: rank <= 100
  Actual: false
Expected: true
graph/ut/../../algorithms/ut/algo_test.cpp:1280: Failure
Value of: rank <= 100
  Actual: false
Expected: true
graph/ut/../../algorithms/ut/algo_test.cpp:1280: Failure
Value of: rank <= 100
  Actual: false
Expected: true
graph/ut/../../algorithms/ut/algo_test.cpp:1280: Failure
Value of: rank <= 100
  Actual: false
Expected: true
graph/ut/../../algorithms/ut/algo_test.cpp:1280: Failure
Value of: rank <= 100
  Actual: false
Expected: true
graph/ut/../../algorithms/ut/algo_test.cpp:1280: Failure
Value of: rank <= 100
  Actual: false
Expected: true
graph/ut/../../algorithms/ut/algo_test.cpp:1280: Failure
Value of: rank <= 100
  Actual: false
Expected: true
graph/ut/../../algorithms/ut/algo_test.cpp:1280: Failure
Value of: rank <= 100
  Actual: false
Expected: true
graph/ut/../../algorithms/ut/algo_test.cpp:1280: Failure
Value of: rank <= 100
  Actual: false
Expected: true
graph/ut/../../algorithms/ut/algo_test.cpp:1280: Failure
Value of: rank <= 100
  Actual: false
Expected: true
graph/ut/../../algorithms/ut/algo_test.cpp:1280: Failure
Value of: rank <= 100
  Actual: false
Expected: true
graph/ut/../../algorithms/ut/algo_test.cpp:1280: Failure
Value of: rank <= 100
  Actual: false
Expected: true
graph/ut/../../algorithms/ut/algo_test.cpp:1280: Failure
Value of: rank <= 100
  Actual: false
Expected: true
graph/ut/../../algorithms/ut/algo_test.cpp:1280: Failure
Value of: rank <= 100
  Actual: false
Expected: true
graph/ut/../../algorithms/ut/algo_test.cpp:1280: Failure
Value of: rank <= 100
  Actual: false
Expected: true
graph/ut/../../algorithms/ut/algo_test.cpp:1280: Failure
Value of: rank <= 100
  Actual: false
Expected: true
graph/ut/../../algorithms/ut/algo_test.cpp:1280: Failure
Value of: rank <= 100
  Actual: false
Expected: true
graph/ut/../../algorithms/ut/algo_test.cpp:1280: Failure
Value of: rank <= 100
  Actual: false
Expected: true
graph/ut/../../algorithms/ut/algo_test.cpp:1280: Failure
Value of: rank <= 100
  Actual: false
Expected: true
graph/ut/../../algorithms/ut/algo_test.cpp:1280: Failure
Value of: rank <= 100
  Actual: false
Expected: true
graph/ut/../../algorithms/ut/algo_test.cpp:1280: Failure
Value of: rank <= 100
  Actual: false
Expected: true
graph/ut/../../algorithms/ut/algo_test.cpp:1280: Failure
Value of: rank <= 100
  Actual: false
Expected: true
graph/ut/../../algorithms/ut/algo_test.cpp:1280: Failure
Value of: rank <= 100
  Actual: false
Expected: true
graph/ut/../../algorithms/ut/algo_test.cpp:1280: Failure
Value of: rank <= 100
  Actual: false
Expected: true
graph/ut/../../algorithms/ut/algo_test.cpp:1280: Failure
Value of: rank <= 100
  Actual: false
Expected: true
graph/ut/../../algorithms/ut/algo_test.cpp:1280: Failure
Value of: rank <= 100
  Actual: false
Expected: true
graph/ut/../../algorithms/ut/algo_test.cpp:1280: Failure
Value of: rank <= 100
  Actual: false
Expected: true
graph/ut/../../algorithms/ut/algo_test.cpp:1280: Failure
Value of: rank <= 100
  Actual: false
Expected: true
graph/ut/../../algorithms/ut/algo_test.cpp:1280: Failure
Value of: rank <= 100
  Actual: false
Expected: true
graph/ut/../../algorithms/ut/algo_test.cpp:1280: Failure
Value of: rank <= 100
  Actual: false
Expected: true
graph/ut/../../algorithms/ut/algo_test.cpp:1280: Failure
Value of: rank <= 100
  Actual: false
Expected: true
graph/ut/../../algorithms/ut/algo_test.cpp:1280: Failure
Value of: rank <= 100
  Actual: false
Expected: true
graph/ut/../../algorithms/ut/algo_test.cpp:1280: Failure
Value of: rank <= 100
  Actual: false
Expected: true
graph/ut/../../algorithms/ut/algo_test.cpp:1280: Failure
Value of: rank <= 100
  Actual: false
Expected: true
graph/ut/../../algorithms/ut/algo_test.cpp:1280: Failure
Value of: rank <= 100
  Actual: false
Expected: true
graph/ut/../../algorithms/ut/algo_test.cpp:1280: Failure
Value of: rank <= 100
  Actual: false
Expected: true
graph/ut/../../algorithms/ut/algo_test.cpp:1280: Failure
Value of: rank <= 100
  Actual: false
Expected: true
graph/ut/../../algorithms/ut/algo_test.cpp:1280: Failure
Value of: rank <= 100
  Actual: false
Expected: true
graph/ut/../../algorithms/ut/algo_test.cpp:1280: Failure
Value of: rank <= 100
  Actual: false
Expected: true
graph/ut/../../algorithms/ut/algo_test.cpp:1280: Failure
Value of: rank <= 100
  Actual: false
Expected: true
graph/ut/../../algorithms/ut/algo_test.cpp:1280: Failure
Value of: rank <= 100
  Actual: false
Expected: true
graph/ut/../../algorithms/ut/algo_test.cpp:1280: Failure
Value of: rank <= 100
  Actual: false
Expected: true
graph/ut/../../algorithms/ut/algo_test.cpp:1280: Failure
Value of: rank <= 100
  Actual: false
Expected: true
graph/ut/../../algorithms/ut/algo_test.cpp:1280: Failure
Value of: rank <= 100
  Actual: false
Expected: true
graph/ut/../../algorithms/ut/algo_test.cpp:1280: Failure
Value of: rank <= 100
  Actual: false
Expected: true
graph/ut/../../algorithms/ut/algo_test.cpp:1280: Failure
Value of: rank <= 100
  Actual: false
Expected: true
graph/ut/../../algorithms/ut/algo_test.cpp:1280: Failure
Value of: rank <= 100
  Actual: false
Expected: true
graph/ut/../../algorithms/ut/algo_test.cpp:1280: Failure
Value of: rank <= 100
  Actual: false
Expected: true
graph/ut/../../algorithms/ut/algo_test.cpp:1280: Failure
Value of: rank <= 100
  Actual: false
Expected: true
graph/ut/../../algorithms/ut/algo_test.cpp:1280: Failure
Value of: rank <= 100
  Actual: false
Expected: true
graph/ut/../../algorithms/ut/algo_test.cpp:1280: Failure
Value of: rank <= 100
  Actual: false
Expected: true
graph/ut/../../algorithms/ut/algo_test.cpp:1280: Failure
Value of: rank <= 100
  Actual: false
Expected: true
graph/ut/../../algorithms/ut/algo_test.cpp:1280: Failure
Value of: rank <= 100
  Actual: false
Expected: true
graph/ut/../../algorithms/ut/algo_test.cpp:1280: Failure
Value of: rank <= 100
  Actual: false
Expected: true
graph/ut/../../algorithms/ut/algo_test.cpp:1280: Failure
Value of: rank <= 100
  Actual: false
Expected: true
graph/ut/../../algorithms/ut/algo_test.cpp:1280: Failure
Value of: rank <= 100
  Actual: false
Expected: true
graph/ut/../../algorithms/ut/algo_test.cpp:1280: Failure
Value of: rank <= 100
  Actual: false
Expected: true
graph/ut/../../algorithms/ut/algo_test.cpp:1280: Failure
Value of: rank <= 100
  Actual: false
Expected: true
graph/ut/../../algorithms/ut/algo_test.cpp:1280: Failure
Value of: rank <= 100
  Actual: false
Expected: true
graph/ut/../../algorithms/ut/algo_test.cpp:1280: Failure
Value of: rank <= 100
  Actual: false
Expected: true
graph/ut/../../algorithms/ut/algo_test.cpp:1280: Failure
Value of: rank <= 100
  Actual: false
Expected: true
graph/ut/../../algorithms/ut/algo_test.cpp:1280: Failure
Value of: rank <= 100
  Actual: false
Expected: true
graph/ut/../../algorithms/ut/algo_test.cpp:1280: Failure
Value of: rank <= 100
  Actual: false
Expected: true
graph/ut/../../algorithms/ut/algo_test.cpp:1280: Failure
Value of: rank <= 100
  Actual: false
Expected: true
graph/ut/../../algorithms/ut/algo_test.cpp:1280: Failure
Value of: rank <= 100
  Actual: false
Expected: true
graph/ut/../../algorithms/ut/algo_test.cpp:1280: Failure
Value of: rank <= 100
  Actual: false
Expected: true
graph/ut/../../algorithms/ut/algo_test.cpp:1280: Failure
Value of: rank <= 100
  Actual: false
Expected: true
graph/ut/../../algorithms/ut/algo_test.cpp:1280: Failure
Value of: rank <= 100
  Actual: false
Expected: true
graph/ut/../../algorithms/ut/algo_test.cpp:1280: Failure
Value of: rank <= 100
  Actual: false
Expected: true
graph/ut/../../algorithms/ut/algo_test.cpp:1280: Failure
Value of: rank <= 100
  Actual: false
Expected: true
graph/ut/../../algorithms/ut/algo_test.cpp:1280: Failure
Value of: rank <= 100
  Actual: false
Expected: true
graph/ut/../../algorithms/ut/algo_test.cpp:1280: Failure
Value of: rank <= 100
  Actual: false
Expected: true
graph/ut/../../algorithms/ut/algo_test.cpp:1280: Failure
Value of: rank <= 100
  Actual: false
Expected: true
graph/ut/../../algorithms/ut/algo_test.cpp:1280: Failure
Value of: rank <= 100
  Actual: false
Expected: true
graph/ut/../../algorithms/ut/algo_test.cpp:1280: Failure
Value of: rank <= 100
  Actual: false
Expected: true
graph/ut/../../algorithms/ut/algo_test.cpp:1280: Failure
Value of: rank <= 100
  Actual: false
Expected: true
graph/ut/../../algorithms/ut/algo_test.cpp:1280: Failure
Value of: rank <= 100
  Actual: false
Expected: true
graph/ut/../../algorithms/ut/algo_test.cpp:1280: Failure
Value of: rank <= 100
  Actual: false
Expected: true
graph/ut/../../algorithms/ut/algo_test.cpp:1280: Failure
Value of: rank <= 100
  Actual: false
Expected: true
graph/ut/../../algorithms/ut/algo_test.cpp:1280: Failure
Value of: rank <= 100
  Actual: false
Expected: true
graph/ut/../../algorithms/ut/algo_test.cpp:1280: Failure
Value of: rank <= 100
  Actual: false
Expected: true
graph/ut/../../algorithms/ut/algo_test.cpp:1280: Failure
Value of: rank <= 100
  Actual: false
Expected: true
graph/ut/../../algorithms/ut/algo_test.cpp:1280: Failure
Value of: rank <= 100
  Actual: false
Expected: true
graph/ut/../../algorithms/ut/algo_test.cpp:1280: Failure
Value of: rank <= 100
  Actual: false
Expected: true
graph/ut/../../algorithms/ut/algo_test.cpp:1280: Failure
Value of: rank <= 100
  Actual: false
Expected: true
graph/ut/../../algorithms/ut/algo_test.cpp:1280: Failure
Value of: rank <= 100
  Actual: false
Expected: true
graph/ut/../../algorithms/ut/algo_test.cpp:1280: Failure
Value of: rank <= 100
  Actual: false
Expected: true
graph/ut/../../algorithms/ut/algo_test.cpp:1280: Failure
Value of: rank <= 100
  Actual: false
Expected: true
graph/ut/../../algorithms/ut/algo_test.cpp:1280: Failure
Value of: rank <= 100
  Actual: false
Expected: true
graph/ut/../../algorithms/ut/algo_test.cpp:1280: Failure
Value of: rank <= 100
  Actual: false
Expected: true
graph/ut/../../algorithms/ut/algo_test.cpp:1280: Failure
Value of: rank <= 100
  Actual: false
Expected: true
graph/ut/../../algorithms/ut/algo_test.cpp:1280: Failure
Value of: rank <= 100
  Actual: false
Expected: true
graph/ut/../../algorithms/ut/algo_test.cpp:1280: Failure
Value of: rank <= 100
  Actual: false
Expected: true
graph/ut/../../algorithms/ut/algo_test.cpp:1280: Failure
Value of: rank <= 100
  Actual: false
Expected: true
graph/ut/../../algorithms/ut/algo_test.cpp:1280: Failure
Value of: rank <= 100
  Actual: false
Expected: true
graph/ut/../../algorithms/ut/algo_test.cpp:1280: Failure
Value of: rank <= 100
  Actual: false
Expected: true
graph/ut/../../algorithms/ut/algo_test.cpp:1280: Failure
Value of: rank <= 100
  Actual: false
Expected: true
graph/ut/../../algorithms/ut/algo_test.cpp:1280: Failure
Value of: rank <= 100
  Actual: false
Expected: true
graph/ut/../../algorithms/ut/algo_test.cpp:1280: Failure
Value of: rank <= 100
  Actual: false
Expected: true
graph/ut/../../algorithms/ut/algo_test.cpp:1280: Failure
Value of: rank <= 100
  Actual: false
Expected: true
graph/ut/../../algorithms/ut/algo_test.cpp:1280: Failure
Value of: rank <= 100
  Actual: false
Expected: true
graph/ut/../../algorithms/ut/algo_test.cpp:1280: Failure
Value of: rank <= 100
  Actual: false
Expected: true
graph/ut/../../algorithms/ut/algo_test.cpp:1280: Failure
Value of: rank <= 100
  Actual: false
Expected: true
graph/ut/../../algorithms/ut/algo_test.cpp:1280: Failure
Value of: rank <= 100
  Actual: false
Expected: true
graph/ut/../../algorithms/ut/algo_test.cpp:1280: Failure
Value of: rank <= 100
  Actual: false
Expected: true
graph/ut/../../algorithms/ut/algo_test.cpp:1280: Failure
Value of: rank <= 100
  Actual: false
Expected: true
graph/ut/../../algorithms/ut/algo_test.cpp:1280: Failure
Value of: rank <= 100
  Actual: false
Expected: true
graph/ut/../../algorithms/ut/algo_test.cpp:1280: Failure
Value of: rank <= 100
  Actual: false
Expected: true
graph/ut/../../algorithms/ut/algo_test.cpp:1280: Failure
Value of: rank <= 100
  Actual: false
Expected: true
graph/ut/../../algorithms/ut/algo_test.cpp:1280: Failure
Value of: rank <= 100
  Actual: false
Expected: true
graph/ut/../../algorithms/ut/algo_test.cpp:1280: Failure
Value of: rank <= 100
  Actual: false
Expected: true
graph/ut/../../algorithms/ut/algo_test.cpp:1280: Failure
Value of: rank <= 100
  Actual: false
Expected: true
graph/ut/../../algorithms/ut/algo_test.cpp:1280: Failure
Value of: rank <= 100
  Actual: false
Expected: true
graph/ut/../../algorithms/ut/algo_test.cpp:1280: Failure
Value of: rank <= 100
  Actual: false
Expected: true
graph/ut/../../algorithms/ut/algo_test.cpp:1280: Failure
Value of: rank <= 100
  Actual: false
Expected: true
graph/ut/../../algorithms/ut/algo_test.cpp:1280: Failure
Value of: rank <= 100
  Actual: false
Expected: true
graph/ut/../../algorithms/ut/algo_test.cpp:1280: Failure
Value of: rank <= 100
  Actual: false
Expected: true
graph/ut/../../algorithms/ut/algo_test.cpp:1280: Failure
Value of: rank <= 100
  Actual: false
Expected: true
graph/ut/../../algorithms/ut/algo_test.cpp:1280: Failure
Value of: rank <= 100
  Actual: false
Expected: true
graph/ut/../../algorithms/ut/algo_test.cpp:1280: Failure
Value of: rank <= 100
  Actual: false
Expected: true
graph/ut/../../algorithms/ut/algo_test.cpp:1280: Failure
Value of: rank <= 100
  Actual: false
Expected: true
graph/ut/../../algorithms/ut/algo_test.cpp:1280: Failure
Value of: rank <= 100
  Actual: false
Expected: true
graph/ut/../../algorithms/ut/algo_test.cpp:1280: Failure
Value of: rank <= 100
  Actual: false
Expected: true
graph/ut/../../algorithms/ut/algo_test.cpp:1280: Failure
Value of: rank <= 100
  Actual: false
Expected: true
graph/ut/../../algorithms/ut/algo_test.cpp:1280: Failure
Value of: rank <= 100
  Actual: false
Expected: true
graph/ut/../../algorithms/ut/algo_test.cpp:1280: Failure
Value of: rank <= 100
  Actual: false
Expected: true
graph/ut/../../algorithms/ut/algo_test.cpp:1280: Failure
Value of: rank <= 100
  Actual: false
Expected: true
graph/ut/../../algorithms/ut/algo_test.cpp:1280: Failure
Value of: rank <= 100
  Actual: false
Expected: true
graph/ut/../../algorithms/ut/algo_test.cpp:1280: Failure
Value of: rank <= 100
  Actual: false
Expected: true
graph/ut/../../algorithms/ut/algo_test.cpp:1280: Failure
Value of: rank <= 100
  Actual: false
Expected: true
graph/ut/../../algorithms/ut/algo_test.cpp:1280: Failure
Value of: rank <= 100
  Actual: false
Expected: true
graph/ut/../../algorithms/ut/algo_test.cpp:1280: Failure
Value of: rank <= 100
  Actual: false
Expected: true
graph/ut/../../algorithms/ut/algo_test.cpp:1280: Failure
Value of: rank <= 100
  Actual: false
Expected: true
graph/ut/../../algorithms/ut/algo_test.cpp:1280: Failure
Value of: rank <= 100
  Actual: false
Expected: true
graph/ut/../../algorithms/ut/algo_test.cpp:1280: Failure
Value of: rank <= 100
  Actual: false
Expected: true
graph/ut/../../algorithms/ut/algo_test.cpp:1280: Failure
Value of: rank <= 100
  Actual: false
Expected: true
graph/ut/../../algorithms/ut/algo_test.cpp:1280: Failure
Value of: rank <= 100
  Actual: false
Expected: true
graph/ut/../../algorithms/ut/algo_test.cpp:1280: Failure
Value of: rank <= 100
  Actual: false
Expected: true
graph/ut/../../algorithms/ut/algo_test.cpp:1280: Failure
Value of: rank <= 100
  Actual: false
Expected: true
graph/ut/../../algorithms/ut/algo_test.cpp:1280: Failure
Value of: rank <= 100
  Actual: false
Expected: true
graph/ut/../../algorithms/ut/algo_test.cpp:1280: Failure
Value of: rank <= 100
  Actual: false
Expected: true
graph/ut/../../algorithms/ut/algo_test.cpp:1280: Failure
Value of: rank <= 100
  Actual: false
Expected: true
graph/ut/../../algorithms/ut/algo_test.cpp:1280: Failure
Value of: rank <= 100
  Actual: false
Expected: true
graph/ut/../../algorithms/ut/algo_test.cpp:1280: Failure
Value of: rank <= 100
  Actual: false
Expected: true
graph/ut/../../algorithms/ut/algo_test.cpp:1280: Failure
Value of: rank <= 100
  Actual: false
Expected: true
graph/ut/../../algorithms/ut/algo_test.cpp:1280: Failure
Value of: rank <= 100
  Actual: false
Expected: true
graph/ut/../../algorithms/ut/algo_test.cpp:1280: Failure
Value of: rank <= 100
  Actual: false
Expected: true
graph/ut/../../algorithms/ut/algo_test.cpp:1280: Failure
Value of: rank <= 100
  Actual: false
Expected: true
graph/ut/../../algorithms/ut/algo_test.cpp:1280: Failure
Value of: rank <= 100
  Actual: false
Expected: true
graph/ut/../../algorithms/ut/algo_test.cpp:1280: Failure
Value of: rank <= 100
  Actual: false
Expected: true
graph/ut/../../algorithms/ut/algo_test.cpp:1280: Failure
Value of: rank <= 100
  Actual: false
Expected: true
graph/ut/../../algorithms/ut/algo_test.cpp:1280: Failure
Value of: rank <= 100
  Actual: false
Expected: true
graph/ut/../../algorithms/ut/algo_test.cpp:1280: Failure
Value of: rank <= 100
  Actual: false
Expected: true
graph/ut/../../algorithms/ut/algo_test.cpp:1280: Failure
Value of: rank <= 100
  Actual: false
Expected: true
graph/ut/../../algorithms/ut/algo_test.cpp:1280: Failure
Value of: rank <= 100
  Actual: false
Expected: true
graph/ut/../../algorithms/ut/algo_test.cpp:1280: Failure
Value of: rank <= 100
  Actual: false
Expected: true
graph/ut/../../algorithms/ut/algo_test.cpp:1280: Failure
Value of: rank <= 100
  Actual: false
Expected: true
graph/ut/../../algorithms/ut/algo_test.cpp:1280: Failure
Value of: rank <= 100
  Actual: false
Expected: true
graph/ut/../../algorithms/ut/algo_test.cpp:1280: Failure
Value of: rank <= 100
  Actual: false
Expected: true
graph/ut/../../algorithms/ut/algo_test.cpp:1280: Failure
Value of: rank <= 100
  Actual: false
Expected: true
graph/ut/../../algorithms/ut/algo_test.cpp:1280: Failure
Value of: rank <= 100
  Actual: false
Expected: true
graph/ut/../../algorithms/ut/algo_test.cpp:1280: Failure
Value of: rank <= 100
  Actual: false
Expected: true
graph/ut/../../algorithms/ut/algo_test.cpp:1280: Failure
Value of: rank <= 100
  Actual: false
Expected: true
graph/ut/../../algorithms/ut/algo_test.cpp:1280: Failure
Value of: rank <= 100
  Actual: false
Expected: true
graph/ut/../../algorithms/ut/algo_test.cpp:1280: Failure
Value of: rank <= 100
  Actual: false
Expected: true
graph/ut/../../algorithms/ut/algo_test.cpp:1280: Failure
Value of: rank <= 100
  Actual: false
Expected: true
graph/ut/../../algorithms/ut/algo_test.cpp:1280: Failure
Value of: rank <= 100
  Actual: false
Expected: true
graph/ut/../../algorithms/ut/algo_test.cpp:1280: Failure
Value of: rank <= 100
  Actual: false
Expected: true
graph/ut/../../algorithms/ut/algo_test.cpp:1280: Failure
Value of: rank <= 100
  Actual: false
Expected: true
graph/ut/../../algorithms/ut/algo_test.cpp:1280: Failure
Value of: rank <= 100
  Actual: false
Expected: true
graph/ut/../../algorithms/ut/algo_test.cpp:1280: Failure
Value of: rank <= 100
  Actual: false
Expected: true
graph/ut/../../algorithms/ut/algo_test.cpp:1280: Failure
Value of: rank <= 100
  Actual: false
Expected: true
graph/ut/../../algorithms/ut/algo_test.cpp:1280: Failure
Value of: rank <= 100
  Actual: false
Expected: true
graph/ut/../../algorithms/ut/algo_test.cpp:1280: Failure
Value of: rank <= 100
  Actual: false
Expected: true
graph/ut/../../algorithms/ut/algo_test.cpp:1280: Failure
Value of: rank <= 100
  Actual: false
Expected: true
graph/ut/../../algorithms/ut/algo_test.cpp:1280: Failure
Value of: rank <= 100
  Actual: false
Expected: true
graph/ut/../../algorithms/ut/algo_test.cpp:1280: Failure
Value of: rank <= 100
  Actual: false
Expected: true
graph/ut/../../algorithms/ut/algo_test.cpp:1280: Failure
Value of: rank <= 100
  Actual: false
Expected: true
graph/ut/../../algorithms/ut/algo_test.cpp:1280: Failure
Value of: rank <= 100
  Actual: false
Expected: true
graph/ut/../../algorithms/ut/algo_test.cpp:1280: Failure
Value of: rank <= 100
  Actual: false
Expected: true
graph/ut/../../algorithms/ut/algo_test.cpp:1280: Failure
Value of: rank <= 100
  Actual: false
Expected: true
graph/ut/../../algorithms/ut/algo_test.cpp:1280: Failure
Value of: rank <= 100
  Actual: false
Expected: true
graph/ut/../../algorithms/ut/algo_test.cpp:1280: Failure
Value of: rank <= 100
  Actual: false
Expected: true
graph/ut/../../algorithms/ut/algo_test.cpp:1280: Failure
Value of: rank <= 100
  Actual: false
Expected: true
graph/ut/../../algorithms/ut/algo_test.cpp:1280: Failure
Value of: rank <= 100
  Actual: false
Expected: true
graph/ut/../../algorithms/ut/algo_test.cpp:1280: Failure
Value of: rank <= 100
  Actual: false
Expected: true
graph/ut/../../algorithms/ut/algo_test.cpp:1280: Failure
Value of: rank <= 100
  Actual: false
Expected: true
graph/ut/../../algorithms/ut/algo_test.cpp:1280: Failure
Value of: rank <= 100
  Actual: false
Expected: true
graph/ut/../../algorithms/ut/algo_test.cpp:1280: Failure
Value of: rank <= 100
  Actual: false
Expected: true
graph/ut/../../algorithms/ut/algo_test.cpp:1280: Failure
Value of: rank <= 100
  Actual: false
Expected: true
graph/ut/../../algorithms/ut/algo_test.cpp:1280: Failure
Value of: rank <= 100
  Actual: false
Expected: true
graph/ut/../../algorithms/ut/algo_test.cpp:1280: Failure
Value of: rank <= 100
  Actual: false
Expected: true
graph/ut/../../algorithms/ut/algo_test.cpp:1280: Failure
Value of: rank <= 100
  Actual: false
Expected: true
graph/ut/../../algorithms/ut/algo_test.cpp:1280: Failure
Value of: rank <= 100
  Actual: false
Expected: true
graph/ut/../../algorithms/ut/algo_test.cpp:1280: Failure
Value of: rank <= 100
  Actual: false
Expected: true
graph/ut/../../algorithms/ut/algo_test.cpp:1280: Failure
Value of: rank <= 100
  Actual: false
Expected: true
graph/ut/../../algorithms/ut/algo_test.cpp:1280: Failure
Value of: rank <= 100
  Actual: false
Expected: true
graph/ut/../../algorithms/ut/algo_test.cpp:1280: Failure
Value of: rank <= 100
  Actual: false
Expected: true
graph/ut/../../algorithms/ut/algo_test.cpp:1280: Failure
Value of: rank <= 100
  Actual: false
Expected: true
graph/ut/../../algorithms/ut/algo_test.cpp:1280: Failure
Value of: rank <= 100
  Actual: false
Expected: true
graph/ut/../../algorithms/ut/algo_test.cpp:1280: Failure
Value of: rank <= 100
  Actual: false
Expected: true
graph/ut/../../algorithms/ut/algo_test.cpp:1280: Failure
Value of: rank <= 100
  Actual: false
Expected: true
graph/ut/../../algorithms/ut/algo_test.cpp:1280: Failure
Value of: rank <= 100
  Actual: false
Expected: true
graph/ut/../../algorithms/ut/algo_test.cpp:1280: Failure
Value of: rank <= 100
  Actual: false
Expected: true
graph/ut/../../algorithms/ut/algo_test.cpp:1280: Failure
Value of: rank <= 100
  Actual: false
Expected: true
graph/ut/../../algorithms/ut/algo_test.cpp:1280: Failure
Value of: rank <= 100
  Actual: false
Expected: true
graph/ut/../../algorithms/ut/algo_test.cpp:1280: Failure
Value of: rank <= 100
  Actual: false
Expected: true
graph/ut/../../algorithms/ut/algo_test.cpp:1280: Failure
Value of: rank <= 100
  Actual: false
Expected: true
graph/ut/../../algorithms/ut/algo_test.cpp:1280: Failure
Value of: rank <= 100
  Actual: false
Expected: true
graph/ut/../../algorithms/ut/algo_test.cpp:1280: Failure
Value of: rank <= 100
  Actual: false
Expected: true
graph/ut/../../algorithms/ut/algo_test.cpp:1280: Failure
Value of: rank <= 100
  Actual: false
Expected: true
graph/ut/../../algorithms/ut/algo_test.cpp:1280: Failure
Value of: rank <= 100
  Actual: false
Expected: true
graph/ut/../../algorithms/ut/algo_test.cpp:1280: Failure
Value of: rank <= 100
  Actual: false
Expected: true
graph/ut/../../algorithms/ut/algo_test.cpp:1280: Failure
Value of: rank <= 100
  Actual: false
Expected: true
graph/ut/../../algorithms/ut/algo_test.cpp:1280: Failure
Value of: rank <= 100
  Actual: false
Expected: true
graph/ut/../../algorithms/ut/algo_test.cpp:1280: Failure
Value of: rank <= 100
  Actual: false
Expected: true
graph/ut/../../algorithms/ut/algo_test.cpp:1280: Failure
Value of: rank <= 100
  Actual: false
Expected: true
graph/ut/../../algorithms/ut/algo_test.cpp:1280: Failure
Value of: rank <= 100
  Actual: false
Expected: true
graph/ut/../../algorithms/ut/algo_test.cpp:1280: Failure
Value of: rank <= 100
  Actual: false
Expected: true
graph/ut/../../algorithms/ut/algo_test.cpp:1280: Failure
Value of: rank <= 100
  Actual: false
Expected: true
graph/ut/../../algorithms/ut/algo_test.cpp:1280: Failure
Value of: rank <= 100
  Actual: false
Expected: true
graph/ut/../../algorithms/ut/algo_test.cpp:1280: Failure
Value of: rank <= 100
  Actual: false
Expected: true
graph/ut/../../algorithms/ut/algo_test.cpp:1280: Failure
Value of: rank <= 100
  Actual: false
Expected: true
graph/ut/../../algorithms/ut/algo_test.cpp:1280: Failure
Value of: rank <= 100
  Actual: false
Expected: true
graph/ut/../../algorithms/ut/algo_test.cpp:1280: Failure
Value of: rank <= 100
  Actual: false
Expected: true
graph/ut/../../algorithms/ut/algo_test.cpp:1280: Failure
Value of: rank <= 100
  Actual: false
Expected: true
graph/ut/../../algorithms/ut/algo_test.cpp:1280: Failure
Value of: rank <= 100
  Actual: false
Expected: true
graph/ut/../../algorithms/ut/algo_test.cpp:1280: Failure
Value of: rank <= 100
  Actual: false
Expected: true
graph/ut/../../algorithms/ut/algo_test.cpp:1280: Failure
Value of: rank <= 100
  Actual: false
Expected: true
graph/ut/../../algorithms/ut/algo_test.cpp:1280: Failure
Value of: rank <= 100
  Actual: false
Expected: true
graph/ut/../../algorithms/ut/algo_test.cpp:1280: Failure
Value of: rank <= 100
  Actual: false
Expected: true
graph/ut/../../algorithms/ut/algo_test.cpp:1280: Failure
Value of: rank <= 100
  Actual: false
Expected: true
graph/ut/../../algorithms/ut/algo_test.cpp:1280: Failure
Value of: rank <= 100
  Actual: false
Expected: true
graph/ut/../../algorithms/ut/algo_test.cpp:1280: Failure
Value of: rank <= 100
  Actual: false
Expected: true
graph/ut/../../algorithms/ut/algo_test.cpp:1280: Failure
Value of: rank <= 100
  Actual: false
Expected: true
graph/ut/../../algorithms/ut/algo_test.cpp:1280: Failure
Value of: rank <= 100
  Actual: false
Expected: true
graph/ut/../../algorithms/ut/algo_test.cpp:1280: Failure
Value of: rank <= 100
  Actual: false
Expected: true
graph/ut/../../algorithms/ut/algo_test.cpp:1280: Failure
Value of: rank <= 100
  Actual: false
Expected: true
graph/ut/../../algorithms/ut/algo_test.cpp:1280: Failure
Value of: rank <= 100
  Actual: false
Expected: true
graph/ut/../../algorithms/ut/algo_test.cpp:1280: Failure
Value of: rank <= 100
  Actual: false
Expected: true
graph/ut/../../algorithms/ut/algo_test.cpp:1280: Failure
Value of: rank <= 100
  Actual: false
Expected: true
graph/ut/../../algorithms/ut/algo_test.cpp:1280: Failure
Value of: rank <= 100
  Actual: false
Expected: true
graph/ut/../../algorithms/ut/algo_test.cpp:1280: Failure
Value of: rank <= 100
  Actual: false
Expected: true
graph/ut/../../algorithms/ut/algo_test.cpp:1280: Failure
Value of: rank <= 100
  Actual: false
Expected: true
graph/ut/../../algorithms/ut/algo_test.cpp:1280: Failure
Value of: rank <= 100
  Actual: false
Expected: true
graph/ut/../../algorithms/ut/algo_test.cpp:1280: Failure
Value of: rank <= 100
  Actual: false
Expected: true
graph/ut/../../algorithms/ut/algo_test.cpp:1280: Failure
Value of: rank <= 100
  Actual: false
Expected: true
graph/ut/../../algorithms/ut/algo_test.cpp:1280: Failure
Value of: rank <= 100
  Actual: false
Expected: true
graph/ut/../../algorithms/ut/algo_test.cpp:1280: Failure
Value of: rank <= 100
  Actual: false
Expected: true
graph/ut/../../algorithms/ut/algo_test.cpp:1280: Failure
Value of: rank <= 100
  Actual: false
Expected: true
graph/ut/../../algorithms/ut/algo_test.cpp:1280: Failure
Value of: rank <= 100
  Actual: false
Expected: true
graph/ut/../../algorithms/ut/algo_test.cpp:1280: Failure
Value of: rank <= 100
  Actual: false
Expected: true
graph/ut/../../algorithms/ut/algo_test.cpp:1280: Failure
Value of: rank <= 100
  Actual: false
Expected: true
graph/ut/../../algorithms/ut/algo_test.cpp:1280: Failure
Value of: rank <= 100
  Actual: false
Expected: true
graph/ut/../../algorithms/ut/algo_test.cpp:1280: Failure
Value of: rank <= 100
  Actual: false
Expected: true
graph/ut/../../algorithms/ut/algo_test.cpp:1280: Failure
Value of: rank <= 100
  Actual: false
Expected: true
graph/ut/../../algorithms/ut/algo_test.cpp:1280: Failure
Value of: rank <= 100
  Actual: false
Expected: true
graph/ut/../../algorithms/ut/algo_test.cpp:1280: Failure
Value of: rank <= 100
  Actual: false
Expected: true
graph/ut/../../algorithms/ut/algo_test.cpp:1280: Failure
Value of: rank <= 100
  Actual: false
Expected: true
graph/ut/../../algorithms/ut/algo_test.cpp:1280: Failure
Value of: rank <= 100
  Actual: false
Expected: true
graph/ut/../../algorithms/ut/algo_test.cpp:1280: Failure
Value of: rank <= 100
  Actual: false
Expected: true
graph/ut/../../algorithms/ut/algo_test.cpp:1280: Failure
Value of: rank <= 100
  Actual: false
Expected: true
graph/ut/../../algorithms/ut/algo_test.cpp:1280: Failure
Value of: rank <= 100
  Actual: false
Expected: true
graph/ut/../../algorithms/ut/algo_test.cpp:1280: Failure
Value of: rank <= 100
  Actual: false
Expected: true
graph/ut/../../algorithms/ut/algo_test.cpp:1280: Failure
Value of: rank <= 100
  Actual: false
Expected: true
graph/ut/../../algorithms/ut/algo_test.cpp:1280: Failure
Value of: rank <= 100
  Actual: false
Expected: true
graph/ut/../../algorithms/ut/algo_test.cpp:1280: Failure
Value of: rank <= 100
  Actual: false
Expected: true
graph/ut/../../algorithms/ut/algo_test.cpp:1280: Failure
Value of: rank <= 100
  Actual: false
Expected: true
graph/ut/../../algorithms/ut/algo_test.cpp:1280: Failure
Value of: rank <= 100
  Actual: false
Expected: true
graph/ut/../../algorithms/ut/algo_test.cpp:1280: Failure
Value of: rank <= 100
  Actual: false
Expected: true
graph/ut/../../algorithms/ut/algo_test.cpp:1280: Failure
Value of: rank <= 100
  Actual: false
Expected: true
graph/ut/../../algorithms/ut/algo_test.cpp:1280: Failure
Value of: rank <= 100
  Actual: false
Expected: true
graph/ut/../../algorithms/ut/algo_test.cpp:1280: Failure
Value of: rank <= 100
  Actual: false
Expected: true
graph/ut/../../algorithms/ut/algo_test.cpp:1280: Failure
Value of: rank <= 100
  Actual: false
Expected: true
graph/ut/../../algorithms/ut/algo_test.cpp:1280: Failure
Value of: rank <= 100
  Actual: false
Expected: true
graph/ut/../../algorithms/ut/algo_test.cpp:1280: Failure
Value of: rank <= 100
  Actual: false
Expected: true
graph/ut/../../algorithms/ut/algo_test.cpp:1280: Failure
Value of: rank <= 100
  Actual: false
Expected: true
graph/ut/../../algorithms/ut/algo_test.cpp:1280: Failure
Value of: rank <= 100
  Actual: false
Expected: true
graph/ut/../../algorithms/ut/algo_test.cpp:1280: Failure
Value of: rank <= 100
  Actual: false
Expected: true
graph/ut/../../algorithms/ut/algo_test.cpp:1280: Failure
Value of: rank <= 100
  Actual: false
Expected: true
graph/ut/../../algorithms/ut/algo_test.cpp:1280: Failure
Value of: rank <= 100
  Actual: false
Expected: true
graph/ut/../../algorithms/ut/algo_test.cpp:1280: Failure
Value of: rank <= 100
  Actual: false
Expected: true
graph/ut/../../algorithms/ut/algo_test.cpp:1280: Failure
Value of: rank <= 100
  Actual: false
Expected: true
graph/ut/../../algorithms/ut/algo_test.cpp:1280: Failure
Value of: rank <= 100
  Actual: false
Expected: true
graph/ut/../../algorithms/ut/algo_test.cpp:1280: Failure
Value of: rank <= 100
  Actual: false
Expected: true
graph/ut/../../algorithms/ut/algo_test.cpp:1280: Failure
Value of: rank <= 100
  Actual: false
Expected: true
graph/ut/../../algorithms/ut/algo_test.cpp:1280: Failure
Value of: rank <= 100
  Actual: false
Expected: true
graph/ut/../../algorithms/ut/algo_test.cpp:1280: Failure
Value of: rank <= 100
  Actual: false
Expected: true
graph/ut/../../algorithms/ut/algo_test.cpp:1280: Failure
Value of: rank <= 100
  Actual: false
Expected: true
graph/ut/../../algorithms/ut/algo_test.cpp:1280: Failure
Value of: rank <= 100
  Actual: false
Expected: true
graph/ut/../../algorithms/ut/algo_test.cpp:1280: Failure
Value of: rank <= 100
  Actual: false
Expected: true
graph/ut/../../algorithms/ut/algo_test.cpp:1280: Failure
Value of: rank <= 100
  Actual: false
Expected: true
graph/ut/../../algorithms/ut/algo_test.cpp:1280: Failure
Value of: rank <= 100
  Actual: false
Expected: true
graph/ut/../../algorithms/ut/algo_test.cpp:1280: Failure
Value of: rank <= 100
  Actual: false
Expected: true
graph/ut/../../algorithms/ut/algo_test.cpp:1280: Failure
Value of: rank <= 100
  Actual: false
Expected: true
graph/ut/../../algorithms/ut/algo_test.cpp:1280: Failure
Value of: rank <= 100
  Actual: false
Expected: true
graph/ut/../../algorithms/ut/algo_test.cpp:1280: Failure
Value of: rank <= 100
  Actual: false
Expected: true
graph/ut/../../algorithms/ut/algo_test.cpp:1280: Failure
Value of: rank <= 100
  Actual: false
Expected: true
graph/ut/../../algorithms/ut/algo_test.cpp:1280: Failure
Value of: rank <= 100
  Actual: false
Expected: true
graph/ut/../../algorithms/ut/algo_test.cpp:1280: Failure
Value of: rank <= 100
  Actual: false
Expected: true
graph/ut/../../algorithms/ut/algo_test.cpp:1280: Failure
Value of: rank <= 100
  Actual: false
Expected: true
graph/ut/../../algorithms/ut/algo_test.cpp:1280: Failure
Value of: rank <= 100
  Actual: false
Expected: true
graph/ut/../../algorithms/ut/algo_test.cpp:1280: Failure
Value of: rank <= 100
  Actual: false
Expected: true
graph/ut/../../algorithms/ut/algo_test.cpp:1280: Failure
Value of: rank <= 100
  Actual: false
Expected: true
graph/ut/../../algorithms/ut/algo_test.cpp:1280: Failure
Value of: rank <= 100
  Actual: false
Expected: true
graph/ut/../../algorithms/ut/algo_test.cpp:1280: Failure
Value of: rank <= 100
  Actual: false
Expected: true
graph/ut/../../algorithms/ut/algo_test.cpp:1280: Failure
Value of: rank <= 100
  Actual: false
Expected: true
graph/ut/../../algorithms/ut/algo_test.cpp:1280: Failure
Value of: rank <= 100
  Actual: false
Expected: true
graph/ut/../../algorithms/ut/algo_test.cpp:1280: Failure
Value of: rank <= 100
  Actual: false
Expected: true
graph/ut/../../algorithms/ut/algo_test.cpp:1280: Failure
Value of: rank <= 100
  Actual: false
Expected: true
graph/ut/../../algorithms/ut/algo_test.cpp:1280: Failure
Value of: rank <= 100
  Actual: false
Expected: true
graph/ut/../../algorithms/ut/algo_test.cpp:1280: Failure
Value of: rank <= 100
  Actual: false
Expected: true
graph/ut/../../algorithms/ut/algo_test.cpp:1280: Failure
Value of: rank <= 100
  Actual: false
Expected: true
graph/ut/../../algorithms/ut/algo_test.cpp:1280: Failure
Value of: rank <= 100
  Actual: false
Expected: true
graph/ut/../../algorithms/ut/algo_test.cpp:1280: Failure
Value of: rank <= 100
  Actual: false
Expected: true
graph/ut/../../algorithms/ut/algo_test.cpp:1280: Failure
Value of: rank <= 100
  Actual: false
Expected: true
graph/ut/../../algorithms/ut/algo_test.cpp:1280: Failure
Value of: rank <= 100
  Actual: false
Expected: true
graph/ut/../../algorithms/ut/algo_test.cpp:1280: Failure
Value of: rank <= 100
  Actual: false
Expected: true
graph/ut/../../algorithms/ut/algo_test.cpp:1280: Failure
Value of: rank <= 100
  Actual: false
Expected: true
graph/ut/../../algorithms/ut/algo_test.cpp:1280: Failure
Value of: rank <= 100
  Actual: false
Expected: true
graph/ut/../../algorithms/ut/algo_test.cpp:1280: Failure
Value of: rank <= 100
  Actual: false
Expected: true
graph/ut/../../algorithms/ut/algo_test.cpp:1280: Failure
Value of: rank <= 100
  Actual: false
Expected: true
graph/ut/../../algorithms/ut/algo_test.cpp:1280: Failure
Value of: rank <= 100
  Actual: false
Expected: true
graph/ut/../../algorithms/ut/algo_test.cpp:1280: Failure
Value of: rank <= 100
  Actual: false
Expected: true
graph/ut/../../algorithms/ut/algo_test.cpp:1280: Failure
Value of: rank <= 100
  Actual: false
Expected: true
graph/ut/../../algorithms/ut/algo_test.cpp:1280: Failure
Value of: rank <= 100
  Actual: false
Expected: true
graph/ut/../../algorithms/ut/algo_test.cpp:1280: Failure
Value of: rank <= 100
  Actual: false
Expected: true
graph/ut/../../algorithms/ut/algo_test.cpp:1280: Failure
Value of: rank <= 100
  Actual: false
Expected: true
graph/ut/../../algorithms/ut/algo_test.cpp:1280: Failure
Value of: rank <= 100
  Actual: false
Expected: true
graph/ut/../../algorithms/ut/algo_test.cpp:1280: Failure
Value of: rank <= 100
  Actual: false
Expected: true
graph/ut/../../algorithms/ut/algo_test.cpp:1280: Failure
Value of: rank <= 100
  Actual: false
Expected: true
graph/ut/../../algorithms/ut/algo_test.cpp:1280: Failure
Value of: rank <= 100
  Actual: false
Expected: true
graph/ut/../../algorithms/ut/algo_test.cpp:1280: Failure
Value of: rank <= 100
  Actual: false
Expected: true
graph/ut/../../algorithms/ut/algo_test.cpp:1280: Failure
Value of: rank <= 100
  Actual: false
Expected: true
graph/ut/../../algorithms/ut/algo_test.cpp:1280: Failure
Value of: rank <= 100
  Actual: false
Expected: true
graph/ut/../../algorithms/ut/algo_test.cpp:1280: Failure
Value of: rank <= 100
  Actual: false
Expected: true
graph/ut/../../algorithms/ut/algo_test.cpp:1280: Failure
Value of: rank <= 100
  Actual: false
Expected: true
graph/ut/../../algorithms/ut/algo_test.cpp:1280: Failure
Value of: rank <= 100
  Actual: false
Expected: true
graph/ut/../../algorithms/ut/algo_test.cpp:1280: Failure
Value of: rank <= 100
  Actual: false
Expected: true
graph/ut/../../algorithms/ut/algo_test.cpp:1280: Failure
Value of: rank <= 100
  Actual: false
Expected: true
graph/ut/../../algorithms/ut/algo_test.cpp:1280: Failure
Value of: rank <= 100
  Actual: false
Expected: true
graph/ut/../../algorithms/ut/algo_test.cpp:1280: Failure
Value of: rank <= 100
  Actual: false
Expected: true
graph/ut/../../algorithms/ut/algo_test.cpp:1280: Failure
Value of: rank <= 100
  Actual: false
Expected: true
graph/ut/../../algorithms/ut/algo_test.cpp:1280: Failure
Value of: rank <= 100
  Actual: false
Expected: true
graph/ut/../../algorithms/ut/algo_test.cpp:1280: Failure
Value of: rank <= 100
  Actual: false
Expected: true
graph/ut/../../algorithms/ut/algo_test.cpp:1280: Failure
Value of: rank <= 100
  Actual: false
Expected: true
graph/ut/../../algorithms/ut/algo_test.cpp:1280: Failure
Value of: rank <= 100
  Actual: false
Expected: true
graph/ut/../../algorithms/ut/algo_test.cpp:1280: Failure
Value of: rank <= 100
  Actual: false
Expected: true
graph/ut/../../algorithms/ut/algo_test.cpp:1280: Failure
Value of: rank <= 100
  Actual: false
Expected: true
graph/ut/../../algorithms/ut/algo_test.cpp:1280: Failure
Value of: rank <= 100
  Actual: false
Expected: true
graph/ut/../../algorithms/ut/algo_test.cpp:1280: Failure
Value of: rank <= 100
  Actual: false
Expected: true
graph/ut/../../algorithms/ut/algo_test.cpp:1280: Failure
Value of: rank <= 100
  Actual: false
Expected: true
graph/ut/../../algorithms/ut/algo_test.cpp:1280: Failure
Value of: rank <= 100
  Actual: false
Expected: true
graph/ut/../../algorithms/ut/algo_test.cpp:1280: Failure
Value of: rank <= 100
  Actual: false
Expected: true
graph/ut/../../algorithms/ut/algo_test.cpp:1280: Failure
Value of: rank <= 100
  Actual: false
Expected: true
graph/ut/../../algorithms/ut/algo_test.cpp:1280: Failure
Value of: rank <= 100
  Actual: false
Expected: true
graph/ut/../../algorithms/ut/algo_test.cpp:1280: Failure
Value of: rank <= 100
  Actual: false
Expected: true
graph/ut/../../algorithms/ut/algo_test.cpp:1280: Failure
Value of: rank <= 100
  Actual: false
Expected: true
graph/ut/../../algorithms/ut/algo_test.cpp:1280: Failure
Value of: rank <= 100
  Actual: false
Expected: true
graph/ut/../../algorithms/ut/algo_test.cpp:1280: Failure
Value of: rank <= 100
  Actual: false
Expected: true
graph/ut/../../algorithms/ut/algo_test.cpp:1280: Failure
Value of: rank <= 100
  Actual: false
Expected: true
graph/ut/../../algorithms/ut/algo_test.cpp:1280: Failure
Value of: rank <= 100
  Actual: false
Expected: true
graph/ut/../../algorithms/ut/algo_test.cpp:1280: Failure
Value of: rank <= 100
  Actual: false
Expected: true
graph/ut/../../algorithms/ut/algo_test.cpp:1280: Failure
Value of: rank <= 100
  Actual: false
Expected: true
graph/ut/../../algorithms/ut/algo_test.cpp:1280: Failure
Value of: rank <= 100
  Actual: false
Expected: true
graph/ut/../../algorithms/ut/algo_test.cpp:1280: Failure
Value of: rank <= 100
  Actual: false
Expected: true
graph/ut/../../algorithms/ut/algo_test.cpp:1280: Failure
Value of: rank <= 100
  Actual: false
Expected: true
graph/ut/../../algorithms/ut/algo_test.cpp:1280: Failure
Value of: rank <= 100
  Actual: false
Expected: true
graph/ut/../../algorithms/ut/algo_test.cpp:1280: Failure
Value of: rank <= 100
  Actual: false
Expected: true
graph/ut/../../algorithms/ut/algo_test.cpp:1280: Failure
Value of: rank <= 100
  Actual: false
Expected: true
graph/ut/../../algorithms/ut/algo_test.cpp:1280: Failure
Value of: rank <= 100
  Actual: false
Expected: true
graph/ut/../../algorithms/ut/algo_test.cpp:1280: Failure
Value of: rank <= 100
  Actual: false
Expected: true
graph/ut/../../algorithms/ut/algo_test.cpp:1280: Failure
Value of: rank <= 100
  Actual: false
Expected: true
graph/ut/../../algorithms/ut/algo_test.cpp:1280: Failure
Value of: rank <= 100
  Actual: false
Expected: true
graph/ut/../../algorithms/ut/algo_test.cpp:1280: Failure
Value of: rank <= 100
  Actual: false
Expected: true
graph/ut/../../algorithms/ut/algo_test.cpp:1280: Failure
Value of: rank <= 100
  Actual: false
Expected: true
graph/ut/../../algorithms/ut/algo_test.cpp:1280: Failure
Value of: rank <= 100
  Actual: false
Expected: true
graph/ut/../../algorithms/ut/algo_test.cpp:1280: Failure
Value of: rank <= 100
  Actual: false
Expected: true
graph/ut/../../algorithms/ut/algo_test.cpp:1280: Failure
Value of: rank <= 100
  Actual: false
Expected: true
graph/ut/../../algorithms/ut/algo_test.cpp:1280: Failure
Value of: rank <= 100
  Actual: false
Expected: true
graph/ut/../../algorithms/ut/algo_test.cpp:1280: Failure
Value of: rank <= 100
  Actual: false
Expected: true
graph/ut/../../algorithms/ut/algo_test.cpp:1280: Failure
Value of: rank <= 100
  Actual: false
Expected: true
graph/ut/../../algorithms/ut/algo_test.cpp:1280: Failure
Value of: rank <= 100
  Actual: false
Expected: true
graph/ut/../../algorithms/ut/algo_test.cpp:1280: Failure
Value of: rank <= 100
  Actual: false
Expected: true
graph/ut/../../algorithms/ut/algo_test.cpp:1280: Failure
Value of: rank <= 100
  Actual: false
Expected: true
graph/ut/../../algorithms/ut/algo_test.cpp:1280: Failure
Value of: rank <= 100
  Actual: false
Expected: true
graph/ut/../../algorithms/ut/algo_test.cpp:1280: Failure
Value of: rank <= 100
  Actual: false
Expected: true
graph/ut/../../algorithms/ut/algo_test.cpp:1280: Failure
Value of: rank <= 100
  Actual: false
Expected: true
graph/ut/../../algorithms/ut/algo_test.cpp:1280: Failure
Value of: rank <= 100
  Actual: false
Expected: true
graph/ut/../../algorithms/ut/algo_test.cpp:1280: Failure
Value of: rank <= 100
  Actual: false
Expected: true
graph/ut/../../algorithms/ut/algo_test.cpp:1280: Failure
Value of: rank <= 100
  Actual: false
Expected: true
graph/ut/../../algorithms/ut/algo_test.cpp:1280: Failure
Value of: rank <= 100
  Actual: false
Expected: true
graph/ut/../../algorithms/ut/algo_test.cpp:1280: Failure
Value of: rank <= 100
  Actual: false
Expected: true
graph/ut/../../algorithms/ut/algo_test.cpp:1280: Failure
Value of: rank <= 100
  Actual: false
Expected: true
graph/ut/../../algorithms/ut/algo_test.cpp:1280: Failure
Value of: rank <= 100
  Actual: false
Expected: true
graph/ut/../../algorithms/ut/algo_test.cpp:1280: Failure
Value of: rank <= 100
  Actual: false
Expected: true
graph/ut/../../algorithms/ut/algo_test.cpp:1280: Failure
Value of: rank <= 100
  Actual: false
Expected: true
graph/ut/../../algorithms/ut/algo_test.cpp:1280: Failure
Value of: rank <= 100
  Actual: false
Expected: true
graph/ut/../../algorithms/ut/algo_test.cpp:1280: Failure
Value of: rank <= 100
  Actual: false
Expected: true
graph/ut/../../algorithms/ut/algo_test.cpp:1280: Failure
Value of: rank <= 100
  Actual: false
Expected: true
graph/ut/../../algorithms/ut/algo_test.cpp:1280: Failure
Value of: rank <= 100
  Actual: false
Expected: true
graph/ut/../../algorithms/ut/algo_test.cpp:1280: Failure
Value of: rank <= 100
  Actual: false
Expected: true
graph/ut/../../algorithms/ut/algo_test.cpp:1280: Failure
Value of: rank <= 100
  Actual: false
Expected: true
graph/ut/../../algorithms/ut/algo_test.cpp:1280: Failure
Value of: rank <= 100
  Actual: false
Expected: true
graph/ut/../../algorithms/ut/algo_test.cpp:1280: Failure
Value of: rank <= 100
  Actual: false
Expected: true
graph/ut/../../algorithms/ut/algo_test.cpp:1280: Failure
Value of: rank <= 100
  Actual: false
Expected: true
graph/ut/../../algorithms/ut/algo_test.cpp:1280: Failure
Value of: rank <= 100
  Actual: false
Expected: true
graph/ut/../../algorithms/ut/algo_test.cpp:1280: Failure
Value of: rank <= 100
  Actual: false
Expected: true
graph/ut/../../algorithms/ut/algo_test.cpp:1280: Failure
Value of: rank <= 100
  Actual: false
Expected: true
graph/ut/../../algorithms/ut/algo_test.cpp:1280: Failure
Value of: rank <= 100
  Actual: false
Expected: true
graph/ut/../../algorithms/ut/algo_test.cpp:1280: Failure
Value of: rank <= 100
  Actual: false
Expected: true
graph/ut/../../algorithms/ut/algo_test.cpp:1280: Failure
Value of: rank <= 100
  Actual: false
Expected: true
graph/ut/../../algorithms/ut/algo_test.cpp:1280: Failure
Value of: rank <= 100
  Actual: false
Expected: true
graph/ut/../../algorithms/ut/algo_test.cpp:1280: Failure
Value of: rank <= 100
  Actual: false
Expected: true
graph/ut/../../algorithms/ut/algo_test.cpp:1280: Failure
Value of: rank <= 100
  Actual: false
Expected: true
graph/ut/../../algorithms/ut/algo_test.cpp:1280: Failure
Value of: rank <= 100
  Actual: false
Expected: true
graph/ut/../../algorithms/ut/algo_test.cpp:1280: Failure
Value of: rank <= 100
  Actual: false
Expected: true
graph/ut/../../algorithms/ut/algo_test.cpp:1280: Failure
Value of: rank <= 100
  Actual: false
Expected: true
graph/ut/../../algorithms/ut/algo_test.cpp:1280: Failure
Value of: rank <= 100
  Actual: false
Expected: true
graph/ut/../../algorithms/ut/algo_test.cpp:1280: Failure
Value of: rank <= 100
  Actual: false
Expected: true
graph/ut/../../algorithms/ut/algo_test.cpp:1280: Failure
Value of: rank <= 100
  Actual: false
Expected: true
graph/ut/../../algorithms/ut/algo_test.cpp:1280: Failure
Value of: rank <= 100
  Actual: false
Expected: true
graph/ut/../../algorithms/ut/algo_test.cpp:1280: Failure
Value of: rank <= 100
  Actual: false
Expected: true
graph/ut/../../algorithms/ut/algo_test.cpp:1280: Failure
Value of: rank <= 100
  Actual: false
Expected: true
graph/ut/../../algorithms/ut/algo_test.cpp:1280: Failure
Value of: rank <= 100
  Actual: false
Expected: true
graph/ut/../../algorithms/ut/algo_test.cpp:1280: Failure
Value of: rank <= 100
  Actual: false
Expected: true
graph/ut/../../algorithms/ut/algo_test.cpp:1280: Failure
Value of: rank <= 100
  Actual: false
Expected: true
graph/ut/../../algorithms/ut/algo_test.cpp:1280: Failure
Value of: rank <= 100
  Actual: false
Expected: true
graph/ut/../../algorithms/ut/algo_test.cpp:1280: Failure
Value of: rank <= 100
  Actual: false
Expected: true
[  FAILED  ] AlgoGraph.CheckRankUpTo100 (807 ms)
[----------] 27 tests from AlgoGraph (15899 ms total)

[----------] 23 tests from TSkimTest
[ RUN      ] TSkimTest.TSkimLongChain
[       OK ] TSkimTest.TSkimLongChain (3 ms)
[ RUN      ] TSkimTest.CheckCover
[       OK ] TSkimTest.CheckCover (0 ms)
[ RUN      ] TSkimTest.CheckCover2
[       OK ] TSkimTest.CheckCover2 (0 ms)
[ RUN      ] TSkimTest.CheckBasicStarTSkim
[       OK ] TSkimTest.CheckBasicStarTSkim (0 ms)
[ RUN      ] TSkimTest.CheckDistancePruning
[       OK ] TSkimTest.CheckDistancePruning (1 ms)
[ RUN      ] TSkimTest.CheckBasicStarTSkim2
[       OK ] TSkimTest.CheckBasicStarTSkim2 (0 ms)
[ RUN      ] TSkimTest.TSkimHighMinInfluenceValue
[       OK ] TSkimTest.TSkimHighMinInfluenceValue (0 ms)
[ RUN      ] TSkimTest.TSkimGreedyHighMinInfluenceValue2
[       OK ] TSkimTest.TSkimGreedyHighMinInfluenceValue2 (0 ms)
[ RUN      ] TSkimTest.TSkimHighMinInfluenceValue2
[       OK ] TSkimTest.TSkimHighMinInfluenceValue2 (0 ms)
[ RUN      ] TSkimTest.TSkimHighMinInfluenceValue3
[       OK ] TSkimTest.TSkimHighMinInfluenceValue3 (0 ms)
[ RUN      ] TSkimTest.TSkimClusters
[       OK ] TSkimTest.TSkimClusters (0 ms)
[ RUN      ] TSkimTest.TSkimGreedyClusters
[       OK ] TSkimTest.TSkimGreedyClusters (0 ms)
[ RUN      ] TSkimTest.TSkimSize1Clusters
[       OK ] TSkimTest.TSkimSize1Clusters (0 ms)
[ RUN      ] TSkimTest.TSkimGreedySize1Clusters
[       OK ] TSkimTest.TSkimGreedySize1Clusters (0 ms)
[ RUN      ] TSkimTest.TSkimSelective
[       OK ] TSkimTest.TSkimSelective (0 ms)
[ RUN      ] TSkimTest.TSkimSelective2
[       OK ] TSkimTest.TSkimSelective2 (0 ms)
[ RUN      ] TSkimTest.TSkimLongChainGreedy
[       OK ] TSkimTest.TSkimLongChainGreedy (3 ms)
[ RUN      ] TSkimTest.TSkimLongChain2
[       OK ] TSkimTest.TSkimLongChain2 (2 ms)
[ RUN      ] TSkimTest.TSkimLongChainGreedy2
[       OK ] TSkimTest.TSkimLongChainGreedy2 (3 ms)
[ RUN      ] TSkimTest.TSkimGreedyRankCheck
[       OK ] TSkimTest.TSkimGreedyRankCheck (0 ms)
[ RUN      ] TSkimTest.TSkimReverseRankCheck
[       OK ] TSkimTest.TSkimReverseRankCheck (0 ms)
[ RUN      ] TSkimTest.TSkimFacebook
[       OK ] TSkimTest.TSkimFacebook (1124 ms)
[ RUN      ] TSkimTest.TSkimGreedyFacebook
[       OK ] TSkimTest.TSkimGreedyFacebook (1549 ms)
[----------] 23 tests from TSkimTest (2694 ms total)

[----------] 7 tests from BasicGraph
[ RUN      ] BasicGraph.BuildGraph
[       OK ] BasicGraph.BuildGraph (0 ms)
[ RUN      ] BasicGraph.BuildGraphWithDefaultWeightsWeights
[       OK ] BasicGraph.BuildGraphWithDefaultWeightsWeights (0 ms)
[ RUN      ] BasicGraph.BuildGraphWithWeightsWeights
[       OK ] BasicGraph.BuildGraphWithWeightsWeights (0 ms)
[ RUN      ] BasicGraph.checkNeighborhood
[       OK ] BasicGraph.checkNeighborhood (0 ms)
[ RUN      ] BasicGraph.SelfLoops
[       OK ] BasicGraph.SelfLoops (0 ms)
[ RUN      ] BasicGraph.LoadFiles
[       OK ] BasicGraph.LoadFiles (90 ms)
[ RUN      ] BasicGraph.LoadFilesYoutube
[       OK ] BasicGraph.LoadFilesYoutube (3368 ms)
[----------] 7 tests from BasicGraph (3460 ms total)

[----------] Global test environment tear-down
[==========] 70 tests from 4 test cases ran. (22053 ms total)
[  PASSED  ] 69 tests.
[  FAILED  ] 1 test, listed below:
[  FAILED  ] AlgoGraph.CheckRankUpTo100

 1 FAILED TEST

